Java HotSpot(TM) 64-Bit Server VM (25.91-b14) for bsd-amd64 JRE (1.8.0_91-b14), built on Apr  1 2016 01:03:00 by "java_re" with gcc 4.2.1 (Based on Apple Inc. build 5658) (LLVM build 2336.11.00)
Memory: 4k page, physical 4194304k(97088k free)

/proc/meminfo:

CommandLine flags: -XX:CMSInitiatingOccupancyFraction=50 -XX:CMSMaxAbortablePrecleanTime=6000 -XX:+CMSParallelRemarkEnabled -XX:+CMSScavengeBeforeRemark -XX:ConcGCThreads=4 -XX:InitialHeapSize=536870912 -XX:MaxHeapSize=536870912 -XX:MaxTenuringThreshold=8 -XX:NewRatio=3 -XX:OldPLABSize=16 -XX:OnOutOfMemoryError=/Applications/MAMP/htdocs/science/solr/bin/oom_solr.sh 8983 /Applications/MAMP/htdocs/science/solr/example/cloud/node1/solr/../logs -XX:ParallelGCThreads=4 -XX:+ParallelRefProcEnabled -XX:PretenureSizeThreshold=67108864 -XX:+PrintGC -XX:+PrintGCApplicationStoppedTime -XX:+PrintGCDateStamps -XX:+PrintGCDetails -XX:+PrintGCTimeStamps -XX:+PrintHeapAtGC -XX:+PrintTenuringDistribution -XX:SurvivorRatio=4 -XX:TargetSurvivorRatio=90 -XX:ThreadStackSize=256 -XX:+UseCMSInitiatingOccupancyOnly -XX:+UseCompressedClassPointers -XX:+UseCompressedOops -XX:+UseConcMarkSweepGC -XX:+UseParNewGC 
2016-09-11T21:51:53.882-0100: 0,251: Total time for which application threads were stopped: 0,0000874 seconds, Stopping threads took: 0,0000124 seconds
2016-09-11T21:51:54.024-0100: 0,394: Total time for which application threads were stopped: 0,0001385 seconds, Stopping threads took: 0,0000149 seconds
2016-09-11T21:51:55.027-0100: 1,396: Total time for which application threads were stopped: 0,0001252 seconds, Stopping threads took: 0,0000295 seconds
2016-09-11T21:51:55.145-0100: 1,514: Total time for which application threads were stopped: 0,0001462 seconds, Stopping threads took: 0,0000152 seconds
2016-09-11T21:51:55.296-0100: 1,666: Total time for which application threads were stopped: 0,0002640 seconds, Stopping threads took: 0,0000213 seconds
2016-09-11T21:51:55.331-0100: 1,701: Total time for which application threads were stopped: 0,0002215 seconds, Stopping threads took: 0,0000189 seconds
2016-09-11T21:51:55.676-0100: 2,046: Total time for which application threads were stopped: 0,0002318 seconds, Stopping threads took: 0,0000233 seconds
2016-09-11T21:51:56.677-0100: 3,046: Total time for which application threads were stopped: 0,0001571 seconds, Stopping threads took: 0,0000198 seconds
2016-09-11T21:51:57.379-0100: 3,748: Total time for which application threads were stopped: 0,0002746 seconds, Stopping threads took: 0,0000180 seconds
2016-09-11T21:51:57.382-0100: 3,751: Total time for which application threads were stopped: 0,0001518 seconds, Stopping threads took: 0,0000103 seconds
2016-09-11T21:51:57.397-0100: 3,767: Total time for which application threads were stopped: 0,0002129 seconds, Stopping threads took: 0,0000170 seconds
2016-09-11T21:51:57.452-0100: 3,822: Total time for which application threads were stopped: 0,0002228 seconds, Stopping threads took: 0,0000219 seconds
2016-09-11T21:51:57.831-0100: 4,201: Total time for which application threads were stopped: 0,0002784 seconds, Stopping threads took: 0,0000207 seconds
2016-09-11T21:51:58.071-0100: 4,441: Total time for which application threads were stopped: 0,0001028 seconds, Stopping threads took: 0,0000176 seconds
2016-09-11T21:51:58.619-0100: 4,989: Total time for which application threads were stopped: 0,0001123 seconds, Stopping threads took: 0,0000306 seconds
2016-09-11T21:51:58.619-0100: 4,989: Total time for which application threads were stopped: 0,0000671 seconds, Stopping threads took: 0,0000158 seconds
2016-09-11T21:51:58.619-0100: 4,989: Total time for which application threads were stopped: 0,0001054 seconds, Stopping threads took: 0,0000481 seconds
2016-09-11T21:51:58.620-0100: 4,989: Total time for which application threads were stopped: 0,0003537 seconds, Stopping threads took: 0,0003091 seconds
2016-09-11T21:51:58.621-0100: 4,990: Total time for which application threads were stopped: 0,0000893 seconds, Stopping threads took: 0,0000110 seconds
2016-09-11T21:51:58.626-0100: 4,995: Total time for which application threads were stopped: 0,0001148 seconds, Stopping threads took: 0,0000202 seconds
2016-09-11T21:51:58.631-0100: 5,001: Total time for which application threads were stopped: 0,0001339 seconds, Stopping threads took: 0,0000519 seconds
2016-09-11T21:51:58.637-0100: 5,007: Total time for which application threads were stopped: 0,0001354 seconds, Stopping threads took: 0,0000571 seconds
2016-09-11T21:51:58.717-0100: 5,086: Total time for which application threads were stopped: 0,0000896 seconds, Stopping threads took: 0,0000193 seconds
2016-09-11T21:51:58.725-0100: 5,095: Total time for which application threads were stopped: 0,0001021 seconds, Stopping threads took: 0,0000210 seconds
2016-09-11T21:51:58.730-0100: 5,099: Total time for which application threads were stopped: 0,0001141 seconds, Stopping threads took: 0,0000456 seconds
2016-09-11T21:51:58.744-0100: 5,114: Total time for which application threads were stopped: 0,0004041 seconds, Stopping threads took: 0,0003290 seconds
2016-09-11T21:51:58.745-0100: 5,115: Total time for which application threads were stopped: 0,0001316 seconds, Stopping threads took: 0,0000611 seconds
2016-09-11T21:51:58.748-0100: 5,117: Total time for which application threads were stopped: 0,0000901 seconds, Stopping threads took: 0,0000170 seconds
2016-09-11T21:51:58.748-0100: 5,118: Total time for which application threads were stopped: 0,0000714 seconds, Stopping threads took: 0,0000125 seconds
2016-09-11T21:51:58.748-0100: 5,118: Total time for which application threads were stopped: 0,0000842 seconds, Stopping threads took: 0,0000090 seconds
2016-09-11T21:51:58.793-0100: 5,163: Total time for which application threads were stopped: 0,0001419 seconds, Stopping threads took: 0,0000566 seconds
2016-09-11T21:51:58.794-0100: 5,164: Total time for which application threads were stopped: 0,0002616 seconds, Stopping threads took: 0,0002166 seconds
2016-09-11T21:51:58.812-0100: 5,182: Total time for which application threads were stopped: 0,0001020 seconds, Stopping threads took: 0,0000197 seconds
2016-09-11T21:51:59.146-0100: 5,516: Total time for which application threads were stopped: 0,0002138 seconds, Stopping threads took: 0,0000278 seconds
2016-09-11T21:51:59.149-0100: 5,518: Total time for which application threads were stopped: 0,0000828 seconds, Stopping threads took: 0,0000159 seconds
2016-09-11T21:51:59.178-0100: 5,548: Total time for which application threads were stopped: 0,0000894 seconds, Stopping threads took: 0,0000201 seconds
2016-09-11T21:51:59.180-0100: 5,550: Total time for which application threads were stopped: 0,0000670 seconds, Stopping threads took: 0,0000167 seconds
2016-09-11T21:51:59.181-0100: 5,551: Total time for which application threads were stopped: 0,0000481 seconds, Stopping threads took: 0,0000101 seconds
2016-09-11T21:51:59.182-0100: 5,552: Total time for which application threads were stopped: 0,0000416 seconds, Stopping threads took: 0,0000083 seconds
2016-09-11T21:51:59.182-0100: 5,552: Total time for which application threads were stopped: 0,0000509 seconds, Stopping threads took: 0,0000112 seconds
2016-09-11T21:51:59.182-0100: 5,552: Total time for which application threads were stopped: 0,0000517 seconds, Stopping threads took: 0,0000112 seconds
2016-09-11T21:51:59.182-0100: 5,552: Total time for which application threads were stopped: 0,0000403 seconds, Stopping threads took: 0,0000080 seconds
2016-09-11T21:51:59.183-0100: 5,553: Total time for which application threads were stopped: 0,0000676 seconds, Stopping threads took: 0,0000280 seconds
2016-09-11T21:51:59.183-0100: 5,553: Total time for which application threads were stopped: 0,0000457 seconds, Stopping threads took: 0,0000084 seconds
2016-09-11T21:51:59.183-0100: 5,553: Total time for which application threads were stopped: 0,0000422 seconds, Stopping threads took: 0,0000095 seconds
2016-09-11T21:51:59.183-0100: 5,553: Total time for which application threads were stopped: 0,0000375 seconds, Stopping threads took: 0,0000079 seconds
2016-09-11T21:51:59.184-0100: 5,553: Total time for which application threads were stopped: 0,0000409 seconds, Stopping threads took: 0,0000091 seconds
2016-09-11T21:51:59.184-0100: 5,554: Total time for which application threads were stopped: 0,0000902 seconds, Stopping threads took: 0,0000465 seconds
2016-09-11T21:51:59.185-0100: 5,554: Total time for which application threads were stopped: 0,0000836 seconds, Stopping threads took: 0,0000377 seconds
{Heap before GC invocations=0 (full 0):
 par new generation   total 109248K, used 87424K [0x00000007a0000000, 0x00000007a8000000, 0x00000007a8000000)
  eden space 87424K, 100% used [0x00000007a0000000, 0x00000007a5560000, 0x00000007a5560000)
  from space 21824K,   0% used [0x00000007a5560000, 0x00000007a5560000, 0x00000007a6ab0000)
  to   space 21824K,   0% used [0x00000007a6ab0000, 0x00000007a6ab0000, 0x00000007a8000000)
 concurrent mark-sweep generation total 393216K, used 0K [0x00000007a8000000, 0x00000007c0000000, 0x00000007c0000000)
 Metaspace       used 18848K, capacity 19116K, committed 19584K, reserved 1067008K
  class space    used 2213K, capacity 2340K, committed 2432K, reserved 1048576K
2016-09-11T21:51:59.189-0100: 5,558: [GC (Allocation Failure) 2016-09-11T21:51:59.189-0100: 5,558: [ParNew
Desired survivor size 20112992 bytes, new threshold 8 (max 8)
- age   1:   10838296 bytes,   10838296 total
: 87424K->10697K(109248K), 0,0299296 secs] 87424K->10697K(502464K), 0,0300311 secs] [Times: user=0,05 sys=0,00, real=0,03 secs] 
Heap after GC invocations=1 (full 0):
 par new generation   total 109248K, used 10697K [0x00000007a0000000, 0x00000007a8000000, 0x00000007a8000000)
  eden space 87424K,   0% used [0x00000007a0000000, 0x00000007a0000000, 0x00000007a5560000)
  from space 21824K,  49% used [0x00000007a6ab0000, 0x00000007a7522568, 0x00000007a8000000)
  to   space 21824K,   0% used [0x00000007a5560000, 0x00000007a5560000, 0x00000007a6ab0000)
 concurrent mark-sweep generation total 393216K, used 0K [0x00000007a8000000, 0x00000007c0000000, 0x00000007c0000000)
 Metaspace       used 18848K, capacity 19116K, committed 19584K, reserved 1067008K
  class space    used 2213K, capacity 2340K, committed 2432K, reserved 1048576K
}
2016-09-11T21:51:59.219-0100: 5,589: Total time for which application threads were stopped: 0,0302372 seconds, Stopping threads took: 0,0000170 seconds
2016-09-11T21:51:59.223-0100: 5,592: Total time for which application threads were stopped: 0,0001329 seconds, Stopping threads took: 0,0000429 seconds
2016-09-11T21:51:59.223-0100: 5,593: Total time for which application threads were stopped: 0,0001111 seconds, Stopping threads took: 0,0000377 seconds
2016-09-11T21:51:59.228-0100: 5,598: Total time for which application threads were stopped: 0,0001065 seconds, Stopping threads took: 0,0000226 seconds
2016-09-11T21:51:59.229-0100: 5,599: Total time for which application threads were stopped: 0,0001204 seconds, Stopping threads took: 0,0000349 seconds
2016-09-11T21:51:59.243-0100: 5,612: Total time for which application threads were stopped: 0,0001151 seconds, Stopping threads took: 0,0000198 seconds
2016-09-11T21:51:59.244-0100: 5,613: Total time for which application threads were stopped: 0,0000538 seconds, Stopping threads took: 0,0000095 seconds
2016-09-11T21:51:59.245-0100: 5,615: Total time for which application threads were stopped: 0,0000797 seconds, Stopping threads took: 0,0000165 seconds
2016-09-11T21:51:59.246-0100: 5,615: Total time for which application threads were stopped: 0,0000624 seconds, Stopping threads took: 0,0000103 seconds
2016-09-11T21:51:59.246-0100: 5,616: Total time for which application threads were stopped: 0,0001148 seconds, Stopping threads took: 0,0000350 seconds
2016-09-11T21:51:59.247-0100: 5,617: Total time for which application threads were stopped: 0,0000563 seconds, Stopping threads took: 0,0000153 seconds
2016-09-11T21:51:59.247-0100: 5,617: Total time for which application threads were stopped: 0,0000341 seconds, Stopping threads took: 0,0000067 seconds
2016-09-11T21:51:59.249-0100: 5,619: Total time for which application threads were stopped: 0,0001106 seconds, Stopping threads took: 0,0000160 seconds
2016-09-11T21:51:59.251-0100: 5,621: Total time for which application threads were stopped: 0,0000609 seconds, Stopping threads took: 0,0000149 seconds
2016-09-11T21:51:59.252-0100: 5,621: Total time for which application threads were stopped: 0,0000587 seconds, Stopping threads took: 0,0000123 seconds
2016-09-11T21:51:59.273-0100: 5,643: Total time for which application threads were stopped: 0,0001172 seconds, Stopping threads took: 0,0000551 seconds
2016-09-11T21:51:59.289-0100: 5,659: Total time for which application threads were stopped: 0,0001653 seconds, Stopping threads took: 0,0000434 seconds
2016-09-11T21:51:59.410-0100: 5,780: Total time for which application threads were stopped: 0,0001849 seconds, Stopping threads took: 0,0000407 seconds
2016-09-11T21:51:59.434-0100: 5,804: Total time for which application threads were stopped: 0,0001181 seconds, Stopping threads took: 0,0000221 seconds
2016-09-11T21:51:59.434-0100: 5,804: Total time for which application threads were stopped: 0,0000685 seconds, Stopping threads took: 0,0000108 seconds
2016-09-11T21:51:59.434-0100: 5,804: Total time for which application threads were stopped: 0,0000621 seconds, Stopping threads took: 0,0000097 seconds
2016-09-11T21:51:59.435-0100: 5,804: Total time for which application threads were stopped: 0,0000397 seconds, Stopping threads took: 0,0000080 seconds
2016-09-11T21:51:59.435-0100: 5,804: Total time for which application threads were stopped: 0,0000433 seconds, Stopping threads took: 0,0000073 seconds
2016-09-11T21:51:59.435-0100: 5,805: Total time for which application threads were stopped: 0,0000386 seconds, Stopping threads took: 0,0000075 seconds
2016-09-11T21:51:59.435-0100: 5,805: Total time for which application threads were stopped: 0,0001153 seconds, Stopping threads took: 0,0000066 seconds
2016-09-11T21:51:59.513-0100: 5,883: Total time for which application threads were stopped: 0,0000996 seconds, Stopping threads took: 0,0000224 seconds
2016-09-11T21:51:59.517-0100: 5,887: Total time for which application threads were stopped: 0,0001137 seconds, Stopping threads took: 0,0000421 seconds
2016-09-11T21:51:59.701-0100: 6,071: Total time for which application threads were stopped: 0,0000956 seconds, Stopping threads took: 0,0000175 seconds
2016-09-11T21:51:59.701-0100: 6,071: Total time for which application threads were stopped: 0,0000558 seconds, Stopping threads took: 0,0000206 seconds
2016-09-11T21:51:59.701-0100: 6,071: Total time for which application threads were stopped: 0,0000482 seconds, Stopping threads took: 0,0000102 seconds
2016-09-11T21:51:59.701-0100: 6,071: Total time for which application threads were stopped: 0,0000526 seconds, Stopping threads took: 0,0000113 seconds
2016-09-11T21:51:59.744-0100: 6,114: Total time for which application threads were stopped: 0,0001734 seconds, Stopping threads took: 0,0000694 seconds
2016-09-11T21:51:59.746-0100: 6,116: Total time for which application threads were stopped: 0,0000815 seconds, Stopping threads took: 0,0000163 seconds
2016-09-11T21:51:59.754-0100: 6,124: Total time for which application threads were stopped: 0,0001559 seconds, Stopping threads took: 0,0000216 seconds
2016-09-11T21:51:59.755-0100: 6,125: Total time for which application threads were stopped: 0,0000934 seconds, Stopping threads took: 0,0000205 seconds
2016-09-11T21:51:59.756-0100: 6,126: Total time for which application threads were stopped: 0,0001470 seconds, Stopping threads took: 0,0000599 seconds
2016-09-11T21:51:59.756-0100: 6,126: Total time for which application threads were stopped: 0,0001085 seconds, Stopping threads took: 0,0000449 seconds
2016-09-11T21:51:59.757-0100: 6,126: Total time for which application threads were stopped: 0,0001881 seconds, Stopping threads took: 0,0000583 seconds
2016-09-11T21:51:59.757-0100: 6,127: Total time for which application threads were stopped: 0,0001206 seconds, Stopping threads took: 0,0000258 seconds
2016-09-11T21:51:59.758-0100: 6,128: Total time for which application threads were stopped: 0,0001847 seconds, Stopping threads took: 0,0000797 seconds
2016-09-11T21:51:59.759-0100: 6,129: Total time for which application threads were stopped: 0,0002788 seconds, Stopping threads took: 0,0001999 seconds
2016-09-11T21:51:59.760-0100: 6,130: Total time for which application threads were stopped: 0,0001368 seconds, Stopping threads took: 0,0000455 seconds
2016-09-11T21:51:59.787-0100: 6,157: Total time for which application threads were stopped: 0,0001032 seconds, Stopping threads took: 0,0000214 seconds
2016-09-11T21:51:59.787-0100: 6,157: Total time for which application threads were stopped: 0,0000702 seconds, Stopping threads took: 0,0000118 seconds
2016-09-11T21:51:59.797-0100: 6,167: Total time for which application threads were stopped: 0,0001429 seconds, Stopping threads took: 0,0000653 seconds
2016-09-11T21:51:59.798-0100: 6,168: Total time for which application threads were stopped: 0,0001819 seconds, Stopping threads took: 0,0000164 seconds
2016-09-11T21:51:59.800-0100: 6,169: Total time for which application threads were stopped: 0,0001199 seconds, Stopping threads took: 0,0000440 seconds
2016-09-11T21:51:59.800-0100: 6,170: Total time for which application threads were stopped: 0,0000998 seconds, Stopping threads took: 0,0000517 seconds
2016-09-11T21:51:59.800-0100: 6,170: Total time for which application threads were stopped: 0,0000849 seconds, Stopping threads took: 0,0000464 seconds
2016-09-11T21:51:59.816-0100: 6,186: Total time for which application threads were stopped: 0,0001433 seconds, Stopping threads took: 0,0000533 seconds
2016-09-11T21:51:59.842-0100: 6,212: Total time for which application threads were stopped: 0,0001899 seconds, Stopping threads took: 0,0000603 seconds
2016-09-11T21:51:59.843-0100: 6,213: Total time for which application threads were stopped: 0,0001229 seconds, Stopping threads took: 0,0000403 seconds
2016-09-11T21:51:59.884-0100: 6,253: Total time for which application threads were stopped: 0,0002926 seconds, Stopping threads took: 0,0000221 seconds
2016-09-11T21:51:59.981-0100: 6,351: Total time for which application threads were stopped: 0,0002376 seconds, Stopping threads took: 0,0000448 seconds
2016-09-11T21:52:00.137-0100: 6,507: Total time for which application threads were stopped: 0,0001272 seconds, Stopping threads took: 0,0000247 seconds
2016-09-11T21:52:00.166-0100: 6,535: Total time for which application threads were stopped: 0,0000901 seconds, Stopping threads took: 0,0000210 seconds
2016-09-11T21:52:00.168-0100: 6,537: Total time for which application threads were stopped: 0,0000966 seconds, Stopping threads took: 0,0000178 seconds
2016-09-11T21:52:00.189-0100: 6,559: Total time for which application threads were stopped: 0,0001124 seconds, Stopping threads took: 0,0000242 seconds
2016-09-11T21:52:00.270-0100: 6,639: Total time for which application threads were stopped: 0,0001523 seconds, Stopping threads took: 0,0000498 seconds
2016-09-11T21:52:00.270-0100: 6,640: Total time for which application threads were stopped: 0,0000995 seconds, Stopping threads took: 0,0000410 seconds
2016-09-11T21:52:01.248-0100: 7,618: [GC (CMS Initial Mark) [1 CMS-initial-mark: 0K(393216K)] 51090K(502464K), 0,0155451 secs] [Times: user=0,02 sys=0,00, real=0,02 secs] 
2016-09-11T21:52:01.264-0100: 7,634: Total time for which application threads were stopped: 0,0157882 seconds, Stopping threads took: 0,0000455 seconds
2016-09-11T21:52:01.264-0100: 7,634: [CMS-concurrent-mark-start]
2016-09-11T21:52:01.264-0100: 7,634: [CMS-concurrent-mark: 0,001/0,001 secs] [Times: user=0,00 sys=0,00, real=0,00 secs] 
2016-09-11T21:52:01.264-0100: 7,634: [CMS-concurrent-preclean-start]
2016-09-11T21:52:01.266-0100: 7,635: [CMS-concurrent-preclean: 0,001/0,001 secs] [Times: user=0,00 sys=0,00, real=0,00 secs] 
2016-09-11T21:52:01.266-0100: 7,636: [CMS-concurrent-abortable-preclean-start]
2016-09-11T21:52:02.264-0100: 8,634: Total time for which application threads were stopped: 0,0000915 seconds, Stopping threads took: 0,0000238 seconds
2016-09-11T21:52:02.990-0100: 9,360: Total time for which application threads were stopped: 0,0001142 seconds, Stopping threads took: 0,0000287 seconds
2016-09-11T21:52:02.990-0100: 9,360: Total time for which application threads were stopped: 0,0000504 seconds, Stopping threads took: 0,0000109 seconds
2016-09-11T21:52:03.993-0100: 10,363: Total time for which application threads were stopped: 0,0001179 seconds, Stopping threads took: 0,0000270 seconds
2016-09-11T21:52:04.694-0100: 11,064: Total time for which application threads were stopped: 0,0000898 seconds, Stopping threads took: 0,0000240 seconds
2016-09-11T21:52:04.696-0100: 11,066: Total time for which application threads were stopped: 0,0000772 seconds, Stopping threads took: 0,0000184 seconds
2016-09-11T21:52:04.696-0100: 11,066: Total time for which application threads were stopped: 0,0000683 seconds, Stopping threads took: 0,0000153 seconds
2016-09-11T21:52:04.697-0100: 11,067: Total time for which application threads were stopped: 0,0001112 seconds, Stopping threads took: 0,0000413 seconds
2016-09-11T21:52:04.697-0100: 11,067: Total time for which application threads were stopped: 0,0001428 seconds, Stopping threads took: 0,0000730 seconds
2016-09-11T21:52:04.697-0100: 11,067: Total time for which application threads were stopped: 0,0000671 seconds, Stopping threads took: 0,0000117 seconds
2016-09-11T21:52:04.697-0100: 11,067: Total time for which application threads were stopped: 0,0000835 seconds, Stopping threads took: 0,0000115 seconds
2016-09-11T21:52:04.697-0100: 11,067: Total time for which application threads were stopped: 0,0000632 seconds, Stopping threads took: 0,0000106 seconds
2016-09-11T21:52:04.716-0100: 11,086: Total time for which application threads were stopped: 0,0001089 seconds, Stopping threads took: 0,0000247 seconds
2016-09-11T21:52:04.718-0100: 11,088: Total time for which application threads were stopped: 0,0000994 seconds, Stopping threads took: 0,0000232 seconds
2016-09-11T21:52:04.729-0100: 11,099: Total time for which application threads were stopped: 0,0000973 seconds, Stopping threads took: 0,0000262 seconds
2016-09-11T21:52:04.730-0100: 11,100: Total time for which application threads were stopped: 0,0001009 seconds, Stopping threads took: 0,0000220 seconds
2016-09-11T21:52:04.735-0100: 11,105: Total time for which application threads were stopped: 0,0000813 seconds, Stopping threads took: 0,0000206 seconds
2016-09-11T21:52:04.741-0100: 11,111: Total time for which application threads were stopped: 0,0002836 seconds, Stopping threads took: 0,0000192 seconds
2016-09-11T21:52:04.753-0100: 11,123: Total time for which application threads were stopped: 0,0000883 seconds, Stopping threads took: 0,0000204 seconds
2016-09-11T21:52:04.754-0100: 11,124: Total time for which application threads were stopped: 0,0001033 seconds, Stopping threads took: 0,0000182 seconds
2016-09-11T21:52:04.770-0100: 11,140: Total time for which application threads were stopped: 0,0001051 seconds, Stopping threads took: 0,0000211 seconds
2016-09-11T21:52:04.770-0100: 11,140: Total time for which application threads were stopped: 0,0000668 seconds, Stopping threads took: 0,0000141 seconds
2016-09-11T21:52:04.770-0100: 11,140: Total time for which application threads were stopped: 0,0000457 seconds, Stopping threads took: 0,0000104 seconds
2016-09-11T21:52:04.780-0100: 11,150: Total time for which application threads were stopped: 0,0000904 seconds, Stopping threads took: 0,0000221 seconds
2016-09-11T21:52:04.800-0100: 11,170: Total time for which application threads were stopped: 0,0001010 seconds, Stopping threads took: 0,0000255 seconds
2016-09-11T21:52:04.804-0100: 11,174: Total time for which application threads were stopped: 0,0000750 seconds, Stopping threads took: 0,0000191 seconds
2016-09-11T21:52:04.804-0100: 11,174: Total time for which application threads were stopped: 0,0000610 seconds, Stopping threads took: 0,0000124 seconds
2016-09-11T21:52:04.821-0100: 11,191: Total time for which application threads were stopped: 0,0001098 seconds, Stopping threads took: 0,0000248 seconds
2016-09-11T21:52:04.829-0100: 11,199: Total time for which application threads were stopped: 0,0002977 seconds, Stopping threads took: 0,0000244 seconds
2016-09-11T21:52:04.842-0100: 11,212: Total time for which application threads were stopped: 0,0001028 seconds, Stopping threads took: 0,0000198 seconds
2016-09-11T21:52:04.843-0100: 11,213: Total time for which application threads were stopped: 0,0000659 seconds, Stopping threads took: 0,0000156 seconds
2016-09-11T21:52:04.857-0100: 11,227: Total time for which application threads were stopped: 0,0002098 seconds, Stopping threads took: 0,0000219 seconds
2016-09-11T21:52:04.934-0100: 11,304: Total time for which application threads were stopped: 0,0000978 seconds, Stopping threads took: 0,0000202 seconds
2016-09-11T21:52:05.027-0100: 11,397: Total time for which application threads were stopped: 0,0001061 seconds, Stopping threads took: 0,0000243 seconds
2016-09-11T21:52:05.027-0100: 11,397: Total time for which application threads were stopped: 0,0001013 seconds, Stopping threads took: 0,0000440 seconds
2016-09-11T21:52:05.028-0100: 11,398: Total time for which application threads were stopped: 0,0000670 seconds, Stopping threads took: 0,0000136 seconds
2016-09-11T21:52:05.028-0100: 11,398: Total time for which application threads were stopped: 0,0000656 seconds, Stopping threads took: 0,0000137 seconds
2016-09-11T21:52:05.028-0100: 11,398: Total time for which application threads were stopped: 0,0000697 seconds, Stopping threads took: 0,0000141 seconds
2016-09-11T21:52:05.030-0100: 11,400: Total time for which application threads were stopped: 0,0001132 seconds, Stopping threads took: 0,0000443 seconds
2016-09-11T21:52:05.030-0100: 11,400: Total time for which application threads were stopped: 0,0000710 seconds, Stopping threads took: 0,0000256 seconds
2016-09-11T21:52:05.030-0100: 11,400: Total time for which application threads were stopped: 0,0000512 seconds, Stopping threads took: 0,0000094 seconds
2016-09-11T21:52:05.031-0100: 11,401: Total time for which application threads were stopped: 0,0000511 seconds, Stopping threads took: 0,0000094 seconds
2016-09-11T21:52:05.031-0100: 11,401: Total time for which application threads were stopped: 0,0000500 seconds, Stopping threads took: 0,0000091 seconds
2016-09-11T21:52:05.031-0100: 11,401: Total time for which application threads were stopped: 0,0000887 seconds, Stopping threads took: 0,0000207 seconds
2016-09-11T21:52:05.031-0100: 11,401: Total time for which application threads were stopped: 0,0000715 seconds, Stopping threads took: 0,0000304 seconds
2016-09-11T21:52:05.031-0100: 11,401: Total time for which application threads were stopped: 0,0000756 seconds, Stopping threads took: 0,0000320 seconds
2016-09-11T21:52:05.039-0100: 11,409: Total time for which application threads were stopped: 0,0000846 seconds, Stopping threads took: 0,0000197 seconds
2016-09-11T21:52:05.039-0100: 11,409: Total time for which application threads were stopped: 0,0000647 seconds, Stopping threads took: 0,0000145 seconds
2016-09-11T21:52:05.135-0100: 11,505: Total time for which application threads were stopped: 0,0003147 seconds, Stopping threads took: 0,0000207 seconds
2016-09-11T21:52:05.137-0100: 11,507: Total time for which application threads were stopped: 0,0001296 seconds, Stopping threads took: 0,0000386 seconds
2016-09-11T21:52:05.137-0100: 11,507: Total time for which application threads were stopped: 0,0000575 seconds, Stopping threads took: 0,0000093 seconds
2016-09-11T21:52:05.137-0100: 11,507: Total time for which application threads were stopped: 0,0000509 seconds, Stopping threads took: 0,0000071 seconds
2016-09-11T21:52:05.137-0100: 11,507: Total time for which application threads were stopped: 0,0000488 seconds, Stopping threads took: 0,0000063 seconds
2016-09-11T21:52:05.137-0100: 11,521: Total time for which application threads were stopped: 0,0134863 seconds, Stopping threads took: 0,0000067 seconds
2016-09-11T21:52:05.260-0100: 11,630: Total time for which application threads were stopped: 0,0001639 seconds, Stopping threads took: 0,0000535 seconds
2016-09-11T21:52:05.260-0100: 11,630: Total time for which application threads were stopped: 0,0000933 seconds, Stopping threads took: 0,0000345 seconds
2016-09-11T21:52:05.260-0100: 11,630: Total time for which application threads were stopped: 0,0000995 seconds, Stopping threads took: 0,0000125 seconds
2016-09-11T21:52:05.260-0100: 11,630: Total time for which application threads were stopped: 0,0001098 seconds, Stopping threads took: 0,0000514 seconds
2016-09-11T21:52:05.260-0100: 11,630: Total time for which application threads were stopped: 0,0000786 seconds, Stopping threads took: 0,0000291 seconds
2016-09-11T21:52:05.350-0100: 11,720: Total time for which application threads were stopped: 0,0001596 seconds, Stopping threads took: 0,0000245 seconds
2016-09-11T21:52:05.381-0100: 11,751: Total time for which application threads were stopped: 0,0000968 seconds, Stopping threads took: 0,0000213 seconds
2016-09-11T21:52:05.411-0100: 11,780: Total time for which application threads were stopped: 0,0001478 seconds, Stopping threads took: 0,0000240 seconds
2016-09-11T21:52:05.470-0100: 11,840: Total time for which application threads were stopped: 0,0000876 seconds, Stopping threads took: 0,0000241 seconds
2016-09-11T21:52:05.509-0100: 11,879: Total time for which application threads were stopped: 0,0001175 seconds, Stopping threads took: 0,0000245 seconds
2016-09-11T21:52:05.510-0100: 11,880: Total time for which application threads were stopped: 0,0000885 seconds, Stopping threads took: 0,0000308 seconds
2016-09-11T21:52:06.510-0100: 12,880: Total time for which application threads were stopped: 0,0001100 seconds, Stopping threads took: 0,0000274 seconds
 CMS: abort preclean due to time 2016-09-11T21:52:07.389-0100: 13,759: [CMS-concurrent-abortable-preclean: 1,987/6,123 secs] [Times: user=2,22 sys=0,05, real=6,12 secs] 
2016-09-11T21:52:07.389-0100: 13,759: [GC (CMS Final Remark) [YG occupancy: 61261 K (109248 K)]{Heap before GC invocations=1 (full 1):
 par new generation   total 109248K, used 61261K [0x00000007a0000000, 0x00000007a8000000, 0x00000007a8000000)
  eden space 87424K,  57% used [0x00000007a0000000, 0x00000007a3161058, 0x00000007a5560000)
  from space 21824K,  49% used [0x00000007a6ab0000, 0x00000007a7522568, 0x00000007a8000000)
  to   space 21824K,   0% used [0x00000007a5560000, 0x00000007a5560000, 0x00000007a6ab0000)
 concurrent mark-sweep generation total 393216K, used 0K [0x00000007a8000000, 0x00000007c0000000, 0x00000007c0000000)
 Metaspace       used 23542K, capacity 24092K, committed 24284K, reserved 1071104K
  class space    used 2766K, capacity 2936K, committed 2988K, reserved 1048576K
2016-09-11T21:52:07.389-0100: 13,759: [GC (CMS Final Remark) 2016-09-11T21:52:07.389-0100: 13,759: [ParNew
Desired survivor size 20112992 bytes, new threshold 8 (max 8)
- age   1:    3874376 bytes,    3874376 total
- age   2:    5263840 bytes,    9138216 total
: 61261K->11814K(109248K), 0,0322240 secs] 61261K->11814K(502464K), 0,0322993 secs] [Times: user=0,03 sys=0,01, real=0,04 secs] 
Heap after GC invocations=2 (full 1):
 par new generation   total 109248K, used 11814K [0x00000007a0000000, 0x00000007a8000000, 0x00000007a8000000)
  eden space 87424K,   0% used [0x00000007a0000000, 0x00000007a0000000, 0x00000007a5560000)
  from space 21824K,  54% used [0x00000007a5560000, 0x00000007a60e9820, 0x00000007a6ab0000)
  to   space 21824K,   0% used [0x00000007a6ab0000, 0x00000007a6ab0000, 0x00000007a8000000)
 concurrent mark-sweep generation total 393216K, used 0K [0x00000007a8000000, 0x00000007c0000000, 0x00000007c0000000)
 Metaspace       used 23542K, capacity 24092K, committed 24284K, reserved 1071104K
  class space    used 2766K, capacity 2936K, committed 2988K, reserved 1048576K
}
2016-09-11T21:52:07.421-0100: 13,791: [Rescan (parallel) , 0,0038711 secs]2016-09-11T21:52:07.425-0100: 13,795: [weak refs processing, 0,0031588 secs]2016-09-11T21:52:07.428-0100: 13,799: [class unloading, 0,0092472 secs]2016-09-11T21:52:07.438-0100: 13,808: [scrub symbol table, 0,0056403 secs]2016-09-11T21:52:07.443-0100: 13,813: [scrub string table, 0,0005163 secs][1 CMS-remark: 0K(393216K)] 11814K(502464K), 0,0558209 secs] [Times: user=0,06 sys=0,02, real=0,06 secs] 
2016-09-11T21:52:07.445-0100: 13,815: Total time for which application threads were stopped: 0,0559846 seconds, Stopping threads took: 0,0000261 seconds
2016-09-11T21:52:07.445-0100: 13,815: [CMS-concurrent-sweep-start]
2016-09-11T21:52:07.445-0100: 13,815: [CMS-concurrent-sweep: 0,000/0,000 secs] [Times: user=0,00 sys=0,00, real=0,00 secs] 
2016-09-11T21:52:07.445-0100: 13,815: [CMS-concurrent-reset-start]
2016-09-11T21:52:07.447-0100: 13,817: Total time for which application threads were stopped: 0,0002067 seconds, Stopping threads took: 0,0000351 seconds
2016-09-11T21:52:07.449-0100: 13,819: Total time for which application threads were stopped: 0,0002511 seconds, Stopping threads took: 0,0000263 seconds
2016-09-11T21:52:07.450-0100: 13,820: [CMS-concurrent-reset: 0,005/0,005 secs] [Times: user=0,00 sys=0,00, real=0,01 secs] 
2016-09-11T21:52:07.642-0100: 14,012: Total time for which application threads were stopped: 0,0000977 seconds, Stopping threads took: 0,0000230 seconds
2016-09-11T21:52:07.642-0100: 14,012: Total time for which application threads were stopped: 0,0000367 seconds, Stopping threads took: 0,0000079 seconds
2016-09-11T21:52:08.130-0100: 14,500: Total time for which application threads were stopped: 0,0001147 seconds, Stopping threads took: 0,0000265 seconds
2016-09-11T21:52:08.202-0100: 14,572: Total time for which application threads were stopped: 0,0001320 seconds, Stopping threads took: 0,0000291 seconds
2016-09-11T21:52:09.207-0100: 15,578: Total time for which application threads were stopped: 0,0002297 seconds, Stopping threads took: 0,0000507 seconds
2016-09-11T21:52:10.212-0100: 16,582: Total time for which application threads were stopped: 0,0003329 seconds, Stopping threads took: 0,0000703 seconds
2016-09-11T21:52:12.076-0100: 18,446: Total time for which application threads were stopped: 0,0001510 seconds, Stopping threads took: 0,0000448 seconds
2016-09-11T21:52:12.076-0100: 18,446: Total time for which application threads were stopped: 0,0000874 seconds, Stopping threads took: 0,0000337 seconds
2016-09-11T21:52:12.076-0100: 18,446: Total time for which application threads were stopped: 0,0001237 seconds, Stopping threads took: 0,0000808 seconds
2016-09-11T21:52:12.076-0100: 18,446: Total time for which application threads were stopped: 0,0000496 seconds, Stopping threads took: 0,0000097 seconds
2016-09-11T21:52:12.076-0100: 18,447: Total time for which application threads were stopped: 0,0000413 seconds, Stopping threads took: 0,0000071 seconds
2016-09-11T21:52:12.077-0100: 18,448: Total time for which application threads were stopped: 0,0000909 seconds, Stopping threads took: 0,0000407 seconds
2016-09-11T21:52:12.109-0100: 18,479: Total time for which application threads were stopped: 0,0001359 seconds, Stopping threads took: 0,0000413 seconds
2016-09-11T21:52:12.109-0100: 18,479: Total time for which application threads were stopped: 0,0000813 seconds, Stopping threads took: 0,0000136 seconds
2016-09-11T21:52:12.115-0100: 18,485: Total time for which application threads were stopped: 0,0001060 seconds, Stopping threads took: 0,0000238 seconds
2016-09-11T21:52:12.115-0100: 18,486: Total time for which application threads were stopped: 0,0000790 seconds, Stopping threads took: 0,0000262 seconds
2016-09-11T21:52:12.202-0100: 18,573: Total time for which application threads were stopped: 0,0001095 seconds, Stopping threads took: 0,0000205 seconds
2016-09-11T21:52:12.204-0100: 18,574: Total time for which application threads were stopped: 0,0000898 seconds, Stopping threads took: 0,0000214 seconds
2016-09-11T21:52:12.215-0100: 18,585: Total time for which application threads were stopped: 0,0000960 seconds, Stopping threads took: 0,0000206 seconds
2016-09-11T21:52:12.448-0100: 18,818: Total time for which application threads were stopped: 0,0001274 seconds, Stopping threads took: 0,0000223 seconds
2016-09-11T21:52:12.450-0100: 18,820: Total time for which application threads were stopped: 0,0001153 seconds, Stopping threads took: 0,0000359 seconds
2016-09-11T21:52:12.450-0100: 18,820: Total time for which application threads were stopped: 0,0000962 seconds, Stopping threads took: 0,0000375 seconds
2016-09-11T21:52:12.451-0100: 18,821: Total time for which application threads were stopped: 0,0001460 seconds, Stopping threads took: 0,0000590 seconds
2016-09-11T21:52:12.452-0100: 18,822: Total time for which application threads were stopped: 0,0003352 seconds, Stopping threads took: 0,0002226 seconds
2016-09-11T21:52:12.453-0100: 18,823: Total time for which application threads were stopped: 0,0001476 seconds, Stopping threads took: 0,0000568 seconds
2016-09-11T21:52:12.453-0100: 18,823: Total time for which application threads were stopped: 0,0001359 seconds, Stopping threads took: 0,0000531 seconds
2016-09-11T21:52:12.453-0100: 18,824: Total time for which application threads were stopped: 0,0001158 seconds, Stopping threads took: 0,0000517 seconds
2016-09-11T21:52:12.480-0100: 18,850: Total time for which application threads were stopped: 0,0001012 seconds, Stopping threads took: 0,0000208 seconds
2016-09-11T21:52:12.481-0100: 18,851: Total time for which application threads were stopped: 0,0000958 seconds, Stopping threads took: 0,0000330 seconds
2016-09-11T21:52:12.483-0100: 18,854: Total time for which application threads were stopped: 0,0001090 seconds, Stopping threads took: 0,0000222 seconds
2016-09-11T21:52:12.485-0100: 18,855: Total time for which application threads were stopped: 0,0001106 seconds, Stopping threads took: 0,0000246 seconds
2016-09-11T21:52:12.487-0100: 18,857: Total time for which application threads were stopped: 0,0001199 seconds, Stopping threads took: 0,0000385 seconds
2016-09-11T21:52:12.566-0100: 18,937: Total time for which application threads were stopped: 0,0001506 seconds, Stopping threads took: 0,0000256 seconds
2016-09-11T21:52:12.570-0100: 18,940: Total time for which application threads were stopped: 0,0001210 seconds, Stopping threads took: 0,0000233 seconds
2016-09-11T21:52:12.572-0100: 18,942: Total time for which application threads were stopped: 0,0000941 seconds, Stopping threads took: 0,0000174 seconds
2016-09-11T21:52:12.574-0100: 18,944: Total time for which application threads were stopped: 0,0000940 seconds, Stopping threads took: 0,0000169 seconds
2016-09-11T21:52:12.651-0100: 19,021: Total time for which application threads were stopped: 0,0003320 seconds, Stopping threads took: 0,0000238 seconds
2016-09-11T21:52:12.654-0100: 19,025: Total time for which application threads were stopped: 0,0001442 seconds, Stopping threads took: 0,0000434 seconds
2016-09-11T21:52:12.655-0100: 19,025: Total time for which application threads were stopped: 0,0002150 seconds, Stopping threads took: 0,0000370 seconds
2016-09-11T21:52:12.657-0100: 19,027: Total time for which application threads were stopped: 0,0001569 seconds, Stopping threads took: 0,0000550 seconds
2016-09-11T21:52:12.657-0100: 19,027: Total time for which application threads were stopped: 0,0000929 seconds, Stopping threads took: 0,0000263 seconds
2016-09-11T21:52:12.669-0100: 19,039: Total time for which application threads were stopped: 0,0001242 seconds, Stopping threads took: 0,0000265 seconds
2016-09-11T21:52:12.669-0100: 19,039: Total time for which application threads were stopped: 0,0000762 seconds, Stopping threads took: 0,0000203 seconds
2016-09-11T21:52:12.669-0100: 19,039: Total time for which application threads were stopped: 0,0000824 seconds, Stopping threads took: 0,0000279 seconds
2016-09-11T21:52:12.688-0100: 19,058: Total time for which application threads were stopped: 0,0003106 seconds, Stopping threads took: 0,0000218 seconds
2016-09-11T21:52:12.693-0100: 19,063: Total time for which application threads were stopped: 0,0001105 seconds, Stopping threads took: 0,0000238 seconds
2016-09-11T21:52:12.712-0100: 19,082: Total time for which application threads were stopped: 0,0001505 seconds, Stopping threads took: 0,0000294 seconds
2016-09-11T21:52:12.721-0100: 19,091: Total time for which application threads were stopped: 0,0001117 seconds, Stopping threads took: 0,0000211 seconds
2016-09-11T21:52:12.721-0100: 19,091: Total time for which application threads were stopped: 0,0000710 seconds, Stopping threads took: 0,0000130 seconds
2016-09-11T21:52:12.738-0100: 19,108: Total time for which application threads were stopped: 0,0001149 seconds, Stopping threads took: 0,0000235 seconds
2016-09-11T21:52:12.765-0100: 19,135: Total time for which application threads were stopped: 0,0002043 seconds, Stopping threads took: 0,0000544 seconds
2016-09-11T21:52:12.773-0100: 19,144: Total time for which application threads were stopped: 0,0004981 seconds, Stopping threads took: 0,0000268 seconds
2016-09-11T21:52:12.791-0100: 19,161: Total time for which application threads were stopped: 0,0001551 seconds, Stopping threads took: 0,0000496 seconds
2016-09-11T21:52:12.811-0100: 19,181: Total time for which application threads were stopped: 0,0001949 seconds, Stopping threads took: 0,0000410 seconds
2016-09-11T21:52:12.817-0100: 19,187: Total time for which application threads were stopped: 0,0001708 seconds, Stopping threads took: 0,0000275 seconds
2016-09-11T21:52:12.821-0100: 19,191: Total time for which application threads were stopped: 0,0001904 seconds, Stopping threads took: 0,0000532 seconds
2016-09-11T21:52:12.849-0100: 19,219: Total time for which application threads were stopped: 0,0001722 seconds, Stopping threads took: 0,0000545 seconds
2016-09-11T21:52:12.865-0100: 19,235: Total time for which application threads were stopped: 0,0004758 seconds, Stopping threads took: 0,0003534 seconds
2016-09-11T21:52:12.870-0100: 19,240: Total time for which application threads were stopped: 0,0001222 seconds, Stopping threads took: 0,0000228 seconds
2016-09-11T21:52:12.874-0100: 19,244: Total time for which application threads were stopped: 0,0001248 seconds, Stopping threads took: 0,0000248 seconds
2016-09-11T21:52:12.878-0100: 19,248: Total time for which application threads were stopped: 0,0001263 seconds, Stopping threads took: 0,0000250 seconds
2016-09-11T21:52:12.883-0100: 19,253: Total time for which application threads were stopped: 0,0003719 seconds, Stopping threads took: 0,0000626 seconds
2016-09-11T21:52:12.987-0100: 19,357: Total time for which application threads were stopped: 0,0001309 seconds, Stopping threads took: 0,0000249 seconds
2016-09-11T21:52:13.007-0100: 19,377: Total time for which application threads were stopped: 0,0001570 seconds, Stopping threads took: 0,0000281 seconds
2016-09-11T21:52:13.008-0100: 19,378: Total time for which application threads were stopped: 0,0001102 seconds, Stopping threads took: 0,0000189 seconds
2016-09-11T21:52:13.010-0100: 19,380: Total time for which application threads were stopped: 0,0001122 seconds, Stopping threads took: 0,0000185 seconds
2016-09-11T21:52:13.011-0100: 19,381: Total time for which application threads were stopped: 0,0001091 seconds, Stopping threads took: 0,0000202 seconds
2016-09-11T21:52:13.906-0100: 20,276: Total time for which application threads were stopped: 0,0004032 seconds, Stopping threads took: 0,0000338 seconds
2016-09-11T21:52:14.042-0100: 20,412: Total time for which application threads were stopped: 0,0002840 seconds, Stopping threads took: 0,0000572 seconds
2016-09-11T21:52:14.274-0100: 20,644: Total time for which application threads were stopped: 0,0002226 seconds, Stopping threads took: 0,0000287 seconds
2016-09-11T21:52:14.275-0100: 20,645: Total time for which application threads were stopped: 0,0001629 seconds, Stopping threads took: 0,0000176 seconds
2016-09-11T21:52:14.275-0100: 20,646: Total time for which application threads were stopped: 0,0002188 seconds, Stopping threads took: 0,0000434 seconds
2016-09-11T21:52:14.276-0100: 20,646: Total time for which application threads were stopped: 0,0001702 seconds, Stopping threads took: 0,0000472 seconds
2016-09-11T21:52:14.276-0100: 20,647: Total time for which application threads were stopped: 0,0001142 seconds, Stopping threads took: 0,0000133 seconds
2016-09-11T21:52:14.981-0100: 21,351: Total time for which application threads were stopped: 0,0002454 seconds, Stopping threads took: 0,0000632 seconds
2016-09-11T21:52:14.998-0100: 21,368: Total time for which application threads were stopped: 0,0002394 seconds, Stopping threads took: 0,0000528 seconds
2016-09-11T21:52:14.999-0100: 21,369: Total time for which application threads were stopped: 0,0002553 seconds, Stopping threads took: 0,0000404 seconds
2016-09-11T21:52:15.066-0100: 21,436: Total time for which application threads were stopped: 0,0002263 seconds, Stopping threads took: 0,0000641 seconds
2016-09-11T21:52:15.098-0100: 21,469: Total time for which application threads were stopped: 0,0002431 seconds, Stopping threads took: 0,0000307 seconds
2016-09-11T21:52:15.112-0100: 21,482: Total time for which application threads were stopped: 0,0002096 seconds, Stopping threads took: 0,0000314 seconds
2016-09-11T21:52:15.134-0100: 21,504: Total time for which application threads were stopped: 0,0002647 seconds, Stopping threads took: 0,0000549 seconds
2016-09-11T21:52:15.315-0100: 21,685: Total time for which application threads were stopped: 0,0002495 seconds, Stopping threads took: 0,0000539 seconds
2016-09-11T21:52:15.439-0100: 21,809: Total time for which application threads were stopped: 0,0005900 seconds, Stopping threads took: 0,0000297 seconds
{Heap before GC invocations=2 (full 1):
 par new generation   total 109248K, used 99238K [0x00000007a0000000, 0x00000007a8000000, 0x00000007a8000000)
  eden space 87424K, 100% used [0x00000007a0000000, 0x00000007a5560000, 0x00000007a5560000)
  from space 21824K,  54% used [0x00000007a5560000, 0x00000007a60e9820, 0x00000007a6ab0000)
  to   space 21824K,   0% used [0x00000007a6ab0000, 0x00000007a6ab0000, 0x00000007a8000000)
 concurrent mark-sweep generation total 393216K, used 0K [0x00000007a8000000, 0x00000007c0000000, 0x00000007c0000000)
 Metaspace       used 27122K, capacity 27660K, committed 28048K, reserved 1073152K
  class space    used 3201K, capacity 3398K, committed 3500K, reserved 1048576K
2016-09-11T21:52:15.564-0100: 21,934: [GC (Allocation Failure) 2016-09-11T21:52:15.564-0100: 21,934: [ParNew
Desired survivor size 20112992 bytes, new threshold 8 (max 8)
- age   1:    6480968 bytes,    6480968 total
- age   2:     934448 bytes,    7415416 total
- age   3:    5250552 bytes,   12665968 total
: 99238K->15102K(109248K), 0,0604688 secs] 99238K->15102K(502464K), 0,0605771 secs] [Times: user=0,06 sys=0,01, real=0,06 secs] 
Heap after GC invocations=3 (full 1):
 par new generation   total 109248K, used 15102K [0x00000007a0000000, 0x00000007a8000000, 0x00000007a8000000)
  eden space 87424K,   0% used [0x00000007a0000000, 0x00000007a0000000, 0x00000007a5560000)
  from space 21824K,  69% used [0x00000007a6ab0000, 0x00000007a796faa0, 0x00000007a8000000)
  to   space 21824K,   0% used [0x00000007a5560000, 0x00000007a5560000, 0x00000007a6ab0000)
 concurrent mark-sweep generation total 393216K, used 0K [0x00000007a8000000, 0x00000007c0000000, 0x00000007c0000000)
 Metaspace       used 27122K, capacity 27660K, committed 28048K, reserved 1073152K
  class space    used 3201K, capacity 3398K, committed 3500K, reserved 1048576K
}
2016-09-11T21:52:15.625-0100: 21,995: Total time for which application threads were stopped: 0,0718772 seconds, Stopping threads took: 0,0109193 seconds
2016-09-11T21:52:15.625-0100: 21,995: Total time for which application threads were stopped: 0,0002195 seconds, Stopping threads took: 0,0000490 seconds
2016-09-11T21:52:15.626-0100: 21,996: Total time for which application threads were stopped: 0,0002555 seconds, Stopping threads took: 0,0000996 seconds
2016-09-11T21:52:15.634-0100: 22,004: Total time for which application threads were stopped: 0,0003087 seconds, Stopping threads took: 0,0001154 seconds
2016-09-11T21:52:15.698-0100: 22,068: Total time for which application threads were stopped: 0,0006553 seconds, Stopping threads took: 0,0000297 seconds
2016-09-11T21:52:16.049-0100: 22,420: Total time for which application threads were stopped: 0,0003747 seconds, Stopping threads took: 0,0000953 seconds
2016-09-11T21:52:16.087-0100: 22,457: Total time for which application threads were stopped: 0,0002765 seconds, Stopping threads took: 0,0000696 seconds
{Heap before GC invocations=3 (full 1):
 par new generation   total 109248K, used 102526K [0x00000007a0000000, 0x00000007a8000000, 0x00000007a8000000)
  eden space 87424K, 100% used [0x00000007a0000000, 0x00000007a5560000, 0x00000007a5560000)
  from space 21824K,  69% used [0x00000007a6ab0000, 0x00000007a796faa0, 0x00000007a8000000)
  to   space 21824K,   0% used [0x00000007a5560000, 0x00000007a5560000, 0x00000007a6ab0000)
 concurrent mark-sweep generation total 393216K, used 0K [0x00000007a8000000, 0x00000007c0000000, 0x00000007c0000000)
 Metaspace       used 27758K, capacity 28308K, committed 28560K, reserved 1075200K
  class space    used 3274K, capacity 3444K, committed 3500K, reserved 1048576K
2016-09-11T21:52:16.408-0100: 22,778: [GC (Allocation Failure) 2016-09-11T21:52:16.408-0100: 22,778: [ParNew
Desired survivor size 20112992 bytes, new threshold 8 (max 8)
- age   1:    2234560 bytes,    2234560 total
- age   2:    2898448 bytes,    5133008 total
- age   3:     931672 bytes,    6064680 total
- age   4:    5250008 bytes,   11314688 total
: 102526K->18436K(109248K), 0,0235820 secs] 102526K->18436K(502464K), 0,0236992 secs] [Times: user=0,07 sys=0,00, real=0,03 secs] 
Heap after GC invocations=4 (full 1):
 par new generation   total 109248K, used 18436K [0x00000007a0000000, 0x00000007a8000000, 0x00000007a8000000)
  eden space 87424K,   0% used [0x00000007a0000000, 0x00000007a0000000, 0x00000007a5560000)
  from space 21824K,  84% used [0x00000007a5560000, 0x00000007a6761368, 0x00000007a6ab0000)
  to   space 21824K,   0% used [0x00000007a6ab0000, 0x00000007a6ab0000, 0x00000007a8000000)
 concurrent mark-sweep generation total 393216K, used 0K [0x00000007a8000000, 0x00000007c0000000, 0x00000007c0000000)
 Metaspace       used 27758K, capacity 28308K, committed 28560K, reserved 1075200K
  class space    used 3274K, capacity 3444K, committed 3500K, reserved 1048576K
}
2016-09-11T21:52:16.432-0100: 22,802: Total time for which application threads were stopped: 0,0241028 seconds, Stopping threads took: 0,0000659 seconds
2016-09-11T21:52:16.433-0100: 22,804: Total time for which application threads were stopped: 0,0002784 seconds, Stopping threads took: 0,0000624 seconds
2016-09-11T21:52:16.442-0100: 22,812: Total time for which application threads were stopped: 0,0083779 seconds, Stopping threads took: 0,0079520 seconds
2016-09-11T21:52:16.460-0100: 22,831: Total time for which application threads were stopped: 0,0002541 seconds, Stopping threads took: 0,0000486 seconds
2016-09-11T21:52:16.742-0100: 23,112: Total time for which application threads were stopped: 0,0002219 seconds, Stopping threads took: 0,0000246 seconds
2016-09-11T21:52:16.750-0100: 23,120: Total time for which application threads were stopped: 0,0002873 seconds, Stopping threads took: 0,0000334 seconds
2016-09-11T21:52:16.812-0100: 23,182: Total time for which application threads were stopped: 0,0005212 seconds, Stopping threads took: 0,0003505 seconds
{Heap before GC invocations=4 (full 1):
 par new generation   total 109248K, used 105860K [0x00000007a0000000, 0x00000007a8000000, 0x00000007a8000000)
  eden space 87424K, 100% used [0x00000007a0000000, 0x00000007a5560000, 0x00000007a5560000)
  from space 21824K,  84% used [0x00000007a5560000, 0x00000007a6761368, 0x00000007a6ab0000)
  to   space 21824K,   0% used [0x00000007a6ab0000, 0x00000007a6ab0000, 0x00000007a8000000)
 concurrent mark-sweep generation total 393216K, used 0K [0x00000007a8000000, 0x00000007c0000000, 0x00000007c0000000)
 Metaspace       used 28202K, capacity 28728K, committed 29200K, reserved 1075200K
  class space    used 3329K, capacity 3514K, committed 3628K, reserved 1048576K
2016-09-11T21:52:16.822-0100: 23,192: [GC (Allocation Failure) 2016-09-11T21:52:16.822-0100: 23,192: [ParNew
Desired survivor size 20112992 bytes, new threshold 8 (max 8)
- age   1:     749736 bytes,     749736 total
- age   2:    1749368 bytes,    2499104 total
- age   3:    2882416 bytes,    5381520 total
- age   4:     931824 bytes,    6313344 total
- age   5:    5251048 bytes,   11564392 total
: 105860K->13490K(109248K), 0,0154820 secs] 105860K->13490K(502464K), 0,0155991 secs] [Times: user=0,04 sys=0,00, real=0,01 secs] 
Heap after GC invocations=5 (full 1):
 par new generation   total 109248K, used 13490K [0x00000007a0000000, 0x00000007a8000000, 0x00000007a8000000)
  eden space 87424K,   0% used [0x00000007a0000000, 0x00000007a0000000, 0x00000007a5560000)
  from space 21824K,  61% used [0x00000007a6ab0000, 0x00000007a77dc990, 0x00000007a8000000)
  to   space 21824K,   0% used [0x00000007a5560000, 0x00000007a5560000, 0x00000007a6ab0000)
 concurrent mark-sweep generation total 393216K, used 0K [0x00000007a8000000, 0x00000007c0000000, 0x00000007c0000000)
 Metaspace       used 28202K, capacity 28728K, committed 29200K, reserved 1075200K
  class space    used 3329K, capacity 3514K, committed 3628K, reserved 1048576K
}
2016-09-11T21:52:16.837-0100: 23,208: Total time for which application threads were stopped: 0,0159069 seconds, Stopping threads took: 0,0000313 seconds
{Heap before GC invocations=5 (full 1):
 par new generation   total 109248K, used 100914K [0x00000007a0000000, 0x00000007a8000000, 0x00000007a8000000)
  eden space 87424K, 100% used [0x00000007a0000000, 0x00000007a5560000, 0x00000007a5560000)
  from space 21824K,  61% used [0x00000007a6ab0000, 0x00000007a77dc990, 0x00000007a8000000)
  to   space 21824K,   0% used [0x00000007a5560000, 0x00000007a5560000, 0x00000007a6ab0000)
 concurrent mark-sweep generation total 393216K, used 0K [0x00000007a8000000, 0x00000007c0000000, 0x00000007c0000000)
 Metaspace       used 28305K, capacity 28798K, committed 29200K, reserved 1075200K
  class space    used 3342K, capacity 3515K, committed 3628K, reserved 1048576K
2016-09-11T21:52:17.088-0100: 23,459: [GC (Allocation Failure) 2016-09-11T21:52:17.088-0100: 23,459: [ParNew
Desired survivor size 20112992 bytes, new threshold 8 (max 8)
- age   1:     428896 bytes,     428896 total
- age   2:     284248 bytes,     713144 total
- age   3:    1749288 bytes,    2462432 total
- age   4:    2882144 bytes,    5344576 total
- age   5:     931200 bytes,    6275776 total
- age   6:    5249880 bytes,   11525656 total
: 100914K->17179K(109248K), 0,0138439 secs] 100914K->17179K(502464K), 0,0139275 secs] [Times: user=0,04 sys=0,00, real=0,02 secs] 
Heap after GC invocations=6 (full 1):
 par new generation   total 109248K, used 17179K [0x00000007a0000000, 0x00000007a8000000, 0x00000007a8000000)
  eden space 87424K,   0% used [0x00000007a0000000, 0x00000007a0000000, 0x00000007a5560000)
  from space 21824K,  78% used [0x00000007a5560000, 0x00000007a6626fa8, 0x00000007a6ab0000)
  to   space 21824K,   0% used [0x00000007a6ab0000, 0x00000007a6ab0000, 0x00000007a8000000)
 concurrent mark-sweep generation total 393216K, used 0K [0x00000007a8000000, 0x00000007c0000000, 0x00000007c0000000)
 Metaspace       used 28305K, capacity 28798K, committed 29200K, reserved 1075200K
  class space    used 3342K, capacity 3515K, committed 3628K, reserved 1048576K
}
2016-09-11T21:52:17.102-0100: 23,473: Total time for which application threads were stopped: 0,0142938 seconds, Stopping threads took: 0,0000933 seconds
2016-09-11T21:52:17.427-0100: 23,797: Total time for which application threads were stopped: 0,0002704 seconds, Stopping threads took: 0,0000298 seconds
2016-09-11T21:52:17.590-0100: 23,960: Total time for which application threads were stopped: 0,0007726 seconds, Stopping threads took: 0,0000588 seconds
2016-09-11T21:52:17.752-0100: 24,122: Total time for which application threads were stopped: 0,0049822 seconds, Stopping threads took: 0,0047701 seconds
{Heap before GC invocations=6 (full 1):
 par new generation   total 109248K, used 104603K [0x00000007a0000000, 0x00000007a8000000, 0x00000007a8000000)
  eden space 87424K, 100% used [0x00000007a0000000, 0x00000007a5560000, 0x00000007a5560000)
  from space 21824K,  78% used [0x00000007a5560000, 0x00000007a6626fa8, 0x00000007a6ab0000)
  to   space 21824K,   0% used [0x00000007a6ab0000, 0x00000007a6ab0000, 0x00000007a8000000)
 concurrent mark-sweep generation total 393216K, used 0K [0x00000007a8000000, 0x00000007c0000000, 0x00000007c0000000)
 Metaspace       used 29905K, capacity 30486K, committed 30864K, reserved 1077248K
  class space    used 3519K, capacity 3715K, committed 3756K, reserved 1048576K
2016-09-11T21:52:17.841-0100: 24,211: [GC (Allocation Failure) 2016-09-11T21:52:17.841-0100: 24,211: [ParNew
Desired survivor size 20112992 bytes, new threshold 8 (max 8)
- age   1:    2529264 bytes,    2529264 total
- age   2:     109760 bytes,    2639024 total
- age   3:     276192 bytes,    2915216 total
- age   4:     369288 bytes,    3284504 total
- age   5:    2878680 bytes,    6163184 total
- age   6:     930752 bytes,    7093936 total
- age   7:    5248968 bytes,   12342904 total
: 104603K->15803K(109248K), 0,0280482 secs] 104603K->15803K(502464K), 0,0281818 secs] [Times: user=0,07 sys=0,00, real=0,02 secs] 
Heap after GC invocations=7 (full 1):
 par new generation   total 109248K, used 15803K [0x00000007a0000000, 0x00000007a8000000, 0x00000007a8000000)
  eden space 87424K,   0% used [0x00000007a0000000, 0x00000007a0000000, 0x00000007a5560000)
  from space 21824K,  72% used [0x00000007a6ab0000, 0x00000007a7a1efa0, 0x00000007a8000000)
  to   space 21824K,   0% used [0x00000007a5560000, 0x00000007a5560000, 0x00000007a6ab0000)
 concurrent mark-sweep generation total 393216K, used 0K [0x00000007a8000000, 0x00000007c0000000, 0x00000007c0000000)
 Metaspace       used 29905K, capacity 30486K, committed 30864K, reserved 1077248K
  class space    used 3519K, capacity 3715K, committed 3756K, reserved 1048576K
}
2016-09-11T21:52:17.869-0100: 24,239: Total time for which application threads were stopped: 0,0285698 seconds, Stopping threads took: 0,0000510 seconds
2016-09-11T21:52:17.938-0100: 24,309: Total time for which application threads were stopped: 0,0094838 seconds, Stopping threads took: 0,0092621 seconds
2016-09-11T21:52:18.005-0100: 24,375: Total time for which application threads were stopped: 0,0007600 seconds, Stopping threads took: 0,0000523 seconds
2016-09-11T21:52:18.016-0100: 24,386: Total time for which application threads were stopped: 0,0003239 seconds, Stopping threads took: 0,0001230 seconds
2016-09-11T21:52:18.017-0100: 24,387: Total time for which application threads were stopped: 0,0002191 seconds, Stopping threads took: 0,0000279 seconds
2016-09-11T21:52:18.101-0100: 24,472: Total time for which application threads were stopped: 0,0008478 seconds, Stopping threads took: 0,0000298 seconds
2016-09-11T21:52:18.103-0100: 24,473: Total time for which application threads were stopped: 0,0002363 seconds, Stopping threads took: 0,0000982 seconds
2016-09-11T21:52:18.106-0100: 24,476: Total time for which application threads were stopped: 0,0002029 seconds, Stopping threads took: 0,0000320 seconds
2016-09-11T21:52:18.197-0100: 24,567: Total time for which application threads were stopped: 0,0001846 seconds, Stopping threads took: 0,0000426 seconds
2016-09-11T21:52:18.213-0100: 24,584: Total time for which application threads were stopped: 0,0001646 seconds, Stopping threads took: 0,0000434 seconds
2016-09-11T21:52:18.213-0100: 24,584: Total time for which application threads were stopped: 0,0001088 seconds, Stopping threads took: 0,0000302 seconds
2016-09-11T21:52:18.214-0100: 24,584: Total time for which application threads were stopped: 0,0000962 seconds, Stopping threads took: 0,0000308 seconds
2016-09-11T21:52:18.214-0100: 24,584: Total time for which application threads were stopped: 0,0000990 seconds, Stopping threads took: 0,0000279 seconds
2016-09-11T21:52:18.214-0100: 24,584: Total time for which application threads were stopped: 0,0000768 seconds, Stopping threads took: 0,0000110 seconds
2016-09-11T21:52:18.214-0100: 24,585: Total time for which application threads were stopped: 0,0001052 seconds, Stopping threads took: 0,0000226 seconds
2016-09-11T21:52:18.225-0100: 24,596: Total time for which application threads were stopped: 0,0005643 seconds, Stopping threads took: 0,0000264 seconds
2016-09-11T21:52:18.232-0100: 24,603: Total time for which application threads were stopped: 0,0001771 seconds, Stopping threads took: 0,0000303 seconds
2016-09-11T21:52:18.238-0100: 24,608: Total time for which application threads were stopped: 0,0001668 seconds, Stopping threads took: 0,0000548 seconds
2016-09-11T21:52:18.240-0100: 24,611: Total time for which application threads were stopped: 0,0001926 seconds, Stopping threads took: 0,0000592 seconds
2016-09-11T21:52:18.245-0100: 24,615: Total time for which application threads were stopped: 0,0001827 seconds, Stopping threads took: 0,0000523 seconds
2016-09-11T21:52:18.249-0100: 24,619: Total time for which application threads were stopped: 0,0001791 seconds, Stopping threads took: 0,0000279 seconds
2016-09-11T21:52:18.271-0100: 24,641: Total time for which application threads were stopped: 0,0002928 seconds, Stopping threads took: 0,0001720 seconds
2016-09-11T21:52:18.290-0100: 24,660: Total time for which application threads were stopped: 0,0002329 seconds, Stopping threads took: 0,0000509 seconds
2016-09-11T21:52:18.436-0100: 24,807: Total time for which application threads were stopped: 0,0002681 seconds, Stopping threads took: 0,0000560 seconds
2016-09-11T21:52:18.442-0100: 24,812: Total time for which application threads were stopped: 0,0002769 seconds, Stopping threads took: 0,0000496 seconds
2016-09-11T21:52:18.442-0100: 24,813: Total time for which application threads were stopped: 0,0002521 seconds, Stopping threads took: 0,0000548 seconds
2016-09-11T21:52:18.479-0100: 24,849: Total time for which application threads were stopped: 0,0001616 seconds, Stopping threads took: 0,0000255 seconds
2016-09-11T21:52:18.479-0100: 24,850: Total time for which application threads were stopped: 0,0003387 seconds, Stopping threads took: 0,0000312 seconds
2016-09-11T21:52:18.904-0100: 25,275: Total time for which application threads were stopped: 0,0002539 seconds, Stopping threads took: 0,0000584 seconds
2016-09-11T21:52:18.972-0100: 25,343: Total time for which application threads were stopped: 0,0002380 seconds, Stopping threads took: 0,0000296 seconds
2016-09-11T21:52:19.029-0100: 25,399: Total time for which application threads were stopped: 0,0001974 seconds, Stopping threads took: 0,0000306 seconds
2016-09-11T21:52:19.122-0100: 25,492: Total time for which application threads were stopped: 0,0002702 seconds, Stopping threads took: 0,0000491 seconds
2016-09-11T21:52:19.141-0100: 25,512: Total time for which application threads were stopped: 0,0002483 seconds, Stopping threads took: 0,0000448 seconds
2016-09-11T21:52:19.189-0100: 25,559: Total time for which application threads were stopped: 0,0002307 seconds, Stopping threads took: 0,0000310 seconds
2016-09-11T21:52:19.190-0100: 25,560: Total time for which application threads were stopped: 0,0002160 seconds, Stopping threads took: 0,0000517 seconds
2016-09-11T21:52:19.210-0100: 25,580: Total time for which application threads were stopped: 0,0002774 seconds, Stopping threads took: 0,0001068 seconds
2016-09-11T21:52:19.226-0100: 25,596: Total time for which application threads were stopped: 0,0005967 seconds, Stopping threads took: 0,0000514 seconds
2016-09-11T21:52:19.262-0100: 25,633: Total time for which application threads were stopped: 0,0001836 seconds, Stopping threads took: 0,0000306 seconds
{Heap before GC invocations=7 (full 1):
 par new generation   total 109248K, used 103227K [0x00000007a0000000, 0x00000007a8000000, 0x00000007a8000000)
  eden space 87424K, 100% used [0x00000007a0000000, 0x00000007a5560000, 0x00000007a5560000)
  from space 21824K,  72% used [0x00000007a6ab0000, 0x00000007a7a1efa0, 0x00000007a8000000)
  to   space 21824K,   0% used [0x00000007a5560000, 0x00000007a5560000, 0x00000007a6ab0000)
 concurrent mark-sweep generation total 393216K, used 0K [0x00000007a8000000, 0x00000007c0000000, 0x00000007c0000000)
 Metaspace       used 33033K, capacity 33584K, committed 33808K, reserved 1079296K
  class space    used 3905K, capacity 4084K, committed 4140K, reserved 1048576K
2016-09-11T21:52:19.298-0100: 25,668: [GC (Allocation Failure) 2016-09-11T21:52:19.309-0100: 25,679: [ParNew
Desired survivor size 20112992 bytes, new threshold 8 (max 8)
- age   1:    4554600 bytes,    4554600 total
- age   2:     699368 bytes,    5253968 total
- age   3:     108976 bytes,    5362944 total
- age   4:     269736 bytes,    5632680 total
- age   5:     253736 bytes,    5886416 total
- age   6:    2847672 bytes,    8734088 total
- age   7:     915880 bytes,    9649968 total
- age   8:    5215824 bytes,   14865792 total
: 103227K->17511K(109248K), 0,0579398 secs] 103227K->17511K(502464K), 0,0691294 secs] [Times: user=0,10 sys=0,00, real=0,07 secs] 
Heap after GC invocations=8 (full 1):
 par new generation   total 109248K, used 17511K [0x00000007a0000000, 0x00000007a8000000, 0x00000007a8000000)
  eden space 87424K,   0% used [0x00000007a0000000, 0x00000007a0000000, 0x00000007a5560000)
  from space 21824K,  80% used [0x00000007a5560000, 0x00000007a6679c60, 0x00000007a6ab0000)
  to   space 21824K,   0% used [0x00000007a6ab0000, 0x00000007a6ab0000, 0x00000007a8000000)
 concurrent mark-sweep generation total 393216K, used 0K [0x00000007a8000000, 0x00000007c0000000, 0x00000007c0000000)
 Metaspace       used 33033K, capacity 33584K, committed 33808K, reserved 1079296K
  class space    used 3905K, capacity 4084K, committed 4140K, reserved 1048576K
}
2016-09-11T21:52:19.367-0100: 25,737: Total time for which application threads were stopped: 0,0694963 seconds, Stopping threads took: 0,0000558 seconds
2016-09-11T21:52:19.469-0100: 25,839: Total time for which application threads were stopped: 0,0003423 seconds, Stopping threads took: 0,0001327 seconds
2016-09-11T21:52:19.470-0100: 25,840: Total time for which application threads were stopped: 0,0003023 seconds, Stopping threads took: 0,0000856 seconds
2016-09-11T21:52:19.474-0100: 25,845: Total time for which application threads were stopped: 0,0007403 seconds, Stopping threads took: 0,0000474 seconds
2016-09-11T21:52:19.521-0100: 25,891: Total time for which application threads were stopped: 0,0002485 seconds, Stopping threads took: 0,0000299 seconds
2016-09-11T21:52:19.521-0100: 25,892: Total time for which application threads were stopped: 0,0002348 seconds, Stopping threads took: 0,0000676 seconds
2016-09-11T21:52:19.522-0100: 25,892: Total time for which application threads were stopped: 0,0002303 seconds, Stopping threads took: 0,0000480 seconds
2016-09-11T21:52:19.534-0100: 25,905: Total time for which application threads were stopped: 0,0003181 seconds, Stopping threads took: 0,0000538 seconds
2016-09-11T21:52:19.540-0100: 25,910: Total time for which application threads were stopped: 0,0007951 seconds, Stopping threads took: 0,0000467 seconds
2016-09-11T21:52:19.541-0100: 25,911: Total time for which application threads were stopped: 0,0003216 seconds, Stopping threads took: 0,0000508 seconds
2016-09-11T21:52:19.597-0100: 25,968: Total time for which application threads were stopped: 0,0002689 seconds, Stopping threads took: 0,0000832 seconds
2016-09-11T21:52:19.635-0100: 26,005: Total time for which application threads were stopped: 0,0002343 seconds, Stopping threads took: 0,0000293 seconds
2016-09-11T21:52:19.643-0100: 26,014: Total time for which application threads were stopped: 0,0002146 seconds, Stopping threads took: 0,0000286 seconds
2016-09-11T21:52:19.732-0100: 26,102: Total time for which application threads were stopped: 0,0002395 seconds, Stopping threads took: 0,0000315 seconds
2016-09-11T21:52:19.733-0100: 26,104: Total time for which application threads were stopped: 0,0001967 seconds, Stopping threads took: 0,0000467 seconds
2016-09-11T21:52:19.780-0100: 26,150: Total time for which application threads were stopped: 0,0002265 seconds, Stopping threads took: 0,0000301 seconds
2016-09-11T21:52:19.794-0100: 26,164: Total time for which application threads were stopped: 0,0002421 seconds, Stopping threads took: 0,0000335 seconds
2016-09-11T21:52:19.827-0100: 26,197: Total time for which application threads were stopped: 0,0002541 seconds, Stopping threads took: 0,0000316 seconds
2016-09-11T21:52:19.890-0100: 26,260: Total time for which application threads were stopped: 0,0112233 seconds, Stopping threads took: 0,0109411 seconds
2016-09-11T21:52:19.893-0100: 26,263: Total time for which application threads were stopped: 0,0002112 seconds, Stopping threads took: 0,0000581 seconds
2016-09-11T21:52:19.894-0100: 26,264: Total time for which application threads were stopped: 0,0001898 seconds, Stopping threads took: 0,0000286 seconds
2016-09-11T21:52:19.894-0100: 26,265: Total time for which application threads were stopped: 0,0001746 seconds, Stopping threads took: 0,0000578 seconds
2016-09-11T21:52:19.901-0100: 26,271: Total time for which application threads were stopped: 0,0002624 seconds, Stopping threads took: 0,0000533 seconds
2016-09-11T21:52:19.911-0100: 26,282: Total time for which application threads were stopped: 0,0028069 seconds, Stopping threads took: 0,0023814 seconds
2016-09-11T21:52:19.917-0100: 26,287: Total time for which application threads were stopped: 0,0003353 seconds, Stopping threads took: 0,0001661 seconds
2016-09-11T21:52:19.937-0100: 26,308: Total time for which application threads were stopped: 0,0002102 seconds, Stopping threads took: 0,0000494 seconds
2016-09-11T21:52:19.941-0100: 26,311: Total time for which application threads were stopped: 0,0002206 seconds, Stopping threads took: 0,0000472 seconds
2016-09-11T21:52:19.941-0100: 26,312: Total time for which application threads were stopped: 0,0001427 seconds, Stopping threads took: 0,0000203 seconds
2016-09-11T21:52:19.945-0100: 26,316: Total time for which application threads were stopped: 0,0002059 seconds, Stopping threads took: 0,0000301 seconds
2016-09-11T21:52:19.946-0100: 26,316: Total time for which application threads were stopped: 0,0002051 seconds, Stopping threads took: 0,0000573 seconds
2016-09-11T21:52:19.948-0100: 26,318: Total time for which application threads were stopped: 0,0002330 seconds, Stopping threads took: 0,0000472 seconds
2016-09-11T21:52:20.015-0100: 26,385: Total time for which application threads were stopped: 0,0111730 seconds, Stopping threads took: 0,0109524 seconds
2016-09-11T21:52:20.018-0100: 26,389: Total time for which application threads were stopped: 0,0002172 seconds, Stopping threads took: 0,0000336 seconds
2016-09-11T21:52:20.025-0100: 26,395: Total time for which application threads were stopped: 0,0004198 seconds, Stopping threads took: 0,0001470 seconds
2016-09-11T21:52:20.026-0100: 26,397: Total time for which application threads were stopped: 0,0002017 seconds, Stopping threads took: 0,0000466 seconds
2016-09-11T21:52:20.028-0100: 26,398: Total time for which application threads were stopped: 0,0002576 seconds, Stopping threads took: 0,0001074 seconds
2016-09-11T21:52:20.037-0100: 26,407: Total time for which application threads were stopped: 0,0002088 seconds, Stopping threads took: 0,0000296 seconds
2016-09-11T21:52:20.089-0100: 26,459: Total time for which application threads were stopped: 0,0002124 seconds, Stopping threads took: 0,0000324 seconds
2016-09-11T21:52:20.106-0100: 26,477: Total time for which application threads were stopped: 0,0002010 seconds, Stopping threads took: 0,0000331 seconds
2016-09-11T21:52:20.106-0100: 26,477: Total time for which application threads were stopped: 0,0001452 seconds, Stopping threads took: 0,0000302 seconds
2016-09-11T21:52:20.129-0100: 26,500: Total time for which application threads were stopped: 0,0008585 seconds, Stopping threads took: 0,0000333 seconds
2016-09-11T21:52:20.139-0100: 26,510: Total time for which application threads were stopped: 0,0002037 seconds, Stopping threads took: 0,0000328 seconds
2016-09-11T21:52:20.146-0100: 26,517: Total time for which application threads were stopped: 0,0002010 seconds, Stopping threads took: 0,0000332 seconds
2016-09-11T21:52:20.146-0100: 26,517: Total time for which application threads were stopped: 0,0001236 seconds, Stopping threads took: 0,0000156 seconds
2016-09-11T21:52:20.240-0100: 26,611: Total time for which application threads were stopped: 0,0008117 seconds, Stopping threads took: 0,0000680 seconds
2016-09-11T21:52:20.303-0100: 26,673: Total time for which application threads were stopped: 0,0002102 seconds, Stopping threads took: 0,0000307 seconds
2016-09-11T21:52:20.306-0100: 26,677: Total time for which application threads were stopped: 0,0002106 seconds, Stopping threads took: 0,0000323 seconds
2016-09-11T21:52:20.959-0100: 27,330: Total time for which application threads were stopped: 0,0002605 seconds, Stopping threads took: 0,0000528 seconds
2016-09-11T21:52:20.979-0100: 27,349: Total time for which application threads were stopped: 0,0001988 seconds, Stopping threads took: 0,0000422 seconds
2016-09-11T21:52:20.984-0100: 27,355: Total time for which application threads were stopped: 0,0001873 seconds, Stopping threads took: 0,0000505 seconds
2016-09-11T21:52:20.985-0100: 27,356: Total time for which application threads were stopped: 0,0001820 seconds, Stopping threads took: 0,0000578 seconds
2016-09-11T21:52:21.021-0100: 27,392: Total time for which application threads were stopped: 0,0002564 seconds, Stopping threads took: 0,0000461 seconds
2016-09-11T21:52:21.022-0100: 27,392: Total time for which application threads were stopped: 0,0001242 seconds, Stopping threads took: 0,0000154 seconds
2016-09-11T21:52:21.022-0100: 27,393: Total time for which application threads were stopped: 0,0001431 seconds, Stopping threads took: 0,0000170 seconds
2016-09-11T21:52:21.158-0100: 27,529: Total time for which application threads were stopped: 0,0001547 seconds, Stopping threads took: 0,0000267 seconds
2016-09-11T21:52:21.159-0100: 27,529: Total time for which application threads were stopped: 0,0002369 seconds, Stopping threads took: 0,0000318 seconds
2016-09-11T21:52:21.163-0100: 27,534: Total time for which application threads were stopped: 0,0001843 seconds, Stopping threads took: 0,0000597 seconds
2016-09-11T21:52:21.173-0100: 27,544: Total time for which application threads were stopped: 0,0001488 seconds, Stopping threads took: 0,0000326 seconds
2016-09-11T21:52:21.288-0100: 27,658: Total time for which application threads were stopped: 0,0002678 seconds, Stopping threads took: 0,0000394 seconds
2016-09-11T21:52:22.037-0100: 28,407: Total time for which application threads were stopped: 0,0001829 seconds, Stopping threads took: 0,0000433 seconds
2016-09-11T21:52:22.551-0100: 28,922: Total time for which application threads were stopped: 0,0001821 seconds, Stopping threads took: 0,0000339 seconds
2016-09-11T21:52:22.552-0100: 28,922: Total time for which application threads were stopped: 0,0001252 seconds, Stopping threads took: 0,0000166 seconds
2016-09-11T21:52:29.059-0100: 35,429: Total time for which application threads were stopped: 0,0001843 seconds, Stopping threads took: 0,0000352 seconds
2016-09-11T21:52:29.060-0100: 35,430: Total time for which application threads were stopped: 0,0001617 seconds, Stopping threads took: 0,0000474 seconds
2016-09-11T21:52:29.060-0100: 35,431: Total time for which application threads were stopped: 0,0001311 seconds, Stopping threads took: 0,0000410 seconds
2016-09-11T21:52:29.062-0100: 35,433: Total time for which application threads were stopped: 0,0001395 seconds, Stopping threads took: 0,0000302 seconds
2016-09-11T21:52:29.075-0100: 35,446: Total time for which application threads were stopped: 0,0001345 seconds, Stopping threads took: 0,0000251 seconds
2016-09-11T21:52:29.076-0100: 35,446: Total time for which application threads were stopped: 0,0001107 seconds, Stopping threads took: 0,0000420 seconds
2016-09-11T21:52:29.077-0100: 35,448: Total time for which application threads were stopped: 0,0001334 seconds, Stopping threads took: 0,0000381 seconds
2016-09-11T21:52:29.077-0100: 35,448: Total time for which application threads were stopped: 0,0000734 seconds, Stopping threads took: 0,0000110 seconds
2016-09-11T21:52:29.077-0100: 35,448: Total time for which application threads were stopped: 0,0000658 seconds, Stopping threads took: 0,0000094 seconds
2016-09-11T21:52:29.103-0100: 35,474: Total time for which application threads were stopped: 0,0001906 seconds, Stopping threads took: 0,0000296 seconds
2016-09-11T21:52:29.127-0100: 35,498: Total time for which application threads were stopped: 0,0001680 seconds, Stopping threads took: 0,0000360 seconds
2016-09-11T21:52:29.139-0100: 35,510: Total time for which application threads were stopped: 0,0005754 seconds, Stopping threads took: 0,0000264 seconds
2016-09-11T21:52:29.169-0100: 35,540: Total time for which application threads were stopped: 0,0001809 seconds, Stopping threads took: 0,0000289 seconds
2016-09-11T21:52:29.170-0100: 35,541: Total time for which application threads were stopped: 0,0001604 seconds, Stopping threads took: 0,0000245 seconds
2016-09-11T21:52:29.171-0100: 35,542: Total time for which application threads were stopped: 0,0001651 seconds, Stopping threads took: 0,0000413 seconds
2016-09-11T21:52:29.172-0100: 35,543: Total time for which application threads were stopped: 0,0001493 seconds, Stopping threads took: 0,0000208 seconds
2016-09-11T21:52:29.172-0100: 35,543: Total time for which application threads were stopped: 0,0001047 seconds, Stopping threads took: 0,0000142 seconds
2016-09-11T21:52:29.173-0100: 35,544: Total time for which application threads were stopped: 0,0001280 seconds, Stopping threads took: 0,0000164 seconds
2016-09-11T21:52:29.175-0100: 35,546: Total time for which application threads were stopped: 0,0001648 seconds, Stopping threads took: 0,0000296 seconds
2016-09-11T21:52:29.176-0100: 35,546: Total time for which application threads were stopped: 0,0001389 seconds, Stopping threads took: 0,0000206 seconds
2016-09-11T21:52:29.176-0100: 35,547: Total time for which application threads were stopped: 0,0001253 seconds, Stopping threads took: 0,0000169 seconds
2016-09-11T21:52:29.176-0100: 35,547: Total time for which application threads were stopped: 0,0001124 seconds, Stopping threads took: 0,0000224 seconds
2016-09-11T21:52:29.177-0100: 35,547: Total time for which application threads were stopped: 0,0001560 seconds, Stopping threads took: 0,0000369 seconds
2016-09-11T21:52:29.177-0100: 35,548: Total time for which application threads were stopped: 0,0001133 seconds, Stopping threads took: 0,0000141 seconds
2016-09-11T21:52:29.178-0100: 35,549: Total time for which application threads were stopped: 0,0001508 seconds, Stopping threads took: 0,0000252 seconds
2016-09-11T21:52:29.178-0100: 35,549: Total time for which application threads were stopped: 0,0001036 seconds, Stopping threads took: 0,0000133 seconds
2016-09-11T21:52:29.179-0100: 35,549: Total time for which application threads were stopped: 0,0001196 seconds, Stopping threads took: 0,0000157 seconds
2016-09-11T21:52:29.179-0100: 35,550: Total time for which application threads were stopped: 0,0001289 seconds, Stopping threads took: 0,0000174 seconds
2016-09-11T21:52:29.180-0100: 35,550: Total time for which application threads were stopped: 0,0001099 seconds, Stopping threads took: 0,0000142 seconds
2016-09-11T21:52:29.180-0100: 35,551: Total time for which application threads were stopped: 0,0001184 seconds, Stopping threads took: 0,0000152 seconds
2016-09-11T21:52:29.180-0100: 35,551: Total time for which application threads were stopped: 0,0001318 seconds, Stopping threads took: 0,0000191 seconds
2016-09-11T21:52:29.181-0100: 35,552: Total time for which application threads were stopped: 0,0001458 seconds, Stopping threads took: 0,0000213 seconds
2016-09-11T21:52:29.183-0100: 35,554: Total time for which application threads were stopped: 0,0004361 seconds, Stopping threads took: 0,0000389 seconds
2016-09-11T21:52:30.189-0100: 36,559: Total time for which application threads were stopped: 0,0002896 seconds, Stopping threads took: 0,0000557 seconds
2016-09-11T21:52:30.421-0100: 36,791: Total time for which application threads were stopped: 0,0001303 seconds, Stopping threads took: 0,0000249 seconds
2016-09-11T21:52:30.421-0100: 36,791: Total time for which application threads were stopped: 0,0000796 seconds, Stopping threads took: 0,0000254 seconds
2016-09-11T21:52:30.421-0100: 36,792: Total time for which application threads were stopped: 0,0000597 seconds, Stopping threads took: 0,0000095 seconds
2016-09-11T21:52:30.421-0100: 36,792: Total time for which application threads were stopped: 0,0000562 seconds, Stopping threads took: 0,0000085 seconds
2016-09-11T21:52:30.421-0100: 36,792: Total time for which application threads were stopped: 0,0000543 seconds, Stopping threads took: 0,0000079 seconds
2016-09-11T21:52:30.421-0100: 36,792: Total time for which application threads were stopped: 0,0000577 seconds, Stopping threads took: 0,0000090 seconds
2016-09-11T21:52:30.421-0100: 36,792: Total time for which application threads were stopped: 0,0000548 seconds, Stopping threads took: 0,0000079 seconds
2016-09-11T21:52:30.421-0100: 36,792: Total time for which application threads were stopped: 0,0000604 seconds, Stopping threads took: 0,0000119 seconds
2016-09-11T21:52:30.421-0100: 36,792: Total time for which application threads were stopped: 0,0000551 seconds, Stopping threads took: 0,0000081 seconds
2016-09-11T21:52:30.422-0100: 36,792: Total time for which application threads were stopped: 0,0000571 seconds, Stopping threads took: 0,0000089 seconds
2016-09-11T21:52:30.422-0100: 36,792: Total time for which application threads were stopped: 0,0000546 seconds, Stopping threads took: 0,0000080 seconds
2016-09-11T21:52:30.422-0100: 36,793: Total time for which application threads were stopped: 0,0000540 seconds, Stopping threads took: 0,0000078 seconds
2016-09-11T21:52:30.422-0100: 36,793: Total time for which application threads were stopped: 0,0000729 seconds, Stopping threads took: 0,0000237 seconds
2016-09-11T21:52:30.422-0100: 36,793: Total time for which application threads were stopped: 0,0000803 seconds, Stopping threads took: 0,0000251 seconds
2016-09-11T21:52:30.422-0100: 36,793: Total time for which application threads were stopped: 0,0000846 seconds, Stopping threads took: 0,0000298 seconds
2016-09-11T21:52:30.422-0100: 36,793: Total time for which application threads were stopped: 0,0000653 seconds, Stopping threads took: 0,0000108 seconds
2016-09-11T21:52:30.422-0100: 36,793: Total time for which application threads were stopped: 0,0001055 seconds, Stopping threads took: 0,0000292 seconds
2016-09-11T21:52:30.422-0100: 36,793: Total time for which application threads were stopped: 0,0000786 seconds, Stopping threads took: 0,0000143 seconds
2016-09-11T21:52:30.423-0100: 36,793: Total time for which application threads were stopped: 0,0000741 seconds, Stopping threads took: 0,0000098 seconds
2016-09-11T21:52:30.423-0100: 36,793: Total time for which application threads were stopped: 0,0000554 seconds, Stopping threads took: 0,0000083 seconds
2016-09-11T21:52:30.423-0100: 36,794: Total time for which application threads were stopped: 0,0002047 seconds, Stopping threads took: 0,0000090 seconds
2016-09-11T21:52:30.423-0100: 36,794: Total time for which application threads were stopped: 0,0000581 seconds, Stopping threads took: 0,0000089 seconds
2016-09-11T21:52:30.432-0100: 36,802: Total time for which application threads were stopped: 0,0002086 seconds, Stopping threads took: 0,0000627 seconds
2016-09-11T21:52:30.432-0100: 36,803: Total time for which application threads were stopped: 0,0002098 seconds, Stopping threads took: 0,0000605 seconds
2016-09-11T21:52:30.434-0100: 36,805: Total time for which application threads were stopped: 0,0005674 seconds, Stopping threads took: 0,0000908 seconds
2016-09-11T21:52:30.493-0100: 36,863: Total time for which application threads were stopped: 0,0005229 seconds, Stopping threads took: 0,0000350 seconds
2016-09-11T21:52:30.500-0100: 36,871: Total time for which application threads were stopped: 0,0002172 seconds, Stopping threads took: 0,0000323 seconds
2016-09-11T21:52:30.508-0100: 36,879: Total time for which application threads were stopped: 0,0002300 seconds, Stopping threads took: 0,0000565 seconds
2016-09-11T21:52:30.514-0100: 36,885: Total time for which application threads were stopped: 0,0002259 seconds, Stopping threads took: 0,0000610 seconds
2016-09-11T21:52:30.516-0100: 36,887: Total time for which application threads were stopped: 0,0002059 seconds, Stopping threads took: 0,0000395 seconds
2016-09-11T21:52:30.524-0100: 36,895: Total time for which application threads were stopped: 0,0001930 seconds, Stopping threads took: 0,0000353 seconds
2016-09-11T21:52:30.545-0100: 36,916: Total time for which application threads were stopped: 0,0025179 seconds, Stopping threads took: 0,0022985 seconds
2016-09-11T21:52:30.545-0100: 36,916: Total time for which application threads were stopped: 0,0002211 seconds, Stopping threads took: 0,0000868 seconds
2016-09-11T21:52:30.546-0100: 36,916: Total time for which application threads were stopped: 0,0002652 seconds, Stopping threads took: 0,0000778 seconds
2016-09-11T21:52:30.546-0100: 36,917: Total time for which application threads were stopped: 0,0001805 seconds, Stopping threads took: 0,0000633 seconds
2016-09-11T21:52:30.546-0100: 36,917: Total time for which application threads were stopped: 0,0001443 seconds, Stopping threads took: 0,0000301 seconds
2016-09-11T21:52:30.546-0100: 36,917: Total time for which application threads were stopped: 0,0001876 seconds, Stopping threads took: 0,0000776 seconds
2016-09-11T21:52:30.547-0100: 36,918: Total time for which application threads were stopped: 0,0001590 seconds, Stopping threads took: 0,0000433 seconds
2016-09-11T21:52:30.547-0100: 36,918: Total time for which application threads were stopped: 0,0001398 seconds, Stopping threads took: 0,0000330 seconds
2016-09-11T21:52:30.547-0100: 36,918: Total time for which application threads were stopped: 0,0001662 seconds, Stopping threads took: 0,0000465 seconds
2016-09-11T21:52:30.612-0100: 36,983: Total time for which application threads were stopped: 0,0112846 seconds, Stopping threads took: 0,0111004 seconds
{Heap before GC invocations=8 (full 1):
 par new generation   total 109248K, used 104935K [0x00000007a0000000, 0x00000007a8000000, 0x00000007a8000000)
  eden space 87424K, 100% used [0x00000007a0000000, 0x00000007a5560000, 0x00000007a5560000)
  from space 21824K,  80% used [0x00000007a5560000, 0x00000007a6679c60, 0x00000007a6ab0000)
  to   space 21824K,   0% used [0x00000007a6ab0000, 0x00000007a6ab0000, 0x00000007a8000000)
 concurrent mark-sweep generation total 393216K, used 0K [0x00000007a8000000, 0x00000007c0000000, 0x00000007c0000000)
 Metaspace       used 35284K, capacity 35960K, committed 36368K, reserved 1081344K
  class space    used 4133K, capacity 4338K, committed 4396K, reserved 1048576K
2016-09-11T21:52:30.649-0100: 37,020: [GC (Allocation Failure) 2016-09-11T21:52:30.649-0100: 37,020: [ParNew
Desired survivor size 20112992 bytes, new threshold 8 (max 8)
- age   1:    9161032 bytes,    9161032 total
- age   2:    1788592 bytes,   10949624 total
- age   3:     698840 bytes,   11648464 total
- age   4:     108976 bytes,   11757440 total
- age   5:     268936 bytes,   12026376 total
- age   6:     252720 bytes,   12279096 total
- age   7:    2740528 bytes,   15019624 total
- age   8:     899464 bytes,   15919088 total
: 104935K->21607K(109248K), 0,1007407 secs] 104935K->27235K(502464K), 0,1008551 secs] [Times: user=0,14 sys=0,02, real=0,11 secs] 
Heap after GC invocations=9 (full 1):
 par new generation   total 109248K, used 21607K [0x00000007a0000000, 0x00000007a8000000, 0x00000007a8000000)
  eden space 87424K,   0% used [0x00000007a0000000, 0x00000007a0000000, 0x00000007a5560000)
  from space 21824K,  99% used [0x00000007a6ab0000, 0x00000007a7fc9ef8, 0x00000007a8000000)
  to   space 21824K,   0% used [0x00000007a5560000, 0x00000007a5560000, 0x00000007a6ab0000)
 concurrent mark-sweep generation total 393216K, used 5627K [0x00000007a8000000, 0x00000007c0000000, 0x00000007c0000000)
 Metaspace       used 35284K, capacity 35960K, committed 36368K, reserved 1081344K
  class space    used 4133K, capacity 4338K, committed 4396K, reserved 1048576K
}
2016-09-11T21:52:30.750-0100: 37,120: Total time for which application threads were stopped: 0,1012470 seconds, Stopping threads took: 0,0000701 seconds
2016-09-11T21:52:30.751-0100: 37,122: Total time for which application threads were stopped: 0,0002106 seconds, Stopping threads took: 0,0000401 seconds
2016-09-11T21:52:30.763-0100: 37,133: Total time for which application threads were stopped: 0,0003036 seconds, Stopping threads took: 0,0001302 seconds
2016-09-11T21:52:30.763-0100: 37,134: Total time for which application threads were stopped: 0,0001652 seconds, Stopping threads took: 0,0000329 seconds
2016-09-11T21:52:30.764-0100: 37,135: Total time for which application threads were stopped: 0,0007166 seconds, Stopping threads took: 0,0005591 seconds
2016-09-11T21:52:30.765-0100: 37,136: Total time for which application threads were stopped: 0,0002369 seconds, Stopping threads took: 0,0000657 seconds
2016-09-11T21:52:30.767-0100: 37,137: Total time for which application threads were stopped: 0,0002684 seconds, Stopping threads took: 0,0000999 seconds
2016-09-11T21:52:30.768-0100: 37,139: Total time for which application threads were stopped: 0,0002746 seconds, Stopping threads took: 0,0000779 seconds
2016-09-11T21:52:30.770-0100: 37,140: Total time for which application threads were stopped: 0,0002957 seconds, Stopping threads took: 0,0001094 seconds
2016-09-11T21:52:30.886-0100: 37,257: Total time for which application threads were stopped: 0,0119435 seconds, Stopping threads took: 0,0113766 seconds
2016-09-11T21:52:30.893-0100: 37,264: Total time for which application threads were stopped: 0,0002680 seconds, Stopping threads took: 0,0001087 seconds
2016-09-11T21:52:30.895-0100: 37,266: Total time for which application threads were stopped: 0,0003168 seconds, Stopping threads took: 0,0001314 seconds
{Heap before GC invocations=9 (full 1):
 par new generation   total 109248K, used 109030K [0x00000007a0000000, 0x00000007a8000000, 0x00000007a8000000)
  eden space 87424K,  99% used [0x00000007a0000000, 0x00000007a555f968, 0x00000007a5560000)
  from space 21824K,  99% used [0x00000007a6ab0000, 0x00000007a7fc9ef8, 0x00000007a8000000)
  to   space 21824K,   0% used [0x00000007a5560000, 0x00000007a5560000, 0x00000007a6ab0000)
 concurrent mark-sweep generation total 393216K, used 5627K [0x00000007a8000000, 0x00000007c0000000, 0x00000007c0000000)
 Metaspace       used 35332K, capacity 36032K, committed 36368K, reserved 1081344K
  class space    used 4140K, capacity 4350K, committed 4396K, reserved 1048576K
2016-09-11T21:52:30.934-0100: 37,305: [GC (Allocation Failure) 2016-09-11T21:52:30.935-0100: 37,305: [ParNew
Desired survivor size 20112992 bytes, new threshold 8 (max 8)
- age   1:     704856 bytes,     704856 total
- age   2:    7185936 bytes,    7890792 total
- age   3:    1788592 bytes,    9679384 total
- age   4:     698840 bytes,   10378224 total
- age   5:     108976 bytes,   10487200 total
- age   6:     268832 bytes,   10756032 total
- age   7:     252200 bytes,   11008232 total
- age   8:    2740144 bytes,   13748376 total
: 109030K->17833K(109248K), 0,0805012 secs] 114657K->24355K(502464K), 0,0806293 secs] [Times: user=0,10 sys=0,01, real=0,08 secs] 
Heap after GC invocations=10 (full 1):
 par new generation   total 109248K, used 17833K [0x00000007a0000000, 0x00000007a8000000, 0x00000007a8000000)
  eden space 87424K,   0% used [0x00000007a0000000, 0x00000007a0000000, 0x00000007a5560000)
  from space 21824K,  81% used [0x00000007a5560000, 0x00000007a66ca480, 0x00000007a6ab0000)
  to   space 21824K,   0% used [0x00000007a6ab0000, 0x00000007a6ab0000, 0x00000007a8000000)
 concurrent mark-sweep generation total 393216K, used 6522K [0x00000007a8000000, 0x00000007c0000000, 0x00000007c0000000)
 Metaspace       used 35332K, capacity 36032K, committed 36368K, reserved 1081344K
  class space    used 4140K, capacity 4350K, committed 4396K, reserved 1048576K
}
2016-09-11T21:52:31.015-0100: 37,386: Total time for which application threads were stopped: 0,0810604 seconds, Stopping threads took: 0,0001013 seconds
2016-09-11T21:52:31.193-0100: 37,564: Total time for which application threads were stopped: 0,0014305 seconds, Stopping threads took: 0,0011957 seconds
2016-09-11T21:52:31.242-0100: 37,613: Total time for which application threads were stopped: 0,0113652 seconds, Stopping threads took: 0,0111512 seconds
{Heap before GC invocations=10 (full 1):
 par new generation   total 109248K, used 105257K [0x00000007a0000000, 0x00000007a8000000, 0x00000007a8000000)
  eden space 87424K, 100% used [0x00000007a0000000, 0x00000007a5560000, 0x00000007a5560000)
  from space 21824K,  81% used [0x00000007a5560000, 0x00000007a66ca480, 0x00000007a6ab0000)
  to   space 21824K,   0% used [0x00000007a6ab0000, 0x00000007a6ab0000, 0x00000007a8000000)
 concurrent mark-sweep generation total 393216K, used 6522K [0x00000007a8000000, 0x00000007c0000000, 0x00000007c0000000)
 Metaspace       used 35374K, capacity 36056K, committed 36368K, reserved 1081344K
  class space    used 4142K, capacity 4354K, committed 4396K, reserved 1048576K
2016-09-11T21:52:31.264-0100: 37,635: [GC (Allocation Failure) 2016-09-11T21:52:31.264-0100: 37,635: [ParNew
Desired survivor size 20112992 bytes, new threshold 8 (max 8)
- age   1:     715344 bytes,     715344 total
- age   2:      65680 bytes,     781024 total
- age   3:    7185000 bytes,    7966024 total
- age   4:    1788592 bytes,    9754616 total
- age   5:     698840 bytes,   10453456 total
- age   6:     108976 bytes,   10562432 total
- age   7:     268520 bytes,   10830952 total
- age   8:     252200 bytes,   11083152 total
: 105257K->14527K(109248K), 0,0393588 secs] 111779K->23744K(502464K), 0,0395131 secs] [Times: user=0,06 sys=0,00, real=0,04 secs] 
Heap after GC invocations=11 (full 1):
 par new generation   total 109248K, used 14527K [0x00000007a0000000, 0x00000007a8000000, 0x00000007a8000000)
  eden space 87424K,   0% used [0x00000007a0000000, 0x00000007a0000000, 0x00000007a5560000)
  from space 21824K,  66% used [0x00000007a6ab0000, 0x00000007a78dff80, 0x00000007a8000000)
  to   space 21824K,   0% used [0x00000007a5560000, 0x00000007a5560000, 0x00000007a6ab0000)
 concurrent mark-sweep generation total 393216K, used 9216K [0x00000007a8000000, 0x00000007c0000000, 0x00000007c0000000)
 Metaspace       used 35374K, capacity 36056K, committed 36368K, reserved 1081344K
  class space    used 4142K, capacity 4354K, committed 4396K, reserved 1048576K
}
2016-09-11T21:52:31.304-0100: 37,675: Total time for which application threads were stopped: 0,0510062 seconds, Stopping threads took: 0,0111423 seconds
2016-09-11T21:52:31.308-0100: 37,679: Total time for which application threads were stopped: 0,0003160 seconds, Stopping threads took: 0,0001061 seconds
2016-09-11T21:52:31.315-0100: 37,686: Total time for which application threads were stopped: 0,0002428 seconds, Stopping threads took: 0,0000580 seconds
2016-09-11T21:52:31.327-0100: 37,698: Total time for which application threads were stopped: 0,0008150 seconds, Stopping threads took: 0,0006329 seconds
{Heap before GC invocations=11 (full 1):
 par new generation   total 109248K, used 101951K [0x00000007a0000000, 0x00000007a8000000, 0x00000007a8000000)
  eden space 87424K, 100% used [0x00000007a0000000, 0x00000007a5560000, 0x00000007a5560000)
  from space 21824K,  66% used [0x00000007a6ab0000, 0x00000007a78dff80, 0x00000007a8000000)
  to   space 21824K,   0% used [0x00000007a5560000, 0x00000007a5560000, 0x00000007a6ab0000)
 concurrent mark-sweep generation total 393216K, used 9216K [0x00000007a8000000, 0x00000007c0000000, 0x00000007c0000000)
 Metaspace       used 35397K, capacity 36120K, committed 36368K, reserved 1081344K
  class space    used 4142K, capacity 4354K, committed 4396K, reserved 1048576K
2016-09-11T21:52:31.417-0100: 37,788: [GC (Allocation Failure) 2016-09-11T21:52:31.418-0100: 37,788: [ParNew
Desired survivor size 20112992 bytes, new threshold 8 (max 8)
- age   1:     968336 bytes,     968336 total
- age   2:      97088 bytes,    1065424 total
- age   3:      63440 bytes,    1128864 total
- age   4:    7185000 bytes,    8313864 total
- age   5:    1788592 bytes,   10102456 total
- age   6:     698840 bytes,   10801296 total
- age   7:     108976 bytes,   10910272 total
- age   8:     268520 bytes,   11178792 total
: 101951K->14686K(109248K), 0,0416288 secs] 111168K->24155K(502464K), 0,0417458 secs] [Times: user=0,06 sys=0,00, real=0,04 secs] 
Heap after GC invocations=12 (full 1):
 par new generation   total 109248K, used 14686K [0x00000007a0000000, 0x00000007a8000000, 0x00000007a8000000)
  eden space 87424K,   0% used [0x00000007a0000000, 0x00000007a0000000, 0x00000007a5560000)
  from space 21824K,  67% used [0x00000007a5560000, 0x00000007a63b7b80, 0x00000007a6ab0000)
  to   space 21824K,   0% used [0x00000007a6ab0000, 0x00000007a6ab0000, 0x00000007a8000000)
 concurrent mark-sweep generation total 393216K, used 9468K [0x00000007a8000000, 0x00000007c0000000, 0x00000007c0000000)
 Metaspace       used 35397K, capacity 36120K, committed 36368K, reserved 1081344K
  class space    used 4142K, capacity 4354K, committed 4396K, reserved 1048576K
}
2016-09-11T21:52:31.459-0100: 37,830: Total time for which application threads were stopped: 0,0421664 seconds, Stopping threads took: 0,0001358 seconds
{Heap before GC invocations=12 (full 1):
 par new generation   total 109248K, used 102110K [0x00000007a0000000, 0x00000007a8000000, 0x00000007a8000000)
  eden space 87424K, 100% used [0x00000007a0000000, 0x00000007a5560000, 0x00000007a5560000)
  from space 21824K,  67% used [0x00000007a5560000, 0x00000007a63b7b80, 0x00000007a6ab0000)
  to   space 21824K,   0% used [0x00000007a6ab0000, 0x00000007a6ab0000, 0x00000007a8000000)
 concurrent mark-sweep generation total 393216K, used 9468K [0x00000007a8000000, 0x00000007c0000000, 0x00000007c0000000)
 Metaspace       used 35405K, capacity 36126K, committed 36368K, reserved 1081344K
  class space    used 4142K, capacity 4355K, committed 4396K, reserved 1048576K
2016-09-11T21:52:31.575-0100: 37,946: [GC (Allocation Failure) 2016-09-11T21:52:31.575-0100: 37,946: [ParNew
Desired survivor size 20112992 bytes, new threshold 8 (max 8)
- age   1:     790640 bytes,     790640 total
- age   2:      81936 bytes,     872576 total
- age   3:      95664 bytes,     968240 total
- age   4:      63440 bytes,    1031680 total
- age   5:    7185000 bytes,    8216680 total
- age   6:    1788592 bytes,   10005272 total
- age   7:     698840 bytes,   10704112 total
- age   8:     108872 bytes,   10812984 total
: 102110K->12515K(109248K), 0,0498310 secs] 111579K->22253K(502464K), 0,0499580 secs] [Times: user=0,07 sys=0,01, real=0,05 secs] 
Heap after GC invocations=13 (full 1):
 par new generation   total 109248K, used 12515K [0x00000007a0000000, 0x00000007a8000000, 0x00000007a8000000)
  eden space 87424K,   0% used [0x00000007a0000000, 0x00000007a0000000, 0x00000007a5560000)
  from space 21824K,  57% used [0x00000007a6ab0000, 0x00000007a76e8e38, 0x00000007a8000000)
  to   space 21824K,   0% used [0x00000007a5560000, 0x00000007a5560000, 0x00000007a6ab0000)
 concurrent mark-sweep generation total 393216K, used 9737K [0x00000007a8000000, 0x00000007c0000000, 0x00000007c0000000)
 Metaspace       used 35405K, capacity 36126K, committed 36368K, reserved 1081344K
  class space    used 4142K, capacity 4355K, committed 4396K, reserved 1048576K
}
2016-09-11T21:52:31.625-0100: 37,996: Total time for which application threads were stopped: 0,0716928 seconds, Stopping threads took: 0,0213764 seconds
2016-09-11T21:52:31.774-0100: 38,145: Total time for which application threads were stopped: 0,0005612 seconds, Stopping threads took: 0,0003370 seconds
2016-09-11T21:52:31.926-0100: 38,297: Total time for which application threads were stopped: 0,0002881 seconds, Stopping threads took: 0,0000554 seconds
2016-09-11T21:52:31.927-0100: 38,298: Total time for which application threads were stopped: 0,0001986 seconds, Stopping threads took: 0,0000422 seconds
2016-09-11T21:52:32.002-0100: 38,373: Total time for which application threads were stopped: 0,0002235 seconds, Stopping threads took: 0,0000462 seconds
{Heap before GC invocations=13 (full 1):
 par new generation   total 109248K, used 99939K [0x00000007a0000000, 0x00000007a8000000, 0x00000007a8000000)
  eden space 87424K, 100% used [0x00000007a0000000, 0x00000007a5560000, 0x00000007a5560000)
  from space 21824K,  57% used [0x00000007a6ab0000, 0x00000007a76e8e38, 0x00000007a8000000)
  to   space 21824K,   0% used [0x00000007a5560000, 0x00000007a5560000, 0x00000007a6ab0000)
 concurrent mark-sweep generation total 393216K, used 9737K [0x00000007a8000000, 0x00000007c0000000, 0x00000007c0000000)
 Metaspace       used 35525K, capacity 36254K, committed 36368K, reserved 1081344K
  class space    used 4142K, capacity 4355K, committed 4396K, reserved 1048576K
2016-09-11T21:52:32.054-0100: 38,424: [GC (Allocation Failure) 2016-09-11T21:52:32.054-0100: 38,424: [ParNew
Desired survivor size 20112992 bytes, new threshold 8 (max 8)
- age   1:    2924824 bytes,    2924824 total
- age   2:      56768 bytes,    2981592 total
- age   3:      54032 bytes,    3035624 total
- age   4:      73168 bytes,    3108792 total
- age   5:      38536 bytes,    3147328 total
- age   6:    4926280 bytes,    8073608 total
- age   7:    1788568 bytes,    9862176 total
- age   8:     697560 bytes,   10559736 total
: 99939K->16292K(109248K), 0,0841915 secs] 109677K->26139K(502464K), 0,0843093 secs] [Times: user=0,09 sys=0,00, real=0,08 secs] 
Heap after GC invocations=14 (full 1):
 par new generation   total 109248K, used 16292K [0x00000007a0000000, 0x00000007a8000000, 0x00000007a8000000)
  eden space 87424K,   0% used [0x00000007a0000000, 0x00000007a0000000, 0x00000007a5560000)
  from space 21824K,  74% used [0x00000007a5560000, 0x00000007a65493f8, 0x00000007a6ab0000)
  to   space 21824K,   0% used [0x00000007a6ab0000, 0x00000007a6ab0000, 0x00000007a8000000)
 concurrent mark-sweep generation total 393216K, used 9846K [0x00000007a8000000, 0x00000007c0000000, 0x00000007c0000000)
 Metaspace       used 35525K, capacity 36254K, committed 36368K, reserved 1081344K
  class space    used 4142K, capacity 4355K, committed 4396K, reserved 1048576K
}
2016-09-11T21:52:32.138-0100: 38,509: Total time for which application threads were stopped: 0,0957505 seconds, Stopping threads took: 0,0110925 seconds
2016-09-11T21:52:32.139-0100: 38,510: Total time for which application threads were stopped: 0,0002548 seconds, Stopping threads took: 0,0000670 seconds
2016-09-11T21:52:32.141-0100: 38,512: Total time for which application threads were stopped: 0,0003450 seconds, Stopping threads took: 0,0001467 seconds
{Heap before GC invocations=14 (full 1):
 par new generation   total 109248K, used 103716K [0x00000007a0000000, 0x00000007a8000000, 0x00000007a8000000)
  eden space 87424K, 100% used [0x00000007a0000000, 0x00000007a5560000, 0x00000007a5560000)
  from space 21824K,  74% used [0x00000007a5560000, 0x00000007a65493f8, 0x00000007a6ab0000)
  to   space 21824K,   0% used [0x00000007a6ab0000, 0x00000007a6ab0000, 0x00000007a8000000)
 concurrent mark-sweep generation total 393216K, used 9846K [0x00000007a8000000, 0x00000007c0000000, 0x00000007c0000000)
 Metaspace       used 35556K, capacity 36324K, committed 36624K, reserved 1081344K
  class space    used 4143K, capacity 4356K, committed 4396K, reserved 1048576K
2016-09-11T21:52:32.285-0100: 38,656: [GC (Allocation Failure) 2016-09-11T21:52:32.285-0100: 38,656: [ParNew
Desired survivor size 20112992 bytes, new threshold 8 (max 8)
- age   1:    2078528 bytes,    2078528 total
- age   2:    2132424 bytes,    4210952 total
- age   3:      56768 bytes,    4267720 total
- age   4:      54032 bytes,    4321752 total
- age   5:      73168 bytes,    4394920 total
- age   6:      38536 bytes,    4433456 total
- age   7:    4926280 bytes,    9359736 total
- age   8:    1788568 bytes,   11148304 total
: 103716K->14716K(109248K), 0,0451037 secs] 113563K->25251K(502464K), 0,0452084 secs] [Times: user=0,05 sys=0,00, real=0,05 secs] 
Heap after GC invocations=15 (full 1):
 par new generation   total 109248K, used 14716K [0x00000007a0000000, 0x00000007a8000000, 0x00000007a8000000)
  eden space 87424K,   0% used [0x00000007a0000000, 0x00000007a0000000, 0x00000007a5560000)
  from space 21824K,  67% used [0x00000007a6ab0000, 0x00000007a790f380, 0x00000007a8000000)
  to   space 21824K,   0% used [0x00000007a5560000, 0x00000007a5560000, 0x00000007a6ab0000)
 concurrent mark-sweep generation total 393216K, used 10534K [0x00000007a8000000, 0x00000007c0000000, 0x00000007c0000000)
 Metaspace       used 35556K, capacity 36324K, committed 36624K, reserved 1081344K
  class space    used 4143K, capacity 4356K, committed 4396K, reserved 1048576K
}
2016-09-11T21:52:32.330-0100: 38,701: Total time for which application threads were stopped: 0,0566919 seconds, Stopping threads took: 0,0111394 seconds
2016-09-11T21:52:32.331-0100: 38,702: Total time for which application threads were stopped: 0,0002988 seconds, Stopping threads took: 0,0001062 seconds
{Heap before GC invocations=15 (full 1):
 par new generation   total 109248K, used 102138K [0x00000007a0000000, 0x00000007a8000000, 0x00000007a8000000)
  eden space 87424K,  99% used [0x00000007a0000000, 0x00000007a555f840, 0x00000007a5560000)
  from space 21824K,  67% used [0x00000007a6ab0000, 0x00000007a790f380, 0x00000007a8000000)
  to   space 21824K,   0% used [0x00000007a5560000, 0x00000007a5560000, 0x00000007a6ab0000)
 concurrent mark-sweep generation total 393216K, used 10534K [0x00000007a8000000, 0x00000007c0000000, 0x00000007c0000000)
 Metaspace       used 35585K, capacity 36336K, committed 36624K, reserved 1081344K
  class space    used 4144K, capacity 4358K, committed 4396K, reserved 1048576K
2016-09-11T21:52:32.415-0100: 38,786: [GC (Allocation Failure) 2016-09-11T21:52:32.415-0100: 38,786: [ParNew
Desired survivor size 20112992 bytes, new threshold 8 (max 8)
- age   1:     577280 bytes,     577280 total
- age   2:    1719672 bytes,    2296952 total
- age   3:    2119640 bytes,    4416592 total
- age   4:      56768 bytes,    4473360 total
- age   5:      54032 bytes,    4527392 total
- age   6:      73168 bytes,    4600560 total
- age   7:      38536 bytes,    4639096 total
- age   8:    4926280 bytes,    9565376 total
: 102138K->11945K(109248K), 0,0617898 secs] 112673K->24267K(502464K), 0,0619179 secs] [Times: user=0,05 sys=0,00, real=0,06 secs] 
Heap after GC invocations=16 (full 1):
 par new generation   total 109248K, used 11945K [0x00000007a0000000, 0x00000007a8000000, 0x00000007a8000000)
  eden space 87424K,   0% used [0x00000007a0000000, 0x00000007a0000000, 0x00000007a5560000)
  from space 21824K,  54% used [0x00000007a5560000, 0x00000007a610a548, 0x00000007a6ab0000)
  to   space 21824K,   0% used [0x00000007a6ab0000, 0x00000007a6ab0000, 0x00000007a8000000)
 concurrent mark-sweep generation total 393216K, used 12321K [0x00000007a8000000, 0x00000007c0000000, 0x00000007c0000000)
 Metaspace       used 35585K, capacity 36336K, committed 36624K, reserved 1081344K
  class space    used 4144K, capacity 4358K, committed 4396K, reserved 1048576K
}
2016-09-11T21:52:32.477-0100: 38,848: Total time for which application threads were stopped: 0,0623219 seconds, Stopping threads took: 0,0000831 seconds
{Heap before GC invocations=16 (full 1):
 par new generation   total 109248K, used 99369K [0x00000007a0000000, 0x00000007a8000000, 0x00000007a8000000)
  eden space 87424K, 100% used [0x00000007a0000000, 0x00000007a5560000, 0x00000007a5560000)
  from space 21824K,  54% used [0x00000007a5560000, 0x00000007a610a548, 0x00000007a6ab0000)
  to   space 21824K,   0% used [0x00000007a6ab0000, 0x00000007a6ab0000, 0x00000007a8000000)
 concurrent mark-sweep generation total 393216K, used 12321K [0x00000007a8000000, 0x00000007c0000000, 0x00000007c0000000)
 Metaspace       used 35605K, capacity 36336K, committed 36624K, reserved 1081344K
  class space    used 4144K, capacity 4358K, committed 4396K, reserved 1048576K
2016-09-11T21:52:32.619-0100: 38,990: [GC (Allocation Failure) 2016-09-11T21:52:32.619-0100: 38,990: [ParNew
Desired survivor size 20112992 bytes, new threshold 8 (max 8)
- age   1:     583672 bytes,     583672 total
- age   2:      77320 bytes,     660992 total
- age   3:    1717336 bytes,    2378328 total
- age   4:    2118928 bytes,    4497256 total
- age   5:      56768 bytes,    4554024 total
- age   6:      54032 bytes,    4608056 total
- age   7:      73168 bytes,    4681224 total
- age   8:      38536 bytes,    4719760 total
: 99369K->10416K(109248K), 0,0650809 secs] 111691K->28262K(502464K), 0,0652333 secs] [Times: user=0,09 sys=0,01, real=0,07 secs] 
Heap after GC invocations=17 (full 1):
 par new generation   total 109248K, used 10416K [0x00000007a0000000, 0x00000007a8000000, 0x00000007a8000000)
  eden space 87424K,   0% used [0x00000007a0000000, 0x00000007a0000000, 0x00000007a5560000)
  from space 21824K,  47% used [0x00000007a6ab0000, 0x00000007a74dc1f0, 0x00000007a8000000)
  to   space 21824K,   0% used [0x00000007a5560000, 0x00000007a5560000, 0x00000007a6ab0000)
 concurrent mark-sweep generation total 393216K, used 17845K [0x00000007a8000000, 0x00000007c0000000, 0x00000007c0000000)
 Metaspace       used 35605K, capacity 36336K, committed 36624K, reserved 1081344K
  class space    used 4144K, capacity 4358K, committed 4396K, reserved 1048576K
}
2016-09-11T21:52:32.685-0100: 39,055: Total time for which application threads were stopped: 0,0787314 seconds, Stopping threads took: 0,0131448 seconds
{Heap before GC invocations=17 (full 1):
 par new generation   total 109248K, used 97840K [0x00000007a0000000, 0x00000007a8000000, 0x00000007a8000000)
  eden space 87424K, 100% used [0x00000007a0000000, 0x00000007a5560000, 0x00000007a5560000)
  from space 21824K,  47% used [0x00000007a6ab0000, 0x00000007a74dc1f0, 0x00000007a8000000)
  to   space 21824K,   0% used [0x00000007a5560000, 0x00000007a5560000, 0x00000007a6ab0000)
 concurrent mark-sweep generation total 393216K, used 17845K [0x00000007a8000000, 0x00000007c0000000, 0x00000007c0000000)
 Metaspace       used 35655K, capacity 36336K, committed 36624K, reserved 1081344K
  class space    used 4144K, capacity 4358K, committed 4396K, reserved 1048576K
2016-09-11T21:52:32.942-0100: 39,313: [GC (Allocation Failure) 2016-09-11T21:52:32.942-0100: 39,313: [ParNew
Desired survivor size 20112992 bytes, new threshold 8 (max 8)
- age   1:     375448 bytes,     375448 total
- age   2:      78880 bytes,     454328 total
- age   3:      74696 bytes,     529024 total
- age   4:    1715760 bytes,    2244784 total
- age   5:    2118928 bytes,    4363712 total
- age   6:      56768 bytes,    4420480 total
- age   7:      54032 bytes,    4474512 total
- age   8:      73168 bytes,    4547680 total
: 97840K->6242K(109248K), 0,0139116 secs] 115686K->24128K(502464K), 0,0140174 secs] [Times: user=0,03 sys=0,00, real=0,01 secs] 
Heap after GC invocations=18 (full 1):
 par new generation   total 109248K, used 6242K [0x00000007a0000000, 0x00000007a8000000, 0x00000007a8000000)
  eden space 87424K,   0% used [0x00000007a0000000, 0x00000007a0000000, 0x00000007a5560000)
  from space 21824K,  28% used [0x00000007a5560000, 0x00000007a5b78be8, 0x00000007a6ab0000)
  to   space 21824K,   0% used [0x00000007a6ab0000, 0x00000007a6ab0000, 0x00000007a8000000)
 concurrent mark-sweep generation total 393216K, used 17885K [0x00000007a8000000, 0x00000007c0000000, 0x00000007c0000000)
 Metaspace       used 35655K, capacity 36336K, committed 36624K, reserved 1081344K
  class space    used 4144K, capacity 4358K, committed 4396K, reserved 1048576K
}
2016-09-11T21:52:32.956-0100: 39,327: Total time for which application threads were stopped: 0,0144206 seconds, Stopping threads took: 0,0000528 seconds
2016-09-11T21:52:33.084-0100: 39,455: Total time for which application threads were stopped: 0,0003553 seconds, Stopping threads took: 0,0001201 seconds
2016-09-11T21:52:33.085-0100: 39,456: Total time for which application threads were stopped: 0,0002262 seconds, Stopping threads took: 0,0000534 seconds
2016-09-11T21:52:33.143-0100: 39,514: Total time for which application threads were stopped: 0,0002600 seconds, Stopping threads took: 0,0000536 seconds
2016-09-11T21:52:33.144-0100: 39,514: Total time for which application threads were stopped: 0,0001610 seconds, Stopping threads took: 0,0000333 seconds
2016-09-11T21:52:33.144-0100: 39,515: Total time for which application threads were stopped: 0,0001363 seconds, Stopping threads took: 0,0000299 seconds
2016-09-11T21:52:33.144-0100: 39,515: Total time for which application threads were stopped: 0,0001404 seconds, Stopping threads took: 0,0000324 seconds
2016-09-11T21:52:33.144-0100: 39,515: Total time for which application threads were stopped: 0,0001219 seconds, Stopping threads took: 0,0000128 seconds
2016-09-11T21:52:33.144-0100: 39,515: Total time for which application threads were stopped: 0,0001082 seconds, Stopping threads took: 0,0000122 seconds
2016-09-11T21:52:33.145-0100: 39,515: Total time for which application threads were stopped: 0,0001855 seconds, Stopping threads took: 0,0000769 seconds
2016-09-11T21:52:33.166-0100: 39,537: Total time for which application threads were stopped: 0,0113603 seconds, Stopping threads took: 0,0111381 seconds
2016-09-11T21:52:33.170-0100: 39,541: Total time for which application threads were stopped: 0,0002276 seconds, Stopping threads took: 0,0000508 seconds
2016-09-11T21:52:33.170-0100: 39,541: Total time for which application threads were stopped: 0,0001478 seconds, Stopping threads took: 0,0000315 seconds
2016-09-11T21:52:33.170-0100: 39,541: Total time for which application threads were stopped: 0,0001415 seconds, Stopping threads took: 0,0000385 seconds
2016-09-11T21:52:33.170-0100: 39,541: Total time for which application threads were stopped: 0,0001119 seconds, Stopping threads took: 0,0000124 seconds
2016-09-11T21:52:33.213-0100: 39,584: Total time for which application threads were stopped: 0,0002274 seconds, Stopping threads took: 0,0000424 seconds
2016-09-11T21:52:33.213-0100: 39,584: Total time for which application threads were stopped: 0,0001360 seconds, Stopping threads took: 0,0000303 seconds
2016-09-11T21:52:33.213-0100: 39,584: Total time for which application threads were stopped: 0,0001208 seconds, Stopping threads took: 0,0000237 seconds
2016-09-11T21:52:33.213-0100: 39,584: Total time for which application threads were stopped: 0,0001259 seconds, Stopping threads took: 0,0000266 seconds
2016-09-11T21:52:33.213-0100: 39,584: Total time for which application threads were stopped: 0,0001702 seconds, Stopping threads took: 0,0000260 seconds
2016-09-11T21:52:33.215-0100: 39,586: Total time for which application threads were stopped: 0,0002079 seconds, Stopping threads took: 0,0000457 seconds
2016-09-11T21:52:33.215-0100: 39,586: Total time for which application threads were stopped: 0,0001231 seconds, Stopping threads took: 0,0000146 seconds
2016-09-11T21:52:33.215-0100: 39,586: Total time for which application threads were stopped: 0,0001602 seconds, Stopping threads took: 0,0000231 seconds
2016-09-11T21:52:33.216-0100: 39,586: Total time for which application threads were stopped: 0,0001166 seconds, Stopping threads took: 0,0000139 seconds
2016-09-11T21:52:33.216-0100: 39,587: Total time for which application threads were stopped: 0,0001622 seconds, Stopping threads took: 0,0000190 seconds
2016-09-11T21:52:33.216-0100: 39,587: Total time for which application threads were stopped: 0,0001469 seconds, Stopping threads took: 0,0000340 seconds
2016-09-11T21:52:33.216-0100: 39,587: Total time for which application threads were stopped: 0,0001747 seconds, Stopping threads took: 0,0000350 seconds
2016-09-11T21:52:33.217-0100: 39,588: Total time for which application threads were stopped: 0,0001968 seconds, Stopping threads took: 0,0000376 seconds
2016-09-11T21:52:33.217-0100: 39,588: Total time for which application threads were stopped: 0,0001244 seconds, Stopping threads took: 0,0000148 seconds
2016-09-11T21:52:33.217-0100: 39,588: Total time for which application threads were stopped: 0,0001333 seconds, Stopping threads took: 0,0000272 seconds
2016-09-11T21:52:33.218-0100: 39,589: Total time for which application threads were stopped: 0,0004425 seconds, Stopping threads took: 0,0000140 seconds
2016-09-11T21:52:33.229-0100: 39,599: Total time for which application threads were stopped: 0,0002101 seconds, Stopping threads took: 0,0000381 seconds
2016-09-11T21:52:33.242-0100: 39,613: Total time for which application threads were stopped: 0,0115856 seconds, Stopping threads took: 0,0111735 seconds
2016-09-11T21:52:33.260-0100: 39,631: Total time for which application threads were stopped: 0,0062031 seconds, Stopping threads took: 0,0059639 seconds
2016-09-11T21:52:33.260-0100: 39,631: Total time for which application threads were stopped: 0,0001773 seconds, Stopping threads took: 0,0000400 seconds
2016-09-11T21:52:33.260-0100: 39,631: Total time for which application threads were stopped: 0,0001401 seconds, Stopping threads took: 0,0000297 seconds
2016-09-11T21:52:33.261-0100: 39,631: Total time for which application threads were stopped: 0,0001267 seconds, Stopping threads took: 0,0000261 seconds
2016-09-11T21:52:33.261-0100: 39,632: Total time for which application threads were stopped: 0,0001027 seconds, Stopping threads took: 0,0000112 seconds
2016-09-11T21:52:33.261-0100: 39,632: Total time for which application threads were stopped: 0,0001162 seconds, Stopping threads took: 0,0000239 seconds
2016-09-11T21:52:33.273-0100: 39,644: Total time for which application threads were stopped: 0,0031698 seconds, Stopping threads took: 0,0029649 seconds
2016-09-11T21:52:33.274-0100: 39,644: Total time for which application threads were stopped: 0,0001935 seconds, Stopping threads took: 0,0000275 seconds
2016-09-11T21:52:33.285-0100: 39,656: Total time for which application threads were stopped: 0,0002282 seconds, Stopping threads took: 0,0000505 seconds
2016-09-11T21:52:33.286-0100: 39,657: Total time for which application threads were stopped: 0,0001593 seconds, Stopping threads took: 0,0000316 seconds
2016-09-11T21:52:33.315-0100: 39,686: Total time for which application threads were stopped: 0,0002576 seconds, Stopping threads took: 0,0000622 seconds
2016-09-11T21:52:33.363-0100: 39,734: Total time for which application threads were stopped: 0,0113687 seconds, Stopping threads took: 0,0111039 seconds
2016-09-11T21:52:33.386-0100: 39,757: Total time for which application threads were stopped: 0,0028828 seconds, Stopping threads took: 0,0026777 seconds
{Heap before GC invocations=18 (full 1):
 par new generation   total 109248K, used 93666K [0x00000007a0000000, 0x00000007a8000000, 0x00000007a8000000)
  eden space 87424K, 100% used [0x00000007a0000000, 0x00000007a5560000, 0x00000007a5560000)
  from space 21824K,  28% used [0x00000007a5560000, 0x00000007a5b78be8, 0x00000007a6ab0000)
  to   space 21824K,   0% used [0x00000007a6ab0000, 0x00000007a6ab0000, 0x00000007a8000000)
 concurrent mark-sweep generation total 393216K, used 17885K [0x00000007a8000000, 0x00000007c0000000, 0x00000007c0000000)
 Metaspace       used 35850K, capacity 36582K, committed 36624K, reserved 1081344K
  class space    used 4154K, capacity 4367K, committed 4396K, reserved 1048576K
2016-09-11T21:52:33.417-0100: 39,788: [GC (Allocation Failure) 2016-09-11T21:52:33.417-0100: 39,788: [ParNew
Desired survivor size 20112992 bytes, new threshold 8 (max 8)
- age   1:    3126744 bytes,    3126744 total
- age   2:     160512 bytes,    3287256 total
- age   3:      78168 bytes,    3365424 total
- age   4:      74696 bytes,    3440120 total
- age   5:     217368 bytes,    3657488 total
- age   6:    2115304 bytes,    5772792 total
- age   7:      56768 bytes,    5829560 total
- age   8:      54032 bytes,    5883592 total
: 93666K->7077K(109248K), 0,0612161 secs] 111552K->25035K(502464K), 0,0613031 secs] [Times: user=0,03 sys=0,00, real=0,06 secs] 
Heap after GC invocations=19 (full 1):
 par new generation   total 109248K, used 7077K [0x00000007a0000000, 0x00000007a8000000, 0x00000007a8000000)
  eden space 87424K,   0% used [0x00000007a0000000, 0x00000007a0000000, 0x00000007a5560000)
  from space 21824K,  32% used [0x00000007a6ab0000, 0x00000007a7199460, 0x00000007a8000000)
  to   space 21824K,   0% used [0x00000007a5560000, 0x00000007a5560000, 0x00000007a6ab0000)
 concurrent mark-sweep generation total 393216K, used 17958K [0x00000007a8000000, 0x00000007c0000000, 0x00000007c0000000)
 Metaspace       used 35850K, capacity 36582K, committed 36624K, reserved 1081344K
  class space    used 4154K, capacity 4367K, committed 4396K, reserved 1048576K
}
2016-09-11T21:52:33.478-0100: 39,849: Total time for which application threads were stopped: 0,0617145 seconds, Stopping threads took: 0,0000687 seconds
2016-09-11T21:52:33.479-0100: 39,850: Total time for which application threads were stopped: 0,0002798 seconds, Stopping threads took: 0,0000971 seconds
{Heap before GC invocations=19 (full 1):
 par new generation   total 109248K, used 94501K [0x00000007a0000000, 0x00000007a8000000, 0x00000007a8000000)
  eden space 87424K, 100% used [0x00000007a0000000, 0x00000007a5560000, 0x00000007a5560000)
  from space 21824K,  32% used [0x00000007a6ab0000, 0x00000007a7199460, 0x00000007a8000000)
  to   space 21824K,   0% used [0x00000007a5560000, 0x00000007a5560000, 0x00000007a6ab0000)
 concurrent mark-sweep generation total 393216K, used 17958K [0x00000007a8000000, 0x00000007c0000000, 0x00000007c0000000)
 Metaspace       used 35862K, capacity 36594K, committed 36624K, reserved 1081344K
  class space    used 4156K, capacity 4369K, committed 4396K, reserved 1048576K
2016-09-11T21:52:33.535-0100: 39,906: [GC (Allocation Failure) 2016-09-11T21:52:33.535-0100: 39,906: [ParNew
Desired survivor size 20112992 bytes, new threshold 8 (max 8)
- age   1:    1095912 bytes,    1095912 total
- age   2:    2704864 bytes,    3800776 total
- age   3:     160512 bytes,    3961288 total
- age   4:      78168 bytes,    4039456 total
- age   5:      74696 bytes,    4114152 total
- age   6:     217368 bytes,    4331520 total
- age   7:    2115304 bytes,    6446824 total
- age   8:      56768 bytes,    6503592 total
: 94501K->8573K(109248K), 0,0338115 secs] 112459K->26585K(502464K), 0,0339357 secs] [Times: user=0,06 sys=0,01, real=0,03 secs] 
Heap after GC invocations=20 (full 1):
 par new generation   total 109248K, used 8573K [0x00000007a0000000, 0x00000007a8000000, 0x00000007a8000000)
  eden space 87424K,   0% used [0x00000007a0000000, 0x00000007a0000000, 0x00000007a5560000)
  from space 21824K,  39% used [0x00000007a5560000, 0x00000007a5dbf570, 0x00000007a6ab0000)
  to   space 21824K,   0% used [0x00000007a6ab0000, 0x00000007a6ab0000, 0x00000007a8000000)
 concurrent mark-sweep generation total 393216K, used 18012K [0x00000007a8000000, 0x00000007c0000000, 0x00000007c0000000)
 Metaspace       used 35862K, capacity 36594K, committed 36624K, reserved 1081344K
  class space    used 4156K, capacity 4369K, committed 4396K, reserved 1048576K
}
2016-09-11T21:52:33.569-0100: 39,940: Total time for which application threads were stopped: 0,0343690 seconds, Stopping threads took: 0,0000559 seconds
2016-09-11T21:52:33.569-0100: 39,940: Total time for which application threads were stopped: 0,0003112 seconds, Stopping threads took: 0,0001125 seconds
{Heap before GC invocations=20 (full 1):
 par new generation   total 109248K, used 95997K [0x00000007a0000000, 0x00000007a8000000, 0x00000007a8000000)
  eden space 87424K, 100% used [0x00000007a0000000, 0x00000007a5560000, 0x00000007a5560000)
  from space 21824K,  39% used [0x00000007a5560000, 0x00000007a5dbf570, 0x00000007a6ab0000)
  to   space 21824K,   0% used [0x00000007a6ab0000, 0x00000007a6ab0000, 0x00000007a8000000)
 concurrent mark-sweep generation total 393216K, used 18012K [0x00000007a8000000, 0x00000007c0000000, 0x00000007c0000000)
 Metaspace       used 35873K, capacity 36606K, committed 36880K, reserved 1081344K
  class space    used 4157K, capacity 4371K, committed 4396K, reserved 1048576K
2016-09-11T21:52:33.652-0100: 40,023: [GC (Allocation Failure) 2016-09-11T21:52:33.652-0100: 40,023: [ParNew
Desired survivor size 20112992 bytes, new threshold 8 (max 8)
- age   1:     567776 bytes,     567776 total
- age   2:     868488 bytes,    1436264 total
- age   3:    2695120 bytes,    4131384 total
- age   4:     160512 bytes,    4291896 total
- age   5:      78168 bytes,    4370064 total
- age   6:      74696 bytes,    4444760 total
- age   7:     217368 bytes,    4662128 total
- age   8:    2115304 bytes,    6777432 total
: 95997K->8114K(109248K), 0,0808957 secs] 114009K->26183K(502464K), 0,0810068 secs] [Times: user=0,12 sys=0,00, real=0,08 secs] 
Heap after GC invocations=21 (full 1):
 par new generation   total 109248K, used 8114K [0x00000007a0000000, 0x00000007a8000000, 0x00000007a8000000)
  eden space 87424K,   0% used [0x00000007a0000000, 0x00000007a0000000, 0x00000007a5560000)
  from space 21824K,  37% used [0x00000007a6ab0000, 0x00000007a729c9a8, 0x00000007a8000000)
  to   space 21824K,   0% used [0x00000007a5560000, 0x00000007a5560000, 0x00000007a6ab0000)
 concurrent mark-sweep generation total 393216K, used 18069K [0x00000007a8000000, 0x00000007c0000000, 0x00000007c0000000)
 Metaspace       used 35873K, capacity 36606K, committed 36880K, reserved 1081344K
  class space    used 4157K, capacity 4371K, committed 4396K, reserved 1048576K
}
2016-09-11T21:52:33.734-0100: 40,104: Total time for which application threads were stopped: 0,0814464 seconds, Stopping threads took: 0,0001097 seconds
{Heap before GC invocations=21 (full 1):
 par new generation   total 109248K, used 95538K [0x00000007a0000000, 0x00000007a8000000, 0x00000007a8000000)
  eden space 87424K, 100% used [0x00000007a0000000, 0x00000007a5560000, 0x00000007a5560000)
  from space 21824K,  37% used [0x00000007a6ab0000, 0x00000007a729c9a8, 0x00000007a8000000)
  to   space 21824K,   0% used [0x00000007a5560000, 0x00000007a5560000, 0x00000007a6ab0000)
 concurrent mark-sweep generation total 393216K, used 18069K [0x00000007a8000000, 0x00000007c0000000, 0x00000007c0000000)
 Metaspace       used 35876K, capacity 36606K, committed 36880K, reserved 1081344K
  class space    used 4157K, capacity 4371K, committed 4396K, reserved 1048576K
2016-09-11T21:52:33.830-0100: 40,201: [GC (Allocation Failure) 2016-09-11T21:52:33.830-0100: 40,201: [ParNew
Desired survivor size 20112992 bytes, new threshold 8 (max 8)
- age   1:     666408 bytes,     666408 total
- age   2:      86056 bytes,     752464 total
- age   3:     867032 bytes,    1619496 total
- age   4:    2694488 bytes,    4313984 total
- age   5:     160512 bytes,    4474496 total
- age   6:      78168 bytes,    4552664 total
- age   7:      74696 bytes,    4627360 total
- age   8:     217368 bytes,    4844728 total
: 95538K->7331K(109248K), 0,0406998 secs] 113607K->27472K(502464K), 0,0407920 secs] [Times: user=0,06 sys=0,01, real=0,04 secs] 
Heap after GC invocations=22 (full 1):
 par new generation   total 109248K, used 7331K [0x00000007a0000000, 0x00000007a8000000, 0x00000007a8000000)
  eden space 87424K,   0% used [0x00000007a0000000, 0x00000007a0000000, 0x00000007a5560000)
  from space 21824K,  33% used [0x00000007a5560000, 0x00000007a5c88f08, 0x00000007a6ab0000)
  to   space 21824K,   0% used [0x00000007a6ab0000, 0x00000007a6ab0000, 0x00000007a8000000)
 concurrent mark-sweep generation total 393216K, used 20140K [0x00000007a8000000, 0x00000007c0000000, 0x00000007c0000000)
 Metaspace       used 35876K, capacity 36606K, committed 36880K, reserved 1081344K
  class space    used 4157K, capacity 4371K, committed 4396K, reserved 1048576K
}
2016-09-11T21:52:33.871-0100: 40,242: Total time for which application threads were stopped: 0,0411879 seconds, Stopping threads took: 0,0000857 seconds
2016-09-11T21:52:33.909-0100: 40,280: Total time for which application threads were stopped: 0,0002168 seconds, Stopping threads took: 0,0000300 seconds
2016-09-11T21:52:33.927-0100: 40,298: Total time for which application threads were stopped: 0,0002310 seconds, Stopping threads took: 0,0000476 seconds
2016-09-11T21:52:34.112-0100: 40,482: Total time for which application threads were stopped: 0,0027303 seconds, Stopping threads took: 0,0024681 seconds
2016-09-11T21:52:34.112-0100: 40,483: Total time for which application threads were stopped: 0,0001957 seconds, Stopping threads took: 0,0000649 seconds
2016-09-11T21:52:34.112-0100: 40,483: Total time for which application threads were stopped: 0,0001909 seconds, Stopping threads took: 0,0000682 seconds
2016-09-11T21:52:34.112-0100: 40,483: Total time for which application threads were stopped: 0,0001245 seconds, Stopping threads took: 0,0000118 seconds
2016-09-11T21:52:34.113-0100: 40,483: Total time for which application threads were stopped: 0,0001255 seconds, Stopping threads took: 0,0000131 seconds
2016-09-11T21:52:34.113-0100: 40,484: Total time for which application threads were stopped: 0,0001077 seconds, Stopping threads took: 0,0000115 seconds
2016-09-11T21:52:34.124-0100: 40,495: Total time for which application threads were stopped: 0,0111801 seconds, Stopping threads took: 0,0109978 seconds
2016-09-11T21:52:34.134-0100: 40,505: Total time for which application threads were stopped: 0,0002566 seconds, Stopping threads took: 0,0000631 seconds
2016-09-11T21:52:34.144-0100: 40,514: Total time for which application threads were stopped: 0,0002029 seconds, Stopping threads took: 0,0000311 seconds
2016-09-11T21:52:34.144-0100: 40,515: Total time for which application threads were stopped: 0,0001378 seconds, Stopping threads took: 0,0000318 seconds
{Heap before GC invocations=22 (full 1):
 par new generation   total 109248K, used 94755K [0x00000007a0000000, 0x00000007a8000000, 0x00000007a8000000)
  eden space 87424K, 100% used [0x00000007a0000000, 0x00000007a5560000, 0x00000007a5560000)
  from space 21824K,  33% used [0x00000007a5560000, 0x00000007a5c88f08, 0x00000007a6ab0000)
  to   space 21824K,   0% used [0x00000007a6ab0000, 0x00000007a6ab0000, 0x00000007a8000000)
 concurrent mark-sweep generation total 393216K, used 20140K [0x00000007a8000000, 0x00000007c0000000, 0x00000007c0000000)
 Metaspace       used 35964K, capacity 36682K, committed 36880K, reserved 1081344K
  class space    used 4158K, capacity 4373K, committed 4396K, reserved 1048576K
2016-09-11T21:52:34.149-0100: 40,520: [GC (Allocation Failure) 2016-09-11T21:52:34.149-0100: 40,520: [ParNew
Desired survivor size 20112992 bytes, new threshold 8 (max 8)
- age   1:    2672752 bytes,    2672752 total
- age   2:     264664 bytes,    2937416 total
- age   3:      85528 bytes,    3022944 total
- age   4:     121296 bytes,    3144240 total
- age   5:    1911888 bytes,    5056128 total
- age   6:     160512 bytes,    5216640 total
- age   7:      78168 bytes,    5294808 total
- age   8:      74696 bytes,    5369504 total
: 94755K->5960K(109248K), 0,0098075 secs] 114896K->26316K(502464K), 0,0099217 secs] [Times: user=0,03 sys=0,00, real=0,01 secs] 
Heap after GC invocations=23 (full 1):
 par new generation   total 109248K, used 5960K [0x00000007a0000000, 0x00000007a8000000, 0x00000007a8000000)
  eden space 87424K,   0% used [0x00000007a0000000, 0x00000007a0000000, 0x00000007a5560000)
  from space 21824K,  27% used [0x00000007a6ab0000, 0x00000007a7082220, 0x00000007a8000000)
  to   space 21824K,   0% used [0x00000007a5560000, 0x00000007a5560000, 0x00000007a6ab0000)
 concurrent mark-sweep generation total 393216K, used 20355K [0x00000007a8000000, 0x00000007c0000000, 0x00000007c0000000)
 Metaspace       used 35964K, capacity 36682K, committed 36880K, reserved 1081344K
  class space    used 4158K, capacity 4373K, committed 4396K, reserved 1048576K
}
2016-09-11T21:52:34.159-0100: 40,530: Total time for which application threads were stopped: 0,0102873 seconds, Stopping threads took: 0,0000569 seconds
2016-09-11T21:52:34.162-0100: 40,533: Total time for which application threads were stopped: 0,0035137 seconds, Stopping threads took: 0,0033168 seconds
2016-09-11T21:52:34.186-0100: 40,557: Total time for which application threads were stopped: 0,0013518 seconds, Stopping threads took: 0,0000915 seconds
{Heap before GC invocations=23 (full 1):
 par new generation   total 109248K, used 93384K [0x00000007a0000000, 0x00000007a8000000, 0x00000007a8000000)
  eden space 87424K, 100% used [0x00000007a0000000, 0x00000007a5560000, 0x00000007a5560000)
  from space 21824K,  27% used [0x00000007a6ab0000, 0x00000007a7082220, 0x00000007a8000000)
  to   space 21824K,   0% used [0x00000007a5560000, 0x00000007a5560000, 0x00000007a6ab0000)
 concurrent mark-sweep generation total 393216K, used 20355K [0x00000007a8000000, 0x00000007c0000000, 0x00000007c0000000)
 Metaspace       used 35977K, capacity 36692K, committed 36880K, reserved 1081344K
  class space    used 4158K, capacity 4374K, committed 4396K, reserved 1048576K
2016-09-11T21:52:34.295-0100: 40,666: [GC (Allocation Failure) 2016-09-11T21:52:34.295-0100: 40,666: [ParNew
Desired survivor size 20112992 bytes, new threshold 8 (max 8)
- age   1:     149976 bytes,     149976 total
- age   2:    2380592 bytes,    2530568 total
- age   3:     264664 bytes,    2795232 total
- age   4:      85528 bytes,    2880760 total
- age   5:     121296 bytes,    3002056 total
- age   6:    1906648 bytes,    4908704 total
- age   7:     160512 bytes,    5069216 total
- age   8:      78168 bytes,    5147384 total
: 93384K->8041K(109248K), 0,0167547 secs] 113740K->28472K(502464K), 0,0168798 secs] [Times: user=0,03 sys=0,00, real=0,02 secs] 
Heap after GC invocations=24 (full 1):
 par new generation   total 109248K, used 8041K [0x00000007a0000000, 0x00000007a8000000, 0x00000007a8000000)
  eden space 87424K,   0% used [0x00000007a0000000, 0x00000007a0000000, 0x00000007a5560000)
  from space 21824K,  36% used [0x00000007a5560000, 0x00000007a5d3a570, 0x00000007a6ab0000)
  to   space 21824K,   0% used [0x00000007a6ab0000, 0x00000007a6ab0000, 0x00000007a8000000)
 concurrent mark-sweep generation total 393216K, used 20431K [0x00000007a8000000, 0x00000007c0000000, 0x00000007c0000000)
 Metaspace       used 35977K, capacity 36692K, committed 36880K, reserved 1081344K
  class space    used 4158K, capacity 4374K, committed 4396K, reserved 1048576K
}
2016-09-11T21:52:34.312-0100: 40,683: Total time for which application threads were stopped: 0,0172425 seconds, Stopping threads took: 0,0000560 seconds
2016-09-11T21:52:34.377-0100: 40,748: Total time for which application threads were stopped: 0,0002041 seconds, Stopping threads took: 0,0000340 seconds
2016-09-11T21:52:34.509-0100: 40,880: Total time for which application threads were stopped: 0,0002744 seconds, Stopping threads took: 0,0000507 seconds
2016-09-11T21:52:34.509-0100: 40,880: Total time for which application threads were stopped: 0,0001290 seconds, Stopping threads took: 0,0000355 seconds
2016-09-11T21:52:34.509-0100: 40,880: Total time for which application threads were stopped: 0,0000943 seconds, Stopping threads took: 0,0000117 seconds
2016-09-11T21:52:34.509-0100: 40,880: Total time for which application threads were stopped: 0,0001096 seconds, Stopping threads took: 0,0000297 seconds
2016-09-11T21:52:34.509-0100: 40,880: Total time for which application threads were stopped: 0,0001077 seconds, Stopping threads took: 0,0000295 seconds
2016-09-11T21:52:34.510-0100: 40,880: Total time for which application threads were stopped: 0,0000884 seconds, Stopping threads took: 0,0000129 seconds
2016-09-11T21:52:34.510-0100: 40,881: Total time for which application threads were stopped: 0,0000869 seconds, Stopping threads took: 0,0000125 seconds
2016-09-11T21:52:34.518-0100: 40,889: Total time for which application threads were stopped: 0,0002293 seconds, Stopping threads took: 0,0000490 seconds
2016-09-11T21:52:34.523-0100: 40,894: Total time for which application threads were stopped: 0,0002138 seconds, Stopping threads took: 0,0000359 seconds
2016-09-11T21:52:34.523-0100: 40,894: Total time for which application threads were stopped: 0,0001074 seconds, Stopping threads took: 0,0000165 seconds
2016-09-11T21:52:35.528-0100: 41,899: Total time for which application threads were stopped: 0,0002774 seconds, Stopping threads took: 0,0000534 seconds
2016-09-11T21:52:40.542-0100: 46,913: Total time for which application threads were stopped: 0,0001589 seconds, Stopping threads took: 0,0000337 seconds
2016-09-11T21:52:42.548-0100: 48,919: Total time for which application threads were stopped: 0,0001914 seconds, Stopping threads took: 0,0000344 seconds
2016-09-11T21:52:42.809-0100: 49,180: Total time for which application threads were stopped: 0,0002149 seconds, Stopping threads took: 0,0000553 seconds
2016-09-11T21:52:42.908-0100: 49,279: Total time for which application threads were stopped: 0,0002024 seconds, Stopping threads took: 0,0000578 seconds
2016-09-11T21:52:42.908-0100: 49,280: Total time for which application threads were stopped: 0,0001101 seconds, Stopping threads took: 0,0000477 seconds
2016-09-11T21:52:42.945-0100: 49,316: Total time for which application threads were stopped: 0,0002160 seconds, Stopping threads took: 0,0000510 seconds
2016-09-11T21:52:42.946-0100: 49,317: Total time for which application threads were stopped: 0,0001846 seconds, Stopping threads took: 0,0000502 seconds
2016-09-11T21:52:48.617-0100: 54,988: Total time for which application threads were stopped: 0,0003353 seconds, Stopping threads took: 0,0000295 seconds
2016-09-11T21:52:48.617-0100: 54,989: Total time for which application threads were stopped: 0,0002484 seconds, Stopping threads took: 0,0000568 seconds
2016-09-11T21:52:48.619-0100: 55,023: Total time for which application threads were stopped: 0,0328586 seconds, Stopping threads took: 0,0000319 seconds
2016-09-11T21:52:48.652-0100: 55,024: Total time for which application threads were stopped: 0,0004660 seconds, Stopping threads took: 0,0001379 seconds
2016-09-11T21:52:48.654-0100: 55,025: Total time for which application threads were stopped: 0,0005720 seconds, Stopping threads took: 0,0000616 seconds
2016-09-11T21:52:48.695-0100: 55,066: Total time for which application threads were stopped: 0,0002732 seconds, Stopping threads took: 0,0000472 seconds
2016-09-11T21:52:48.696-0100: 55,067: Total time for which application threads were stopped: 0,0007209 seconds, Stopping threads took: 0,0000345 seconds
2016-09-11T21:52:48.734-0100: 55,105: Total time for which application threads were stopped: 0,0002014 seconds, Stopping threads took: 0,0000454 seconds
2016-09-11T21:52:48.734-0100: 55,105: Total time for which application threads were stopped: 0,0001796 seconds, Stopping threads took: 0,0000793 seconds
2016-09-11T21:52:49.734-0100: 56,106: Total time for which application threads were stopped: 0,0002946 seconds, Stopping threads took: 0,0000554 seconds
2016-09-11T21:52:50.740-0100: 57,111: Total time for which application threads were stopped: 0,0002834 seconds, Stopping threads took: 0,0000551 seconds
2016-09-11T21:52:53.751-0100: 60,123: Total time for which application threads were stopped: 0,0006760 seconds, Stopping threads took: 0,0000754 seconds
2016-09-11T21:52:55.755-0100: 62,127: Total time for which application threads were stopped: 0,0002475 seconds, Stopping threads took: 0,0000314 seconds
2016-09-11T21:53:03.020-0100: 69,392: Total time for which application threads were stopped: 0,0004209 seconds, Stopping threads took: 0,0000631 seconds
2016-09-11T21:53:03.020-0100: 69,392: Total time for which application threads were stopped: 0,0001720 seconds, Stopping threads took: 0,0000792 seconds
2016-09-11T21:53:03.020-0100: 69,392: Total time for which application threads were stopped: 0,0001610 seconds, Stopping threads took: 0,0000446 seconds
2016-09-11T21:53:03.021-0100: 69,393: Total time for which application threads were stopped: 0,0001601 seconds, Stopping threads took: 0,0000700 seconds
2016-09-11T21:53:06.815-0100: 73,187: Total time for which application threads were stopped: 0,0006917 seconds, Stopping threads took: 0,0001583 seconds
2016-09-11T21:53:07.816-0100: 74,188: Total time for which application threads were stopped: 0,0002758 seconds, Stopping threads took: 0,0000302 seconds
{Heap before GC invocations=24 (full 1):
 par new generation   total 109248K, used 95453K [0x00000007a0000000, 0x00000007a8000000, 0x00000007a8000000)
  eden space 87424K,  99% used [0x00000007a0000000, 0x00000007a555d120, 0x00000007a5560000)
  from space 21824K,  36% used [0x00000007a5560000, 0x00000007a5d3a570, 0x00000007a6ab0000)
  to   space 21824K,   0% used [0x00000007a6ab0000, 0x00000007a6ab0000, 0x00000007a8000000)
 concurrent mark-sweep generation total 393216K, used 20431K [0x00000007a8000000, 0x00000007c0000000, 0x00000007c0000000)
 Metaspace       used 36385K, capacity 37198K, committed 37520K, reserved 1083392K
  class space    used 4185K, capacity 4421K, committed 4524K, reserved 1048576K
2016-09-11T21:53:08.010-0100: 74,383: [GC (Allocation Failure) 2016-09-11T21:53:08.024-0100: 74,396: [ParNew
Desired survivor size 20112992 bytes, new threshold 8 (max 8)
- age   1:    3409656 bytes,    3409656 total
- age   2:      96816 bytes,    3506472 total
- age   3:    1624856 bytes,    5131328 total
- age   4:     264664 bytes,    5395992 total
- age   5:      85528 bytes,    5481520 total
- age   6:     121296 bytes,    5602816 total
- age   7:    1853096 bytes,    7455912 total
- age   8:     160512 bytes,    7616424 total
: 95453K->9020K(109248K), 0,0319591 secs] 115884K->29529K(502464K), 0,0453127 secs] [Times: user=0,05 sys=0,01, real=0,04 secs] 
Heap after GC invocations=25 (full 1):
 par new generation   total 109248K, used 9020K [0x00000007a0000000, 0x00000007a8000000, 0x00000007a8000000)
  eden space 87424K,   0% used [0x00000007a0000000, 0x00000007a0000000, 0x00000007a5560000)
  from space 21824K,  41% used [0x00000007a6ab0000, 0x00000007a737f190, 0x00000007a8000000)
  to   space 21824K,   0% used [0x00000007a5560000, 0x00000007a5560000, 0x00000007a6ab0000)
 concurrent mark-sweep generation total 393216K, used 20508K [0x00000007a8000000, 0x00000007c0000000, 0x00000007c0000000)
 Metaspace       used 36385K, capacity 37198K, committed 37520K, reserved 1083392K
  class space    used 4185K, capacity 4421K, committed 4524K, reserved 1048576K
}
2016-09-11T21:53:08.056-0100: 74,428: Total time for which application threads were stopped: 0,0459107 seconds, Stopping threads took: 0,0001861 seconds
2016-09-11T21:53:08.057-0100: 74,429: Total time for which application threads were stopped: 0,0003340 seconds, Stopping threads took: 0,0001163 seconds
2016-09-11T21:53:08.057-0100: 74,429: Total time for which application threads were stopped: 0,0002598 seconds, Stopping threads took: 0,0000865 seconds
{Heap before GC invocations=25 (full 1):
 par new generation   total 109248K, used 96429K [0x00000007a0000000, 0x00000007a8000000, 0x00000007a8000000)
  eden space 87424K,  99% used [0x00000007a0000000, 0x00000007a555c600, 0x00000007a5560000)
  from space 21824K,  41% used [0x00000007a6ab0000, 0x00000007a737f190, 0x00000007a8000000)
  to   space 21824K,   0% used [0x00000007a5560000, 0x00000007a5560000, 0x00000007a6ab0000)
 concurrent mark-sweep generation total 393216K, used 20508K [0x00000007a8000000, 0x00000007c0000000, 0x00000007c0000000)
 Metaspace       used 36387K, capacity 37198K, committed 37520K, reserved 1083392K
  class space    used 4185K, capacity 4421K, committed 4524K, reserved 1048576K
2016-09-11T21:53:08.208-0100: 74,580: [GC (Allocation Failure) 2016-09-11T21:53:08.208-0100: 74,580: [ParNew
Desired survivor size 20112992 bytes, new threshold 8 (max 8)
- age   1:    1830968 bytes,    1830968 total
- age   2:    2546800 bytes,    4377768 total
- age   3:      96816 bytes,    4474584 total
- age   4:    1624856 bytes,    6099440 total
- age   5:     264664 bytes,    6364104 total
- age   6:      85528 bytes,    6449632 total
- age   7:     121296 bytes,    6570928 total
- age   8:    1853056 bytes,    8423984 total
: 96429K->10814K(109248K), 0,0747319 secs] 116938K->31483K(502464K), 0,0748446 secs] [Times: user=0,09 sys=0,00, real=0,08 secs] 
Heap after GC invocations=26 (full 1):
 par new generation   total 109248K, used 10814K [0x00000007a0000000, 0x00000007a8000000, 0x00000007a8000000)
  eden space 87424K,   0% used [0x00000007a0000000, 0x00000007a0000000, 0x00000007a5560000)
  from space 21824K,  49% used [0x00000007a5560000, 0x00000007a5fefa78, 0x00000007a6ab0000)
  to   space 21824K,   0% used [0x00000007a6ab0000, 0x00000007a6ab0000, 0x00000007a8000000)
 concurrent mark-sweep generation total 393216K, used 20668K [0x00000007a8000000, 0x00000007c0000000, 0x00000007c0000000)
 Metaspace       used 36387K, capacity 37198K, committed 37520K, reserved 1083392K
  class space    used 4185K, capacity 4421K, committed 4524K, reserved 1048576K
}
2016-09-11T21:53:08.283-0100: 74,655: Total time for which application threads were stopped: 0,1172100 seconds, Stopping threads took: 0,0420053 seconds
2016-09-11T21:53:08.283-0100: 74,655: Total time for which application threads were stopped: 0,0003198 seconds, Stopping threads took: 0,0001008 seconds
2016-09-11T21:53:08.283-0100: 74,655: Total time for which application threads were stopped: 0,0002771 seconds, Stopping threads took: 0,0000800 seconds
{Heap before GC invocations=26 (full 1):
 par new generation   total 109248K, used 98238K [0x00000007a0000000, 0x00000007a8000000, 0x00000007a8000000)
  eden space 87424K, 100% used [0x00000007a0000000, 0x00000007a5560000, 0x00000007a5560000)
  from space 21824K,  49% used [0x00000007a5560000, 0x00000007a5fefa78, 0x00000007a6ab0000)
  to   space 21824K,   0% used [0x00000007a6ab0000, 0x00000007a6ab0000, 0x00000007a8000000)
 concurrent mark-sweep generation total 393216K, used 20668K [0x00000007a8000000, 0x00000007c0000000, 0x00000007c0000000)
 Metaspace       used 36389K, capacity 37198K, committed 37520K, reserved 1083392K
  class space    used 4185K, capacity 4421K, committed 4524K, reserved 1048576K
2016-09-11T21:53:08.331-0100: 74,703: [GC (Allocation Failure) 2016-09-11T21:53:08.331-0100: 74,703: [ParNew
Desired survivor size 20112992 bytes, new threshold 8 (max 8)
- age   1:     322440 bytes,     322440 total
- age   2:    1683776 bytes,    2006216 total
- age   3:    2527256 bytes,    4533472 total
- age   4:      96816 bytes,    4630288 total
- age   5:    1624856 bytes,    6255144 total
- age   6:     264664 bytes,    6519808 total
- age   7:      85528 bytes,    6605336 total
- age   8:     121296 bytes,    6726632 total
: 98238K->9259K(109248K), 0,0827423 secs] 118907K->31752K(502464K), 0,0828725 secs] [Times: user=0,08 sys=0,01, real=0,08 secs] 
Heap after GC invocations=27 (full 1):
 par new generation   total 109248K, used 9259K [0x00000007a0000000, 0x00000007a8000000, 0x00000007a8000000)
  eden space 87424K,   0% used [0x00000007a0000000, 0x00000007a0000000, 0x00000007a5560000)
  from space 21824K,  42% used [0x00000007a6ab0000, 0x00000007a73baf00, 0x00000007a8000000)
  to   space 21824K,   0% used [0x00000007a5560000, 0x00000007a5560000, 0x00000007a6ab0000)
 concurrent mark-sweep generation total 393216K, used 22492K [0x00000007a8000000, 0x00000007c0000000, 0x00000007c0000000)
 Metaspace       used 36389K, capacity 37198K, committed 37520K, reserved 1083392K
  class space    used 4185K, capacity 4421K, committed 4524K, reserved 1048576K
}
2016-09-11T21:53:08.414-0100: 74,786: Total time for which application threads were stopped: 0,0833459 seconds, Stopping threads took: 0,0001052 seconds
{Heap before GC invocations=27 (full 1):
 par new generation   total 109248K, used 96683K [0x00000007a0000000, 0x00000007a8000000, 0x00000007a8000000)
  eden space 87424K, 100% used [0x00000007a0000000, 0x00000007a5560000, 0x00000007a5560000)
  from space 21824K,  42% used [0x00000007a6ab0000, 0x00000007a73baf00, 0x00000007a8000000)
  to   space 21824K,   0% used [0x00000007a5560000, 0x00000007a5560000, 0x00000007a6ab0000)
 concurrent mark-sweep generation total 393216K, used 22492K [0x00000007a8000000, 0x00000007c0000000, 0x00000007c0000000)
 Metaspace       used 36389K, capacity 37198K, committed 37520K, reserved 1083392K
  class space    used 4185K, capacity 4421K, committed 4524K, reserved 1048576K
2016-09-11T21:53:08.495-0100: 74,867: [GC (Allocation Failure) 2016-09-11T21:53:08.495-0100: 74,867: [ParNew
Desired survivor size 20112992 bytes, new threshold 8 (max 8)
- age   1:     586056 bytes,     586056 total
- age   2:      75736 bytes,     661792 total
- age   3:    1683776 bytes,    2345568 total
- age   4:    2527256 bytes,    4872824 total
- age   5:      96816 bytes,    4969640 total
- age   6:    1624856 bytes,    6594496 total
- age   7:     264664 bytes,    6859160 total
- age   8:      85528 bytes,    6944688 total
: 96683K->9052K(109248K), 0,0752509 secs] 119176K->31665K(502464K), 0,0753648 secs] [Times: user=0,10 sys=0,01, real=0,08 secs] 
Heap after GC invocations=28 (full 1):
 par new generation   total 109248K, used 9052K [0x00000007a0000000, 0x00000007a8000000, 0x00000007a8000000)
  eden space 87424K,   0% used [0x00000007a0000000, 0x00000007a0000000, 0x00000007a5560000)
  from space 21824K,  41% used [0x00000007a5560000, 0x00000007a5e37070, 0x00000007a6ab0000)
  to   space 21824K,   0% used [0x00000007a6ab0000, 0x00000007a6ab0000, 0x00000007a8000000)
 concurrent mark-sweep generation total 393216K, used 22613K [0x00000007a8000000, 0x00000007c0000000, 0x00000007c0000000)
 Metaspace       used 36389K, capacity 37198K, committed 37520K, reserved 1083392K
  class space    used 4185K, capacity 4421K, committed 4524K, reserved 1048576K
}
2016-09-11T21:53:08.571-0100: 74,943: Total time for which application threads were stopped: 0,0758020 seconds, Stopping threads took: 0,0000671 seconds
{Heap before GC invocations=28 (full 1):
 par new generation   total 109248K, used 96476K [0x00000007a0000000, 0x00000007a8000000, 0x00000007a8000000)
  eden space 87424K, 100% used [0x00000007a0000000, 0x00000007a5560000, 0x00000007a5560000)
  from space 21824K,  41% used [0x00000007a5560000, 0x00000007a5e37070, 0x00000007a6ab0000)
  to   space 21824K,   0% used [0x00000007a6ab0000, 0x00000007a6ab0000, 0x00000007a8000000)
 concurrent mark-sweep generation total 393216K, used 22613K [0x00000007a8000000, 0x00000007c0000000, 0x00000007c0000000)
 Metaspace       used 36398K, capacity 37204K, committed 37520K, reserved 1083392K
  class space    used 4186K, capacity 4422K, committed 4524K, reserved 1048576K
2016-09-11T21:53:08.798-0100: 75,170: [GC (Allocation Failure) 2016-09-11T21:53:08.798-0100: 75,170: [ParNew
Desired survivor size 20112992 bytes, new threshold 8 (max 8)
- age   1:     824328 bytes,     824328 total
- age   2:      80840 bytes,     905168 total
- age   3:      74632 bytes,     979800 total
- age   4:     993176 bytes,    1972976 total
- age   5:    2526520 bytes,    4499496 total
- age   6:      96816 bytes,    4596312 total
- age   7:    1624856 bytes,    6221168 total
- age   8:     264664 bytes,    6485832 total
: 96476K->8621K(109248K), 0,0309499 secs] 119089K->31320K(502464K), 0,0310814 secs] [Times: user=0,06 sys=0,01, real=0,03 secs] 
Heap after GC invocations=29 (full 1):
 par new generation   total 109248K, used 8621K [0x00000007a0000000, 0x00000007a8000000, 0x00000007a8000000)
  eden space 87424K,   0% used [0x00000007a0000000, 0x00000007a0000000, 0x00000007a5560000)
  from space 21824K,  39% used [0x00000007a6ab0000, 0x00000007a731b460, 0x00000007a8000000)
  to   space 21824K,   0% used [0x00000007a5560000, 0x00000007a5560000, 0x00000007a6ab0000)
 concurrent mark-sweep generation total 393216K, used 22699K [0x00000007a8000000, 0x00000007c0000000, 0x00000007c0000000)
 Metaspace       used 36398K, capacity 37204K, committed 37520K, reserved 1083392K
  class space    used 4186K, capacity 4422K, committed 4524K, reserved 1048576K
}
2016-09-11T21:53:08.829-0100: 75,201: Total time for which application threads were stopped: 0,0315682 seconds, Stopping threads took: 0,0000370 seconds
2016-09-11T21:53:08.973-0100: 75,345: Total time for which application threads were stopped: 0,0004596 seconds, Stopping threads took: 0,0001684 seconds
2016-09-11T21:53:08.981-0100: 75,353: Total time for which application threads were stopped: 0,0004162 seconds, Stopping threads took: 0,0001617 seconds
2016-09-11T21:53:09.520-0100: 75,892: Total time for which application threads were stopped: 0,0003119 seconds, Stopping threads took: 0,0000698 seconds
2016-09-11T21:53:09.521-0100: 75,893: Total time for which application threads were stopped: 0,0002346 seconds, Stopping threads took: 0,0000295 seconds
2016-09-11T21:53:09.524-0100: 75,896: Total time for which application threads were stopped: 0,0002594 seconds, Stopping threads took: 0,0000346 seconds
2016-09-11T21:53:09.524-0100: 75,896: Total time for which application threads were stopped: 0,0002583 seconds, Stopping threads took: 0,0000552 seconds
2016-09-11T21:53:10.045-0100: 76,418: Total time for which application threads were stopped: 0,0002514 seconds, Stopping threads took: 0,0000279 seconds
2016-09-11T21:53:10.046-0100: 76,418: Total time for which application threads were stopped: 0,0001973 seconds, Stopping threads took: 0,0000494 seconds
2016-09-11T21:53:10.062-0100: 76,434: Total time for which application threads were stopped: 0,0002432 seconds, Stopping threads took: 0,0000337 seconds
2016-09-11T21:53:10.063-0100: 76,435: Total time for which application threads were stopped: 0,0002147 seconds, Stopping threads took: 0,0000266 seconds
2016-09-11T21:53:10.074-0100: 76,446: Total time for which application threads were stopped: 0,0003125 seconds, Stopping threads took: 0,0000646 seconds
2016-09-11T21:53:11.062-0100: 77,434: Total time for which application threads were stopped: 0,0002398 seconds, Stopping threads took: 0,0000364 seconds
2016-09-11T21:53:11.078-0100: 77,450: Total time for which application threads were stopped: 0,0002542 seconds, Stopping threads took: 0,0000405 seconds
2016-09-11T21:53:13.462-0100: 79,834: Total time for which application threads were stopped: 0,0003974 seconds, Stopping threads took: 0,0000639 seconds
2016-09-11T21:53:13.462-0100: 79,835: Total time for which application threads were stopped: 0,0002796 seconds, Stopping threads took: 0,0000226 seconds
2016-09-11T21:53:13.485-0100: 79,857: Total time for which application threads were stopped: 0,0003442 seconds, Stopping threads took: 0,0000594 seconds
2016-09-11T21:53:13.485-0100: 79,857: Total time for which application threads were stopped: 0,0001756 seconds, Stopping threads took: 0,0000447 seconds
2016-09-11T21:53:15.285-0100: 81,658: Total time for which application threads were stopped: 0,0002403 seconds, Stopping threads took: 0,0000299 seconds
2016-09-11T21:53:15.287-0100: 81,659: Total time for which application threads were stopped: 0,0002488 seconds, Stopping threads took: 0,0000283 seconds
2016-09-11T21:53:15.287-0100: 81,659: Total time for which application threads were stopped: 0,0002074 seconds, Stopping threads took: 0,0000351 seconds
2016-09-11T21:53:15.288-0100: 81,660: Total time for which application threads were stopped: 0,0001367 seconds, Stopping threads took: 0,0000192 seconds
2016-09-11T21:53:15.288-0100: 81,685: Total time for which application threads were stopped: 0,0252740 seconds, Stopping threads took: 0,0000451 seconds
2016-09-11T21:53:15.314-0100: 81,686: Total time for which application threads were stopped: 0,0002357 seconds, Stopping threads took: 0,0000322 seconds
2016-09-11T21:53:15.315-0100: 81,687: Total time for which application threads were stopped: 0,0001999 seconds, Stopping threads took: 0,0000550 seconds
2016-09-11T21:53:15.315-0100: 81,687: Total time for which application threads were stopped: 0,0002045 seconds, Stopping threads took: 0,0000898 seconds
2016-09-11T21:53:15.315-0100: 81,687: Total time for which application threads were stopped: 0,0001548 seconds, Stopping threads took: 0,0000426 seconds
2016-09-11T21:53:15.316-0100: 81,688: Total time for which application threads were stopped: 0,0001725 seconds, Stopping threads took: 0,0000344 seconds
2016-09-11T21:53:15.316-0100: 81,688: Total time for which application threads were stopped: 0,0001325 seconds, Stopping threads took: 0,0000286 seconds
2016-09-11T21:53:15.316-0100: 81,689: Total time for which application threads were stopped: 0,0002224 seconds, Stopping threads took: 0,0000267 seconds
2016-09-11T21:53:15.317-0100: 81,689: Total time for which application threads were stopped: 0,0002017 seconds, Stopping threads took: 0,0000431 seconds
2016-09-11T21:53:15.318-0100: 81,691: Total time for which application threads were stopped: 0,0002205 seconds, Stopping threads took: 0,0000318 seconds
2016-09-11T21:53:15.319-0100: 81,691: Total time for which application threads were stopped: 0,0001958 seconds, Stopping threads took: 0,0000393 seconds
2016-09-11T21:53:15.329-0100: 81,701: Total time for which application threads were stopped: 0,0002419 seconds, Stopping threads took: 0,0000479 seconds
2016-09-11T21:53:15.329-0100: 81,701: Total time for which application threads were stopped: 0,0001818 seconds, Stopping threads took: 0,0000173 seconds
2016-09-11T21:53:15.346-0100: 81,718: Total time for which application threads were stopped: 0,0003267 seconds, Stopping threads took: 0,0000668 seconds
2016-09-11T21:53:15.346-0100: 81,718: Total time for which application threads were stopped: 0,0003031 seconds, Stopping threads took: 0,0000371 seconds
2016-09-11T21:53:17.348-0100: 83,720: Total time for which application threads were stopped: 0,0002684 seconds, Stopping threads took: 0,0000489 seconds
2016-09-11T21:53:18.103-0100: 84,475: Total time for which application threads were stopped: 0,0002633 seconds, Stopping threads took: 0,0000527 seconds
2016-09-11T21:53:18.104-0100: 84,476: Total time for which application threads were stopped: 0,0001732 seconds, Stopping threads took: 0,0000359 seconds
2016-09-11T21:53:18.145-0100: 84,517: Total time for which application threads were stopped: 0,0002258 seconds, Stopping threads took: 0,0000586 seconds
2016-09-11T21:53:18.147-0100: 84,519: Total time for which application threads were stopped: 0,0003016 seconds, Stopping threads took: 0,0001138 seconds
2016-09-11T21:53:19.147-0100: 85,520: Total time for which application threads were stopped: 0,0002193 seconds, Stopping threads took: 0,0000495 seconds
2016-09-11T21:53:26.159-0100: 92,532: Total time for which application threads were stopped: 0,0003272 seconds, Stopping threads took: 0,0000338 seconds
2016-09-11T21:53:33.170-0100: 99,543: Total time for which application threads were stopped: 0,0002164 seconds, Stopping threads took: 0,0000411 seconds
2016-09-11T21:53:36.387-0100: 102,760: Total time for which application threads were stopped: 0,0002096 seconds, Stopping threads took: 0,0000522 seconds
2016-09-11T21:53:36.388-0100: 102,761: Total time for which application threads were stopped: 0,0002274 seconds, Stopping threads took: 0,0000239 seconds
2016-09-11T21:53:36.393-0100: 102,766: Total time for which application threads were stopped: 0,0002506 seconds, Stopping threads took: 0,0000984 seconds
2016-09-11T21:53:36.394-0100: 102,767: Total time for which application threads were stopped: 0,0002401 seconds, Stopping threads took: 0,0000816 seconds
2016-09-11T21:53:36.415-0100: 102,788: Total time for which application threads were stopped: 0,0002360 seconds, Stopping threads took: 0,0000568 seconds
2016-09-11T21:53:36.415-0100: 102,788: Total time for which application threads were stopped: 0,0001862 seconds, Stopping threads took: 0,0000221 seconds
2016-09-11T21:53:36.417-0100: 102,790: Total time for which application threads were stopped: 0,0002484 seconds, Stopping threads took: 0,0000648 seconds
2016-09-11T21:53:36.417-0100: 102,790: Total time for which application threads were stopped: 0,0001662 seconds, Stopping threads took: 0,0000435 seconds
2016-09-11T21:53:36.419-0100: 102,792: Total time for which application threads were stopped: 0,0002505 seconds, Stopping threads took: 0,0000448 seconds
2016-09-11T21:53:36.420-0100: 102,793: Total time for which application threads were stopped: 0,0002342 seconds, Stopping threads took: 0,0000365 seconds
2016-09-11T21:53:36.420-0100: 102,793: Total time for which application threads were stopped: 0,0001516 seconds, Stopping threads took: 0,0000454 seconds
2016-09-11T21:53:36.420-0100: 102,793: Total time for which application threads were stopped: 0,0001305 seconds, Stopping threads took: 0,0000321 seconds
2016-09-11T21:53:36.420-0100: 102,793: Total time for which application threads were stopped: 0,0001527 seconds, Stopping threads took: 0,0000603 seconds
2016-09-11T21:53:36.420-0100: 102,793: Total time for which application threads were stopped: 0,0001314 seconds, Stopping threads took: 0,0000329 seconds
2016-09-11T21:53:36.421-0100: 102,793: Total time for which application threads were stopped: 0,0001394 seconds, Stopping threads took: 0,0000452 seconds
2016-09-11T21:53:36.421-0100: 102,794: Total time for which application threads were stopped: 0,0001268 seconds, Stopping threads took: 0,0000281 seconds
2016-09-11T21:53:36.421-0100: 102,794: Total time for which application threads were stopped: 0,0001716 seconds, Stopping threads took: 0,0000369 seconds
2016-09-11T21:53:36.421-0100: 102,794: Total time for which application threads were stopped: 0,0001144 seconds, Stopping threads took: 0,0000123 seconds
2016-09-11T21:53:36.422-0100: 102,795: Total time for which application threads were stopped: 0,0001040 seconds, Stopping threads took: 0,0000115 seconds
2016-09-11T21:53:36.575-0100: 102,948: Total time for which application threads were stopped: 0,0002086 seconds, Stopping threads took: 0,0000336 seconds
2016-09-11T21:53:37.322-0100: 103,695: Total time for which application threads were stopped: 0,0002536 seconds, Stopping threads took: 0,0000405 seconds
2016-09-11T21:53:37.322-0100: 103,695: Total time for which application threads were stopped: 0,0001217 seconds, Stopping threads took: 0,0000102 seconds
2016-09-11T21:53:37.348-0100: 103,721: Total time for which application threads were stopped: 0,0002779 seconds, Stopping threads took: 0,0000964 seconds
2016-09-11T21:53:37.348-0100: 103,721: Total time for which application threads were stopped: 0,0001421 seconds, Stopping threads took: 0,0000323 seconds
2016-09-11T21:53:42.357-0100: 108,730: Total time for which application threads were stopped: 0,0002445 seconds, Stopping threads took: 0,0000308 seconds
2016-09-11T21:53:51.384-0100: 117,757: Total time for which application threads were stopped: 0,0003937 seconds, Stopping threads took: 0,0000634 seconds
{Heap before GC invocations=29 (full 1):
 par new generation   total 109248K, used 96032K [0x00000007a0000000, 0x00000007a8000000, 0x00000007a8000000)
  eden space 87424K,  99% used [0x00000007a0000000, 0x00000007a555cc70, 0x00000007a5560000)
  from space 21824K,  39% used [0x00000007a6ab0000, 0x00000007a731b460, 0x00000007a8000000)
  to   space 21824K,   0% used [0x00000007a5560000, 0x00000007a5560000, 0x00000007a6ab0000)
 concurrent mark-sweep generation total 393216K, used 22699K [0x00000007a8000000, 0x00000007c0000000, 0x00000007c0000000)
 Metaspace       used 36786K, capacity 37576K, committed 37776K, reserved 1083392K
  class space    used 4202K, capacity 4430K, committed 4524K, reserved 1048576K
2016-09-11T21:53:51.912-0100: 118,286: [GC (Allocation Failure) 2016-09-11T21:53:51.913-0100: 118,286: [ParNew
Desired survivor size 20112992 bytes, new threshold 8 (max 8)
- age   1:    6913048 bytes,    6913048 total
- age   2:     541528 bytes,    7454576 total
- age   3:      80840 bytes,    7535416 total
- age   4:      74632 bytes,    7610048 total
- age   5:     192536 bytes,    7802584 total
- age   6:    2390248 bytes,   10192832 total
- age   7:      96816 bytes,   10289648 total
- age   8:    1624856 bytes,   11914504 total
: 96032K->13758K(109248K), 0,0540491 secs] 118731K->36718K(502464K), 0,0542252 secs] [Times: user=0,05 sys=0,01, real=0,05 secs] 
Heap after GC invocations=30 (full 1):
 par new generation   total 109248K, used 13758K [0x00000007a0000000, 0x00000007a8000000, 0x00000007a8000000)
  eden space 87424K,   0% used [0x00000007a0000000, 0x00000007a0000000, 0x00000007a5560000)
  from space 21824K,  63% used [0x00000007a5560000, 0x00000007a62cfa50, 0x00000007a6ab0000)
  to   space 21824K,   0% used [0x00000007a6ab0000, 0x00000007a6ab0000, 0x00000007a8000000)
 concurrent mark-sweep generation total 393216K, used 22960K [0x00000007a8000000, 0x00000007c0000000, 0x00000007c0000000)
 Metaspace       used 36786K, capacity 37576K, committed 37776K, reserved 1083392K
  class space    used 4202K, capacity 4430K, committed 4524K, reserved 1048576K
}
2016-09-11T21:53:51.967-0100: 118,340: Total time for which application threads were stopped: 0,0863410 seconds, Stopping threads took: 0,0111544 seconds
2016-09-11T21:53:51.968-0100: 118,341: Total time for which application threads were stopped: 0,0005663 seconds, Stopping threads took: 0,0002874 seconds
2016-09-11T21:53:51.968-0100: 118,342: Total time for which application threads were stopped: 0,0002228 seconds, Stopping threads took: 0,0000156 seconds
{Heap before GC invocations=30 (full 1):
 par new generation   total 109248K, used 101182K [0x00000007a0000000, 0x00000007a8000000, 0x00000007a8000000)
  eden space 87424K, 100% used [0x00000007a0000000, 0x00000007a5560000, 0x00000007a5560000)
  from space 21824K,  63% used [0x00000007a5560000, 0x00000007a62cfa50, 0x00000007a6ab0000)
  to   space 21824K,   0% used [0x00000007a6ab0000, 0x00000007a6ab0000, 0x00000007a8000000)
 concurrent mark-sweep generation total 393216K, used 22960K [0x00000007a8000000, 0x00000007c0000000, 0x00000007c0000000)
 Metaspace       used 36791K, capacity 37576K, committed 37776K, reserved 1083392K
  class space    used 4202K, capacity 4430K, committed 4524K, reserved 1048576K
2016-09-11T21:53:52.108-0100: 118,481: [GC (Allocation Failure) 2016-09-11T21:53:52.108-0100: 118,481: [ParNew
Desired survivor size 20112992 bytes, new threshold 8 (max 8)
- age   1:    1856848 bytes,    1856848 total
- age   2:    6150536 bytes,    8007384 total
- age   3:     541528 bytes,    8548912 total
- age   4:      80840 bytes,    8629752 total
- age   5:      74632 bytes,    8704384 total
- age   6:     192536 bytes,    8896920 total
- age   7:    2390248 bytes,   11287168 total
- age   8:      96816 bytes,   11383984 total
: 101182K->14559K(109248K), 0,0915795 secs] 124142K->39116K(502464K), 0,0917151 secs] [Times: user=0,11 sys=0,01, real=0,09 secs] 
Heap after GC invocations=31 (full 1):
 par new generation   total 109248K, used 14559K [0x00000007a0000000, 0x00000007a8000000, 0x00000007a8000000)
  eden space 87424K,   0% used [0x00000007a0000000, 0x00000007a0000000, 0x00000007a5560000)
  from space 21824K,  66% used [0x00000007a6ab0000, 0x00000007a78e7ec0, 0x00000007a8000000)
  to   space 21824K,   0% used [0x00000007a5560000, 0x00000007a5560000, 0x00000007a6ab0000)
 concurrent mark-sweep generation total 393216K, used 24557K [0x00000007a8000000, 0x00000007c0000000, 0x00000007c0000000)
 Metaspace       used 36791K, capacity 37576K, committed 37776K, reserved 1083392K
  class space    used 4202K, capacity 4430K, committed 4524K, reserved 1048576K
}
2016-09-11T21:53:52.200-0100: 118,573: Total time for which application threads were stopped: 0,1096992 seconds, Stopping threads took: 0,0174992 seconds
2016-09-11T21:53:52.201-0100: 118,574: Total time for which application threads were stopped: 0,0010608 seconds, Stopping threads took: 0,0001163 seconds
{Heap before GC invocations=31 (full 1):
 par new generation   total 109248K, used 101983K [0x00000007a0000000, 0x00000007a8000000, 0x00000007a8000000)
  eden space 87424K, 100% used [0x00000007a0000000, 0x00000007a5560000, 0x00000007a5560000)
  from space 21824K,  66% used [0x00000007a6ab0000, 0x00000007a78e7ec0, 0x00000007a8000000)
  to   space 21824K,   0% used [0x00000007a5560000, 0x00000007a5560000, 0x00000007a6ab0000)
 concurrent mark-sweep generation total 393216K, used 24557K [0x00000007a8000000, 0x00000007c0000000, 0x00000007c0000000)
 Metaspace       used 36791K, capacity 37576K, committed 37776K, reserved 1083392K
  class space    used 4202K, capacity 4430K, committed 4524K, reserved 1048576K
2016-09-11T21:53:52.244-0100: 118,617: [GC (Allocation Failure) 2016-09-11T21:53:52.244-0100: 118,617: [ParNew
Desired survivor size 20112992 bytes, new threshold 8 (max 8)
- age   1:     693672 bytes,     693672 total
- age   2:    1695136 bytes,    2388808 total
- age   3:    6131048 bytes,    8519856 total
- age   4:     541528 bytes,    9061384 total
- age   5:      80840 bytes,    9142224 total
- age   6:      74632 bytes,    9216856 total
- age   7:     192536 bytes,    9409392 total
- age   8:    2390248 bytes,   11799640 total
: 101983K->14527K(109248K), 0,0731971 secs] 126540K->39182K(502464K), 0,0733298 secs] [Times: user=0,07 sys=0,00, real=0,07 secs] 
Heap after GC invocations=32 (full 1):
 par new generation   total 109248K, used 14527K [0x00000007a0000000, 0x00000007a8000000, 0x00000007a8000000)
  eden space 87424K,   0% used [0x00000007a0000000, 0x00000007a0000000, 0x00000007a5560000)
  from space 21824K,  66% used [0x00000007a5560000, 0x00000007a638ffe0, 0x00000007a6ab0000)
  to   space 21824K,   0% used [0x00000007a6ab0000, 0x00000007a6ab0000, 0x00000007a8000000)
 concurrent mark-sweep generation total 393216K, used 24654K [0x00000007a8000000, 0x00000007c0000000, 0x00000007c0000000)
 Metaspace       used 36791K, capacity 37576K, committed 37776K, reserved 1083392K
  class space    used 4202K, capacity 4430K, committed 4524K, reserved 1048576K
}
2016-09-11T21:53:52.317-0100: 118,691: Total time for which application threads were stopped: 0,0739386 seconds, Stopping threads took: 0,0001431 seconds
{Heap before GC invocations=32 (full 1):
 par new generation   total 109248K, used 101951K [0x00000007a0000000, 0x00000007a8000000, 0x00000007a8000000)
  eden space 87424K, 100% used [0x00000007a0000000, 0x00000007a5560000, 0x00000007a5560000)
  from space 21824K,  66% used [0x00000007a5560000, 0x00000007a638ffe0, 0x00000007a6ab0000)
  to   space 21824K,   0% used [0x00000007a6ab0000, 0x00000007a6ab0000, 0x00000007a8000000)
 concurrent mark-sweep generation total 393216K, used 24654K [0x00000007a8000000, 0x00000007c0000000, 0x00000007c0000000)
 Metaspace       used 36791K, capacity 37576K, committed 37776K, reserved 1083392K
  class space    used 4202K, capacity 4430K, committed 4524K, reserved 1048576K
2016-09-11T21:53:52.396-0100: 118,770: [GC (Allocation Failure) 2016-09-11T21:53:52.397-0100: 118,770: [ParNew
Desired survivor size 20112992 bytes, new threshold 8 (max 8)
- age   1:     329472 bytes,     329472 total
- age   2:      71872 bytes,     401344 total
- age   3:    1694864 bytes,    2096208 total
- age   4:    6130920 bytes,    8227128 total
- age   5:     541528 bytes,    8768656 total
- age   6:      80840 bytes,    8849496 total
- age   7:      74632 bytes,    8924128 total
- age   8:     192536 bytes,    9116664 total
: 101951K->15384K(109248K), 0,0980184 secs] 126606K->42390K(502464K), 0,0981487 secs] [Times: user=0,08 sys=0,00, real=0,10 secs] 
Heap after GC invocations=33 (full 1):
 par new generation   total 109248K, used 15384K [0x00000007a0000000, 0x00000007a8000000, 0x00000007a8000000)
  eden space 87424K,   0% used [0x00000007a0000000, 0x00000007a0000000, 0x00000007a5560000)
  from space 21824K,  70% used [0x00000007a6ab0000, 0x00000007a79b6360, 0x00000007a8000000)
  to   space 21824K,   0% used [0x00000007a5560000, 0x00000007a5560000, 0x00000007a6ab0000)
 concurrent mark-sweep generation total 393216K, used 27005K [0x00000007a8000000, 0x00000007c0000000, 0x00000007c0000000)
 Metaspace       used 36791K, capacity 37576K, committed 37776K, reserved 1083392K
  class space    used 4202K, capacity 4430K, committed 4524K, reserved 1048576K
}
2016-09-11T21:53:52.495-0100: 118,868: Total time for which application threads were stopped: 0,0986647 seconds, Stopping threads took: 0,0000940 seconds
2016-09-11T21:53:52.777-0100: 119,150: Total time for which application threads were stopped: 0,0094102 seconds, Stopping threads took: 0,0090472 seconds
2016-09-11T21:53:52.809-0100: 119,183: Total time for which application threads were stopped: 0,0003784 seconds, Stopping threads took: 0,0000535 seconds
{Heap before GC invocations=33 (full 1):
 par new generation   total 109248K, used 102808K [0x00000007a0000000, 0x00000007a8000000, 0x00000007a8000000)
  eden space 87424K, 100% used [0x00000007a0000000, 0x00000007a5560000, 0x00000007a5560000)
  from space 21824K,  70% used [0x00000007a6ab0000, 0x00000007a79b6360, 0x00000007a8000000)
  to   space 21824K,   0% used [0x00000007a5560000, 0x00000007a5560000, 0x00000007a6ab0000)
 concurrent mark-sweep generation total 393216K, used 27005K [0x00000007a8000000, 0x00000007c0000000, 0x00000007c0000000)
 Metaspace       used 36848K, capacity 37658K, committed 37776K, reserved 1083392K
  class space    used 4204K, capacity 4433K, committed 4524K, reserved 1048576K
2016-09-11T21:53:52.839-0100: 119,212: [GC (Allocation Failure) 2016-09-11T21:53:52.839-0100: 119,212: [ParNew
Desired survivor size 20112992 bytes, new threshold 8 (max 8)
- age   1:    5110504 bytes,    5110504 total
- age   2:      84416 bytes,    5194920 total
- age   3:      70792 bytes,    5265712 total
- age   4:     203520 bytes,    5469232 total
- age   5:    6122288 bytes,   11591520 total
- age   6:     541528 bytes,   12133048 total
- age   7:      80840 bytes,   12213888 total
- age   8:      74632 bytes,   12288520 total
: 102808K->14369K(109248K), 0,0293226 secs] 129814K->41565K(502464K), 0,0294543 secs] [Times: user=0,07 sys=0,00, real=0,03 secs] 
Heap after GC invocations=34 (full 1):
 par new generation   total 109248K, used 14369K [0x00000007a0000000, 0x00000007a8000000, 0x00000007a8000000)
  eden space 87424K,   0% used [0x00000007a0000000, 0x00000007a0000000, 0x00000007a5560000)
  from space 21824K,  65% used [0x00000007a5560000, 0x00000007a6368680, 0x00000007a6ab0000)
  to   space 21824K,   0% used [0x00000007a6ab0000, 0x00000007a6ab0000, 0x00000007a8000000)
 concurrent mark-sweep generation total 393216K, used 27195K [0x00000007a8000000, 0x00000007c0000000, 0x00000007c0000000)
 Metaspace       used 36848K, capacity 37658K, committed 37776K, reserved 1083392K
  class space    used 4204K, capacity 4433K, committed 4524K, reserved 1048576K
}
2016-09-11T21:53:52.868-0100: 119,242: Total time for which application threads were stopped: 0,0299915 seconds, Stopping threads took: 0,0000982 seconds
2016-09-11T21:53:53.874-0100: 120,247: Total time for which application threads were stopped: 0,0003884 seconds, Stopping threads took: 0,0000664 seconds
2016-09-11T21:53:54.046-0100: 120,419: Total time for which application threads were stopped: 0,0002716 seconds, Stopping threads took: 0,0000369 seconds
2016-09-11T21:53:54.056-0100: 120,429: Total time for which application threads were stopped: 0,0002764 seconds, Stopping threads took: 0,0000336 seconds
2016-09-11T21:53:54.158-0100: 120,532: Total time for which application threads were stopped: 0,0002960 seconds, Stopping threads took: 0,0000603 seconds
2016-09-11T21:53:55.062-0100: 121,436: Total time for which application threads were stopped: 0,0006009 seconds, Stopping threads took: 0,0000416 seconds
2016-09-11T21:54:00.078-0100: 126,451: Total time for which application threads were stopped: 0,0003473 seconds, Stopping threads took: 0,0000635 seconds
2016-09-11T21:54:00.549-0100: 126,922: Total time for which application threads were stopped: 0,0003009 seconds, Stopping threads took: 0,0000650 seconds
2016-09-11T21:54:00.592-0100: 126,966: Total time for which application threads were stopped: 0,0005774 seconds, Stopping threads took: 0,0000581 seconds
2016-09-11T21:54:00.599-0100: 126,973: Total time for which application threads were stopped: 0,0002603 seconds, Stopping threads took: 0,0000785 seconds
2016-09-11T21:54:00.604-0100: 126,977: Total time for which application threads were stopped: 0,0007007 seconds, Stopping threads took: 0,0000297 seconds
2016-09-11T21:54:01.605-0100: 127,979: Total time for which application threads were stopped: 0,0005780 seconds, Stopping threads took: 0,0001176 seconds
2016-09-11T21:54:02.051-0100: 128,424: Total time for which application threads were stopped: 0,0002379 seconds, Stopping threads took: 0,0000423 seconds
2016-09-11T21:54:02.051-0100: 128,425: Total time for which application threads were stopped: 0,0002092 seconds, Stopping threads took: 0,0000472 seconds
2016-09-11T21:54:02.052-0100: 128,425: Total time for which application threads were stopped: 0,0001524 seconds, Stopping threads took: 0,0000385 seconds
2016-09-11T21:54:02.052-0100: 128,426: Total time for which application threads were stopped: 0,0001642 seconds, Stopping threads took: 0,0000519 seconds
2016-09-11T21:54:02.052-0100: 128,426: Total time for which application threads were stopped: 0,0001483 seconds, Stopping threads took: 0,0000405 seconds
2016-09-11T21:54:02.054-0100: 128,428: Total time for which application threads were stopped: 0,0002266 seconds, Stopping threads took: 0,0000652 seconds
2016-09-11T21:54:02.069-0100: 128,443: Total time for which application threads were stopped: 0,0002496 seconds, Stopping threads took: 0,0000456 seconds
2016-09-11T21:54:02.072-0100: 128,446: Total time for which application threads were stopped: 0,0002524 seconds, Stopping threads took: 0,0000357 seconds
2016-09-11T21:54:02.073-0100: 128,447: Total time for which application threads were stopped: 0,0002015 seconds, Stopping threads took: 0,0000187 seconds
2016-09-11T21:54:02.074-0100: 128,448: Total time for which application threads were stopped: 0,0002158 seconds, Stopping threads took: 0,0000536 seconds
2016-09-11T21:54:02.074-0100: 128,448: Total time for which application threads were stopped: 0,0003017 seconds, Stopping threads took: 0,0001595 seconds
2016-09-11T21:54:03.075-0100: 129,449: Total time for which application threads were stopped: 0,0002549 seconds, Stopping threads took: 0,0000395 seconds
2016-09-11T21:54:04.080-0100: 130,454: Total time for which application threads were stopped: 0,0002703 seconds, Stopping threads took: 0,0000411 seconds
2016-09-11T21:54:04.244-0100: 130,618: Total time for which application threads were stopped: 0,0003117 seconds, Stopping threads took: 0,0000633 seconds
2016-09-11T21:54:04.245-0100: 130,618: Total time for which application threads were stopped: 0,0002069 seconds, Stopping threads took: 0,0000186 seconds
2016-09-11T21:54:04.270-0100: 130,644: Total time for which application threads were stopped: 0,0002064 seconds, Stopping threads took: 0,0000493 seconds
2016-09-11T21:54:04.270-0100: 130,644: Total time for which application threads were stopped: 0,0001271 seconds, Stopping threads took: 0,0000228 seconds
2016-09-11T21:54:07.409-0100: 133,783: Total time for which application threads were stopped: 0,0003021 seconds, Stopping threads took: 0,0000375 seconds
2016-09-11T21:54:07.410-0100: 133,784: Total time for which application threads were stopped: 0,0002508 seconds, Stopping threads took: 0,0000434 seconds
2016-09-11T21:54:07.410-0100: 133,784: Total time for which application threads were stopped: 0,0002318 seconds, Stopping threads took: 0,0000258 seconds
2016-09-11T21:54:07.411-0100: 133,785: Total time for which application threads were stopped: 0,0002089 seconds, Stopping threads took: 0,0000440 seconds
2016-09-11T21:54:07.412-0100: 133,786: Total time for which application threads were stopped: 0,0007648 seconds, Stopping threads took: 0,0000438 seconds
2016-09-11T21:54:07.431-0100: 133,805: Total time for which application threads were stopped: 0,0002505 seconds, Stopping threads took: 0,0000349 seconds
2016-09-11T21:54:07.432-0100: 133,806: Total time for which application threads were stopped: 0,0002156 seconds, Stopping threads took: 0,0000133 seconds
2016-09-11T21:54:07.443-0100: 133,817: Total time for which application threads were stopped: 0,0004164 seconds, Stopping threads took: 0,0001364 seconds
2016-09-11T21:54:07.444-0100: 133,818: Total time for which application threads were stopped: 0,0001650 seconds, Stopping threads took: 0,0000255 seconds
2016-09-11T21:54:37.533-0100: 163,908: Total time for which application threads were stopped: 0,0003681 seconds, Stopping threads took: 0,0000770 seconds
2016-09-11T21:54:39.539-0100: 165,914: Total time for which application threads were stopped: 0,0003428 seconds, Stopping threads took: 0,0000587 seconds
2016-09-11T21:54:45.558-0100: 171,933: Total time for which application threads were stopped: 0,0003259 seconds, Stopping threads took: 0,0000569 seconds
2016-09-11T21:54:47.565-0100: 173,941: Total time for which application threads were stopped: 0,0003234 seconds, Stopping threads took: 0,0000583 seconds
2016-09-11T21:54:48.566-0100: 174,941: Total time for which application threads were stopped: 0,0002388 seconds, Stopping threads took: 0,0000343 seconds
2016-09-11T21:54:49.571-0100: 175,947: Total time for which application threads were stopped: 0,0003225 seconds, Stopping threads took: 0,0000565 seconds
2016-09-11T21:55:05.609-0100: 191,984: Total time for which application threads were stopped: 0,0003980 seconds, Stopping threads took: 0,0000515 seconds
2016-09-11T21:55:07.614-0100: 193,990: Total time for which application threads were stopped: 0,0001516 seconds, Stopping threads took: 0,0000268 seconds
2016-09-11T21:55:47.724-0100: 234,101: Total time for which application threads were stopped: 0,0003599 seconds, Stopping threads took: 0,0000517 seconds
2016-09-11T21:57:10.955-0100: 317,335: Total time for which application threads were stopped: 0,0014809 seconds, Stopping threads took: 0,0005423 seconds
2016-09-11T21:57:16.968-0100: 323,349: Total time for which application threads were stopped: 0,0001760 seconds, Stopping threads took: 0,0000310 seconds
2016-09-11T21:57:19.043-0100: 325,423: Total time for which application threads were stopped: 0,0001739 seconds, Stopping threads took: 0,0000321 seconds
2016-09-11T21:57:39.936-0100: 346,317: Total time for which application threads were stopped: 0,0006224 seconds, Stopping threads took: 0,0003714 seconds
2016-09-11T21:57:39.946-0100: 346,327: Total time for which application threads were stopped: 0,0003636 seconds, Stopping threads took: 0,0000252 seconds
2016-09-11T21:57:39.947-0100: 346,328: Total time for which application threads were stopped: 0,0001378 seconds, Stopping threads took: 0,0000124 seconds
2016-09-11T21:57:39.947-0100: 346,328: Total time for which application threads were stopped: 0,0001037 seconds, Stopping threads took: 0,0000106 seconds
2016-09-11T21:57:39.947-0100: 346,328: Total time for which application threads were stopped: 0,0001207 seconds, Stopping threads took: 0,0000133 seconds
2016-09-11T21:57:39.947-0100: 346,328: Total time for which application threads were stopped: 0,0000929 seconds, Stopping threads took: 0,0000102 seconds
2016-09-11T21:57:39.947-0100: 346,328: Total time for which application threads were stopped: 0,0001082 seconds, Stopping threads took: 0,0000117 seconds
2016-09-11T21:57:39.948-0100: 346,329: Total time for which application threads were stopped: 0,0001040 seconds, Stopping threads took: 0,0000108 seconds
2016-09-11T21:57:39.948-0100: 346,329: Total time for which application threads were stopped: 0,0001033 seconds, Stopping threads took: 0,0000110 seconds
2016-09-11T21:57:39.948-0100: 346,329: Total time for which application threads were stopped: 0,0001017 seconds, Stopping threads took: 0,0000107 seconds
2016-09-11T21:57:39.948-0100: 346,329: Total time for which application threads were stopped: 0,0001020 seconds, Stopping threads took: 0,0000104 seconds
2016-09-11T21:57:39.948-0100: 346,329: Total time for which application threads were stopped: 0,0001038 seconds, Stopping threads took: 0,0000107 seconds
2016-09-11T21:57:39.949-0100: 346,330: Total time for which application threads were stopped: 0,0001041 seconds, Stopping threads took: 0,0000108 seconds
2016-09-11T21:57:39.949-0100: 346,330: Total time for which application threads were stopped: 0,0000979 seconds, Stopping threads took: 0,0000104 seconds
2016-09-11T21:57:39.949-0100: 346,330: Total time for which application threads were stopped: 0,0001197 seconds, Stopping threads took: 0,0000098 seconds
2016-09-11T21:57:39.950-0100: 346,331: Total time for which application threads were stopped: 0,0007331 seconds, Stopping threads took: 0,0000113 seconds
2016-09-11T21:57:39.950-0100: 346,331: Total time for which application threads were stopped: 0,0001325 seconds, Stopping threads took: 0,0000130 seconds
2016-09-11T21:57:39.950-0100: 346,331: Total time for which application threads were stopped: 0,0001053 seconds, Stopping threads took: 0,0000108 seconds
2016-09-11T21:57:39.950-0100: 346,331: Total time for which application threads were stopped: 0,0001002 seconds, Stopping threads took: 0,0000100 seconds
2016-09-11T21:57:39.950-0100: 346,331: Total time for which application threads were stopped: 0,0001017 seconds, Stopping threads took: 0,0000101 seconds
2016-09-11T21:57:39.951-0100: 346,332: Total time for which application threads were stopped: 0,0001018 seconds, Stopping threads took: 0,0000106 seconds
2016-09-11T21:57:39.954-0100: 346,335: Total time for which application threads were stopped: 0,0031298 seconds, Stopping threads took: 0,0000109 seconds
2016-09-11T21:57:39.958-0100: 346,339: Total time for which application threads were stopped: 0,0002257 seconds, Stopping threads took: 0,0000394 seconds
2016-09-11T21:57:39.963-0100: 346,344: Total time for which application threads were stopped: 0,0002164 seconds, Stopping threads took: 0,0000463 seconds
2016-09-11T21:57:39.964-0100: 346,344: Total time for which application threads were stopped: 0,0000956 seconds, Stopping threads took: 0,0000281 seconds
2016-09-11T21:57:39.981-0100: 346,380: Total time for which application threads were stopped: 0,0188757 seconds, Stopping threads took: 0,0000525 seconds
2016-09-11T21:57:40.008-0100: 346,389: Total time for which application threads were stopped: 0,0001713 seconds, Stopping threads took: 0,0000236 seconds
2016-09-11T21:57:40.009-0100: 346,389: Total time for which application threads were stopped: 0,0000813 seconds, Stopping threads took: 0,0000099 seconds
2016-09-11T21:57:40.030-0100: 346,411: Total time for which application threads were stopped: 0,0002423 seconds, Stopping threads took: 0,0000364 seconds
2016-09-11T21:57:40.122-0100: 346,503: Total time for which application threads were stopped: 0,0030402 seconds, Stopping threads took: 0,0000270 seconds
2016-09-11T21:57:40.233-0100: 346,614: Total time for which application threads were stopped: 0,0002443 seconds, Stopping threads took: 0,0000274 seconds
2016-09-11T21:57:40.233-0100: 346,614: Total time for which application threads were stopped: 0,0001233 seconds, Stopping threads took: 0,0000148 seconds
2016-09-11T21:57:40.240-0100: 346,621: Total time for which application threads were stopped: 0,0002017 seconds, Stopping threads took: 0,0000267 seconds
2016-09-11T21:57:40.241-0100: 346,622: Total time for which application threads were stopped: 0,0002124 seconds, Stopping threads took: 0,0000285 seconds
2016-09-11T21:57:40.242-0100: 346,623: Total time for which application threads were stopped: 0,0003317 seconds, Stopping threads took: 0,0002039 seconds
2016-09-11T21:57:40.250-0100: 346,631: Total time for which application threads were stopped: 0,0002057 seconds, Stopping threads took: 0,0000275 seconds
2016-09-11T21:57:40.265-0100: 346,646: Total time for which application threads were stopped: 0,0001723 seconds, Stopping threads took: 0,0000264 seconds
2016-09-11T21:57:40.265-0100: 346,646: Total time for which application threads were stopped: 0,0002442 seconds, Stopping threads took: 0,0000169 seconds
2016-09-11T21:57:40.274-0100: 346,655: Total time for which application threads were stopped: 0,0002027 seconds, Stopping threads took: 0,0000295 seconds
2016-09-11T21:57:40.277-0100: 346,658: Total time for which application threads were stopped: 0,0001526 seconds, Stopping threads took: 0,0000202 seconds
2016-09-11T21:57:40.278-0100: 346,659: Total time for which application threads were stopped: 0,0001040 seconds, Stopping threads took: 0,0000141 seconds
2016-09-11T21:57:40.280-0100: 346,660: Total time for which application threads were stopped: 0,0001351 seconds, Stopping threads took: 0,0000246 seconds
2016-09-11T21:57:40.280-0100: 346,661: Total time for which application threads were stopped: 0,0001554 seconds, Stopping threads took: 0,0000205 seconds
2016-09-11T21:57:40.407-0100: 346,788: Total time for which application threads were stopped: 0,0007960 seconds, Stopping threads took: 0,0000277 seconds
2016-09-11T21:57:40.413-0100: 346,794: Total time for which application threads were stopped: 0,0001591 seconds, Stopping threads took: 0,0000202 seconds
2016-09-11T21:57:40.430-0100: 346,811: Total time for which application threads were stopped: 0,0001769 seconds, Stopping threads took: 0,0000257 seconds
2016-09-11T21:57:40.506-0100: 346,887: Total time for which application threads were stopped: 0,0001470 seconds, Stopping threads took: 0,0000220 seconds
2016-09-11T21:57:40.520-0100: 346,901: Total time for which application threads were stopped: 0,0002303 seconds, Stopping threads took: 0,0000341 seconds
2016-09-11T21:57:40.526-0100: 346,907: Total time for which application threads were stopped: 0,0001552 seconds, Stopping threads took: 0,0000193 seconds
2016-09-11T21:57:40.539-0100: 346,920: Total time for which application threads were stopped: 0,0002439 seconds, Stopping threads took: 0,0000348 seconds
2016-09-11T21:57:40.612-0100: 346,993: Total time for which application threads were stopped: 0,0001574 seconds, Stopping threads took: 0,0000215 seconds
2016-09-11T21:57:40.618-0100: 346,999: Total time for which application threads were stopped: 0,0002160 seconds, Stopping threads took: 0,0000322 seconds
2016-09-11T21:57:40.662-0100: 347,043: Total time for which application threads were stopped: 0,0001619 seconds, Stopping threads took: 0,0000229 seconds
2016-09-11T21:57:40.676-0100: 347,057: Total time for which application threads were stopped: 0,0001665 seconds, Stopping threads took: 0,0000264 seconds
2016-09-11T21:57:40.677-0100: 347,058: Total time for which application threads were stopped: 0,0001311 seconds, Stopping threads took: 0,0000174 seconds
2016-09-11T21:57:40.678-0100: 347,059: Total time for which application threads were stopped: 0,0001309 seconds, Stopping threads took: 0,0000179 seconds
2016-09-11T21:57:40.960-0100: 347,340: Total time for which application threads were stopped: 0,0003560 seconds, Stopping threads took: 0,0000232 seconds
2016-09-11T21:57:40.960-0100: 347,341: Total time for which application threads were stopped: 0,0001108 seconds, Stopping threads took: 0,0000129 seconds
2016-09-11T21:57:41.017-0100: 347,398: Total time for which application threads were stopped: 0,0001862 seconds, Stopping threads took: 0,0000303 seconds
2016-09-11T21:57:41.023-0100: 347,404: Total time for which application threads were stopped: 0,0007042 seconds, Stopping threads took: 0,0005598 seconds
2016-09-11T21:57:41.024-0100: 347,405: Total time for which application threads were stopped: 0,0001311 seconds, Stopping threads took: 0,0000149 seconds
2016-09-11T21:57:41.024-0100: 347,405: Total time for which application threads were stopped: 0,0001260 seconds, Stopping threads took: 0,0000159 seconds
2016-09-11T21:57:41.024-0100: 347,405: Total time for which application threads were stopped: 0,0000856 seconds, Stopping threads took: 0,0000094 seconds
2016-09-11T21:57:41.024-0100: 347,405: Total time for which application threads were stopped: 0,0000816 seconds, Stopping threads took: 0,0000087 seconds
2016-09-11T21:57:41.025-0100: 347,406: Total time for which application threads were stopped: 0,0000811 seconds, Stopping threads took: 0,0000089 seconds
2016-09-11T21:57:41.025-0100: 347,406: Total time for which application threads were stopped: 0,0000811 seconds, Stopping threads took: 0,0000087 seconds
2016-09-11T21:57:41.025-0100: 347,406: Total time for which application threads were stopped: 0,0000812 seconds, Stopping threads took: 0,0000089 seconds
2016-09-11T21:57:41.025-0100: 347,406: Total time for which application threads were stopped: 0,0000854 seconds, Stopping threads took: 0,0000092 seconds
2016-09-11T21:57:41.025-0100: 347,406: Total time for which application threads were stopped: 0,0000835 seconds, Stopping threads took: 0,0000086 seconds
2016-09-11T21:57:41.025-0100: 347,406: Total time for which application threads were stopped: 0,0000947 seconds, Stopping threads took: 0,0000085 seconds
2016-09-11T21:57:41.026-0100: 347,407: Total time for which application threads were stopped: 0,0000880 seconds, Stopping threads took: 0,0000093 seconds
2016-09-11T21:57:41.026-0100: 347,407: Total time for which application threads were stopped: 0,0001114 seconds, Stopping threads took: 0,0000102 seconds
2016-09-11T21:57:41.030-0100: 347,411: Total time for which application threads were stopped: 0,0001600 seconds, Stopping threads took: 0,0000225 seconds
2016-09-11T21:57:41.030-0100: 347,411: Total time for which application threads were stopped: 0,0000914 seconds, Stopping threads took: 0,0000103 seconds
2016-09-11T21:57:41.030-0100: 347,411: Total time for which application threads were stopped: 0,0000874 seconds, Stopping threads took: 0,0000095 seconds
2016-09-11T21:57:41.031-0100: 347,412: Total time for which application threads were stopped: 0,0001458 seconds, Stopping threads took: 0,0000342 seconds
2016-09-11T21:57:41.031-0100: 347,412: Total time for which application threads were stopped: 0,0001065 seconds, Stopping threads took: 0,0000282 seconds
2016-09-11T21:57:41.031-0100: 347,412: Total time for which application threads were stopped: 0,0001126 seconds, Stopping threads took: 0,0000330 seconds
2016-09-11T21:57:41.031-0100: 347,412: Total time for which application threads were stopped: 0,0000999 seconds, Stopping threads took: 0,0000254 seconds
2016-09-11T21:57:41.031-0100: 347,412: Total time for which application threads were stopped: 0,0001112 seconds, Stopping threads took: 0,0000241 seconds
2016-09-11T21:57:41.032-0100: 347,413: Total time for which application threads were stopped: 0,0001030 seconds, Stopping threads took: 0,0000270 seconds
2016-09-11T21:57:41.032-0100: 347,413: Total time for which application threads were stopped: 0,0001012 seconds, Stopping threads took: 0,0000267 seconds
2016-09-11T21:57:41.032-0100: 347,413: Total time for which application threads were stopped: 0,0001210 seconds, Stopping threads took: 0,0000366 seconds
2016-09-11T21:57:41.057-0100: 347,438: Total time for which application threads were stopped: 0,0001988 seconds, Stopping threads took: 0,0000489 seconds
2016-09-11T21:57:41.058-0100: 347,439: Total time for which application threads were stopped: 0,0001486 seconds, Stopping threads took: 0,0000161 seconds
2016-09-11T21:57:41.059-0100: 347,440: Total time for which application threads were stopped: 0,0001361 seconds, Stopping threads took: 0,0000155 seconds
2016-09-11T21:57:41.186-0100: 347,567: Total time for which application threads were stopped: 0,0002560 seconds, Stopping threads took: 0,0000260 seconds
2016-09-11T21:57:41.191-0100: 347,572: Total time for which application threads were stopped: 0,0001831 seconds, Stopping threads took: 0,0000230 seconds
2016-09-11T21:57:41.191-0100: 347,572: Total time for which application threads were stopped: 0,0000943 seconds, Stopping threads took: 0,0000112 seconds
2016-09-11T21:57:41.191-0100: 347,572: Total time for which application threads were stopped: 0,0002196 seconds, Stopping threads took: 0,0000129 seconds
2016-09-11T21:57:41.192-0100: 347,573: Total time for which application threads were stopped: 0,0001342 seconds, Stopping threads took: 0,0000153 seconds
2016-09-11T21:57:41.192-0100: 347,573: Total time for which application threads were stopped: 0,0000762 seconds, Stopping threads took: 0,0000085 seconds
2016-09-11T21:57:41.192-0100: 347,573: Total time for which application threads were stopped: 0,0000750 seconds, Stopping threads took: 0,0000091 seconds
2016-09-11T21:57:41.194-0100: 347,575: Total time for which application threads were stopped: 0,0002263 seconds, Stopping threads took: 0,0000664 seconds
2016-09-11T21:57:41.195-0100: 347,576: Total time for which application threads were stopped: 0,0001656 seconds, Stopping threads took: 0,0000669 seconds
2016-09-11T21:57:41.195-0100: 347,576: Total time for which application threads were stopped: 0,0001203 seconds, Stopping threads took: 0,0000475 seconds
2016-09-11T21:57:41.195-0100: 347,576: Total time for which application threads were stopped: 0,0001005 seconds, Stopping threads took: 0,0000278 seconds
2016-09-11T21:57:41.195-0100: 347,576: Total time for which application threads were stopped: 0,0000946 seconds, Stopping threads took: 0,0000261 seconds
2016-09-11T21:57:41.195-0100: 347,576: Total time for which application threads were stopped: 0,0001237 seconds, Stopping threads took: 0,0000580 seconds
2016-09-11T21:57:41.195-0100: 347,576: Total time for which application threads were stopped: 0,0001033 seconds, Stopping threads took: 0,0000340 seconds
2016-09-11T21:57:41.195-0100: 347,576: Total time for which application threads were stopped: 0,0001041 seconds, Stopping threads took: 0,0000363 seconds
2016-09-11T21:57:41.196-0100: 347,577: Total time for which application threads were stopped: 0,0001011 seconds, Stopping threads took: 0,0000324 seconds
2016-09-11T21:57:41.196-0100: 347,577: Total time for which application threads were stopped: 0,0000994 seconds, Stopping threads took: 0,0000327 seconds
2016-09-11T21:57:41.196-0100: 347,577: Total time for which application threads were stopped: 0,0000980 seconds, Stopping threads took: 0,0000320 seconds
2016-09-11T21:57:41.196-0100: 347,577: Total time for which application threads were stopped: 0,0001133 seconds, Stopping threads took: 0,0000492 seconds
2016-09-11T21:57:41.196-0100: 347,577: Total time for which application threads were stopped: 0,0001169 seconds, Stopping threads took: 0,0000522 seconds
2016-09-11T21:57:41.198-0100: 347,579: Total time for which application threads were stopped: 0,0001304 seconds, Stopping threads took: 0,0000352 seconds
2016-09-11T21:57:41.199-0100: 347,580: Total time for which application threads were stopped: 0,0001688 seconds, Stopping threads took: 0,0000522 seconds
2016-09-11T21:57:41.199-0100: 347,580: Total time for which application threads were stopped: 0,0001110 seconds, Stopping threads took: 0,0000380 seconds
2016-09-11T21:57:41.199-0100: 347,580: Total time for which application threads were stopped: 0,0001120 seconds, Stopping threads took: 0,0000469 seconds
2016-09-11T21:57:41.199-0100: 347,580: Total time for which application threads were stopped: 0,0001187 seconds, Stopping threads took: 0,0000550 seconds
2016-09-11T21:57:41.200-0100: 347,581: Total time for which application threads were stopped: 0,0001095 seconds, Stopping threads took: 0,0000381 seconds
2016-09-11T21:57:41.200-0100: 347,581: Total time for which application threads were stopped: 0,0002328 seconds, Stopping threads took: 0,0000360 seconds
2016-09-11T21:57:41.202-0100: 347,583: Total time for which application threads were stopped: 0,0002146 seconds, Stopping threads took: 0,0000741 seconds
2016-09-11T21:57:41.203-0100: 347,584: Total time for which application threads were stopped: 0,0002103 seconds, Stopping threads took: 0,0000521 seconds
2016-09-11T21:57:41.203-0100: 347,584: Total time for which application threads were stopped: 0,0001224 seconds, Stopping threads took: 0,0000428 seconds
2016-09-11T21:57:41.203-0100: 347,584: Total time for which application threads were stopped: 0,0001063 seconds, Stopping threads took: 0,0000267 seconds
2016-09-11T21:57:41.203-0100: 347,584: Total time for which application threads were stopped: 0,0001209 seconds, Stopping threads took: 0,0000475 seconds
2016-09-11T21:57:41.204-0100: 347,585: Total time for which application threads were stopped: 0,0001808 seconds, Stopping threads took: 0,0000193 seconds
2016-09-11T21:57:41.204-0100: 347,585: Total time for which application threads were stopped: 0,0001310 seconds, Stopping threads took: 0,0000482 seconds
2016-09-11T21:57:41.204-0100: 347,585: Total time for which application threads were stopped: 0,0001305 seconds, Stopping threads took: 0,0000308 seconds
2016-09-11T21:57:41.204-0100: 347,585: Total time for which application threads were stopped: 0,0001483 seconds, Stopping threads took: 0,0000597 seconds
2016-09-11T21:57:41.205-0100: 347,585: Total time for which application threads were stopped: 0,0001133 seconds, Stopping threads took: 0,0000244 seconds
2016-09-11T21:57:41.205-0100: 347,586: Total time for which application threads were stopped: 0,0001059 seconds, Stopping threads took: 0,0000291 seconds
2016-09-11T21:57:41.205-0100: 347,586: Total time for which application threads were stopped: 0,0000921 seconds, Stopping threads took: 0,0000109 seconds
2016-09-11T21:57:41.205-0100: 347,586: Total time for which application threads were stopped: 0,0001134 seconds, Stopping threads took: 0,0000116 seconds
2016-09-11T21:57:41.205-0100: 347,586: Total time for which application threads were stopped: 0,0000979 seconds, Stopping threads took: 0,0000116 seconds
2016-09-11T21:57:41.205-0100: 347,586: Total time for which application threads were stopped: 0,0001199 seconds, Stopping threads took: 0,0000411 seconds
2016-09-11T21:57:41.205-0100: 347,586: Total time for which application threads were stopped: 0,0001371 seconds, Stopping threads took: 0,0000438 seconds
2016-09-11T21:57:41.206-0100: 347,587: Total time for which application threads were stopped: 0,0001137 seconds, Stopping threads took: 0,0000274 seconds
2016-09-11T21:57:41.206-0100: 347,587: Total time for which application threads were stopped: 0,0001050 seconds, Stopping threads took: 0,0000271 seconds
2016-09-11T21:57:41.206-0100: 347,587: Total time for which application threads were stopped: 0,0001927 seconds, Stopping threads took: 0,0000989 seconds
2016-09-11T21:57:41.206-0100: 347,587: Total time for which application threads were stopped: 0,0002440 seconds, Stopping threads took: 0,0000268 seconds
2016-09-11T21:57:41.207-0100: 347,588: Total time for which application threads were stopped: 0,0001795 seconds, Stopping threads took: 0,0000408 seconds
2016-09-11T21:57:41.288-0100: 347,669: Total time for which application threads were stopped: 0,0002265 seconds, Stopping threads took: 0,0000553 seconds
2016-09-11T21:57:41.288-0100: 347,669: Total time for which application threads were stopped: 0,0001761 seconds, Stopping threads took: 0,0000572 seconds
2016-09-11T21:57:41.324-0100: 347,705: Total time for which application threads were stopped: 0,0001689 seconds, Stopping threads took: 0,0000230 seconds
2016-09-11T21:57:41.396-0100: 347,776: Total time for which application threads were stopped: 0,0007073 seconds, Stopping threads took: 0,0000214 seconds
2016-09-11T21:57:41.458-0100: 347,839: Total time for which application threads were stopped: 0,0001975 seconds, Stopping threads took: 0,0000550 seconds
2016-09-11T21:57:41.554-0100: 347,935: Total time for which application threads were stopped: 0,0002551 seconds, Stopping threads took: 0,0001040 seconds
2016-09-11T21:57:41.655-0100: 348,036: Total time for which application threads were stopped: 0,0002490 seconds, Stopping threads took: 0,0000669 seconds
2016-09-11T21:57:41.655-0100: 348,036: Total time for which application threads were stopped: 0,0001521 seconds, Stopping threads took: 0,0000384 seconds
2016-09-11T21:57:41.705-0100: 348,086: Total time for which application threads were stopped: 0,0002222 seconds, Stopping threads took: 0,0000697 seconds
2016-09-11T21:57:41.760-0100: 348,141: Total time for which application threads were stopped: 0,0001755 seconds, Stopping threads took: 0,0000261 seconds
2016-09-11T21:57:41.774-0100: 348,155: Total time for which application threads were stopped: 0,0001508 seconds, Stopping threads took: 0,0000243 seconds
2016-09-11T21:57:41.790-0100: 348,171: Total time for which application threads were stopped: 0,0002704 seconds, Stopping threads took: 0,0001100 seconds
2016-09-11T21:57:41.794-0100: 348,175: Total time for which application threads were stopped: 0,0001911 seconds, Stopping threads took: 0,0000538 seconds
2016-09-11T21:57:41.917-0100: 348,298: Total time for which application threads were stopped: 0,0001914 seconds, Stopping threads took: 0,0000266 seconds
2016-09-11T21:57:41.969-0100: 348,350: Total time for which application threads were stopped: 0,0007835 seconds, Stopping threads took: 0,0000332 seconds
2016-09-11T21:57:41.971-0100: 348,352: Total time for which application threads were stopped: 0,0007394 seconds, Stopping threads took: 0,0000737 seconds
2016-09-11T21:57:42.023-0100: 348,404: Total time for which application threads were stopped: 0,0002309 seconds, Stopping threads took: 0,0000283 seconds
2016-09-11T21:57:42.059-0100: 348,440: Total time for which application threads were stopped: 0,0002537 seconds, Stopping threads took: 0,0000998 seconds
2016-09-11T21:57:42.100-0100: 348,481: Total time for which application threads were stopped: 0,0002591 seconds, Stopping threads took: 0,0000347 seconds
2016-09-11T21:57:42.103-0100: 348,484: Total time for which application threads were stopped: 0,0003403 seconds, Stopping threads took: 0,0000192 seconds
2016-09-11T21:57:42.105-0100: 348,486: Total time for which application threads were stopped: 0,0001554 seconds, Stopping threads took: 0,0000180 seconds
2016-09-11T21:57:42.107-0100: 348,488: Total time for which application threads were stopped: 0,0001769 seconds, Stopping threads took: 0,0000182 seconds
2016-09-11T21:57:42.126-0100: 348,507: Total time for which application threads were stopped: 0,0002053 seconds, Stopping threads took: 0,0000295 seconds
{Heap before GC invocations=34 (full 1):
 par new generation   total 109248K, used 101793K [0x00000007a0000000, 0x00000007a8000000, 0x00000007a8000000)
  eden space 87424K, 100% used [0x00000007a0000000, 0x00000007a5560000, 0x00000007a5560000)
  from space 21824K,  65% used [0x00000007a5560000, 0x00000007a6368680, 0x00000007a6ab0000)
  to   space 21824K,   0% used [0x00000007a6ab0000, 0x00000007a6ab0000, 0x00000007a8000000)
 concurrent mark-sweep generation total 393216K, used 27195K [0x00000007a8000000, 0x00000007c0000000, 0x00000007c0000000)
 Metaspace       used 40793K, capacity 41664K, committed 42060K, reserved 1087488K
  class space    used 4603K, capacity 4866K, committed 4984K, reserved 1048576K
2016-09-11T21:57:42.129-0100: 348,510: [GC (Allocation Failure) 2016-09-11T21:57:42.129-0100: 348,510: [ParNew
Desired survivor size 20112992 bytes, new threshold 6 (max 8)
- age   1:   10943240 bytes,   10943240 total
- age   2:    5039880 bytes,   15983120 total
- age   3:      84288 bytes,   16067408 total
- age   4:      69848 bytes,   16137256 total
- age   5:     201440 bytes,   16338696 total
- age   6:    5380408 bytes,   21719104 total
- age   7:     541528 bytes,   22260632 total
- age   8:      80840 bytes,   22341472 total
: 101793K->21824K(109248K), 0,1238267 secs] 128989K->56263K(502464K), 0,1239523 secs] [Times: user=0,12 sys=0,17, real=0,13 secs] 
Heap after GC invocations=35 (full 1):
 par new generation   total 109248K, used 21824K [0x00000007a0000000, 0x00000007a8000000, 0x00000007a8000000)
  eden space 87424K,   0% used [0x00000007a0000000, 0x00000007a0000000, 0x00000007a5560000)
  from space 21824K, 100% used [0x00000007a6ab0000, 0x00000007a8000000, 0x00000007a8000000)
  to   space 21824K,   0% used [0x00000007a5560000, 0x00000007a5560000, 0x00000007a6ab0000)
 concurrent mark-sweep generation total 393216K, used 34439K [0x00000007a8000000, 0x00000007c0000000, 0x00000007c0000000)
 Metaspace       used 40793K, capacity 41664K, committed 42060K, reserved 1087488K
  class space    used 4603K, capacity 4866K, committed 4984K, reserved 1048576K
}
2016-09-11T21:57:42.253-0100: 348,634: Total time for which application threads were stopped: 0,1243004 seconds, Stopping threads took: 0,0000431 seconds
2016-09-11T21:57:42.259-0100: 348,640: [GC (CMS Initial Mark) [1 CMS-initial-mark: 34439K(393216K)] 56604K(502464K), 0,0083723 secs] [Times: user=0,03 sys=0,00, real=0,01 secs] 
2016-09-11T21:57:42.268-0100: 348,649: Total time for which application threads were stopped: 0,0086839 seconds, Stopping threads took: 0,0001243 seconds
2016-09-11T21:57:42.268-0100: 348,649: [CMS-concurrent-mark-start]
2016-09-11T21:57:42.278-0100: 348,659: Total time for which application threads were stopped: 0,0002229 seconds, Stopping threads took: 0,0000473 seconds
2016-09-11T21:57:42.278-0100: 348,659: Total time for which application threads were stopped: 0,0001372 seconds, Stopping threads took: 0,0000534 seconds
2016-09-11T21:57:42.278-0100: 348,659: Total time for which application threads were stopped: 0,0001183 seconds, Stopping threads took: 0,0000304 seconds
2016-09-11T21:57:42.279-0100: 348,660: Total time for which application threads were stopped: 0,0001380 seconds, Stopping threads took: 0,0000555 seconds
2016-09-11T21:57:42.279-0100: 348,660: Total time for which application threads were stopped: 0,0001055 seconds, Stopping threads took: 0,0000264 seconds
2016-09-11T21:57:42.279-0100: 348,660: Total time for which application threads were stopped: 0,0000897 seconds, Stopping threads took: 0,0000104 seconds
2016-09-11T21:57:42.279-0100: 348,660: Total time for which application threads were stopped: 0,0000880 seconds, Stopping threads took: 0,0000101 seconds
2016-09-11T21:57:42.279-0100: 348,660: Total time for which application threads were stopped: 0,0000831 seconds, Stopping threads took: 0,0000131 seconds
2016-09-11T21:57:42.279-0100: 348,660: Total time for which application threads were stopped: 0,0000836 seconds, Stopping threads took: 0,0000097 seconds
2016-09-11T21:57:42.279-0100: 348,660: Total time for which application threads were stopped: 0,0001001 seconds, Stopping threads took: 0,0000284 seconds
2016-09-11T21:57:42.280-0100: 348,661: Total time for which application threads were stopped: 0,0001970 seconds, Stopping threads took: 0,0000104 seconds
2016-09-11T21:57:42.384-0100: 348,765: [CMS-concurrent-mark: 0,115/0,117 secs] [Times: user=0,32 sys=0,05, real=0,12 secs] 
2016-09-11T21:57:42.384-0100: 348,765: [CMS-concurrent-preclean-start]
2016-09-11T21:57:42.386-0100: 348,767: [CMS-concurrent-preclean: 0,002/0,002 secs] [Times: user=0,00 sys=0,01, real=0,00 secs] 
2016-09-11T21:57:42.386-0100: 348,767: [CMS-concurrent-abortable-preclean-start]
2016-09-11T21:57:42.642-0100: 349,023: Total time for which application threads were stopped: 0,0002271 seconds, Stopping threads took: 0,0000337 seconds
2016-09-11T21:57:42.642-0100: 349,023: Total time for which application threads were stopped: 0,0001019 seconds, Stopping threads took: 0,0000088 seconds
2016-09-11T21:57:42.697-0100: 349,078: Total time for which application threads were stopped: 0,0001722 seconds, Stopping threads took: 0,0000235 seconds
2016-09-11T21:57:42.936-0100: 349,317: Total time for which application threads were stopped: 0,0002113 seconds, Stopping threads took: 0,0000239 seconds
2016-09-11T21:57:43.022-0100: 349,403: Total time for which application threads were stopped: 0,0002024 seconds, Stopping threads took: 0,0000275 seconds
2016-09-11T21:57:43.022-0100: 349,403: [CMS-concurrent-abortable-preclean: 0,473/0,636 secs] [Times: user=1,75 sys=0,05, real=0,64 secs] 
2016-09-11T21:57:43.023-0100: 349,404: [GC (CMS Final Remark) [YG occupancy: 75445 K (109248 K)]{Heap before GC invocations=35 (full 2):
 par new generation   total 109248K, used 75445K [0x00000007a0000000, 0x00000007a8000000, 0x00000007a8000000)
  eden space 87424K,  61% used [0x00000007a0000000, 0x00000007a345d698, 0x00000007a5560000)
  from space 21824K, 100% used [0x00000007a6ab0000, 0x00000007a8000000, 0x00000007a8000000)
  to   space 21824K,   0% used [0x00000007a5560000, 0x00000007a5560000, 0x00000007a6ab0000)
 concurrent mark-sweep generation total 393216K, used 34439K [0x00000007a8000000, 0x00000007c0000000, 0x00000007c0000000)
 Metaspace       used 41392K, capacity 42272K, committed 42468K, reserved 1087488K
  class space    used 4654K, capacity 4898K, committed 4984K, reserved 1048576K
2016-09-11T21:57:43.023-0100: 349,404: [GC (CMS Final Remark) 2016-09-11T21:57:43.023-0100: 349,404: [ParNew
Desired survivor size 20112992 bytes, new threshold 8 (max 8)
- age   1:    4734728 bytes,    4734728 total
- age   2:    9539976 bytes,   14274704 total
- age   3:    5039880 bytes,   19314584 total
- age   4:      84288 bytes,   19398872 total
- age   5:      69848 bytes,   19468720 total
- age   6:     201440 bytes,   19670160 total
: 75445K->21824K(109248K), 0,0399025 secs] 109884K->63956K(502464K), 0,0399777 secs] [Times: user=0,13 sys=0,01, real=0,04 secs] 
Heap after GC invocations=36 (full 2):
 par new generation   total 109248K, used 21824K [0x00000007a0000000, 0x00000007a8000000, 0x00000007a8000000)
  eden space 87424K,   0% used [0x00000007a0000000, 0x00000007a0000000, 0x00000007a5560000)
  from space 21824K, 100% used [0x00000007a5560000, 0x00000007a6ab0000, 0x00000007a6ab0000)
  to   space 21824K,   0% used [0x00000007a6ab0000, 0x00000007a6ab0000, 0x00000007a8000000)
 concurrent mark-sweep generation total 393216K, used 42132K [0x00000007a8000000, 0x00000007c0000000, 0x00000007c0000000)
 Metaspace       used 41392K, capacity 42272K, committed 42468K, reserved 1087488K
  class space    used 4654K, capacity 4898K, committed 4984K, reserved 1048576K
}
2016-09-11T21:57:43.063-0100: 349,444: [Rescan (parallel) , 0,0115691 secs]2016-09-11T21:57:43.074-0100: 349,456: [weak refs processing, 0,0007165 secs]2016-09-11T21:57:43.075-0100: 349,456: [class unloading, 0,0423317 secs]2016-09-11T21:57:43.118-0100: 349,499: [scrub symbol table, 0,0095931 secs]2016-09-11T21:57:43.127-0100: 349,508: [scrub string table, 0,0007970 secs][1 CMS-remark: 42132K(393216K)] 63956K(502464K), 0,1071603 secs] [Times: user=0,20 sys=0,04, real=0,11 secs] 
2016-09-11T21:57:43.130-0100: 349,511: Total time for which application threads were stopped: 0,1073716 seconds, Stopping threads took: 0,0000199 seconds
2016-09-11T21:57:43.130-0100: 349,511: [CMS-concurrent-sweep-start]
2016-09-11T21:57:43.131-0100: 349,512: Total time for which application threads were stopped: 0,0002306 seconds, Stopping threads took: 0,0000770 seconds
2016-09-11T21:57:43.131-0100: 349,512: Total time for which application threads were stopped: 0,0001304 seconds, Stopping threads took: 0,0000282 seconds
2016-09-11T21:57:43.131-0100: 349,512: Total time for which application threads were stopped: 0,0001052 seconds, Stopping threads took: 0,0000255 seconds
2016-09-11T21:57:43.131-0100: 349,512: Total time for which application threads were stopped: 0,0001495 seconds, Stopping threads took: 0,0000507 seconds
2016-09-11T21:57:43.131-0100: 349,512: Total time for which application threads were stopped: 0,0001137 seconds, Stopping threads took: 0,0000269 seconds
2016-09-11T21:57:43.132-0100: 349,513: Total time for which application threads were stopped: 0,0001077 seconds, Stopping threads took: 0,0000314 seconds
2016-09-11T21:57:43.132-0100: 349,513: Total time for which application threads were stopped: 0,0000974 seconds, Stopping threads took: 0,0000244 seconds
2016-09-11T21:57:43.132-0100: 349,513: Total time for which application threads were stopped: 0,0001111 seconds, Stopping threads took: 0,0000297 seconds
2016-09-11T21:57:43.132-0100: 349,513: Total time for which application threads were stopped: 0,0001056 seconds, Stopping threads took: 0,0000261 seconds
2016-09-11T21:57:43.132-0100: 349,513: Total time for which application threads were stopped: 0,0001051 seconds, Stopping threads took: 0,0000253 seconds
2016-09-11T21:57:43.132-0100: 349,513: Total time for which application threads were stopped: 0,0001203 seconds, Stopping threads took: 0,0000457 seconds
2016-09-11T21:57:43.133-0100: 349,514: Total time for which application threads were stopped: 0,0001060 seconds, Stopping threads took: 0,0000308 seconds
2016-09-11T21:57:43.133-0100: 349,514: Total time for which application threads were stopped: 0,0001021 seconds, Stopping threads took: 0,0000216 seconds
2016-09-11T21:57:43.133-0100: 349,514: Total time for which application threads were stopped: 0,0002039 seconds, Stopping threads took: 0,0001276 seconds
2016-09-11T21:57:43.133-0100: 349,514: Total time for which application threads were stopped: 0,0001405 seconds, Stopping threads took: 0,0000589 seconds
2016-09-11T21:57:43.133-0100: 349,514: Total time for which application threads were stopped: 0,0001201 seconds, Stopping threads took: 0,0000421 seconds
2016-09-11T21:57:43.133-0100: 349,515: Total time for which application threads were stopped: 0,0000942 seconds, Stopping threads took: 0,0000121 seconds
2016-09-11T21:57:43.134-0100: 349,515: Total time for which application threads were stopped: 0,0000844 seconds, Stopping threads took: 0,0000147 seconds
2016-09-11T21:57:43.134-0100: 349,515: Total time for which application threads were stopped: 0,0001208 seconds, Stopping threads took: 0,0000469 seconds
2016-09-11T21:57:43.134-0100: 349,515: Total time for which application threads were stopped: 0,0000941 seconds, Stopping threads took: 0,0000274 seconds
2016-09-11T21:57:43.169-0100: 349,550: [CMS-concurrent-sweep: 0,036/0,039 secs] [Times: user=0,11 sys=0,01, real=0,03 secs] 
2016-09-11T21:57:43.169-0100: 349,550: [CMS-concurrent-reset-start]
2016-09-11T21:57:43.174-0100: 349,555: [CMS-concurrent-reset: 0,005/0,005 secs] [Times: user=0,01 sys=0,00, real=0,01 secs] 
{Heap before GC invocations=36 (full 2):
 par new generation   total 109248K, used 109248K [0x00000007a0000000, 0x00000007a8000000, 0x00000007a8000000)
  eden space 87424K, 100% used [0x00000007a0000000, 0x00000007a5560000, 0x00000007a5560000)
  from space 21824K, 100% used [0x00000007a5560000, 0x00000007a6ab0000, 0x00000007a6ab0000)
  to   space 21824K,   0% used [0x00000007a6ab0000, 0x00000007a6ab0000, 0x00000007a8000000)
 concurrent mark-sweep generation total 393216K, used 40569K [0x00000007a8000000, 0x00000007c0000000, 0x00000007c0000000)
 Metaspace       used 41452K, capacity 42276K, committed 42724K, reserved 1087488K
  class space    used 4654K, capacity 4914K, committed 4984K, reserved 1048576K
2016-09-11T21:57:43.555-0100: 349,936: [GC (Allocation Failure) 2016-09-11T21:57:43.555-0100: 349,936: [ParNew
Desired survivor size 20112992 bytes, new threshold 4 (max 8)
- age   1:    5428976 bytes,    5428976 total
- age   2:    2720288 bytes,    8149264 total
- age   3:    8802440 bytes,   16951704 total
- age   4:    5032792 bytes,   21984496 total
- age   5:      83976 bytes,   22068472 total
- age   6:      69848 bytes,   22138320 total
- age   7:     198520 bytes,   22336840 total
: 109248K->21824K(109248K), 0,0255077 secs] 149817K->70680K(502464K), 0,0256071 secs] [Times: user=0,09 sys=0,01, real=0,03 secs] 
Heap after GC invocations=37 (full 2):
 par new generation   total 109248K, used 21824K [0x00000007a0000000, 0x00000007a8000000, 0x00000007a8000000)
  eden space 87424K,   0% used [0x00000007a0000000, 0x00000007a0000000, 0x00000007a5560000)
  from space 21824K, 100% used [0x00000007a6ab0000, 0x00000007a8000000, 0x00000007a8000000)
  to   space 21824K,   0% used [0x00000007a5560000, 0x00000007a5560000, 0x00000007a6ab0000)
 concurrent mark-sweep generation total 393216K, used 48856K [0x00000007a8000000, 0x00000007c0000000, 0x00000007c0000000)
 Metaspace       used 41452K, capacity 42276K, committed 42724K, reserved 1087488K
  class space    used 4654K, capacity 4914K, committed 4984K, reserved 1048576K
}
2016-09-11T21:57:43.581-0100: 349,962: Total time for which application threads were stopped: 0,0261637 seconds, Stopping threads took: 0,0000848 seconds
2016-09-11T21:57:43.591-0100: 349,972: Total time for which application threads were stopped: 0,0003059 seconds, Stopping threads took: 0,0001122 seconds
2016-09-11T21:57:43.592-0100: 349,973: Total time for which application threads were stopped: 0,0003651 seconds, Stopping threads took: 0,0000889 seconds
{Heap before GC invocations=37 (full 2):
 par new generation   total 109248K, used 109248K [0x00000007a0000000, 0x00000007a8000000, 0x00000007a8000000)
  eden space 87424K, 100% used [0x00000007a0000000, 0x00000007a5560000, 0x00000007a5560000)
  from space 21824K, 100% used [0x00000007a6ab0000, 0x00000007a8000000, 0x00000007a8000000)
  to   space 21824K,   0% used [0x00000007a5560000, 0x00000007a5560000, 0x00000007a6ab0000)
 concurrent mark-sweep generation total 393216K, used 48856K [0x00000007a8000000, 0x00000007c0000000, 0x00000007c0000000)
 Metaspace       used 41452K, capacity 42276K, committed 42724K, reserved 1087488K
  class space    used 4654K, capacity 4914K, committed 4984K, reserved 1048576K
2016-09-11T21:57:43.804-0100: 350,185: [GC (Allocation Failure) 2016-09-11T21:57:43.804-0100: 350,185: [ParNew
Desired survivor size 20112992 bytes, new threshold 8 (max 8)
- age   1:        192 bytes,        192 total
- age   2:    2609568 bytes,    2609760 total
- age   3:    2656472 bytes,    5266232 total
- age   4:    6959712 bytes,   12225944 total
: 109248K->21824K(109248K), 0,0252258 secs] 158104K->80523K(502464K), 0,0253139 secs] [Times: user=0,08 sys=0,00, real=0,02 secs] 
Heap after GC invocations=38 (full 2):
 par new generation   total 109248K, used 21824K [0x00000007a0000000, 0x00000007a8000000, 0x00000007a8000000)
  eden space 87424K,   0% used [0x00000007a0000000, 0x00000007a0000000, 0x00000007a5560000)
  from space 21824K, 100% used [0x00000007a5560000, 0x00000007a6ab0000, 0x00000007a6ab0000)
  to   space 21824K,   0% used [0x00000007a6ab0000, 0x00000007a6ab0000, 0x00000007a8000000)
 concurrent mark-sweep generation total 393216K, used 58699K [0x00000007a8000000, 0x00000007c0000000, 0x00000007c0000000)
 Metaspace       used 41452K, capacity 42276K, committed 42724K, reserved 1087488K
  class space    used 4654K, capacity 4914K, committed 4984K, reserved 1048576K
}
2016-09-11T21:57:43.830-0100: 350,211: Total time for which application threads were stopped: 0,0257345 seconds, Stopping threads took: 0,0001446 seconds
{Heap before GC invocations=38 (full 2):
 par new generation   total 109248K, used 109248K [0x00000007a0000000, 0x00000007a8000000, 0x00000007a8000000)
  eden space 87424K, 100% used [0x00000007a0000000, 0x00000007a5560000, 0x00000007a5560000)
  from space 21824K, 100% used [0x00000007a5560000, 0x00000007a6ab0000, 0x00000007a6ab0000)
  to   space 21824K,   0% used [0x00000007a6ab0000, 0x00000007a6ab0000, 0x00000007a8000000)
 concurrent mark-sweep generation total 393216K, used 58699K [0x00000007a8000000, 0x00000007c0000000, 0x00000007c0000000)
 Metaspace       used 41452K, capacity 42276K, committed 42724K, reserved 1087488K
  class space    used 4654K, capacity 4914K, committed 4984K, reserved 1048576K
2016-09-11T21:57:43.936-0100: 350,317: [GC (Allocation Failure) 2016-09-11T21:57:43.936-0100: 350,317: [ParNew
Desired survivor size 20112992 bytes, new threshold 8 (max 8)
- age   1:        824 bytes,        824 total
- age   2:         48 bytes,        872 total
- age   3:    2609568 bytes,    2610440 total
- age   4:    2656472 bytes,    5266912 total
- age   5:    6959712 bytes,   12226624 total
: 109248K->15049K(109248K), 0,0101449 secs] 167947K->73748K(502464K), 0,0102337 secs] [Times: user=0,04 sys=0,01, real=0,01 secs] 
Heap after GC invocations=39 (full 2):
 par new generation   total 109248K, used 15049K [0x00000007a0000000, 0x00000007a8000000, 0x00000007a8000000)
  eden space 87424K,   0% used [0x00000007a0000000, 0x00000007a0000000, 0x00000007a5560000)
  from space 21824K,  68% used [0x00000007a6ab0000, 0x00000007a7962480, 0x00000007a8000000)
  to   space 21824K,   0% used [0x00000007a5560000, 0x00000007a5560000, 0x00000007a6ab0000)
 concurrent mark-sweep generation total 393216K, used 58699K [0x00000007a8000000, 0x00000007c0000000, 0x00000007c0000000)
 Metaspace       used 41452K, capacity 42276K, committed 42724K, reserved 1087488K
  class space    used 4654K, capacity 4914K, committed 4984K, reserved 1048576K
}
2016-09-11T21:57:43.946-0100: 350,327: Total time for which application threads were stopped: 0,0105652 seconds, Stopping threads took: 0,0001054 seconds
{Heap before GC invocations=39 (full 2):
 par new generation   total 109248K, used 102473K [0x00000007a0000000, 0x00000007a8000000, 0x00000007a8000000)
  eden space 87424K, 100% used [0x00000007a0000000, 0x00000007a5560000, 0x00000007a5560000)
  from space 21824K,  68% used [0x00000007a6ab0000, 0x00000007a7962480, 0x00000007a8000000)
  to   space 21824K,   0% used [0x00000007a5560000, 0x00000007a5560000, 0x00000007a6ab0000)
 concurrent mark-sweep generation total 393216K, used 58699K [0x00000007a8000000, 0x00000007c0000000, 0x00000007c0000000)
 Metaspace       used 41452K, capacity 42276K, committed 42724K, reserved 1087488K
  class space    used 4654K, capacity 4914K, committed 4984K, reserved 1048576K
2016-09-11T21:57:44.030-0100: 350,411: [GC (Allocation Failure) 2016-09-11T21:57:44.030-0100: 350,411: [ParNew
Desired survivor size 20112992 bytes, new threshold 8 (max 8)
- age   1:        576 bytes,        576 total
- age   3:         48 bytes,        624 total
- age   4:    2609568 bytes,    2610192 total
- age   5:    2656472 bytes,    5266664 total
- age   6:    6959520 bytes,   12226184 total
: 102473K->16254K(109248K), 0,0100886 secs] 161172K->74954K(502464K), 0,0101604 secs] [Times: user=0,04 sys=0,00, real=0,01 secs] 
Heap after GC invocations=40 (full 2):
 par new generation   total 109248K, used 16254K [0x00000007a0000000, 0x00000007a8000000, 0x00000007a8000000)
  eden space 87424K,   0% used [0x00000007a0000000, 0x00000007a0000000, 0x00000007a5560000)
  from space 21824K,  74% used [0x00000007a5560000, 0x00000007a653f950, 0x00000007a6ab0000)
  to   space 21824K,   0% used [0x00000007a6ab0000, 0x00000007a6ab0000, 0x00000007a8000000)
 concurrent mark-sweep generation total 393216K, used 58699K [0x00000007a8000000, 0x00000007c0000000, 0x00000007c0000000)
 Metaspace       used 41452K, capacity 42276K, committed 42724K, reserved 1087488K
  class space    used 4654K, capacity 4914K, committed 4984K, reserved 1048576K
}
2016-09-11T21:57:44.040-0100: 350,422: Total time for which application threads were stopped: 0,0104694 seconds, Stopping threads took: 0,0000788 seconds
{Heap before GC invocations=40 (full 2):
 par new generation   total 109248K, used 103678K [0x00000007a0000000, 0x00000007a8000000, 0x00000007a8000000)
  eden space 87424K, 100% used [0x00000007a0000000, 0x00000007a5560000, 0x00000007a5560000)
  from space 21824K,  74% used [0x00000007a5560000, 0x00000007a653f950, 0x00000007a6ab0000)
  to   space 21824K,   0% used [0x00000007a6ab0000, 0x00000007a6ab0000, 0x00000007a8000000)
 concurrent mark-sweep generation total 393216K, used 58699K [0x00000007a8000000, 0x00000007c0000000, 0x00000007c0000000)
 Metaspace       used 41452K, capacity 42276K, committed 42724K, reserved 1087488K
  class space    used 4654K, capacity 4914K, committed 4984K, reserved 1048576K
2016-09-11T21:57:44.130-0100: 350,512: [GC (Allocation Failure) 2016-09-11T21:57:44.131-0100: 350,512: [ParNew
Desired survivor size 20112992 bytes, new threshold 8 (max 8)
- age   1:        704 bytes,        704 total
- age   4:         48 bytes,        752 total
- age   5:    2609568 bytes,    2610320 total
- age   6:    2656544 bytes,    5266864 total
- age   7:    6959520 bytes,   12226384 total
: 103678K->14372K(109248K), 0,0101334 secs] 162378K->73072K(502464K), 0,0102230 secs] [Times: user=0,04 sys=0,00, real=0,01 secs] 
Heap after GC invocations=41 (full 2):
 par new generation   total 109248K, used 14372K [0x00000007a0000000, 0x00000007a8000000, 0x00000007a8000000)
  eden space 87424K,   0% used [0x00000007a0000000, 0x00000007a0000000, 0x00000007a5560000)
  from space 21824K,  65% used [0x00000007a6ab0000, 0x00000007a78b9340, 0x00000007a8000000)
  to   space 21824K,   0% used [0x00000007a5560000, 0x00000007a5560000, 0x00000007a6ab0000)
 concurrent mark-sweep generation total 393216K, used 58699K [0x00000007a8000000, 0x00000007c0000000, 0x00000007c0000000)
 Metaspace       used 41452K, capacity 42276K, committed 42724K, reserved 1087488K
  class space    used 4654K, capacity 4914K, committed 4984K, reserved 1048576K
}
2016-09-11T21:57:44.141-0100: 350,522: Total time for which application threads were stopped: 0,0105514 seconds, Stopping threads took: 0,0001010 seconds
{Heap before GC invocations=41 (full 2):
 par new generation   total 109248K, used 101796K [0x00000007a0000000, 0x00000007a8000000, 0x00000007a8000000)
  eden space 87424K, 100% used [0x00000007a0000000, 0x00000007a5560000, 0x00000007a5560000)
  from space 21824K,  65% used [0x00000007a6ab0000, 0x00000007a78b9340, 0x00000007a8000000)
  to   space 21824K,   0% used [0x00000007a5560000, 0x00000007a5560000, 0x00000007a6ab0000)
 concurrent mark-sweep generation total 393216K, used 58699K [0x00000007a8000000, 0x00000007c0000000, 0x00000007c0000000)
 Metaspace       used 41452K, capacity 42276K, committed 42724K, reserved 1087488K
  class space    used 4654K, capacity 4914K, committed 4984K, reserved 1048576K
2016-09-11T21:57:44.229-0100: 350,610: [GC (Allocation Failure) 2016-09-11T21:57:44.229-0100: 350,610: [ParNew
Desired survivor size 20112992 bytes, new threshold 8 (max 8)
- age   1:       1216 bytes,       1216 total
- age   2:        208 bytes,       1424 total
- age   5:         48 bytes,       1472 total
- age   6:    2609568 bytes,    2611040 total
- age   7:    2656616 bytes,    5267656 total
- age   8:    6959560 bytes,   12227216 total
: 101796K->16127K(109248K), 0,0101375 secs] 160496K->74826K(502464K), 0,0102131 secs] [Times: user=0,03 sys=0,00, real=0,01 secs] 
Heap after GC invocations=42 (full 2):
 par new generation   total 109248K, used 16127K [0x00000007a0000000, 0x00000007a8000000, 0x00000007a8000000)
  eden space 87424K,   0% used [0x00000007a0000000, 0x00000007a0000000, 0x00000007a5560000)
  from space 21824K,  73% used [0x00000007a5560000, 0x00000007a651fca0, 0x00000007a6ab0000)
  to   space 21824K,   0% used [0x00000007a6ab0000, 0x00000007a6ab0000, 0x00000007a8000000)
 concurrent mark-sweep generation total 393216K, used 58699K [0x00000007a8000000, 0x00000007c0000000, 0x00000007c0000000)
 Metaspace       used 41452K, capacity 42276K, committed 42724K, reserved 1087488K
  class space    used 4654K, capacity 4914K, committed 4984K, reserved 1048576K
}
2016-09-11T21:57:44.239-0100: 350,620: Total time for which application threads were stopped: 0,0105469 seconds, Stopping threads took: 0,0001001 seconds
2016-09-11T21:57:44.467-0100: 350,848: Total time for which application threads were stopped: 0,0008395 seconds, Stopping threads took: 0,0000884 seconds
{Heap before GC invocations=42 (full 2):
 par new generation   total 109248K, used 103551K [0x00000007a0000000, 0x00000007a8000000, 0x00000007a8000000)
  eden space 87424K, 100% used [0x00000007a0000000, 0x00000007a5560000, 0x00000007a5560000)
  from space 21824K,  73% used [0x00000007a5560000, 0x00000007a651fca0, 0x00000007a6ab0000)
  to   space 21824K,   0% used [0x00000007a6ab0000, 0x00000007a6ab0000, 0x00000007a8000000)
 concurrent mark-sweep generation total 393216K, used 58699K [0x00000007a8000000, 0x00000007c0000000, 0x00000007c0000000)
 Metaspace       used 41513K, capacity 42404K, committed 42724K, reserved 1087488K
  class space    used 4659K, capacity 4914K, committed 4984K, reserved 1048576K
2016-09-11T21:57:44.476-0100: 350,857: [GC (Allocation Failure) 2016-09-11T21:57:44.476-0100: 350,857: [ParNew
Desired survivor size 20112992 bytes, new threshold 8 (max 8)
- age   1:    1630448 bytes,    1630448 total
- age   3:        208 bytes,    1630656 total
- age   6:         48 bytes,    1630704 total
- age   7:    2345720 bytes,    3976424 total
- age   8:    2656440 bytes,    6632864 total
: 103551K->10748K(109248K), 0,0235088 secs] 162250K->76315K(502464K), 0,0236065 secs] [Times: user=0,08 sys=0,01, real=0,02 secs] 
Heap after GC invocations=43 (full 2):
 par new generation   total 109248K, used 10748K [0x00000007a0000000, 0x00000007a8000000, 0x00000007a8000000)
  eden space 87424K,   0% used [0x00000007a0000000, 0x00000007a0000000, 0x00000007a5560000)
  from space 21824K,  49% used [0x00000007a6ab0000, 0x00000007a752f130, 0x00000007a8000000)
  to   space 21824K,   0% used [0x00000007a5560000, 0x00000007a5560000, 0x00000007a6ab0000)
 concurrent mark-sweep generation total 393216K, used 65567K [0x00000007a8000000, 0x00000007c0000000, 0x00000007c0000000)
 Metaspace       used 41513K, capacity 42404K, committed 42724K, reserved 1087488K
  class space    used 4659K, capacity 4914K, committed 4984K, reserved 1048576K
}
2016-09-11T21:57:44.499-0100: 350,880: Total time for which application threads were stopped: 0,0239184 seconds, Stopping threads took: 0,0000514 seconds
2016-09-11T21:57:45.505-0100: 351,886: Total time for which application threads were stopped: 0,0004458 seconds, Stopping threads took: 0,0000523 seconds
2016-09-11T21:57:45.741-0100: 352,122: Total time for which application threads were stopped: 0,0006003 seconds, Stopping threads took: 0,0001372 seconds
{Heap before GC invocations=43 (full 2):
 par new generation   total 109248K, used 98172K [0x00000007a0000000, 0x00000007a8000000, 0x00000007a8000000)
  eden space 87424K, 100% used [0x00000007a0000000, 0x00000007a5560000, 0x00000007a5560000)
  from space 21824K,  49% used [0x00000007a6ab0000, 0x00000007a752f130, 0x00000007a8000000)
  to   space 21824K,   0% used [0x00000007a5560000, 0x00000007a5560000, 0x00000007a6ab0000)
 concurrent mark-sweep generation total 393216K, used 65567K [0x00000007a8000000, 0x00000007c0000000, 0x00000007c0000000)
 Metaspace       used 42205K, capacity 43050K, committed 43364K, reserved 1087488K
  class space    used 4752K, capacity 4995K, committed 5112K, reserved 1048576K
2016-09-11T21:57:45.749-0100: 352,130: [GC (Allocation Failure) 2016-09-11T21:57:45.749-0100: 352,130: [ParNew
Desired survivor size 20112992 bytes, new threshold 8 (max 8)
- age   1:    5666312 bytes,    5666312 total
- age   2:    1155448 bytes,    6821760 total
- age   4:        208 bytes,    6821968 total
- age   7:         48 bytes,    6822016 total
- age   8:    2214048 bytes,    9036064 total
: 98172K->11213K(109248K), 0,0232937 secs] 163739K->79385K(502464K), 0,0235983 secs] [Times: user=0,06 sys=0,01, real=0,03 secs] 
Heap after GC invocations=44 (full 2):
 par new generation   total 109248K, used 11213K [0x00000007a0000000, 0x00000007a8000000, 0x00000007a8000000)
  eden space 87424K,   0% used [0x00000007a0000000, 0x00000007a0000000, 0x00000007a5560000)
  from space 21824K,  51% used [0x00000007a5560000, 0x00000007a6053450, 0x00000007a6ab0000)
  to   space 21824K,   0% used [0x00000007a6ab0000, 0x00000007a6ab0000, 0x00000007a8000000)
 concurrent mark-sweep generation total 393216K, used 68172K [0x00000007a8000000, 0x00000007c0000000, 0x00000007c0000000)
 Metaspace       used 42205K, capacity 43050K, committed 43364K, reserved 1087488K
  class space    used 4752K, capacity 4995K, committed 5112K, reserved 1048576K
}
2016-09-11T21:57:45.772-0100: 352,153: Total time for which application threads were stopped: 0,0242606 seconds, Stopping threads took: 0,0001858 seconds
2016-09-11T21:57:45.787-0100: 352,168: Total time for which application threads were stopped: 0,0048903 seconds, Stopping threads took: 0,0042540 seconds
2016-09-11T21:57:45.788-0100: 352,169: Total time for which application threads were stopped: 0,0001831 seconds, Stopping threads took: 0,0000367 seconds
{Heap before GC invocations=44 (full 2):
 par new generation   total 109248K, used 98637K [0x00000007a0000000, 0x00000007a8000000, 0x00000007a8000000)
  eden space 87424K, 100% used [0x00000007a0000000, 0x00000007a5560000, 0x00000007a5560000)
  from space 21824K,  51% used [0x00000007a5560000, 0x00000007a6053450, 0x00000007a6ab0000)
  to   space 21824K,   0% used [0x00000007a6ab0000, 0x00000007a6ab0000, 0x00000007a8000000)
 concurrent mark-sweep generation total 393216K, used 68172K [0x00000007a8000000, 0x00000007c0000000, 0x00000007c0000000)
 Metaspace       used 42404K, capacity 43232K, committed 43620K, reserved 1087488K
  class space    used 4774K, capacity 5004K, committed 5112K, reserved 1048576K
2016-09-11T21:57:45.822-0100: 352,204: [GC (Allocation Failure) 2016-09-11T21:57:45.823-0100: 352,204: [ParNew
Desired survivor size 20112992 bytes, new threshold 8 (max 8)
- age   1:     748000 bytes,     748000 total
- age   2:    4745520 bytes,    5493520 total
- age   3:    1154976 bytes,    6648496 total
- age   5:        208 bytes,    6648704 total
- age   8:         48 bytes,    6648752 total
: 98637K->11062K(109248K), 0,0207883 secs] 166809K->81398K(502464K), 0,0208861 secs] [Times: user=0,04 sys=0,00, real=0,02 secs] 
Heap after GC invocations=45 (full 2):
 par new generation   total 109248K, used 11062K [0x00000007a0000000, 0x00000007a8000000, 0x00000007a8000000)
  eden space 87424K,   0% used [0x00000007a0000000, 0x00000007a0000000, 0x00000007a5560000)
  from space 21824K,  50% used [0x00000007a6ab0000, 0x00000007a757d8e0, 0x00000007a8000000)
  to   space 21824K,   0% used [0x00000007a5560000, 0x00000007a5560000, 0x00000007a6ab0000)
 concurrent mark-sweep generation total 393216K, used 70336K [0x00000007a8000000, 0x00000007c0000000, 0x00000007c0000000)
 Metaspace       used 42404K, capacity 43232K, committed 43620K, reserved 1087488K
  class space    used 4774K, capacity 5004K, committed 5112K, reserved 1048576K
}
2016-09-11T21:57:45.843-0100: 352,225: Total time for which application threads were stopped: 0,0226722 seconds, Stopping threads took: 0,0013834 seconds
2016-09-11T21:57:45.855-0100: 352,236: Total time for which application threads were stopped: 0,0005288 seconds, Stopping threads took: 0,0003090 seconds
{Heap before GC invocations=45 (full 2):
 par new generation   total 109248K, used 98486K [0x00000007a0000000, 0x00000007a8000000, 0x00000007a8000000)
  eden space 87424K, 100% used [0x00000007a0000000, 0x00000007a5560000, 0x00000007a5560000)
  from space 21824K,  50% used [0x00000007a6ab0000, 0x00000007a757d8e0, 0x00000007a8000000)
  to   space 21824K,   0% used [0x00000007a5560000, 0x00000007a5560000, 0x00000007a6ab0000)
 concurrent mark-sweep generation total 393216K, used 70336K [0x00000007a8000000, 0x00000007c0000000, 0x00000007c0000000)
 Metaspace       used 42476K, capacity 43358K, committed 43620K, reserved 1087488K
  class space    used 4782K, capacity 5041K, committed 5112K, reserved 1048576K
2016-09-11T21:57:45.869-0100: 352,250: [GC (Allocation Failure) 2016-09-11T21:57:45.869-0100: 352,250: [ParNew
Desired survivor size 20112992 bytes, new threshold 8 (max 8)
- age   1:    1174216 bytes,    1174216 total
- age   2:      85512 bytes,    1259728 total
- age   3:    4745520 bytes,    6005248 total
- age   4:    1154976 bytes,    7160224 total
- age   6:        208 bytes,    7160432 total
: 98486K->9534K(109248K), 0,0241034 secs] 168822K->79870K(502464K), 0,0242319 secs] [Times: user=0,04 sys=0,00, real=0,03 secs] 
Heap after GC invocations=46 (full 2):
 par new generation   total 109248K, used 9534K [0x00000007a0000000, 0x00000007a8000000, 0x00000007a8000000)
  eden space 87424K,   0% used [0x00000007a0000000, 0x00000007a0000000, 0x00000007a5560000)
  from space 21824K,  43% used [0x00000007a5560000, 0x00000007a5eaf850, 0x00000007a6ab0000)
  to   space 21824K,   0% used [0x00000007a6ab0000, 0x00000007a6ab0000, 0x00000007a8000000)
 concurrent mark-sweep generation total 393216K, used 70336K [0x00000007a8000000, 0x00000007c0000000, 0x00000007c0000000)
 Metaspace       used 42476K, capacity 43358K, committed 43620K, reserved 1087488K
  class space    used 4782K, capacity 5041K, committed 5112K, reserved 1048576K
}
2016-09-11T21:57:45.893-0100: 352,275: Total time for which application threads were stopped: 0,0248109 seconds, Stopping threads took: 0,0001948 seconds
{Heap before GC invocations=46 (full 2):
 par new generation   total 109248K, used 96958K [0x00000007a0000000, 0x00000007a8000000, 0x00000007a8000000)
  eden space 87424K, 100% used [0x00000007a0000000, 0x00000007a5560000, 0x00000007a5560000)
  from space 21824K,  43% used [0x00000007a5560000, 0x00000007a5eaf850, 0x00000007a6ab0000)
  to   space 21824K,   0% used [0x00000007a6ab0000, 0x00000007a6ab0000, 0x00000007a8000000)
 concurrent mark-sweep generation total 393216K, used 70336K [0x00000007a8000000, 0x00000007c0000000, 0x00000007c0000000)
 Metaspace       used 42540K, capacity 43406K, committed 43620K, reserved 1087488K
  class space    used 4790K, capacity 5049K, committed 5112K, reserved 1048576K
2016-09-11T21:57:46.097-0100: 352,478: [GC (Allocation Failure) 2016-09-11T21:57:46.097-0100: 352,478: [ParNew
Desired survivor size 20112992 bytes, new threshold 8 (max 8)
- age   1:    3815392 bytes,    3815392 total
- age   2:     317680 bytes,    4133072 total
- age   3:      83168 bytes,    4216240 total
- age   4:    4745504 bytes,    8961744 total
- age   5:    1154976 bytes,   10116720 total
- age   7:        208 bytes,   10116928 total
: 96958K->11770K(109248K), 0,0310862 secs] 167294K->82107K(502464K), 0,0311948 secs] [Times: user=0,03 sys=0,00, real=0,03 secs] 
Heap after GC invocations=47 (full 2):
 par new generation   total 109248K, used 11770K [0x00000007a0000000, 0x00000007a8000000, 0x00000007a8000000)
  eden space 87424K,   0% used [0x00000007a0000000, 0x00000007a0000000, 0x00000007a5560000)
  from space 21824K,  53% used [0x00000007a6ab0000, 0x00000007a762eab8, 0x00000007a8000000)
  to   space 21824K,   0% used [0x00000007a5560000, 0x00000007a5560000, 0x00000007a6ab0000)
 concurrent mark-sweep generation total 393216K, used 70336K [0x00000007a8000000, 0x00000007c0000000, 0x00000007c0000000)
 Metaspace       used 42540K, capacity 43406K, committed 43620K, reserved 1087488K
  class space    used 4790K, capacity 5049K, committed 5112K, reserved 1048576K
}
2016-09-11T21:57:46.128-0100: 352,509: Total time for which application threads were stopped: 0,0383861 seconds, Stopping threads took: 0,0068281 seconds
2016-09-11T21:57:46.168-0100: 352,549: Total time for which application threads were stopped: 0,0119561 seconds, Stopping threads took: 0,0105490 seconds
2016-09-11T21:57:46.170-0100: 352,552: Total time for which application threads were stopped: 0,0011497 seconds, Stopping threads took: 0,0000319 seconds
{Heap before GC invocations=47 (full 2):
 par new generation   total 109248K, used 99194K [0x00000007a0000000, 0x00000007a8000000, 0x00000007a8000000)
  eden space 87424K, 100% used [0x00000007a0000000, 0x00000007a5560000, 0x00000007a5560000)
  from space 21824K,  53% used [0x00000007a6ab0000, 0x00000007a762eab8, 0x00000007a8000000)
  to   space 21824K,   0% used [0x00000007a5560000, 0x00000007a5560000, 0x00000007a6ab0000)
 concurrent mark-sweep generation total 393216K, used 70336K [0x00000007a8000000, 0x00000007c0000000, 0x00000007c0000000)
 Metaspace       used 42608K, capacity 43584K, committed 43876K, reserved 1087488K
  class space    used 4798K, capacity 5058K, committed 5112K, reserved 1048576K
2016-09-11T21:57:46.202-0100: 352,583: [GC (Allocation Failure) 2016-09-11T21:57:46.202-0100: 352,583: [ParNew
Desired survivor size 20112992 bytes, new threshold 8 (max 8)
- age   1:    2814984 bytes,    2814984 total
- age   2:    2483576 bytes,    5298560 total
- age   3:     313192 bytes,    5611752 total
- age   4:      82664 bytes,    5694416 total
- age   5:    4744896 bytes,   10439312 total
- age   6:    1154976 bytes,   11594288 total
- age   8:        208 bytes,   11594496 total
: 99194K->15476K(109248K), 0,0197921 secs] 169531K->85812K(502464K), 0,0199230 secs] [Times: user=0,03 sys=0,00, real=0,02 secs] 
Heap after GC invocations=48 (full 2):
 par new generation   total 109248K, used 15476K [0x00000007a0000000, 0x00000007a8000000, 0x00000007a8000000)
  eden space 87424K,   0% used [0x00000007a0000000, 0x00000007a0000000, 0x00000007a5560000)
  from space 21824K,  70% used [0x00000007a5560000, 0x00000007a647d110, 0x00000007a6ab0000)
  to   space 21824K,   0% used [0x00000007a6ab0000, 0x00000007a6ab0000, 0x00000007a8000000)
 concurrent mark-sweep generation total 393216K, used 70336K [0x00000007a8000000, 0x00000007c0000000, 0x00000007c0000000)
 Metaspace       used 42608K, capacity 43584K, committed 43876K, reserved 1087488K
  class space    used 4798K, capacity 5058K, committed 5112K, reserved 1048576K
}
2016-09-11T21:57:46.222-0100: 352,603: Total time for which application threads were stopped: 0,0204769 seconds, Stopping threads took: 0,0001723 seconds
{Heap before GC invocations=48 (full 2):
 par new generation   total 109248K, used 102900K [0x00000007a0000000, 0x00000007a8000000, 0x00000007a8000000)
  eden space 87424K, 100% used [0x00000007a0000000, 0x00000007a5560000, 0x00000007a5560000)
  from space 21824K,  70% used [0x00000007a5560000, 0x00000007a647d110, 0x00000007a6ab0000)
  to   space 21824K,   0% used [0x00000007a6ab0000, 0x00000007a6ab0000, 0x00000007a8000000)
 concurrent mark-sweep generation total 393216K, used 70336K [0x00000007a8000000, 0x00000007c0000000, 0x00000007c0000000)
 Metaspace       used 42652K, capacity 43638K, committed 43876K, reserved 1087488K
  class space    used 4803K, capacity 5067K, committed 5112K, reserved 1048576K
2016-09-11T21:57:46.304-0100: 352,685: [GC (Allocation Failure) 2016-09-11T21:57:46.304-0100: 352,685: [ParNew
Desired survivor size 20112992 bytes, new threshold 8 (max 8)
- age   1:    1031976 bytes,    1031976 total
- age   2:    1918264 bytes,    2950240 total
- age   3:    2483576 bytes,    5433816 total
- age   4:     313192 bytes,    5747008 total
- age   5:      82664 bytes,    5829672 total
- age   6:    4744936 bytes,   10574608 total
- age   7:    1154976 bytes,   11729584 total
: 102900K->12361K(109248K), 0,0466314 secs] 173236K->82697K(502464K), 0,0467320 secs] [Times: user=0,05 sys=0,00, real=0,05 secs] 
Heap after GC invocations=49 (full 2):
 par new generation   total 109248K, used 12361K [0x00000007a0000000, 0x00000007a8000000, 0x00000007a8000000)
  eden space 87424K,   0% used [0x00000007a0000000, 0x00000007a0000000, 0x00000007a5560000)
  from space 21824K,  56% used [0x00000007a6ab0000, 0x00000007a76c2490, 0x00000007a8000000)
  to   space 21824K,   0% used [0x00000007a5560000, 0x00000007a5560000, 0x00000007a6ab0000)
 concurrent mark-sweep generation total 393216K, used 70336K [0x00000007a8000000, 0x00000007c0000000, 0x00000007c0000000)
 Metaspace       used 42652K, capacity 43638K, committed 43876K, reserved 1087488K
  class space    used 4803K, capacity 5067K, committed 5112K, reserved 1048576K
}
2016-09-11T21:57:46.351-0100: 352,732: Total time for which application threads were stopped: 0,0475981 seconds, Stopping threads took: 0,0004978 seconds
2016-09-11T21:57:46.394-0100: 352,775: Total time for which application threads were stopped: 0,0006451 seconds, Stopping threads took: 0,0003968 seconds
2016-09-11T21:57:46.415-0100: 352,796: Total time for which application threads were stopped: 0,0013033 seconds, Stopping threads took: 0,0001355 seconds
2016-09-11T21:57:46.417-0100: 352,798: Total time for which application threads were stopped: 0,0011791 seconds, Stopping threads took: 0,0001006 seconds
2016-09-11T21:57:46.460-0100: 352,841: Total time for which application threads were stopped: 0,0012890 seconds, Stopping threads took: 0,0000281 seconds
{Heap before GC invocations=49 (full 2):
 par new generation   total 109248K, used 99785K [0x00000007a0000000, 0x00000007a8000000, 0x00000007a8000000)
  eden space 87424K, 100% used [0x00000007a0000000, 0x00000007a5560000, 0x00000007a5560000)
  from space 21824K,  56% used [0x00000007a6ab0000, 0x00000007a76c2490, 0x00000007a8000000)
  to   space 21824K,   0% used [0x00000007a5560000, 0x00000007a5560000, 0x00000007a6ab0000)
 concurrent mark-sweep generation total 393216K, used 70336K [0x00000007a8000000, 0x00000007c0000000, 0x00000007c0000000)
 Metaspace       used 42835K, capacity 43850K, committed 43980K, reserved 1087488K
  class space    used 4823K, capacity 5081K, committed 5112K, reserved 1048576K
2016-09-11T21:57:46.539-0100: 352,920: [GC (Allocation Failure) 2016-09-11T21:57:46.539-0100: 352,920: [ParNew
Desired survivor size 20112992 bytes, new threshold 8 (max 8)
- age   1:    1690488 bytes,    1690488 total
- age   2:     182488 bytes,    1872976 total
- age   3:    1916152 bytes,    3789128 total
- age   4:    2482616 bytes,    6271744 total
- age   5:     311736 bytes,    6583480 total
- age   6:      68536 bytes,    6652016 total
- age   7:    4735416 bytes,   11387432 total
- age   8:    1154976 bytes,   12542408 total
: 99785K->16582K(109248K), 0,0235490 secs] 170121K->86918K(502464K), 0,0236713 secs] [Times: user=0,04 sys=0,00, real=0,03 secs] 
Heap after GC invocations=50 (full 2):
 par new generation   total 109248K, used 16582K [0x00000007a0000000, 0x00000007a8000000, 0x00000007a8000000)
  eden space 87424K,   0% used [0x00000007a0000000, 0x00000007a0000000, 0x00000007a5560000)
  from space 21824K,  75% used [0x00000007a5560000, 0x00000007a65918f0, 0x00000007a6ab0000)
  to   space 21824K,   0% used [0x00000007a6ab0000, 0x00000007a6ab0000, 0x00000007a8000000)
 concurrent mark-sweep generation total 393216K, used 70336K [0x00000007a8000000, 0x00000007c0000000, 0x00000007c0000000)
 Metaspace       used 42835K, capacity 43850K, committed 43980K, reserved 1087488K
  class space    used 4823K, capacity 5081K, committed 5112K, reserved 1048576K
}
2016-09-11T21:57:46.563-0100: 352,944: Total time for which application threads were stopped: 0,0241873 seconds, Stopping threads took: 0,0000855 seconds
2016-09-11T21:57:46.569-0100: 352,950: Total time for which application threads were stopped: 0,0001871 seconds, Stopping threads took: 0,0000282 seconds
2016-09-11T21:57:46.571-0100: 352,952: Total time for which application threads were stopped: 0,0002590 seconds, Stopping threads took: 0,0000610 seconds
2016-09-11T21:57:46.577-0100: 352,958: Total time for which application threads were stopped: 0,0002289 seconds, Stopping threads took: 0,0000304 seconds
2016-09-11T21:57:46.595-0100: 352,977: Total time for which application threads were stopped: 0,0002162 seconds, Stopping threads took: 0,0000324 seconds
2016-09-11T21:57:46.677-0100: 353,058: Total time for which application threads were stopped: 0,0002970 seconds, Stopping threads took: 0,0000332 seconds
2016-09-11T21:57:46.683-0100: 353,064: Total time for which application threads were stopped: 0,0002485 seconds, Stopping threads took: 0,0000365 seconds
2016-09-11T21:57:46.683-0100: 353,065: Total time for which application threads were stopped: 0,0001458 seconds, Stopping threads took: 0,0000143 seconds
2016-09-11T21:57:46.684-0100: 353,065: Total time for which application threads were stopped: 0,0001614 seconds, Stopping threads took: 0,0000144 seconds
2016-09-11T21:57:46.684-0100: 353,066: Total time for which application threads were stopped: 0,0002121 seconds, Stopping threads took: 0,0000244 seconds
2016-09-11T21:57:46.685-0100: 353,066: Total time for which application threads were stopped: 0,0001723 seconds, Stopping threads took: 0,0000164 seconds
{Heap before GC invocations=50 (full 2):
 par new generation   total 109248K, used 104006K [0x00000007a0000000, 0x00000007a8000000, 0x00000007a8000000)
  eden space 87424K, 100% used [0x00000007a0000000, 0x00000007a5560000, 0x00000007a5560000)
  from space 21824K,  75% used [0x00000007a5560000, 0x00000007a65918f0, 0x00000007a6ab0000)
  to   space 21824K,   0% used [0x00000007a6ab0000, 0x00000007a6ab0000, 0x00000007a8000000)
 concurrent mark-sweep generation total 393216K, used 70336K [0x00000007a8000000, 0x00000007c0000000, 0x00000007c0000000)
 Metaspace       used 42921K, capacity 43914K, committed 43980K, reserved 1087488K
  class space    used 4825K, capacity 5081K, committed 5112K, reserved 1048576K
2016-09-11T21:57:47.417-0100: 353,798: [GC (Allocation Failure) 2016-09-11T21:57:47.417-0100: 353,798: [ParNew
Desired survivor size 20112992 bytes, new threshold 7 (max 8)
- age   1:   13802952 bytes,   13802952 total
- age   2:    1550984 bytes,   15353936 total
- age   3:     182488 bytes,   15536424 total
- age   4:    1916152 bytes,   17452576 total
- age   5:    2482616 bytes,   19935192 total
- age   6:     116528 bytes,   20051720 total
- age   7:      68264 bytes,   20119984 total
- age   8:    2205808 bytes,   22325792 total
: 104006K->21824K(109248K), 0,0446428 secs] 174342K->103497K(502464K), 0,0447824 secs] [Times: user=0,13 sys=0,01, real=0,05 secs] 
Heap after GC invocations=51 (full 2):
 par new generation   total 109248K, used 21824K [0x00000007a0000000, 0x00000007a8000000, 0x00000007a8000000)
  eden space 87424K,   0% used [0x00000007a0000000, 0x00000007a0000000, 0x00000007a5560000)
  from space 21824K, 100% used [0x00000007a6ab0000, 0x00000007a8000000, 0x00000007a8000000)
  to   space 21824K,   0% used [0x00000007a5560000, 0x00000007a5560000, 0x00000007a6ab0000)
 concurrent mark-sweep generation total 393216K, used 81673K [0x00000007a8000000, 0x00000007c0000000, 0x00000007c0000000)
 Metaspace       used 42921K, capacity 43914K, committed 43980K, reserved 1087488K
  class space    used 4825K, capacity 5081K, committed 5112K, reserved 1048576K
}
2016-09-11T21:57:47.462-0100: 353,843: Total time for which application threads were stopped: 0,0452892 seconds, Stopping threads took: 0,0000381 seconds
2016-09-11T21:57:47.462-0100: 353,843: Total time for which application threads were stopped: 0,0003096 seconds, Stopping threads took: 0,0000850 seconds
2016-09-11T21:57:47.463-0100: 353,844: Total time for which application threads were stopped: 0,0002062 seconds, Stopping threads took: 0,0000745 seconds
2016-09-11T21:57:47.608-0100: 353,990: Total time for which application threads were stopped: 0,0006641 seconds, Stopping threads took: 0,0004116 seconds
2016-09-11T21:57:47.611-0100: 353,992: Total time for which application threads were stopped: 0,0002930 seconds, Stopping threads took: 0,0000737 seconds
{Heap before GC invocations=51 (full 2):
 par new generation   total 109248K, used 109248K [0x00000007a0000000, 0x00000007a8000000, 0x00000007a8000000)
  eden space 87424K, 100% used [0x00000007a0000000, 0x00000007a5560000, 0x00000007a5560000)
  from space 21824K, 100% used [0x00000007a6ab0000, 0x00000007a8000000, 0x00000007a8000000)
  to   space 21824K,   0% used [0x00000007a5560000, 0x00000007a5560000, 0x00000007a6ab0000)
 concurrent mark-sweep generation total 393216K, used 81673K [0x00000007a8000000, 0x00000007c0000000, 0x00000007c0000000)
 Metaspace       used 42981K, capacity 43914K, committed 43980K, reserved 1087488K
  class space    used 4828K, capacity 5081K, committed 5112K, reserved 1048576K
2016-09-11T21:57:47.669-0100: 354,050: [GC (Allocation Failure) 2016-09-11T21:57:47.669-0100: 354,051: [ParNew
Desired survivor size 20112992 bytes, new threshold 6 (max 8)
- age   1:    4205624 bytes,    4205624 total
- age   2:   11689400 bytes,   15895024 total
- age   3:    1537000 bytes,   17432024 total
- age   4:     123312 bytes,   17555336 total
- age   5:    1091296 bytes,   18646632 total
- age   6:    2420792 bytes,   21067424 total
- age   7:      83376 bytes,   21150800 total
: 109248K->21824K(109248K), 0,0354218 secs] 190921K->109871K(502464K), 0,0355462 secs] [Times: user=0,10 sys=0,01, real=0,04 secs] 
Heap after GC invocations=52 (full 2):
 par new generation   total 109248K, used 21824K [0x00000007a0000000, 0x00000007a8000000, 0x00000007a8000000)
  eden space 87424K,   0% used [0x00000007a0000000, 0x00000007a0000000, 0x00000007a5560000)
  from space 21824K, 100% used [0x00000007a5560000, 0x00000007a6ab0000, 0x00000007a6ab0000)
  to   space 21824K,   0% used [0x00000007a6ab0000, 0x00000007a6ab0000, 0x00000007a8000000)
 concurrent mark-sweep generation total 393216K, used 88047K [0x00000007a8000000, 0x00000007c0000000, 0x00000007c0000000)
 Metaspace       used 42981K, capacity 43914K, committed 43980K, reserved 1087488K
  class space    used 4828K, capacity 5081K, committed 5112K, reserved 1048576K
}
2016-09-11T21:57:47.705-0100: 354,086: Total time for which application threads were stopped: 0,0359370 seconds, Stopping threads took: 0,0000596 seconds
{Heap before GC invocations=52 (full 2):
 par new generation   total 109248K, used 109248K [0x00000007a0000000, 0x00000007a8000000, 0x00000007a8000000)
  eden space 87424K, 100% used [0x00000007a0000000, 0x00000007a5560000, 0x00000007a5560000)
  from space 21824K, 100% used [0x00000007a5560000, 0x00000007a6ab0000, 0x00000007a6ab0000)
  to   space 21824K,   0% used [0x00000007a6ab0000, 0x00000007a6ab0000, 0x00000007a8000000)
 concurrent mark-sweep generation total 393216K, used 88047K [0x00000007a8000000, 0x00000007c0000000, 0x00000007c0000000)
 Metaspace       used 43043K, capacity 44042K, committed 44236K, reserved 1089536K
  class space    used 4828K, capacity 5081K, committed 5112K, reserved 1048576K
2016-09-11T21:57:47.844-0100: 354,225: [GC (Allocation Failure) 2016-09-11T21:57:47.844-0100: 354,225: [ParNew
Desired survivor size 20112992 bytes, new threshold 8 (max 8)
- age   1:    3529192 bytes,    3529192 total
- age   2:    2287160 bytes,    5816352 total
- age   3:   11480400 bytes,   17296752 total
- age   4:    1531080 bytes,   18827832 total
- age   5:     123192 bytes,   18951024 total
- age   6:    1090360 bytes,   20041384 total
: 109248K->21824K(109248K), 0,0187337 secs] 197295K->114478K(502464K), 0,0188282 secs] [Times: user=0,06 sys=0,01, real=0,02 secs] 
Heap after GC invocations=53 (full 2):
 par new generation   total 109248K, used 21824K [0x00000007a0000000, 0x00000007a8000000, 0x00000007a8000000)
  eden space 87424K,   0% used [0x00000007a0000000, 0x00000007a0000000, 0x00000007a5560000)
  from space 21824K, 100% used [0x00000007a6ab0000, 0x00000007a8000000, 0x00000007a8000000)
  to   space 21824K,   0% used [0x00000007a5560000, 0x00000007a5560000, 0x00000007a6ab0000)
 concurrent mark-sweep generation total 393216K, used 92654K [0x00000007a8000000, 0x00000007c0000000, 0x00000007c0000000)
 Metaspace       used 43043K, capacity 44042K, committed 44236K, reserved 1089536K
  class space    used 4828K, capacity 5081K, committed 5112K, reserved 1048576K
}
2016-09-11T21:57:47.863-0100: 354,244: Total time for which application threads were stopped: 0,0192226 seconds, Stopping threads took: 0,0000855 seconds
2016-09-11T21:57:47.869-0100: 354,251: Total time for which application threads were stopped: 0,0002802 seconds, Stopping threads took: 0,0001111 seconds
2016-09-11T21:57:48.000-0100: 354,381: Total time for which application threads were stopped: 0,0005557 seconds, Stopping threads took: 0,0001721 seconds
{Heap before GC invocations=53 (full 2):
 par new generation   total 109248K, used 109248K [0x00000007a0000000, 0x00000007a8000000, 0x00000007a8000000)
  eden space 87424K, 100% used [0x00000007a0000000, 0x00000007a5560000, 0x00000007a5560000)
  from space 21824K, 100% used [0x00000007a6ab0000, 0x00000007a8000000, 0x00000007a8000000)
  to   space 21824K,   0% used [0x00000007a5560000, 0x00000007a5560000, 0x00000007a6ab0000)
 concurrent mark-sweep generation total 393216K, used 92654K [0x00000007a8000000, 0x00000007c0000000, 0x00000007c0000000)
 Metaspace       used 43164K, capacity 44158K, committed 44364K, reserved 1089536K
  class space    used 4837K, capacity 5121K, committed 5240K, reserved 1048576K
2016-09-11T21:57:48.024-0100: 354,405: [GC (Allocation Failure) 2016-09-11T21:57:48.024-0100: 354,405: [ParNew
Desired survivor size 20112992 bytes, new threshold 7 (max 8)
- age   1:    6764424 bytes,    6764424 total
- age   2:    2030184 bytes,    8794608 total
- age   3:    2033704 bytes,   10828312 total
- age   4:    7801288 bytes,   18629600 total
- age   5:     710192 bytes,   19339792 total
- age   6:     122488 bytes,   19462280 total
- age   7:    1082032 bytes,   20544312 total
: 109248K->21824K(109248K), 0,0218154 secs] 201902K->117247K(502464K), 0,0219494 secs] [Times: user=0,07 sys=0,01, real=0,02 secs] 
Heap after GC invocations=54 (full 2):
 par new generation   total 109248K, used 21824K [0x00000007a0000000, 0x00000007a8000000, 0x00000007a8000000)
  eden space 87424K,   0% used [0x00000007a0000000, 0x00000007a0000000, 0x00000007a5560000)
  from space 21824K, 100% used [0x00000007a5560000, 0x00000007a6ab0000, 0x00000007a6ab0000)
  to   space 21824K,   0% used [0x00000007a6ab0000, 0x00000007a6ab0000, 0x00000007a8000000)
 concurrent mark-sweep generation total 393216K, used 95423K [0x00000007a8000000, 0x00000007c0000000, 0x00000007c0000000)
 Metaspace       used 43164K, capacity 44158K, committed 44364K, reserved 1089536K
  class space    used 4837K, capacity 5121K, committed 5240K, reserved 1048576K
}
2016-09-11T21:57:48.046-0100: 354,427: Total time for which application threads were stopped: 0,0224702 seconds, Stopping threads took: 0,0000637 seconds
2016-09-11T21:57:48.052-0100: 354,433: Total time for which application threads were stopped: 0,0004535 seconds, Stopping threads took: 0,0001462 seconds
{Heap before GC invocations=54 (full 2):
 par new generation   total 109248K, used 109248K [0x00000007a0000000, 0x00000007a8000000, 0x00000007a8000000)
  eden space 87424K, 100% used [0x00000007a0000000, 0x00000007a5560000, 0x00000007a5560000)
  from space 21824K, 100% used [0x00000007a5560000, 0x00000007a6ab0000, 0x00000007a6ab0000)
  to   space 21824K,   0% used [0x00000007a6ab0000, 0x00000007a6ab0000, 0x00000007a8000000)
 concurrent mark-sweep generation total 393216K, used 95423K [0x00000007a8000000, 0x00000007c0000000, 0x00000007c0000000)
 Metaspace       used 43164K, capacity 44158K, committed 44364K, reserved 1089536K
  class space    used 4837K, capacity 5121K, committed 5240K, reserved 1048576K
2016-09-11T21:57:48.062-0100: 354,443: [GC (Allocation Failure) 2016-09-11T21:57:48.062-0100: 354,443: [ParNew
Desired survivor size 20112992 bytes, new threshold 8 (max 8)
- age   1:     619960 bytes,     619960 total
- age   2:    5818056 bytes,    6438016 total
- age   3:     925224 bytes,    7363240 total
- age   4:    1687128 bytes,    9050368 total
- age   5:    7476888 bytes,   16527256 total
- age   6:     617840 bytes,   17145096 total
- age   7:     115784 bytes,   17260880 total
: 109248K->21824K(109248K), 0,0766642 secs] 204671K->120986K(502464K), 0,0767703 secs] [Times: user=0,06 sys=0,00, real=0,07 secs] 
Heap after GC invocations=55 (full 2):
 par new generation   total 109248K, used 21824K [0x00000007a0000000, 0x00000007a8000000, 0x00000007a8000000)
  eden space 87424K,   0% used [0x00000007a0000000, 0x00000007a0000000, 0x00000007a5560000)
  from space 21824K, 100% used [0x00000007a6ab0000, 0x00000007a8000000, 0x00000007a8000000)
  to   space 21824K,   0% used [0x00000007a5560000, 0x00000007a5560000, 0x00000007a6ab0000)
 concurrent mark-sweep generation total 393216K, used 99162K [0x00000007a8000000, 0x00000007c0000000, 0x00000007c0000000)
 Metaspace       used 43164K, capacity 44158K, committed 44364K, reserved 1089536K
  class space    used 4837K, capacity 5121K, committed 5240K, reserved 1048576K
}
2016-09-11T21:57:48.139-0100: 354,520: Total time for which application threads were stopped: 0,0772824 seconds, Stopping threads took: 0,0001232 seconds
{Heap before GC invocations=55 (full 2):
 par new generation   total 109248K, used 109232K [0x00000007a0000000, 0x00000007a8000000, 0x00000007a8000000)
  eden space 87424K,  99% used [0x00000007a0000000, 0x00000007a555c2a0, 0x00000007a5560000)
  from space 21824K, 100% used [0x00000007a6ab0000, 0x00000007a8000000, 0x00000007a8000000)
  to   space 21824K,   0% used [0x00000007a5560000, 0x00000007a5560000, 0x00000007a6ab0000)
 concurrent mark-sweep generation total 393216K, used 99162K [0x00000007a8000000, 0x00000007c0000000, 0x00000007c0000000)
 Metaspace       used 43165K, capacity 44158K, committed 44364K, reserved 1089536K
  class space    used 4837K, capacity 5121K, committed 5240K, reserved 1048576K
2016-09-11T21:57:48.157-0100: 354,538: [GC (Allocation Failure) 2016-09-11T21:57:48.157-0100: 354,538: [ParNew
Desired survivor size 20112992 bytes, new threshold 8 (max 8)
- age   1:     717736 bytes,     717736 total
- age   2:     329416 bytes,    1047152 total
- age   3:    5818056 bytes,    6865208 total
- age   4:     925224 bytes,    7790432 total
- age   5:    1687128 bytes,    9477560 total
- age   6:    7476888 bytes,   16954448 total
- age   7:     617840 bytes,   17572288 total
- age   8:     115784 bytes,   17688072 total
: 109232K->19784K(109248K), 0,0333226 secs] 208395K->118947K(502464K), 0,0334769 secs] [Times: user=0,04 sys=0,00, real=0,04 secs] 
Heap after GC invocations=56 (full 2):
 par new generation   total 109248K, used 19784K [0x00000007a0000000, 0x00000007a8000000, 0x00000007a8000000)
  eden space 87424K,   0% used [0x00000007a0000000, 0x00000007a0000000, 0x00000007a5560000)
  from space 21824K,  90% used [0x00000007a5560000, 0x00000007a68b22f0, 0x00000007a6ab0000)
  to   space 21824K,   0% used [0x00000007a6ab0000, 0x00000007a6ab0000, 0x00000007a8000000)
 concurrent mark-sweep generation total 393216K, used 99162K [0x00000007a8000000, 0x00000007c0000000, 0x00000007c0000000)
 Metaspace       used 43165K, capacity 44158K, committed 44364K, reserved 1089536K
  class space    used 4837K, capacity 5121K, committed 5240K, reserved 1048576K
}
2016-09-11T21:57:48.190-0100: 354,571: Total time for which application threads were stopped: 0,0340466 seconds, Stopping threads took: 0,0001251 seconds
{Heap before GC invocations=56 (full 2):
 par new generation   total 109248K, used 107208K [0x00000007a0000000, 0x00000007a8000000, 0x00000007a8000000)
  eden space 87424K, 100% used [0x00000007a0000000, 0x00000007a5560000, 0x00000007a5560000)
  from space 21824K,  90% used [0x00000007a5560000, 0x00000007a68b22f0, 0x00000007a6ab0000)
  to   space 21824K,   0% used [0x00000007a6ab0000, 0x00000007a6ab0000, 0x00000007a8000000)
 concurrent mark-sweep generation total 393216K, used 99162K [0x00000007a8000000, 0x00000007c0000000, 0x00000007c0000000)
 Metaspace       used 43165K, capacity 44158K, committed 44364K, reserved 1089536K
  class space    used 4837K, capacity 5121K, committed 5240K, reserved 1048576K
2016-09-11T21:57:48.225-0100: 354,606: [GC (Allocation Failure) 2016-09-11T21:57:48.225-0100: 354,606: [ParNew
Desired survivor size 20112992 bytes, new threshold 8 (max 8)
- age   1:     945000 bytes,     945000 total
- age   2:     135304 bytes,    1080304 total
- age   3:     328056 bytes,    1408360 total
- age   4:    5791872 bytes,    7200232 total
- age   5:     925224 bytes,    8125456 total
- age   6:    1687128 bytes,    9812584 total
- age   7:    7476888 bytes,   17289472 total
- age   8:     617840 bytes,   17907312 total
: 107208K->21824K(109248K), 0,0529619 secs] 206371K->121401K(502464K), 0,0530659 secs] [Times: user=0,05 sys=0,01, real=0,05 secs] 
Heap after GC invocations=57 (full 2):
 par new generation   total 109248K, used 21824K [0x00000007a0000000, 0x00000007a8000000, 0x00000007a8000000)
  eden space 87424K,   0% used [0x00000007a0000000, 0x00000007a0000000, 0x00000007a5560000)
  from space 21824K, 100% used [0x00000007a6ab0000, 0x00000007a8000000, 0x00000007a8000000)
  to   space 21824K,   0% used [0x00000007a5560000, 0x00000007a5560000, 0x00000007a6ab0000)
 concurrent mark-sweep generation total 393216K, used 99577K [0x00000007a8000000, 0x00000007c0000000, 0x00000007c0000000)
 Metaspace       used 43165K, capacity 44158K, committed 44364K, reserved 1089536K
  class space    used 4837K, capacity 5121K, committed 5240K, reserved 1048576K
}
2016-09-11T21:57:48.278-0100: 354,659: Total time for which application threads were stopped: 0,0536377 seconds, Stopping threads took: 0,0001901 seconds
{Heap before GC invocations=57 (full 2):
 par new generation   total 109248K, used 109248K [0x00000007a0000000, 0x00000007a8000000, 0x00000007a8000000)
  eden space 87424K, 100% used [0x00000007a0000000, 0x00000007a5560000, 0x00000007a5560000)
  from space 21824K, 100% used [0x00000007a6ab0000, 0x00000007a8000000, 0x00000007a8000000)
  to   space 21824K,   0% used [0x00000007a5560000, 0x00000007a5560000, 0x00000007a6ab0000)
 concurrent mark-sweep generation total 393216K, used 99577K [0x00000007a8000000, 0x00000007c0000000, 0x00000007c0000000)
 Metaspace       used 43165K, capacity 44158K, committed 44364K, reserved 1089536K
  class space    used 4837K, capacity 5121K, committed 5240K, reserved 1048576K
2016-09-11T21:57:48.313-0100: 354,695: [GC (Allocation Failure) 2016-09-11T21:57:48.314-0100: 354,695: [ParNew
Desired survivor size 20112992 bytes, new threshold 8 (max 8)
- age   1:     666520 bytes,     666520 total
- age   2:     110000 bytes,     776520 total
- age   3:     135088 bytes,     911608 total
- age   4:     326584 bytes,    1238192 total
- age   5:    5784416 bytes,    7022608 total
- age   6:     925224 bytes,    7947832 total
- age   7:    1687128 bytes,    9634960 total
- age   8:    7467664 bytes,   17102624 total
: 109248K->21824K(109248K), 0,0530378 secs] 208825K->122159K(502464K), 0,0531521 secs] [Times: user=0,05 sys=0,00, real=0,05 secs] 
Heap after GC invocations=58 (full 2):
 par new generation   total 109248K, used 21824K [0x00000007a0000000, 0x00000007a8000000, 0x00000007a8000000)
  eden space 87424K,   0% used [0x00000007a0000000, 0x00000007a0000000, 0x00000007a5560000)
  from space 21824K, 100% used [0x00000007a5560000, 0x00000007a6ab0000, 0x00000007a6ab0000)
  to   space 21824K,   0% used [0x00000007a6ab0000, 0x00000007a6ab0000, 0x00000007a8000000)
 concurrent mark-sweep generation total 393216K, used 100335K [0x00000007a8000000, 0x00000007c0000000, 0x00000007c0000000)
 Metaspace       used 43165K, capacity 44158K, committed 44364K, reserved 1089536K
  class space    used 4837K, capacity 5121K, committed 5240K, reserved 1048576K
}
2016-09-11T21:57:48.367-0100: 354,748: Total time for which application threads were stopped: 0,0539351 seconds, Stopping threads took: 0,0003706 seconds
{Heap before GC invocations=58 (full 2):
 par new generation   total 109248K, used 109248K [0x00000007a0000000, 0x00000007a8000000, 0x00000007a8000000)
  eden space 87424K, 100% used [0x00000007a0000000, 0x00000007a5560000, 0x00000007a5560000)
  from space 21824K, 100% used [0x00000007a5560000, 0x00000007a6ab0000, 0x00000007a6ab0000)
  to   space 21824K,   0% used [0x00000007a6ab0000, 0x00000007a6ab0000, 0x00000007a8000000)
 concurrent mark-sweep generation total 393216K, used 100335K [0x00000007a8000000, 0x00000007c0000000, 0x00000007c0000000)
 Metaspace       used 43166K, capacity 44158K, committed 44364K, reserved 1089536K
  class space    used 4837K, capacity 5121K, committed 5240K, reserved 1048576K
2016-09-11T21:57:48.456-0100: 354,837: [GC (Allocation Failure) 2016-09-11T21:57:48.456-0100: 354,837: [ParNew
Desired survivor size 20112992 bytes, new threshold 8 (max 8)
- age   1:     959792 bytes,     959792 total
- age   2:     119608 bytes,    1079400 total
- age   3:     110000 bytes,    1189400 total
- age   4:     135088 bytes,    1324488 total
- age   5:     326584 bytes,    1651072 total
- age   6:    5784416 bytes,    7435488 total
- age   7:     925224 bytes,    8360712 total
- age   8:    1687128 bytes,   10047840 total
: 109248K->15792K(109248K), 0,0815731 secs] 209583K->123570K(502464K), 0,0816850 secs] [Times: user=0,06 sys=0,01, real=0,08 secs] 
Heap after GC invocations=59 (full 2):
 par new generation   total 109248K, used 15792K [0x00000007a0000000, 0x00000007a8000000, 0x00000007a8000000)
  eden space 87424K,   0% used [0x00000007a0000000, 0x00000007a0000000, 0x00000007a5560000)
  from space 21824K,  72% used [0x00000007a6ab0000, 0x00000007a7a1c2a0, 0x00000007a8000000)
  to   space 21824K,   0% used [0x00000007a5560000, 0x00000007a5560000, 0x00000007a6ab0000)
 concurrent mark-sweep generation total 393216K, used 107778K [0x00000007a8000000, 0x00000007c0000000, 0x00000007c0000000)
 Metaspace       used 43166K, capacity 44158K, committed 44364K, reserved 1089536K
  class space    used 4837K, capacity 5121K, committed 5240K, reserved 1048576K
}
2016-09-11T21:57:48.538-0100: 354,919: Total time for which application threads were stopped: 0,1076098 seconds, Stopping threads took: 0,0254888 seconds
2016-09-11T21:57:48.704-0100: 355,086: Total time for which application threads were stopped: 0,0003490 seconds, Stopping threads took: 0,0000341 seconds
2016-09-11T21:57:48.724-0100: 355,105: Total time for which application threads were stopped: 0,0003150 seconds, Stopping threads took: 0,0000505 seconds
2016-09-11T21:57:48.724-0100: 355,106: Total time for which application threads were stopped: 0,0002132 seconds, Stopping threads took: 0,0000307 seconds
2016-09-11T21:57:48.726-0100: 355,107: Total time for which application threads were stopped: 0,0002724 seconds, Stopping threads took: 0,0000585 seconds
2016-09-11T21:57:48.726-0100: 355,107: Total time for which application threads were stopped: 0,0001965 seconds, Stopping threads took: 0,0000325 seconds
2016-09-11T21:57:48.726-0100: 355,107: Total time for which application threads were stopped: 0,0001861 seconds, Stopping threads took: 0,0000307 seconds
2016-09-11T21:57:48.727-0100: 355,108: Total time for which application threads were stopped: 0,0001920 seconds, Stopping threads took: 0,0000157 seconds
2016-09-11T21:57:48.728-0100: 355,109: Total time for which application threads were stopped: 0,0006285 seconds, Stopping threads took: 0,0000475 seconds
{Heap before GC invocations=59 (full 2):
 par new generation   total 109248K, used 103216K [0x00000007a0000000, 0x00000007a8000000, 0x00000007a8000000)
  eden space 87424K, 100% used [0x00000007a0000000, 0x00000007a5560000, 0x00000007a5560000)
  from space 21824K,  72% used [0x00000007a6ab0000, 0x00000007a7a1c2a0, 0x00000007a8000000)
  to   space 21824K,   0% used [0x00000007a5560000, 0x00000007a5560000, 0x00000007a6ab0000)
 concurrent mark-sweep generation total 393216K, used 107778K [0x00000007a8000000, 0x00000007c0000000, 0x00000007c0000000)
 Metaspace       used 43188K, capacity 44158K, committed 44364K, reserved 1089536K
  class space    used 4837K, capacity 5121K, committed 5240K, reserved 1048576K
2016-09-11T21:57:48.959-0100: 355,340: [GC (Allocation Failure) 2016-09-11T21:57:48.959-0100: 355,341: [ParNew
Desired survivor size 20112992 bytes, new threshold 8 (max 8)
- age   1:    5589696 bytes,    5589696 total
- age   2:      70288 bytes,    5659984 total
- age   3:     118288 bytes,    5778272 total
- age   4:     108872 bytes,    5887144 total
- age   5:     132176 bytes,    6019320 total
- age   6:     162736 bytes,    6182056 total
- age   7:    4708240 bytes,   10890296 total
- age   8:     925224 bytes,   11815520 total
: 103216K->13984K(109248K), 0,0457880 secs] 210994K->123476K(502464K), 0,0458846 secs] [Times: user=0,05 sys=0,00, real=0,05 secs] 
Heap after GC invocations=60 (full 2):
 par new generation   total 109248K, used 13984K [0x00000007a0000000, 0x00000007a8000000, 0x00000007a8000000)
  eden space 87424K,   0% used [0x00000007a0000000, 0x00000007a0000000, 0x00000007a5560000)
  from space 21824K,  64% used [0x00000007a5560000, 0x00000007a6308110, 0x00000007a6ab0000)
  to   space 21824K,   0% used [0x00000007a6ab0000, 0x00000007a6ab0000, 0x00000007a8000000)
 concurrent mark-sweep generation total 393216K, used 109491K [0x00000007a8000000, 0x00000007c0000000, 0x00000007c0000000)
 Metaspace       used 43188K, capacity 44158K, committed 44364K, reserved 1089536K
  class space    used 4837K, capacity 5121K, committed 5240K, reserved 1048576K
}
2016-09-11T21:57:49.005-0100: 355,386: Total time for which application threads were stopped: 0,0463162 seconds, Stopping threads took: 0,0000531 seconds
2016-09-11T21:57:49.006-0100: 355,387: Total time for which application threads were stopped: 0,0002380 seconds, Stopping threads took: 0,0000245 seconds
2016-09-11T21:57:49.007-0100: 355,389: Total time for which application threads were stopped: 0,0003019 seconds, Stopping threads took: 0,0000871 seconds
2016-09-11T21:57:49.113-0100: 355,495: Total time for which application threads were stopped: 0,0003608 seconds, Stopping threads took: 0,0001052 seconds
2016-09-11T21:57:49.185-0100: 355,566: Total time for which application threads were stopped: 0,0002405 seconds, Stopping threads took: 0,0000353 seconds
2016-09-11T21:57:49.215-0100: 355,596: Total time for which application threads were stopped: 0,0011743 seconds, Stopping threads took: 0,0000343 seconds
2016-09-11T21:57:49.468-0100: 355,849: Total time for which application threads were stopped: 0,0002444 seconds, Stopping threads took: 0,0000348 seconds
2016-09-11T21:57:49.469-0100: 355,850: Total time for which application threads were stopped: 0,0001686 seconds, Stopping threads took: 0,0000161 seconds
2016-09-11T21:57:49.469-0100: 355,851: Total time for which application threads were stopped: 0,0001378 seconds, Stopping threads took: 0,0000124 seconds
2016-09-11T21:57:49.476-0100: 355,857: Total time for which application threads were stopped: 0,0003090 seconds, Stopping threads took: 0,0000446 seconds
2016-09-11T21:57:49.492-0100: 355,873: Total time for which application threads were stopped: 0,0003122 seconds, Stopping threads took: 0,0000327 seconds
2016-09-11T21:57:49.640-0100: 356,021: Total time for which application threads were stopped: 0,0003230 seconds, Stopping threads took: 0,0000671 seconds
2016-09-11T21:57:49.641-0100: 356,022: Total time for which application threads were stopped: 0,0003269 seconds, Stopping threads took: 0,0001628 seconds
2016-09-11T21:57:49.780-0100: 356,161: Total time for which application threads were stopped: 0,0002784 seconds, Stopping threads took: 0,0000531 seconds
2016-09-11T21:57:49.794-0100: 356,176: Total time for which application threads were stopped: 0,0007745 seconds, Stopping threads took: 0,0000252 seconds
2016-09-11T21:57:49.864-0100: 356,245: Total time for which application threads were stopped: 0,0012830 seconds, Stopping threads took: 0,0000353 seconds
{Heap before GC invocations=60 (full 2):
 par new generation   total 109248K, used 101391K [0x00000007a0000000, 0x00000007a8000000, 0x00000007a8000000)
  eden space 87424K,  99% used [0x00000007a0000000, 0x00000007a555bd48, 0x00000007a5560000)
  from space 21824K,  64% used [0x00000007a5560000, 0x00000007a6308110, 0x00000007a6ab0000)
  to   space 21824K,   0% used [0x00000007a6ab0000, 0x00000007a6ab0000, 0x00000007a8000000)
 concurrent mark-sweep generation total 393216K, used 109491K [0x00000007a8000000, 0x00000007c0000000, 0x00000007c0000000)
 Metaspace       used 44226K, capacity 45270K, committed 45516K, reserved 1089536K
  class space    used 4954K, capacity 5253K, committed 5368K, reserved 1048576K
2016-09-11T21:57:50.379-0100: 356,760: [GC (Allocation Failure) 2016-09-11T21:57:50.379-0100: 356,761: [ParNew
Desired survivor size 20112992 bytes, new threshold 8 (max 8)
- age   1:    6321448 bytes,    6321448 total
- age   2:    5196840 bytes,   11518288 total
- age   3:      70288 bytes,   11588576 total
- age   4:     118288 bytes,   11706864 total
- age   5:     108872 bytes,   11815736 total
- age   6:     132176 bytes,   11947912 total
- age   7:     157848 bytes,   12105760 total
- age   8:    4604048 bytes,   16709808 total
: 101391K->20241K(109248K), 0,0123766 secs] 210883K->130670K(502464K), 0,0124896 secs] [Times: user=0,05 sys=0,01, real=0,02 secs] 
Heap after GC invocations=61 (full 2):
 par new generation   total 109248K, used 20241K [0x00000007a0000000, 0x00000007a8000000, 0x00000007a8000000)
  eden space 87424K,   0% used [0x00000007a0000000, 0x00000007a0000000, 0x00000007a5560000)
  from space 21824K,  92% used [0x00000007a6ab0000, 0x00000007a7e744d0, 0x00000007a8000000)
  to   space 21824K,   0% used [0x00000007a5560000, 0x00000007a5560000, 0x00000007a6ab0000)
 concurrent mark-sweep generation total 393216K, used 110429K [0x00000007a8000000, 0x00000007c0000000, 0x00000007c0000000)
 Metaspace       used 44226K, capacity 45270K, committed 45516K, reserved 1089536K
  class space    used 4954K, capacity 5253K, committed 5368K, reserved 1048576K
}
2016-09-11T21:57:50.392-0100: 356,773: Total time for which application threads were stopped: 0,0128337 seconds, Stopping threads took: 0,0000321 seconds
2016-09-11T21:57:50.392-0100: 356,774: Total time for which application threads were stopped: 0,0002177 seconds, Stopping threads took: 0,0000392 seconds
2016-09-11T21:57:50.393-0100: 356,774: Total time for which application threads were stopped: 0,0001664 seconds, Stopping threads took: 0,0000387 seconds
2016-09-11T21:57:50.396-0100: 356,777: Total time for which application threads were stopped: 0,0003042 seconds, Stopping threads took: 0,0001174 seconds
2016-09-11T21:57:50.397-0100: 356,778: Total time for which application threads were stopped: 0,0002203 seconds, Stopping threads took: 0,0000473 seconds
2016-09-11T21:57:50.412-0100: 356,793: Total time for which application threads were stopped: 0,0002745 seconds, Stopping threads took: 0,0000306 seconds
{Heap before GC invocations=61 (full 2):
 par new generation   total 109248K, used 107665K [0x00000007a0000000, 0x00000007a8000000, 0x00000007a8000000)
  eden space 87424K, 100% used [0x00000007a0000000, 0x00000007a5560000, 0x00000007a5560000)
  from space 21824K,  92% used [0x00000007a6ab0000, 0x00000007a7e744d0, 0x00000007a8000000)
  to   space 21824K,   0% used [0x00000007a5560000, 0x00000007a5560000, 0x00000007a6ab0000)
 concurrent mark-sweep generation total 393216K, used 110429K [0x00000007a8000000, 0x00000007c0000000, 0x00000007c0000000)
 Metaspace       used 44252K, capacity 45302K, committed 45516K, reserved 1089536K
  class space    used 4957K, capacity 5285K, committed 5368K, reserved 1048576K
2016-09-11T21:57:50.772-0100: 357,153: [GC (Allocation Failure) 2016-09-11T21:57:50.772-0100: 357,153: [ParNew
Desired survivor size 20112992 bytes, new threshold 3 (max 8)
- age   1:   17938464 bytes,   17938464 total
- age   2:    1404512 bytes,   19342976 total
- age   3:    2415576 bytes,   21758552 total
- age   4:      70288 bytes,   21828840 total
- age   5:     118288 bytes,   21947128 total
- age   6:     108872 bytes,   22056000 total
- age   7:     132176 bytes,   22188176 total
- age   8:     157848 bytes,   22346024 total
: 107665K->21824K(109248K), 0,0390860 secs] 218094K->139148K(502464K), 0,0393648 secs] [Times: user=0,11 sys=0,01, real=0,04 secs] 
Heap after GC invocations=62 (full 2):
 par new generation   total 109248K, used 21824K [0x00000007a0000000, 0x00000007a8000000, 0x00000007a8000000)
  eden space 87424K,   0% used [0x00000007a0000000, 0x00000007a0000000, 0x00000007a5560000)
  from space 21824K, 100% used [0x00000007a5560000, 0x00000007a6ab0000, 0x00000007a6ab0000)
  to   space 21824K,   0% used [0x00000007a6ab0000, 0x00000007a6ab0000, 0x00000007a8000000)
 concurrent mark-sweep generation total 393216K, used 117324K [0x00000007a8000000, 0x00000007c0000000, 0x00000007c0000000)
 Metaspace       used 44252K, capacity 45302K, committed 45516K, reserved 1089536K
  class space    used 4957K, capacity 5285K, committed 5368K, reserved 1048576K
}
2016-09-11T21:57:50.811-0100: 357,193: Total time for which application threads were stopped: 0,0399725 seconds, Stopping threads took: 0,0001316 seconds
2016-09-11T21:57:50.822-0100: 357,204: Total time for which application threads were stopped: 0,0003604 seconds, Stopping threads took: 0,0001163 seconds
2016-09-11T21:57:50.832-0100: 357,213: Total time for which application threads were stopped: 0,0003730 seconds, Stopping threads took: 0,0001089 seconds
{Heap before GC invocations=62 (full 2):
 par new generation   total 109248K, used 109248K [0x00000007a0000000, 0x00000007a8000000, 0x00000007a8000000)
  eden space 87424K, 100% used [0x00000007a0000000, 0x00000007a5560000, 0x00000007a5560000)
  from space 21824K, 100% used [0x00000007a5560000, 0x00000007a6ab0000, 0x00000007a6ab0000)
  to   space 21824K,   0% used [0x00000007a6ab0000, 0x00000007a6ab0000, 0x00000007a8000000)
 concurrent mark-sweep generation total 393216K, used 117324K [0x00000007a8000000, 0x00000007c0000000, 0x00000007c0000000)
 Metaspace       used 44284K, capacity 45366K, committed 45516K, reserved 1089536K
  class space    used 4957K, capacity 5285K, committed 5368K, reserved 1048576K
2016-09-11T21:57:50.971-0100: 357,352: [GC (Allocation Failure) 2016-09-11T21:57:50.971-0100: 357,352: [ParNew
Desired survivor size 20112992 bytes, new threshold 8 (max 8)
- age   1:    3852176 bytes,    3852176 total
- age   2:   14523664 bytes,   18375840 total
- age   3:    1404016 bytes,   19779856 total
: 109248K->21824K(109248K), 0,0366875 secs] 226572K->145878K(502464K), 0,0367812 secs] [Times: user=0,11 sys=0,01, real=0,03 secs] 
Heap after GC invocations=63 (full 2):
 par new generation   total 109248K, used 21824K [0x00000007a0000000, 0x00000007a8000000, 0x00000007a8000000)
  eden space 87424K,   0% used [0x00000007a0000000, 0x00000007a0000000, 0x00000007a5560000)
  from space 21824K, 100% used [0x00000007a6ab0000, 0x00000007a8000000, 0x00000007a8000000)
  to   space 21824K,   0% used [0x00000007a5560000, 0x00000007a5560000, 0x00000007a6ab0000)
 concurrent mark-sweep generation total 393216K, used 124054K [0x00000007a8000000, 0x00000007c0000000, 0x00000007c0000000)
 Metaspace       used 44284K, capacity 45366K, committed 45516K, reserved 1089536K
  class space    used 4957K, capacity 5285K, committed 5368K, reserved 1048576K
}
2016-09-11T21:57:51.007-0100: 357,389: Total time for which application threads were stopped: 0,0372292 seconds, Stopping threads took: 0,0000959 seconds
2016-09-11T21:57:51.049-0100: 357,431: Total time for which application threads were stopped: 0,0003755 seconds, Stopping threads took: 0,0001312 seconds
2016-09-11T21:57:51.050-0100: 357,431: Total time for which application threads were stopped: 0,0002520 seconds, Stopping threads took: 0,0000592 seconds
2016-09-11T21:57:51.050-0100: 357,432: Total time for which application threads were stopped: 0,0003065 seconds, Stopping threads took: 0,0000871 seconds
2016-09-11T21:57:51.051-0100: 357,432: Total time for which application threads were stopped: 0,0002795 seconds, Stopping threads took: 0,0000637 seconds
2016-09-11T21:57:51.059-0100: 357,440: Total time for which application threads were stopped: 0,0003724 seconds, Stopping threads took: 0,0001199 seconds
2016-09-11T21:57:51.059-0100: 357,441: Total time for which application threads were stopped: 0,0002996 seconds, Stopping threads took: 0,0000960 seconds
2016-09-11T21:57:51.089-0100: 357,471: Total time for which application threads were stopped: 0,0030703 seconds, Stopping threads took: 0,0027819 seconds
{Heap before GC invocations=63 (full 2):
 par new generation   total 109248K, used 109248K [0x00000007a0000000, 0x00000007a8000000, 0x00000007a8000000)
  eden space 87424K, 100% used [0x00000007a0000000, 0x00000007a5560000, 0x00000007a5560000)
  from space 21824K, 100% used [0x00000007a6ab0000, 0x00000007a8000000, 0x00000007a8000000)
  to   space 21824K,   0% used [0x00000007a5560000, 0x00000007a5560000, 0x00000007a6ab0000)
 concurrent mark-sweep generation total 393216K, used 124054K [0x00000007a8000000, 0x00000007c0000000, 0x00000007c0000000)
 Metaspace       used 44306K, capacity 45430K, committed 45772K, reserved 1089536K
  class space    used 4957K, capacity 5285K, committed 5368K, reserved 1048576K
2016-09-11T21:57:51.130-0100: 357,511: [GC (Allocation Failure) 2016-09-11T21:57:51.130-0100: 357,511: [ParNew
Desired survivor size 20112992 bytes, new threshold 8 (max 8)
- age   1:    2534256 bytes,    2534256 total
- age   2:    1974352 bytes,    4508608 total
- age   3:   13076568 bytes,   17585176 total
- age   4:    1401640 bytes,   18986816 total
: 109248K->21824K(109248K), 0,0171689 secs] 233302K->148478K(502464K), 0,0172581 secs] [Times: user=0,06 sys=0,00, real=0,01 secs] 
Heap after GC invocations=64 (full 2):
 par new generation   total 109248K, used 21824K [0x00000007a0000000, 0x00000007a8000000, 0x00000007a8000000)
  eden space 87424K,   0% used [0x00000007a0000000, 0x00000007a0000000, 0x00000007a5560000)
  from space 21824K, 100% used [0x00000007a5560000, 0x00000007a6ab0000, 0x00000007a6ab0000)
  to   space 21824K,   0% used [0x00000007a6ab0000, 0x00000007a6ab0000, 0x00000007a8000000)
 concurrent mark-sweep generation total 393216K, used 126654K [0x00000007a8000000, 0x00000007c0000000, 0x00000007c0000000)
 Metaspace       used 44306K, capacity 45430K, committed 45772K, reserved 1089536K
  class space    used 4957K, capacity 5285K, committed 5368K, reserved 1048576K
}
2016-09-11T21:57:51.147-0100: 357,529: Total time for which application threads were stopped: 0,0177026 seconds, Stopping threads took: 0,0001170 seconds
2016-09-11T21:57:51.268-0100: 357,650: Total time for which application threads were stopped: 0,0002562 seconds, Stopping threads took: 0,0000328 seconds
2016-09-11T21:57:51.269-0100: 357,651: Total time for which application threads were stopped: 0,0002227 seconds, Stopping threads took: 0,0000265 seconds
2016-09-11T21:57:51.288-0100: 357,669: Total time for which application threads were stopped: 0,0002621 seconds, Stopping threads took: 0,0000411 seconds
2016-09-11T21:57:51.314-0100: 357,695: Total time for which application threads were stopped: 0,0003043 seconds, Stopping threads took: 0,0000526 seconds
2016-09-11T21:57:51.332-0100: 357,714: Total time for which application threads were stopped: 0,0002470 seconds, Stopping threads took: 0,0000343 seconds
{Heap before GC invocations=64 (full 2):
 par new generation   total 109248K, used 109248K [0x00000007a0000000, 0x00000007a8000000, 0x00000007a8000000)
  eden space 87424K, 100% used [0x00000007a0000000, 0x00000007a5560000, 0x00000007a5560000)
  from space 21824K, 100% used [0x00000007a5560000, 0x00000007a6ab0000, 0x00000007a6ab0000)
  to   space 21824K,   0% used [0x00000007a6ab0000, 0x00000007a6ab0000, 0x00000007a8000000)
 concurrent mark-sweep generation total 393216K, used 126654K [0x00000007a8000000, 0x00000007c0000000, 0x00000007c0000000)
 Metaspace       used 44375K, capacity 45430K, committed 45772K, reserved 1089536K
  class space    used 4958K, capacity 5285K, committed 5368K, reserved 1048576K
2016-09-11T21:57:51.660-0100: 358,041: [GC (Allocation Failure) 2016-09-11T21:57:51.660-0100: 358,041: [ParNew
Desired survivor size 20112992 bytes, new threshold 5 (max 8)
- age   1:    6738216 bytes,    6738216 total
- age   2:    1593040 bytes,    8331256 total
- age   3:    1859560 bytes,   10190816 total
- age   4:    9221104 bytes,   19411920 total
- age   5:    1400512 bytes,   20812432 total
: 109248K->21824K(109248K), 0,0181671 secs] 235902K->150818K(502464K), 0,0182529 secs] [Times: user=0,06 sys=0,00, real=0,01 secs] 
Heap after GC invocations=65 (full 2):
 par new generation   total 109248K, used 21824K [0x00000007a0000000, 0x00000007a8000000, 0x00000007a8000000)
  eden space 87424K,   0% used [0x00000007a0000000, 0x00000007a0000000, 0x00000007a5560000)
  from space 21824K, 100% used [0x00000007a6ab0000, 0x00000007a8000000, 0x00000007a8000000)
  to   space 21824K,   0% used [0x00000007a5560000, 0x00000007a5560000, 0x00000007a6ab0000)
 concurrent mark-sweep generation total 393216K, used 128994K [0x00000007a8000000, 0x00000007c0000000, 0x00000007c0000000)
 Metaspace       used 44375K, capacity 45430K, committed 45772K, reserved 1089536K
  class space    used 4958K, capacity 5285K, committed 5368K, reserved 1048576K
}
2016-09-11T21:57:51.678-0100: 358,060: Total time for which application threads were stopped: 0,0186750 seconds, Stopping threads took: 0,0001094 seconds
{Heap before GC invocations=65 (full 2):
 par new generation   total 109248K, used 109248K [0x00000007a0000000, 0x00000007a8000000, 0x00000007a8000000)
  eden space 87424K, 100% used [0x00000007a0000000, 0x00000007a5560000, 0x00000007a5560000)
  from space 21824K, 100% used [0x00000007a6ab0000, 0x00000007a8000000, 0x00000007a8000000)
  to   space 21824K,   0% used [0x00000007a5560000, 0x00000007a5560000, 0x00000007a6ab0000)
 concurrent mark-sweep generation total 393216K, used 128994K [0x00000007a8000000, 0x00000007c0000000, 0x00000007c0000000)
 Metaspace       used 44396K, capacity 45430K, committed 45772K, reserved 1089536K
  class space    used 4958K, capacity 5285K, committed 5368K, reserved 1048576K
2016-09-11T21:57:51.802-0100: 358,183: [GC (Allocation Failure) 2016-09-11T21:57:51.802-0100: 358,183: [ParNew
Desired survivor size 20112992 bytes, new threshold 5 (max 8)
- age   1:    3656584 bytes,    3656584 total
- age   2:    6015864 bytes,    9672448 total
- age   3:    1593040 bytes,   11265488 total
- age   4:    1859560 bytes,   13125048 total
- age   5:    9221104 bytes,   22346152 total
: 109248K->21824K(109248K), 0,0299599 secs] 238242K->157324K(502464K), 0,0300689 secs] [Times: user=0,09 sys=0,01, real=0,03 secs] 
Heap after GC invocations=66 (full 2):
 par new generation   total 109248K, used 21824K [0x00000007a0000000, 0x00000007a8000000, 0x00000007a8000000)
  eden space 87424K,   0% used [0x00000007a0000000, 0x00000007a0000000, 0x00000007a5560000)
  from space 21824K, 100% used [0x00000007a5560000, 0x00000007a6ab0000, 0x00000007a6ab0000)
  to   space 21824K,   0% used [0x00000007a6ab0000, 0x00000007a6ab0000, 0x00000007a8000000)
 concurrent mark-sweep generation total 393216K, used 135500K [0x00000007a8000000, 0x00000007c0000000, 0x00000007c0000000)
 Metaspace       used 44396K, capacity 45430K, committed 45772K, reserved 1089536K
  class space    used 4958K, capacity 5285K, committed 5368K, reserved 1048576K
}
2016-09-11T21:57:51.832-0100: 358,213: Total time for which application threads were stopped: 0,0305337 seconds, Stopping threads took: 0,0001168 seconds
2016-09-11T21:57:51.833-0100: 358,214: Total time for which application threads were stopped: 0,0003052 seconds, Stopping threads took: 0,0001117 seconds
2016-09-11T21:57:51.833-0100: 358,214: Total time for which application threads were stopped: 0,0002093 seconds, Stopping threads took: 0,0000729 seconds
{Heap before GC invocations=66 (full 2):
 par new generation   total 109248K, used 109248K [0x00000007a0000000, 0x00000007a8000000, 0x00000007a8000000)
  eden space 87424K, 100% used [0x00000007a0000000, 0x00000007a5560000, 0x00000007a5560000)
  from space 21824K, 100% used [0x00000007a5560000, 0x00000007a6ab0000, 0x00000007a6ab0000)
  to   space 21824K,   0% used [0x00000007a6ab0000, 0x00000007a6ab0000, 0x00000007a8000000)
 concurrent mark-sweep generation total 393216K, used 135500K [0x00000007a8000000, 0x00000007c0000000, 0x00000007c0000000)
 Metaspace       used 44397K, capacity 45430K, committed 45772K, reserved 1089536K
  class space    used 4958K, capacity 5285K, committed 5368K, reserved 1048576K
2016-09-11T21:57:51.949-0100: 358,331: [GC (Allocation Failure) 2016-09-11T21:57:51.949-0100: 358,331: [ParNew
Desired survivor size 20112992 bytes, new threshold 8 (max 8)
- age   1:    1736152 bytes,    1736152 total
- age   2:    2950056 bytes,    4686208 total
- age   3:    6015864 bytes,   10702072 total
- age   4:    1593040 bytes,   12295112 total
- age   5:    1859560 bytes,   14154672 total
: 109248K->21824K(109248K), 0,0557496 secs] 244748K->166659K(502464K), 0,0558504 secs] [Times: user=0,09 sys=0,01, real=0,06 secs] 
Heap after GC invocations=67 (full 2):
 par new generation   total 109248K, used 21824K [0x00000007a0000000, 0x00000007a8000000, 0x00000007a8000000)
  eden space 87424K,   0% used [0x00000007a0000000, 0x00000007a0000000, 0x00000007a5560000)
  from space 21824K, 100% used [0x00000007a6ab0000, 0x00000007a8000000, 0x00000007a8000000)
  to   space 21824K,   0% used [0x00000007a5560000, 0x00000007a5560000, 0x00000007a6ab0000)
 concurrent mark-sweep generation total 393216K, used 144835K [0x00000007a8000000, 0x00000007c0000000, 0x00000007c0000000)
 Metaspace       used 44397K, capacity 45430K, committed 45772K, reserved 1089536K
  class space    used 4958K, capacity 5285K, committed 5368K, reserved 1048576K
}
2016-09-11T21:57:52.005-0100: 358,387: Total time for which application threads were stopped: 0,0561987 seconds, Stopping threads took: 0,0000328 seconds
2016-09-11T21:57:52.117-0100: 358,499: Total time for which application threads were stopped: 0,0003486 seconds, Stopping threads took: 0,0001080 seconds
{Heap before GC invocations=67 (full 2):
 par new generation   total 109248K, used 109248K [0x00000007a0000000, 0x00000007a8000000, 0x00000007a8000000)
  eden space 87424K, 100% used [0x00000007a0000000, 0x00000007a5560000, 0x00000007a5560000)
  from space 21824K, 100% used [0x00000007a6ab0000, 0x00000007a8000000, 0x00000007a8000000)
  to   space 21824K,   0% used [0x00000007a5560000, 0x00000007a5560000, 0x00000007a6ab0000)
 concurrent mark-sweep generation total 393216K, used 144835K [0x00000007a8000000, 0x00000007c0000000, 0x00000007c0000000)
 Metaspace       used 44397K, capacity 45430K, committed 45772K, reserved 1089536K
  class space    used 4958K, capacity 5285K, committed 5368K, reserved 1048576K
2016-09-11T21:57:52.122-0100: 358,503: [GC (Allocation Failure) 2016-09-11T21:57:52.122-0100: 358,503: [ParNew
Desired survivor size 20112992 bytes, new threshold 8 (max 8)
- age   1:    2350360 bytes,    2350360 total
- age   2:     107848 bytes,    2458208 total
- age   3:    2921088 bytes,    5379296 total
- age   4:    6015864 bytes,   11395160 total
- age   5:    1593040 bytes,   12988200 total
- age   6:    1859560 bytes,   14847760 total
: 109248K->20041K(109248K), 0,0110963 secs] 254083K->164876K(502464K), 0,0112116 secs] [Times: user=0,04 sys=0,00, real=0,01 secs] 
Heap after GC invocations=68 (full 2):
 par new generation   total 109248K, used 20041K [0x00000007a0000000, 0x00000007a8000000, 0x00000007a8000000)
  eden space 87424K,   0% used [0x00000007a0000000, 0x00000007a0000000, 0x00000007a5560000)
  from space 21824K,  91% used [0x00000007a5560000, 0x00000007a68f26d8, 0x00000007a6ab0000)
  to   space 21824K,   0% used [0x00000007a6ab0000, 0x00000007a6ab0000, 0x00000007a8000000)
 concurrent mark-sweep generation total 393216K, used 144835K [0x00000007a8000000, 0x00000007c0000000, 0x00000007c0000000)
 Metaspace       used 44397K, capacity 45430K, committed 45772K, reserved 1089536K
  class space    used 4958K, capacity 5285K, committed 5368K, reserved 1048576K
}
2016-09-11T21:57:52.133-0100: 358,514: Total time for which application threads were stopped: 0,0116116 seconds, Stopping threads took: 0,0000328 seconds
2016-09-11T21:57:52.147-0100: 358,528: Total time for which application threads were stopped: 0,0003840 seconds, Stopping threads took: 0,0001336 seconds
{Heap before GC invocations=68 (full 2):
 par new generation   total 109248K, used 107465K [0x00000007a0000000, 0x00000007a8000000, 0x00000007a8000000)
  eden space 87424K, 100% used [0x00000007a0000000, 0x00000007a5560000, 0x00000007a5560000)
  from space 21824K,  91% used [0x00000007a5560000, 0x00000007a68f26d8, 0x00000007a6ab0000)
  to   space 21824K,   0% used [0x00000007a6ab0000, 0x00000007a6ab0000, 0x00000007a8000000)
 concurrent mark-sweep generation total 393216K, used 144835K [0x00000007a8000000, 0x00000007c0000000, 0x00000007c0000000)
 Metaspace       used 44401K, capacity 45430K, committed 45772K, reserved 1089536K
  class space    used 4958K, capacity 5285K, committed 5368K, reserved 1048576K
2016-09-11T21:57:52.254-0100: 358,635: [GC (Allocation Failure) 2016-09-11T21:57:52.254-0100: 358,635: [ParNew
Desired survivor size 20112992 bytes, new threshold 8 (max 8)
- age   1:    1112896 bytes,    1112896 total
- age   2:     576608 bytes,    1689504 total
- age   3:      74768 bytes,    1764272 total
- age   4:    2921088 bytes,    4685360 total
- age   5:    6011560 bytes,   10696920 total
- age   6:    1593040 bytes,   12289960 total
- age   7:    1859560 bytes,   14149520 total
: 107465K->18849K(109248K), 0,0093875 secs] 252300K->163684K(502464K), 0,0094784 secs] [Times: user=0,04 sys=0,00, real=0,01 secs] 
Heap after GC invocations=69 (full 2):
 par new generation   total 109248K, used 18849K [0x00000007a0000000, 0x00000007a8000000, 0x00000007a8000000)
  eden space 87424K,   0% used [0x00000007a0000000, 0x00000007a0000000, 0x00000007a5560000)
  from space 21824K,  86% used [0x00000007a6ab0000, 0x00000007a7d18530, 0x00000007a8000000)
  to   space 21824K,   0% used [0x00000007a5560000, 0x00000007a5560000, 0x00000007a6ab0000)
 concurrent mark-sweep generation total 393216K, used 144835K [0x00000007a8000000, 0x00000007c0000000, 0x00000007c0000000)
 Metaspace       used 44401K, capacity 45430K, committed 45772K, reserved 1089536K
  class space    used 4958K, capacity 5285K, committed 5368K, reserved 1048576K
}
2016-09-11T21:57:52.263-0100: 358,645: Total time for which application threads were stopped: 0,0101416 seconds, Stopping threads took: 0,0002990 seconds
{Heap before GC invocations=69 (full 2):
 par new generation   total 109248K, used 106273K [0x00000007a0000000, 0x00000007a8000000, 0x00000007a8000000)
  eden space 87424K, 100% used [0x00000007a0000000, 0x00000007a5560000, 0x00000007a5560000)
  from space 21824K,  86% used [0x00000007a6ab0000, 0x00000007a7d18530, 0x00000007a8000000)
  to   space 21824K,   0% used [0x00000007a5560000, 0x00000007a5560000, 0x00000007a6ab0000)
 concurrent mark-sweep generation total 393216K, used 144835K [0x00000007a8000000, 0x00000007c0000000, 0x00000007c0000000)
 Metaspace       used 44418K, capacity 45434K, committed 45772K, reserved 1089536K
  class space    used 4958K, capacity 5285K, committed 5368K, reserved 1048576K
2016-09-11T21:57:52.461-0100: 358,842: [GC (Allocation Failure) 2016-09-11T21:57:52.461-0100: 358,842: [ParNew
Desired survivor size 20112992 bytes, new threshold 8 (max 8)
- age   1:    3698184 bytes,    3698184 total
- age   2:     101104 bytes,    3799288 total
- age   3:        416 bytes,    3799704 total
- age   4:      37384 bytes,    3837088 total
- age   5:     997336 bytes,    4834424 total
- age   6:    5723608 bytes,   10558032 total
- age   7:    1593040 bytes,   12151072 total
- age   8:    1859560 bytes,   14010632 total
: 106273K->15899K(109248K), 0,0098075 secs] 251108K->160735K(502464K), 0,0099073 secs] [Times: user=0,04 sys=0,00, real=0,01 secs] 
Heap after GC invocations=70 (full 2):
 par new generation   total 109248K, used 15899K [0x00000007a0000000, 0x00000007a8000000, 0x00000007a8000000)
  eden space 87424K,   0% used [0x00000007a0000000, 0x00000007a0000000, 0x00000007a5560000)
  from space 21824K,  72% used [0x00000007a5560000, 0x00000007a64e6fe8, 0x00000007a6ab0000)
  to   space 21824K,   0% used [0x00000007a6ab0000, 0x00000007a6ab0000, 0x00000007a8000000)
 concurrent mark-sweep generation total 393216K, used 144835K [0x00000007a8000000, 0x00000007c0000000, 0x00000007c0000000)
 Metaspace       used 44418K, capacity 45434K, committed 45772K, reserved 1089536K
  class space    used 4958K, capacity 5285K, committed 5368K, reserved 1048576K
}
2016-09-11T21:57:52.471-0100: 358,852: Total time for which application threads were stopped: 0,0103588 seconds, Stopping threads took: 0,0000752 seconds
{Heap before GC invocations=70 (full 2):
 par new generation   total 109248K, used 103323K [0x00000007a0000000, 0x00000007a8000000, 0x00000007a8000000)
  eden space 87424K, 100% used [0x00000007a0000000, 0x00000007a5560000, 0x00000007a5560000)
  from space 21824K,  72% used [0x00000007a5560000, 0x00000007a64e6fe8, 0x00000007a6ab0000)
  to   space 21824K,   0% used [0x00000007a6ab0000, 0x00000007a6ab0000, 0x00000007a8000000)
 concurrent mark-sweep generation total 393216K, used 144835K [0x00000007a8000000, 0x00000007c0000000, 0x00000007c0000000)
 Metaspace       used 44456K, capacity 45498K, committed 45772K, reserved 1089536K
  class space    used 4958K, capacity 5285K, committed 5368K, reserved 1048576K
2016-09-11T21:57:52.818-0100: 359,200: [GC (Allocation Failure) 2016-09-11T21:57:52.819-0100: 359,200: [ParNew
Desired survivor size 20112992 bytes, new threshold 7 (max 8)
- age   1:   10638216 bytes,   10638216 total
- age   2:    3260384 bytes,   13898600 total
- age   3:      99736 bytes,   13998336 total
- age   4:        416 bytes,   13998752 total
- age   5:      37384 bytes,   14036136 total
- age   6:     996136 bytes,   15032272 total
- age   7:    5709352 bytes,   20741624 total
- age   8:    1593040 bytes,   22334664 total
: 103323K->21824K(109248K), 0,0645934 secs] 248159K->188226K(502464K), 0,0647019 secs] [Times: user=0,16 sys=0,02, real=0,07 secs] 
Heap after GC invocations=71 (full 2):
 par new generation   total 109248K, used 21824K [0x00000007a0000000, 0x00000007a8000000, 0x00000007a8000000)
  eden space 87424K,   0% used [0x00000007a0000000, 0x00000007a0000000, 0x00000007a5560000)
  from space 21824K, 100% used [0x00000007a6ab0000, 0x00000007a8000000, 0x00000007a8000000)
  to   space 21824K,   0% used [0x00000007a5560000, 0x00000007a5560000, 0x00000007a6ab0000)
 concurrent mark-sweep generation total 393216K, used 166402K [0x00000007a8000000, 0x00000007c0000000, 0x00000007c0000000)
 Metaspace       used 44456K, capacity 45498K, committed 45772K, reserved 1089536K
  class space    used 4958K, capacity 5285K, committed 5368K, reserved 1048576K
}
2016-09-11T21:57:52.883-0100: 359,265: Total time for which application threads were stopped: 0,0652105 seconds, Stopping threads took: 0,0001360 seconds
2016-09-11T21:57:52.884-0100: 359,265: Total time for which application threads were stopped: 0,0002732 seconds, Stopping threads took: 0,0000931 seconds
2016-09-11T21:57:52.884-0100: 359,265: Total time for which application threads were stopped: 0,0001782 seconds, Stopping threads took: 0,0000561 seconds
{Heap before GC invocations=71 (full 2):
 par new generation   total 109248K, used 109248K [0x00000007a0000000, 0x00000007a8000000, 0x00000007a8000000)
  eden space 87424K, 100% used [0x00000007a0000000, 0x00000007a5560000, 0x00000007a5560000)
  from space 21824K, 100% used [0x00000007a6ab0000, 0x00000007a8000000, 0x00000007a8000000)
  to   space 21824K,   0% used [0x00000007a5560000, 0x00000007a5560000, 0x00000007a6ab0000)
 concurrent mark-sweep generation total 393216K, used 166402K [0x00000007a8000000, 0x00000007c0000000, 0x00000007c0000000)
 Metaspace       used 44462K, capacity 45498K, committed 45772K, reserved 1089536K
  class space    used 4958K, capacity 5285K, committed 5368K, reserved 1048576K
2016-09-11T21:57:52.975-0100: 359,357: [GC (Allocation Failure) 2016-09-11T21:57:52.975-0100: 359,357: [ParNew
Desired survivor size 20112992 bytes, new threshold 8 (max 8)
- age   1:    5129648 bytes,    5129648 total
- age   2:    9338336 bytes,   14467984 total
- age   3:    1610016 bytes,   16078000 total
- age   4:      59600 bytes,   16137600 total
- age   5:        400 bytes,   16138000 total
- age   7:     987600 bytes,   17125600 total
: 109248K->21824K(109248K), 0,0284405 secs] 275650K->198369K(502464K), 0,0285370 secs] [Times: user=0,09 sys=0,01, real=0,03 secs] 
Heap after GC invocations=72 (full 2):
 par new generation   total 109248K, used 21824K [0x00000007a0000000, 0x00000007a8000000, 0x00000007a8000000)
  eden space 87424K,   0% used [0x00000007a0000000, 0x00000007a0000000, 0x00000007a5560000)
  from space 21824K, 100% used [0x00000007a5560000, 0x00000007a6ab0000, 0x00000007a6ab0000)
  to   space 21824K,   0% used [0x00000007a6ab0000, 0x00000007a6ab0000, 0x00000007a8000000)
 concurrent mark-sweep generation total 393216K, used 176545K [0x00000007a8000000, 0x00000007c0000000, 0x00000007c0000000)
 Metaspace       used 44462K, capacity 45498K, committed 45772K, reserved 1089536K
  class space    used 4958K, capacity 5285K, committed 5368K, reserved 1048576K
}
2016-09-11T21:57:53.004-0100: 359,385: Total time for which application threads were stopped: 0,0290574 seconds, Stopping threads took: 0,0001180 seconds
{Heap before GC invocations=72 (full 2):
 par new generation   total 109248K, used 109248K [0x00000007a0000000, 0x00000007a8000000, 0x00000007a8000000)
  eden space 87424K, 100% used [0x00000007a0000000, 0x00000007a5560000, 0x00000007a5560000)
  from space 21824K, 100% used [0x00000007a5560000, 0x00000007a6ab0000, 0x00000007a6ab0000)
  to   space 21824K,   0% used [0x00000007a6ab0000, 0x00000007a6ab0000, 0x00000007a8000000)
 concurrent mark-sweep generation total 393216K, used 176545K [0x00000007a8000000, 0x00000007c0000000, 0x00000007c0000000)
 Metaspace       used 44465K, capacity 45498K, committed 45772K, reserved 1089536K
  class space    used 4958K, capacity 5285K, committed 5368K, reserved 1048576K
2016-09-11T21:57:53.080-0100: 359,462: [GC (Allocation Failure) 2016-09-11T21:57:53.080-0100: 359,462: [ParNew
Desired survivor size 20112992 bytes, new threshold 8 (max 8)
- age   1:    2413240 bytes,    2413240 total
- age   2:    3531968 bytes,    5945208 total
- age   3:    9333600 bytes,   15278808 total
- age   4:    1539104 bytes,   16817912 total
- age   5:      59600 bytes,   16877512 total
- age   6:        400 bytes,   16877912 total
- age   8:     987600 bytes,   17865512 total
: 109248K->21824K(109248K), 0,0159637 secs] 285793K->198527K(502464K), 0,0160720 secs] [Times: user=0,05 sys=0,00, real=0,01 secs] 
Heap after GC invocations=73 (full 2):
 par new generation   total 109248K, used 21824K [0x00000007a0000000, 0x00000007a8000000, 0x00000007a8000000)
  eden space 87424K,   0% used [0x00000007a0000000, 0x00000007a0000000, 0x00000007a5560000)
  from space 21824K, 100% used [0x00000007a6ab0000, 0x00000007a8000000, 0x00000007a8000000)
  to   space 21824K,   0% used [0x00000007a5560000, 0x00000007a5560000, 0x00000007a6ab0000)
 concurrent mark-sweep generation total 393216K, used 176703K [0x00000007a8000000, 0x00000007c0000000, 0x00000007c0000000)
 Metaspace       used 44465K, capacity 45498K, committed 45772K, reserved 1089536K
  class space    used 4958K, capacity 5285K, committed 5368K, reserved 1048576K
}
2016-09-11T21:57:53.097-0100: 359,478: Total time for which application threads were stopped: 0,0164870 seconds, Stopping threads took: 0,0000639 seconds
{Heap before GC invocations=73 (full 2):
 par new generation   total 109248K, used 109248K [0x00000007a0000000, 0x00000007a8000000, 0x00000007a8000000)
  eden space 87424K, 100% used [0x00000007a0000000, 0x00000007a5560000, 0x00000007a5560000)
  from space 21824K, 100% used [0x00000007a6ab0000, 0x00000007a8000000, 0x00000007a8000000)
  to   space 21824K,   0% used [0x00000007a5560000, 0x00000007a5560000, 0x00000007a6ab0000)
 concurrent mark-sweep generation total 393216K, used 176703K [0x00000007a8000000, 0x00000007c0000000, 0x00000007c0000000)
 Metaspace       used 44466K, capacity 45498K, committed 45772K, reserved 1089536K
  class space    used 4958K, capacity 5285K, committed 5368K, reserved 1048576K
2016-09-11T21:57:53.164-0100: 359,546: [GC (Allocation Failure) 2016-09-11T21:57:53.164-0100: 359,546: [ParNew
Desired survivor size 20112992 bytes, new threshold 8 (max 8)
- age   1:    3295864 bytes,    3295864 total
- age   2:     348840 bytes,    3644704 total
- age   3:    3400752 bytes,    7045456 total
- age   4:    9333440 bytes,   16378896 total
- age   5:    1539104 bytes,   17918000 total
- age   6:      59600 bytes,   17977600 total
- age   7:        400 bytes,   17978000 total
: 109248K->21824K(109248K), 0,0187768 secs] 285951K->199509K(502464K), 0,0188783 secs] [Times: user=0,06 sys=0,00, real=0,02 secs] 
Heap after GC invocations=74 (full 2):
 par new generation   total 109248K, used 21824K [0x00000007a0000000, 0x00000007a8000000, 0x00000007a8000000)
  eden space 87424K,   0% used [0x00000007a0000000, 0x00000007a0000000, 0x00000007a5560000)
  from space 21824K, 100% used [0x00000007a5560000, 0x00000007a6ab0000, 0x00000007a6ab0000)
  to   space 21824K,   0% used [0x00000007a6ab0000, 0x00000007a6ab0000, 0x00000007a8000000)
 concurrent mark-sweep generation total 393216K, used 177685K [0x00000007a8000000, 0x00000007c0000000, 0x00000007c0000000)
 Metaspace       used 44466K, capacity 45498K, committed 45772K, reserved 1089536K
  class space    used 4958K, capacity 5285K, committed 5368K, reserved 1048576K
}
2016-09-11T21:57:53.183-0100: 359,565: Total time for which application threads were stopped: 0,0193600 seconds, Stopping threads took: 0,0000916 seconds
2016-09-11T21:57:53.327-0100: 359,709: Total time for which application threads were stopped: 0,0002914 seconds, Stopping threads took: 0,0001065 seconds
2016-09-11T21:57:53.390-0100: 359,771: Total time for which application threads were stopped: 0,0002856 seconds, Stopping threads took: 0,0000554 seconds
{Heap before GC invocations=74 (full 2):
 par new generation   total 109248K, used 109248K [0x00000007a0000000, 0x00000007a8000000, 0x00000007a8000000)
  eden space 87424K, 100% used [0x00000007a0000000, 0x00000007a5560000, 0x00000007a5560000)
  from space 21824K, 100% used [0x00000007a5560000, 0x00000007a6ab0000, 0x00000007a6ab0000)
  to   space 21824K,   0% used [0x00000007a6ab0000, 0x00000007a6ab0000, 0x00000007a8000000)
 concurrent mark-sweep generation total 393216K, used 177685K [0x00000007a8000000, 0x00000007c0000000, 0x00000007c0000000)
 Metaspace       used 44501K, capacity 45498K, committed 45772K, reserved 1089536K
  class space    used 4958K, capacity 5285K, committed 5368K, reserved 1048576K
2016-09-11T21:57:53.415-0100: 359,796: [GC (Allocation Failure) 2016-09-11T21:57:53.415-0100: 359,796: [ParNew
Desired survivor size 20112992 bytes, new threshold 6 (max 8)
- age   1:    8867896 bytes,    8867896 total
- age   2:     816896 bytes,    9684792 total
- age   3:     116016 bytes,    9800808 total
- age   4:    3042960 bytes,   12843768 total
- age   5:    6666984 bytes,   19510752 total
- age   6:    1412176 bytes,   20922928 total
- age   7:      59600 bytes,   20982528 total
- age   8:        400 bytes,   20982928 total
: 109248K->21824K(109248K), 0,0210670 secs] 286933K->200342K(502464K), 0,0211762 secs] [Times: user=0,07 sys=0,00, real=0,02 secs] 
Heap after GC invocations=75 (full 2):
 par new generation   total 109248K, used 21824K [0x00000007a0000000, 0x00000007a8000000, 0x00000007a8000000)
  eden space 87424K,   0% used [0x00000007a0000000, 0x00000007a0000000, 0x00000007a5560000)
  from space 21824K, 100% used [0x00000007a6ab0000, 0x00000007a8000000, 0x00000007a8000000)
  to   space 21824K,   0% used [0x00000007a5560000, 0x00000007a5560000, 0x00000007a6ab0000)
 concurrent mark-sweep generation total 393216K, used 178518K [0x00000007a8000000, 0x00000007c0000000, 0x00000007c0000000)
 Metaspace       used 44501K, capacity 45498K, committed 45772K, reserved 1089536K
  class space    used 4958K, capacity 5285K, committed 5368K, reserved 1048576K
}
2016-09-11T21:57:53.436-0100: 359,818: Total time for which application threads were stopped: 0,0216200 seconds, Stopping threads took: 0,0001303 seconds
{Heap before GC invocations=75 (full 2):
 par new generation   total 109248K, used 109248K [0x00000007a0000000, 0x00000007a8000000, 0x00000007a8000000)
  eden space 87424K, 100% used [0x00000007a0000000, 0x00000007a5560000, 0x00000007a5560000)
  from space 21824K, 100% used [0x00000007a6ab0000, 0x00000007a8000000, 0x00000007a8000000)
  to   space 21824K,   0% used [0x00000007a5560000, 0x00000007a5560000, 0x00000007a6ab0000)
 concurrent mark-sweep generation total 393216K, used 178518K [0x00000007a8000000, 0x00000007c0000000, 0x00000007c0000000)
 Metaspace       used 44533K, capacity 45562K, committed 45772K, reserved 1089536K
  class space    used 4958K, capacity 5285K, committed 5368K, reserved 1048576K
2016-09-11T21:57:53.577-0100: 359,959: [GC (Allocation Failure) 2016-09-11T21:57:53.577-0100: 359,959: [ParNew
Desired survivor size 20112992 bytes, new threshold 6 (max 8)
- age   1:    4650936 bytes,    4650936 total
- age   2:    7750752 bytes,   12401688 total
- age   3:     816856 bytes,   13218544 total
- age   4:     116016 bytes,   13334560 total
- age   5:    3042960 bytes,   16377520 total
- age   6:    5963320 bytes,   22340840 total
: 109248K->21824K(109248K), 0,0730431 secs] 287766K->223049K(502464K), 0,0731322 secs] [Times: user=0,14 sys=0,02, real=0,08 secs] 
Heap after GC invocations=76 (full 2):
 par new generation   total 109248K, used 21824K [0x00000007a0000000, 0x00000007a8000000, 0x00000007a8000000)
  eden space 87424K,   0% used [0x00000007a0000000, 0x00000007a0000000, 0x00000007a5560000)
  from space 21824K, 100% used [0x00000007a5560000, 0x00000007a6ab0000, 0x00000007a6ab0000)
  to   space 21824K,   0% used [0x00000007a6ab0000, 0x00000007a6ab0000, 0x00000007a8000000)
 concurrent mark-sweep generation total 393216K, used 201225K [0x00000007a8000000, 0x00000007c0000000, 0x00000007c0000000)
 Metaspace       used 44533K, capacity 45562K, committed 45772K, reserved 1089536K
  class space    used 4958K, capacity 5285K, committed 5368K, reserved 1048576K
}
2016-09-11T21:57:53.650-0100: 360,032: Total time for which application threads were stopped: 0,0734791 seconds, Stopping threads took: 0,0000320 seconds
2016-09-11T21:57:53.651-0100: 360,032: [GC (CMS Initial Mark) [1 CMS-initial-mark: 201225K(393216K)] 223360K(502464K), 0,0053883 secs] [Times: user=0,01 sys=0,00, real=0,00 secs] 
2016-09-11T21:57:53.656-0100: 360,038: Total time for which application threads were stopped: 0,0057080 seconds, Stopping threads took: 0,0001004 seconds
2016-09-11T21:57:53.656-0100: 360,038: [CMS-concurrent-mark-start]
2016-09-11T21:57:53.666-0100: 360,047: Total time for which application threads were stopped: 0,0004978 seconds, Stopping threads took: 0,0001048 seconds
2016-09-11T21:57:53.666-0100: 360,047: Total time for which application threads were stopped: 0,0002184 seconds, Stopping threads took: 0,0000159 seconds
2016-09-11T21:57:53.726-0100: 360,108: [CMS-concurrent-mark: 0,069/0,070 secs] [Times: user=0,24 sys=0,02, real=0,07 secs] 
2016-09-11T21:57:53.726-0100: 360,108: [CMS-concurrent-preclean-start]
2016-09-11T21:57:53.728-0100: 360,109: [CMS-concurrent-preclean: 0,002/0,002 secs] [Times: user=0,01 sys=0,00, real=0,00 secs] 
2016-09-11T21:57:53.728-0100: 360,110: [CMS-concurrent-abortable-preclean-start]
2016-09-11T21:57:53.738-0100: 360,120: Total time for which application threads were stopped: 0,0002615 seconds, Stopping threads took: 0,0000670 seconds
2016-09-11T21:57:53.744-0100: 360,126: Total time for which application threads were stopped: 0,0003118 seconds, Stopping threads took: 0,0001032 seconds
{Heap before GC invocations=76 (full 3):
 par new generation   total 109248K, used 109248K [0x00000007a0000000, 0x00000007a8000000, 0x00000007a8000000)
  eden space 87424K, 100% used [0x00000007a0000000, 0x00000007a5560000, 0x00000007a5560000)
  from space 21824K, 100% used [0x00000007a5560000, 0x00000007a6ab0000, 0x00000007a6ab0000)
  to   space 21824K,   0% used [0x00000007a6ab0000, 0x00000007a6ab0000, 0x00000007a8000000)
 concurrent mark-sweep generation total 393216K, used 201225K [0x00000007a8000000, 0x00000007c0000000, 0x00000007c0000000)
 Metaspace       used 44537K, capacity 45562K, committed 45772K, reserved 1089536K
  class space    used 4958K, capacity 5285K, committed 5368K, reserved 1048576K
2016-09-11T21:57:53.812-0100: 360,193: [GC (Allocation Failure) 2016-09-11T21:57:53.812-0100: 360,193: [ParNew
Desired survivor size 20112992 bytes, new threshold 8 (max 8)
- age   1:    5624576 bytes,    5624576 total
- age   2:    3954920 bytes,    9579496 total
- age   3:    6913904 bytes,   16493400 total
- age   4:     816600 bytes,   17310000 total
- age   5:     108768 bytes,   17418768 total
- age   6:    2326848 bytes,   19745616 total
: 109248K->21824K(109248K), 0,0387231 secs] 310473K->230871K(502464K), 0,0388252 secs] [Times: user=0,10 sys=0,01, real=0,04 secs] 
Heap after GC invocations=77 (full 3):
 par new generation   total 109248K, used 21824K [0x00000007a0000000, 0x00000007a8000000, 0x00000007a8000000)
  eden space 87424K,   0% used [0x00000007a0000000, 0x00000007a0000000, 0x00000007a5560000)
  from space 21824K, 100% used [0x00000007a6ab0000, 0x00000007a8000000, 0x00000007a8000000)
  to   space 21824K,   0% used [0x00000007a5560000, 0x00000007a5560000, 0x00000007a6ab0000)
 concurrent mark-sweep generation total 393216K, used 209047K [0x00000007a8000000, 0x00000007c0000000, 0x00000007c0000000)
 Metaspace       used 44537K, capacity 45562K, committed 45772K, reserved 1089536K
  class space    used 4958K, capacity 5285K, committed 5368K, reserved 1048576K
}
2016-09-11T21:57:53.851-0100: 360,232: Total time for which application threads were stopped: 0,0392679 seconds, Stopping threads took: 0,0001034 seconds
{Heap before GC invocations=77 (full 3):
 par new generation   total 109248K, used 109248K [0x00000007a0000000, 0x00000007a8000000, 0x00000007a8000000)
  eden space 87424K, 100% used [0x00000007a0000000, 0x00000007a5560000, 0x00000007a5560000)
  from space 21824K, 100% used [0x00000007a6ab0000, 0x00000007a8000000, 0x00000007a8000000)
  to   space 21824K,   0% used [0x00000007a5560000, 0x00000007a5560000, 0x00000007a6ab0000)
 concurrent mark-sweep generation total 393216K, used 209047K [0x00000007a8000000, 0x00000007c0000000, 0x00000007c0000000)
 Metaspace       used 44553K, capacity 45626K, committed 45772K, reserved 1089536K
  class space    used 4958K, capacity 5285K, committed 5368K, reserved 1048576K
2016-09-11T21:57:53.934-0100: 360,316: [GC (Allocation Failure) 2016-09-11T21:57:53.934-0100: 360,316: [ParNew
Desired survivor size 20112992 bytes, new threshold 8 (max 8)
- age   1:    2492648 bytes,    2492648 total
- age   2:    2923896 bytes,    5416544 total
- age   3:    3934248 bytes,    9350792 total
- age   4:    6717240 bytes,   16068032 total
- age   5:     816600 bytes,   16884632 total
- age   6:     108768 bytes,   16993400 total
- age   7:    2318296 bytes,   19311696 total
: 109248K->21824K(109248K), 0,0179188 secs] 318295K->231259K(502464K), 0,0180210 secs] [Times: user=0,06 sys=0,00, real=0,02 secs] 
Heap after GC invocations=78 (full 3):
 par new generation   total 109248K, used 21824K [0x00000007a0000000, 0x00000007a8000000, 0x00000007a8000000)
  eden space 87424K,   0% used [0x00000007a0000000, 0x00000007a0000000, 0x00000007a5560000)
  from space 21824K, 100% used [0x00000007a5560000, 0x00000007a6ab0000, 0x00000007a6ab0000)
  to   space 21824K,   0% used [0x00000007a6ab0000, 0x00000007a6ab0000, 0x00000007a8000000)
 concurrent mark-sweep generation total 393216K, used 209435K [0x00000007a8000000, 0x00000007c0000000, 0x00000007c0000000)
 Metaspace       used 44553K, capacity 45626K, committed 45772K, reserved 1089536K
  class space    used 4958K, capacity 5285K, committed 5368K, reserved 1048576K
}
2016-09-11T21:57:53.953-0100: 360,334: Total time for which application threads were stopped: 0,0189491 seconds, Stopping threads took: 0,0006241 seconds
2016-09-11T21:57:53.960-0100: 360,341: [CMS-concurrent-abortable-preclean: 0,169/0,232 secs] [Times: user=0,83 sys=0,01, real=0,24 secs] 
2016-09-11T21:57:53.963-0100: 360,344: [GC (CMS Final Remark) [YG occupancy: 23114 K (109248 K)]{Heap before GC invocations=78 (full 3):
 par new generation   total 109248K, used 23114K [0x00000007a0000000, 0x00000007a8000000, 0x00000007a8000000)
  eden space 87424K,   1% used [0x00000007a0000000, 0x00000007a0142838, 0x00000007a5560000)
  from space 21824K, 100% used [0x00000007a5560000, 0x00000007a6ab0000, 0x00000007a6ab0000)
  to   space 21824K,   0% used [0x00000007a6ab0000, 0x00000007a6ab0000, 0x00000007a8000000)
 concurrent mark-sweep generation total 393216K, used 209435K [0x00000007a8000000, 0x00000007c0000000, 0x00000007c0000000)
 Metaspace       used 44558K, capacity 45626K, committed 45772K, reserved 1089536K
  class space    used 4958K, capacity 5285K, committed 5368K, reserved 1048576K
2016-09-11T21:57:53.963-0100: 360,344: [GC (CMS Final Remark) 2016-09-11T21:57:53.963-0100: 360,344: [ParNew
Desired survivor size 20112992 bytes, new threshold 8 (max 8)
- age   1:       1576 bytes,       1576 total
- age   2:    2230208 bytes,    2231784 total
- age   3:    2516560 bytes,    4748344 total
- age   4:    3924792 bytes,    8673136 total
- age   5:    6607776 bytes,   15280912 total
- age   6:     816600 bytes,   16097512 total
- age   7:     108768 bytes,   16206280 total
- age   8:    2318296 bytes,   18524576 total
: 23114K->21824K(109248K), 0,0167571 secs] 232549K->232031K(502464K), 0,0168171 secs] [Times: user=0,05 sys=0,00, real=0,02 secs] 
Heap after GC invocations=79 (full 3):
 par new generation   total 109248K, used 21824K [0x00000007a0000000, 0x00000007a8000000, 0x00000007a8000000)
  eden space 87424K,   0% used [0x00000007a0000000, 0x00000007a0000000, 0x00000007a5560000)
  from space 21824K, 100% used [0x00000007a6ab0000, 0x00000007a8000000, 0x00000007a8000000)
  to   space 21824K,   0% used [0x00000007a5560000, 0x00000007a5560000, 0x00000007a6ab0000)
 concurrent mark-sweep generation total 393216K, used 210207K [0x00000007a8000000, 0x00000007c0000000, 0x00000007c0000000)
 Metaspace       used 44558K, capacity 45626K, committed 45772K, reserved 1089536K
  class space    used 4958K, capacity 5285K, committed 5368K, reserved 1048576K
}
2016-09-11T21:57:53.980-0100: 360,361: [Rescan (parallel) , 0,0073437 secs]2016-09-11T21:57:53.987-0100: 360,368: [weak refs processing, 0,0343207 secs]2016-09-11T21:57:54.021-0100: 360,403: [class unloading, 0,0182103 secs]2016-09-11T21:57:54.040-0100: 360,421: [scrub symbol table, 0,0088391 secs]2016-09-11T21:57:54.048-0100: 360,430: [scrub string table, 0,0007714 secs][1 CMS-remark: 210207K(393216K)] 232031K(502464K), 0,0871275 secs] [Times: user=0,16 sys=0,03, real=0,09 secs] 
2016-09-11T21:57:54.050-0100: 360,431: Total time for which application threads were stopped: 0,0874460 seconds, Stopping threads took: 0,0001107 seconds
2016-09-11T21:57:54.050-0100: 360,431: [CMS-concurrent-sweep-start]
{Heap before GC invocations=79 (full 3):
 par new generation   total 109248K, used 109248K [0x00000007a0000000, 0x00000007a8000000, 0x00000007a8000000)
  eden space 87424K, 100% used [0x00000007a0000000, 0x00000007a5560000, 0x00000007a5560000)
  from space 21824K, 100% used [0x00000007a6ab0000, 0x00000007a8000000, 0x00000007a8000000)
  to   space 21824K,   0% used [0x00000007a5560000, 0x00000007a5560000, 0x00000007a6ab0000)
 concurrent mark-sweep generation total 393216K, used 185765K [0x00000007a8000000, 0x00000007c0000000, 0x00000007c0000000)
 Metaspace       used 44558K, capacity 45626K, committed 45772K, reserved 1089536K
  class space    used 4958K, capacity 5285K, committed 5368K, reserved 1048576K
2016-09-11T21:57:54.133-0100: 360,515: [GC (Allocation Failure) 2016-09-11T21:57:54.133-0100: 360,515: [ParNew
Desired survivor size 20112992 bytes, new threshold 8 (max 8)
- age   1:    1291496 bytes,    1291496 total
- age   3:     294144 bytes,    1585640 total
- age   4:    2499992 bytes,    4085632 total
- age   5:    3945240 bytes,    8030872 total
- age   6:    6047960 bytes,   14078832 total
- age   7:     816600 bytes,   14895432 total
- age   8:     107136 bytes,   15002568 total
: 109248K->21824K(109248K), 0,0179130 secs] 295013K->210077K(502464K), 0,0180157 secs] [Times: user=0,06 sys=0,00, real=0,02 secs] 
Heap after GC invocations=80 (full 3):
 par new generation   total 109248K, used 21824K [0x00000007a0000000, 0x00000007a8000000, 0x00000007a8000000)
  eden space 87424K,   0% used [0x00000007a0000000, 0x00000007a0000000, 0x00000007a5560000)
  from space 21824K, 100% used [0x00000007a5560000, 0x00000007a6ab0000, 0x00000007a6ab0000)
  to   space 21824K,   0% used [0x00000007a6ab0000, 0x00000007a6ab0000, 0x00000007a8000000)
 concurrent mark-sweep generation total 393216K, used 188253K [0x00000007a8000000, 0x00000007c0000000, 0x00000007c0000000)
 Metaspace       used 44558K, capacity 45626K, committed 45772K, reserved 1089536K
  class space    used 4958K, capacity 5285K, committed 5368K, reserved 1048576K
}
2016-09-11T21:57:54.151-0100: 360,533: Total time for which application threads were stopped: 0,0185295 seconds, Stopping threads took: 0,0001200 seconds
{Heap before GC invocations=80 (full 3):
 par new generation   total 109248K, used 109248K [0x00000007a0000000, 0x00000007a8000000, 0x00000007a8000000)
  eden space 87424K, 100% used [0x00000007a0000000, 0x00000007a5560000, 0x00000007a5560000)
  from space 21824K, 100% used [0x00000007a5560000, 0x00000007a6ab0000, 0x00000007a6ab0000)
  to   space 21824K,   0% used [0x00000007a6ab0000, 0x00000007a6ab0000, 0x00000007a8000000)
 concurrent mark-sweep generation total 393216K, used 150816K [0x00000007a8000000, 0x00000007c0000000, 0x00000007c0000000)
 Metaspace       used 44558K, capacity 45626K, committed 45772K, reserved 1089536K
  class space    used 4958K, capacity 5285K, committed 5368K, reserved 1048576K
2016-09-11T21:57:54.245-0100: 360,626: [GC (Allocation Failure) 2016-09-11T21:57:54.245-0100: 360,626: [ParNew
Desired survivor size 20112992 bytes, new threshold 8 (max 8)
- age   1:    3703088 bytes,    3703088 total
- age   2:      33448 bytes,    3736536 total
- age   4:      19208 bytes,    3755744 total
- age   5:    2499544 bytes,    6255288 total
- age   6:    3908008 bytes,   10163296 total
- age   7:    6047960 bytes,   16211256 total
- age   8:     816600 bytes,   17027856 total
: 109248K->21824K(109248K), 0,0133860 secs] 260064K->172747K(502464K), 0,0134850 secs] [Times: user=0,05 sys=0,00, real=0,01 secs] 
Heap after GC invocations=81 (full 3):
 par new generation   total 109248K, used 21824K [0x00000007a0000000, 0x00000007a8000000, 0x00000007a8000000)
  eden space 87424K,   0% used [0x00000007a0000000, 0x00000007a0000000, 0x00000007a5560000)
  from space 21824K, 100% used [0x00000007a6ab0000, 0x00000007a8000000, 0x00000007a8000000)
  to   space 21824K,   0% used [0x00000007a5560000, 0x00000007a5560000, 0x00000007a6ab0000)
 concurrent mark-sweep generation total 393216K, used 150923K [0x00000007a8000000, 0x00000007c0000000, 0x00000007c0000000)
 Metaspace       used 44558K, capacity 45626K, committed 45772K, reserved 1089536K
  class space    used 4958K, capacity 5285K, committed 5368K, reserved 1048576K
}
2016-09-11T21:57:54.259-0100: 360,640: Total time for which application threads were stopped: 0,0139602 seconds, Stopping threads took: 0,0001406 seconds
2016-09-11T21:57:54.298-0100: 360,679: [CMS-concurrent-sweep: 0,214/0,248 secs] [Times: user=0,87 sys=0,04, real=0,24 secs] 
2016-09-11T21:57:54.298-0100: 360,679: [CMS-concurrent-reset-start]
2016-09-11T21:57:54.298-0100: 360,680: [CMS-concurrent-reset: 0,000/0,000 secs] [Times: user=0,00 sys=0,00, real=0,00 secs] 
2016-09-11T21:57:54.450-0100: 360,831: Total time for which application threads were stopped: 0,0214179 seconds, Stopping threads took: 0,0210860 seconds
2016-09-11T21:57:54.454-0100: 360,835: Total time for which application threads were stopped: 0,0003085 seconds, Stopping threads took: 0,0001206 seconds
2016-09-11T21:57:54.460-0100: 360,841: Total time for which application threads were stopped: 0,0002832 seconds, Stopping threads took: 0,0000674 seconds
2016-09-11T21:57:54.461-0100: 360,843: Total time for which application threads were stopped: 0,0002288 seconds, Stopping threads took: 0,0000252 seconds
2016-09-11T21:57:54.819-0100: 361,201: Total time for which application threads were stopped: 0,0003203 seconds, Stopping threads took: 0,0000319 seconds
2016-09-11T21:57:54.823-0100: 361,204: Total time for which application threads were stopped: 0,0002802 seconds, Stopping threads took: 0,0000466 seconds
2016-09-11T21:57:54.824-0100: 361,206: Total time for which application threads were stopped: 0,0002677 seconds, Stopping threads took: 0,0000514 seconds
2016-09-11T21:57:54.825-0100: 361,206: Total time for which application threads were stopped: 0,0001799 seconds, Stopping threads took: 0,0000308 seconds
2016-09-11T21:57:54.825-0100: 361,206: Total time for which application threads were stopped: 0,0001476 seconds, Stopping threads took: 0,0000138 seconds
2016-09-11T21:57:54.825-0100: 361,207: Total time for which application threads were stopped: 0,0001501 seconds, Stopping threads took: 0,0000141 seconds
2016-09-11T21:57:54.825-0100: 361,207: Total time for which application threads were stopped: 0,0001692 seconds, Stopping threads took: 0,0000305 seconds
{Heap before GC invocations=81 (full 3):
 par new generation   total 109248K, used 109248K [0x00000007a0000000, 0x00000007a8000000, 0x00000007a8000000)
  eden space 87424K, 100% used [0x00000007a0000000, 0x00000007a5560000, 0x00000007a5560000)
  from space 21824K, 100% used [0x00000007a6ab0000, 0x00000007a8000000, 0x00000007a8000000)
  to   space 21824K,   0% used [0x00000007a5560000, 0x00000007a5560000, 0x00000007a6ab0000)
 concurrent mark-sweep generation total 393216K, used 137637K [0x00000007a8000000, 0x00000007c0000000, 0x00000007c0000000)
 Metaspace       used 44709K, capacity 45796K, committed 46028K, reserved 1089536K
  class space    used 4965K, capacity 5280K, committed 5368K, reserved 1048576K
2016-09-11T21:57:55.024-0100: 361,405: [GC (Allocation Failure) 2016-09-11T21:57:55.024-0100: 361,406: [ParNew
Desired survivor size 20112992 bytes, new threshold 8 (max 8)
- age   1:    8004992 bytes,    8004992 total
- age   2:    1968984 bytes,    9973976 total
- age   3:        184 bytes,    9974160 total
- age   5:      19208 bytes,    9993368 total
- age   6:    2254688 bytes,   12248056 total
- age   7:    3102512 bytes,   15350568 total
- age   8:    5833624 bytes,   21184192 total
: 109248K->21824K(109248K), 0,0175873 secs] 246885K->164145K(502464K), 0,0176869 secs] [Times: user=0,07 sys=0,00, real=0,02 secs] 
Heap after GC invocations=82 (full 3):
 par new generation   total 109248K, used 21824K [0x00000007a0000000, 0x00000007a8000000, 0x00000007a8000000)
  eden space 87424K,   0% used [0x00000007a0000000, 0x00000007a0000000, 0x00000007a5560000)
  from space 21824K, 100% used [0x00000007a5560000, 0x00000007a6ab0000, 0x00000007a6ab0000)
  to   space 21824K,   0% used [0x00000007a6ab0000, 0x00000007a6ab0000, 0x00000007a8000000)
 concurrent mark-sweep generation total 393216K, used 142321K [0x00000007a8000000, 0x00000007c0000000, 0x00000007c0000000)
 Metaspace       used 44709K, capacity 45796K, committed 46028K, reserved 1089536K
  class space    used 4965K, capacity 5280K, committed 5368K, reserved 1048576K
}
2016-09-11T21:57:55.042-0100: 361,423: Total time for which application threads were stopped: 0,0180985 seconds, Stopping threads took: 0,0000979 seconds
{Heap before GC invocations=82 (full 3):
 par new generation   total 109248K, used 109248K [0x00000007a0000000, 0x00000007a8000000, 0x00000007a8000000)
  eden space 87424K, 100% used [0x00000007a0000000, 0x00000007a5560000, 0x00000007a5560000)
  from space 21824K, 100% used [0x00000007a5560000, 0x00000007a6ab0000, 0x00000007a6ab0000)
  to   space 21824K,   0% used [0x00000007a6ab0000, 0x00000007a6ab0000, 0x00000007a8000000)
 concurrent mark-sweep generation total 393216K, used 142321K [0x00000007a8000000, 0x00000007c0000000, 0x00000007c0000000)
 Metaspace       used 44748K, capacity 45820K, committed 46028K, reserved 1089536K
  class space    used 4967K, capacity 5284K, committed 5368K, reserved 1048576K
2016-09-11T21:57:55.151-0100: 361,533: [GC (Allocation Failure) 2016-09-11T21:57:55.151-0100: 361,533: [ParNew
Desired survivor size 20112992 bytes, new threshold 8 (max 8)
- age   1:    6985032 bytes,    6985032 total
- age   2:    6549240 bytes,   13534272 total
- age   3:    1873000 bytes,   15407272 total
- age   4:        184 bytes,   15407456 total
- age   6:       2616 bytes,   15410072 total
- age   7:    1170784 bytes,   16580856 total
- age   8:    3102216 bytes,   19683072 total
: 109248K->21824K(109248K), 0,0183650 secs] 251569K->172641K(502464K), 0,0184572 secs] [Times: user=0,06 sys=0,00, real=0,02 secs] 
Heap after GC invocations=83 (full 3):
 par new generation   total 109248K, used 21824K [0x00000007a0000000, 0x00000007a8000000, 0x00000007a8000000)
  eden space 87424K,   0% used [0x00000007a0000000, 0x00000007a0000000, 0x00000007a5560000)
  from space 21824K, 100% used [0x00000007a6ab0000, 0x00000007a8000000, 0x00000007a8000000)
  to   space 21824K,   0% used [0x00000007a5560000, 0x00000007a5560000, 0x00000007a6ab0000)
 concurrent mark-sweep generation total 393216K, used 150817K [0x00000007a8000000, 0x00000007c0000000, 0x00000007c0000000)
 Metaspace       used 44748K, capacity 45820K, committed 46028K, reserved 1089536K
  class space    used 4967K, capacity 5284K, committed 5368K, reserved 1048576K
}
2016-09-11T21:57:55.170-0100: 361,551: Total time for which application threads were stopped: 0,0188928 seconds, Stopping threads took: 0,0001113 seconds
2016-09-11T21:57:55.170-0100: 361,551: Total time for which application threads were stopped: 0,0002902 seconds, Stopping threads took: 0,0001039 seconds
2016-09-11T21:57:55.170-0100: 361,552: Total time for which application threads were stopped: 0,0002044 seconds, Stopping threads took: 0,0000831 seconds
{Heap before GC invocations=83 (full 3):
 par new generation   total 109248K, used 109248K [0x00000007a0000000, 0x00000007a8000000, 0x00000007a8000000)
  eden space 87424K, 100% used [0x00000007a0000000, 0x00000007a5560000, 0x00000007a5560000)
  from space 21824K, 100% used [0x00000007a6ab0000, 0x00000007a8000000, 0x00000007a8000000)
  to   space 21824K,   0% used [0x00000007a5560000, 0x00000007a5560000, 0x00000007a6ab0000)
 concurrent mark-sweep generation total 393216K, used 150817K [0x00000007a8000000, 0x00000007c0000000, 0x00000007c0000000)
 Metaspace       used 44748K, capacity 45820K, committed 46028K, reserved 1089536K
  class space    used 4967K, capacity 5284K, committed 5368K, reserved 1048576K
2016-09-11T21:57:55.247-0100: 361,629: [GC (Allocation Failure) 2016-09-11T21:57:55.247-0100: 361,629: [ParNew
Desired survivor size 20112992 bytes, new threshold 8 (max 8)
- age   1:    1508896 bytes,    1508896 total
- age   2:    6098120 bytes,    7607016 total
- age   3:    3677440 bytes,   11284456 total
- age   4:    1856552 bytes,   13141008 total
- age   5:        184 bytes,   13141192 total
- age   7:       2616 bytes,   13143808 total
- age   8:    1170784 bytes,   14314592 total
: 109248K->21824K(109248K), 0,0152898 secs] 260065K->178729K(502464K), 0,0153913 secs] [Times: user=0,05 sys=0,01, real=0,02 secs] 
Heap after GC invocations=84 (full 3):
 par new generation   total 109248K, used 21824K [0x00000007a0000000, 0x00000007a8000000, 0x00000007a8000000)
  eden space 87424K,   0% used [0x00000007a0000000, 0x00000007a0000000, 0x00000007a5560000)
  from space 21824K, 100% used [0x00000007a5560000, 0x00000007a6ab0000, 0x00000007a6ab0000)
  to   space 21824K,   0% used [0x00000007a6ab0000, 0x00000007a6ab0000, 0x00000007a8000000)
 concurrent mark-sweep generation total 393216K, used 156905K [0x00000007a8000000, 0x00000007c0000000, 0x00000007c0000000)
 Metaspace       used 44748K, capacity 45820K, committed 46028K, reserved 1089536K
  class space    used 4967K, capacity 5284K, committed 5368K, reserved 1048576K
}
2016-09-11T21:57:55.263-0100: 361,644: Total time for which application threads were stopped: 0,0157925 seconds, Stopping threads took: 0,0000375 seconds
{Heap before GC invocations=84 (full 3):
 par new generation   total 109248K, used 109248K [0x00000007a0000000, 0x00000007a8000000, 0x00000007a8000000)
  eden space 87424K, 100% used [0x00000007a0000000, 0x00000007a5560000, 0x00000007a5560000)
  from space 21824K, 100% used [0x00000007a5560000, 0x00000007a6ab0000, 0x00000007a6ab0000)
  to   space 21824K,   0% used [0x00000007a6ab0000, 0x00000007a6ab0000, 0x00000007a8000000)
 concurrent mark-sweep generation total 393216K, used 156905K [0x00000007a8000000, 0x00000007c0000000, 0x00000007c0000000)
 Metaspace       used 44752K, capacity 45820K, committed 46028K, reserved 1089536K
  class space    used 4967K, capacity 5284K, committed 5368K, reserved 1048576K
2016-09-11T21:57:55.366-0100: 361,748: [GC (Allocation Failure) 2016-09-11T21:57:55.366-0100: 361,748: [ParNew
Desired survivor size 20112992 bytes, new threshold 8 (max 8)
- age   1:    3032832 bytes,    3032832 total
- age   2:     365272 bytes,    3398104 total
- age   3:    6077496 bytes,    9475600 total
- age   4:    3677440 bytes,   13153040 total
- age   5:    1856552 bytes,   15009592 total
- age   6:        184 bytes,   15009776 total
- age   8:       2616 bytes,   15012392 total
: 109248K->18456K(109248K), 0,0096692 secs] 266153K->176511K(502464K), 0,0097522 secs] [Times: user=0,04 sys=0,00, real=0,01 secs] 
Heap after GC invocations=85 (full 3):
 par new generation   total 109248K, used 18456K [0x00000007a0000000, 0x00000007a8000000, 0x00000007a8000000)
  eden space 87424K,   0% used [0x00000007a0000000, 0x00000007a0000000, 0x00000007a5560000)
  from space 21824K,  84% used [0x00000007a6ab0000, 0x00000007a7cb6390, 0x00000007a8000000)
  to   space 21824K,   0% used [0x00000007a5560000, 0x00000007a5560000, 0x00000007a6ab0000)
 concurrent mark-sweep generation total 393216K, used 158054K [0x00000007a8000000, 0x00000007c0000000, 0x00000007c0000000)
 Metaspace       used 44752K, capacity 45820K, committed 46028K, reserved 1089536K
  class space    used 4967K, capacity 5284K, committed 5368K, reserved 1048576K
}
2016-09-11T21:57:55.376-0100: 361,757: Total time for which application threads were stopped: 0,0101473 seconds, Stopping threads took: 0,0001188 seconds
{Heap before GC invocations=85 (full 3):
 par new generation   total 109248K, used 105880K [0x00000007a0000000, 0x00000007a8000000, 0x00000007a8000000)
  eden space 87424K, 100% used [0x00000007a0000000, 0x00000007a5560000, 0x00000007a5560000)
  from space 21824K,  84% used [0x00000007a6ab0000, 0x00000007a7cb6390, 0x00000007a8000000)
  to   space 21824K,   0% used [0x00000007a5560000, 0x00000007a5560000, 0x00000007a6ab0000)
 concurrent mark-sweep generation total 393216K, used 158054K [0x00000007a8000000, 0x00000007c0000000, 0x00000007c0000000)
 Metaspace       used 44752K, capacity 45820K, committed 46028K, reserved 1089536K
  class space    used 4967K, capacity 5284K, committed 5368K, reserved 1048576K
2016-09-11T21:57:55.482-0100: 361,864: [GC (Allocation Failure) 2016-09-11T21:57:55.483-0100: 361,864: [ParNew
Desired survivor size 20112992 bytes, new threshold 8 (max 8)
- age   1:    1548976 bytes,    1548976 total
- age   2:    1475032 bytes,    3024008 total
- age   3:     327896 bytes,    3351904 total
- age   4:    6077496 bytes,    9429400 total
- age   5:    3677440 bytes,   13106840 total
- age   6:    1856552 bytes,   14963392 total
- age   7:        184 bytes,   14963576 total
: 105880K->19569K(109248K), 0,0079024 secs] 263935K->177627K(502464K), 0,0080027 secs] [Times: user=0,03 sys=0,01, real=0,01 secs] 
Heap after GC invocations=86 (full 3):
 par new generation   total 109248K, used 19569K [0x00000007a0000000, 0x00000007a8000000, 0x00000007a8000000)
  eden space 87424K,   0% used [0x00000007a0000000, 0x00000007a0000000, 0x00000007a5560000)
  from space 21824K,  89% used [0x00000007a5560000, 0x00000007a687c520, 0x00000007a6ab0000)
  to   space 21824K,   0% used [0x00000007a6ab0000, 0x00000007a6ab0000, 0x00000007a8000000)
 concurrent mark-sweep generation total 393216K, used 158058K [0x00000007a8000000, 0x00000007c0000000, 0x00000007c0000000)
 Metaspace       used 44752K, capacity 45820K, committed 46028K, reserved 1089536K
  class space    used 4967K, capacity 5284K, committed 5368K, reserved 1048576K
}
2016-09-11T21:57:55.491-0100: 361,872: Total time for which application threads were stopped: 0,0083819 seconds, Stopping threads took: 0,0001089 seconds
{Heap before GC invocations=86 (full 3):
 par new generation   total 109248K, used 106993K [0x00000007a0000000, 0x00000007a8000000, 0x00000007a8000000)
  eden space 87424K, 100% used [0x00000007a0000000, 0x00000007a5560000, 0x00000007a5560000)
  from space 21824K,  89% used [0x00000007a5560000, 0x00000007a687c520, 0x00000007a6ab0000)
  to   space 21824K,   0% used [0x00000007a6ab0000, 0x00000007a6ab0000, 0x00000007a8000000)
 concurrent mark-sweep generation total 393216K, used 158058K [0x00000007a8000000, 0x00000007c0000000, 0x00000007c0000000)
 Metaspace       used 44756K, capacity 45820K, committed 46028K, reserved 1089536K
  class space    used 4967K, capacity 5284K, committed 5368K, reserved 1048576K
2016-09-11T21:57:55.596-0100: 361,978: [GC (Allocation Failure) 2016-09-11T21:57:55.596-0100: 361,978: [ParNew
Desired survivor size 20112992 bytes, new threshold 8 (max 8)
- age   1:    3675528 bytes,    3675528 total
- age   2:    1202912 bytes,    4878440 total
- age   3:    1178464 bytes,    6056904 total
- age   4:     189256 bytes,    6246160 total
- age   5:    4258152 bytes,   10504312 total
- age   6:    3658928 bytes,   14163240 total
- age   7:    1856552 bytes,   16019792 total
- age   8:         72 bytes,   16019864 total
: 106993K->21824K(109248K), 0,0087882 secs] 265051K->179882K(502464K), 0,0088894 secs] [Times: user=0,03 sys=0,00, real=0,01 secs] 
Heap after GC invocations=87 (full 3):
 par new generation   total 109248K, used 21824K [0x00000007a0000000, 0x00000007a8000000, 0x00000007a8000000)
  eden space 87424K,   0% used [0x00000007a0000000, 0x00000007a0000000, 0x00000007a5560000)
  from space 21824K, 100% used [0x00000007a6ab0000, 0x00000007a8000000, 0x00000007a8000000)
  to   space 21824K,   0% used [0x00000007a5560000, 0x00000007a5560000, 0x00000007a6ab0000)
 concurrent mark-sweep generation total 393216K, used 158058K [0x00000007a8000000, 0x00000007c0000000, 0x00000007c0000000)
 Metaspace       used 44756K, capacity 45820K, committed 46028K, reserved 1089536K
  class space    used 4967K, capacity 5284K, committed 5368K, reserved 1048576K
}
2016-09-11T21:57:55.605-0100: 361,987: Total time for which application threads were stopped: 0,0092511 seconds, Stopping threads took: 0,0000613 seconds
2016-09-11T21:57:55.665-0100: 362,047: Total time for which application threads were stopped: 0,0006597 seconds, Stopping threads took: 0,0000659 seconds
2016-09-11T21:57:55.751-0100: 362,132: Total time for which application threads were stopped: 0,0002669 seconds, Stopping threads took: 0,0000994 seconds
2016-09-11T21:57:55.787-0100: 362,168: Total time for which application threads were stopped: 0,0002562 seconds, Stopping threads took: 0,0000317 seconds
{Heap before GC invocations=87 (full 3):
 par new generation   total 109248K, used 109248K [0x00000007a0000000, 0x00000007a8000000, 0x00000007a8000000)
  eden space 87424K, 100% used [0x00000007a0000000, 0x00000007a5560000, 0x00000007a5560000)
  from space 21824K, 100% used [0x00000007a6ab0000, 0x00000007a8000000, 0x00000007a8000000)
  to   space 21824K,   0% used [0x00000007a5560000, 0x00000007a5560000, 0x00000007a6ab0000)
 concurrent mark-sweep generation total 393216K, used 158058K [0x00000007a8000000, 0x00000007c0000000, 0x00000007c0000000)
 Metaspace       used 44800K, capacity 45820K, committed 46028K, reserved 1089536K
  class space    used 4967K, capacity 5284K, committed 5368K, reserved 1048576K
2016-09-11T21:57:55.846-0100: 362,227: [GC (Allocation Failure) 2016-09-11T21:57:55.846-0100: 362,227: [ParNew
Desired survivor size 20112992 bytes, new threshold 7 (max 8)
- age   1:   10970160 bytes,   10970160 total
- age   2:    2271344 bytes,   13241504 total
- age   3:      24712 bytes,   13266216 total
- age   4:    1176296 bytes,   14442512 total
- age   5:      42352 bytes,   14484864 total
- age   6:    2081056 bytes,   16565920 total
- age   7:    3632848 bytes,   20198768 total
- age   8:    1856552 bytes,   22055320 total
: 109248K->21824K(109248K), 0,0144948 secs] 267306K->180558K(502464K), 0,0145957 secs] [Times: user=0,06 sys=0,00, real=0,02 secs] 
Heap after GC invocations=88 (full 3):
 par new generation   total 109248K, used 21824K [0x00000007a0000000, 0x00000007a8000000, 0x00000007a8000000)
  eden space 87424K,   0% used [0x00000007a0000000, 0x00000007a0000000, 0x00000007a5560000)
  from space 21824K, 100% used [0x00000007a5560000, 0x00000007a6ab0000, 0x00000007a6ab0000)
  to   space 21824K,   0% used [0x00000007a6ab0000, 0x00000007a6ab0000, 0x00000007a8000000)
 concurrent mark-sweep generation total 393216K, used 158734K [0x00000007a8000000, 0x00000007c0000000, 0x00000007c0000000)
 Metaspace       used 44800K, capacity 45820K, committed 46028K, reserved 1089536K
  class space    used 4967K, capacity 5284K, committed 5368K, reserved 1048576K
}
2016-09-11T21:57:55.860-0100: 362,242: Total time for which application threads were stopped: 0,0149896 seconds, Stopping threads took: 0,0000557 seconds
2016-09-11T21:57:55.861-0100: 362,242: Total time for which application threads were stopped: 0,0002936 seconds, Stopping threads took: 0,0000990 seconds
2016-09-11T21:57:55.861-0100: 362,243: Total time for which application threads were stopped: 0,0003423 seconds, Stopping threads took: 0,0000666 seconds
2016-09-11T21:57:55.862-0100: 362,243: Total time for which application threads were stopped: 0,0002305 seconds, Stopping threads took: 0,0000803 seconds
2016-09-11T21:57:55.862-0100: 362,244: Total time for which application threads were stopped: 0,0004690 seconds, Stopping threads took: 0,0000675 seconds
{Heap before GC invocations=88 (full 3):
 par new generation   total 109248K, used 109248K [0x00000007a0000000, 0x00000007a8000000, 0x00000007a8000000)
  eden space 87424K, 100% used [0x00000007a0000000, 0x00000007a5560000, 0x00000007a5560000)
  from space 21824K, 100% used [0x00000007a5560000, 0x00000007a6ab0000, 0x00000007a6ab0000)
  to   space 21824K,   0% used [0x00000007a6ab0000, 0x00000007a6ab0000, 0x00000007a8000000)
 concurrent mark-sweep generation total 393216K, used 158734K [0x00000007a8000000, 0x00000007c0000000, 0x00000007c0000000)
 Metaspace       used 44801K, capacity 45820K, committed 46028K, reserved 1089536K
  class space    used 4967K, capacity 5284K, committed 5368K, reserved 1048576K
2016-09-11T21:57:55.964-0100: 362,346: [GC (Allocation Failure) 2016-09-11T21:57:55.964-0100: 362,346: [ParNew
Desired survivor size 20112992 bytes, new threshold 8 (max 8)
- age   1:    1797224 bytes,    1797224 total
- age   2:   10066440 bytes,   11863664 total
- age   3:    2271160 bytes,   14134824 total
- age   4:      24712 bytes,   14159536 total
- age   5:    1176296 bytes,   15335832 total
- age   6:      42352 bytes,   15378184 total
- age   7:    2081096 bytes,   17459280 total
: 109248K->21824K(109248K), 0,0148146 secs] 267982K->186417K(502464K), 0,0149129 secs] [Times: user=0,05 sys=0,00, real=0,01 secs] 
Heap after GC invocations=89 (full 3):
 par new generation   total 109248K, used 21824K [0x00000007a0000000, 0x00000007a8000000, 0x00000007a8000000)
  eden space 87424K,   0% used [0x00000007a0000000, 0x00000007a0000000, 0x00000007a5560000)
  from space 21824K, 100% used [0x00000007a6ab0000, 0x00000007a8000000, 0x00000007a8000000)
  to   space 21824K,   0% used [0x00000007a5560000, 0x00000007a5560000, 0x00000007a6ab0000)
 concurrent mark-sweep generation total 393216K, used 164593K [0x00000007a8000000, 0x00000007c0000000, 0x00000007c0000000)
 Metaspace       used 44801K, capacity 45820K, committed 46028K, reserved 1089536K
  class space    used 4967K, capacity 5284K, committed 5368K, reserved 1048576K
}
2016-09-11T21:57:55.979-0100: 362,361: Total time for which application threads were stopped: 0,0152179 seconds, Stopping threads took: 0,0000304 seconds
{Heap before GC invocations=89 (full 3):
 par new generation   total 109248K, used 109248K [0x00000007a0000000, 0x00000007a8000000, 0x00000007a8000000)
  eden space 87424K, 100% used [0x00000007a0000000, 0x00000007a5560000, 0x00000007a5560000)
  from space 21824K, 100% used [0x00000007a6ab0000, 0x00000007a8000000, 0x00000007a8000000)
  to   space 21824K,   0% used [0x00000007a5560000, 0x00000007a5560000, 0x00000007a6ab0000)
 concurrent mark-sweep generation total 393216K, used 164593K [0x00000007a8000000, 0x00000007c0000000, 0x00000007c0000000)
 Metaspace       used 44802K, capacity 45820K, committed 46028K, reserved 1089536K
  class space    used 4967K, capacity 5284K, committed 5368K, reserved 1048576K
2016-09-11T21:57:56.061-0100: 362,442: [GC (Allocation Failure) 2016-09-11T21:57:56.061-0100: 362,442: [ParNew
Desired survivor size 20112992 bytes, new threshold 8 (max 8)
- age   1:    2306128 bytes,    2306128 total
- age   2:     700408 bytes,    3006536 total
- age   3:    8724384 bytes,   11730920 total
- age   4:    2271112 bytes,   14002032 total
- age   5:      24712 bytes,   14026744 total
- age   6:    1176296 bytes,   15203040 total
- age   7:      42352 bytes,   15245392 total
- age   8:    2078680 bytes,   17324072 total
: 109248K->21824K(109248K), 0,0103969 secs] 273841K->187737K(502464K), 0,0104834 secs] [Times: user=0,04 sys=0,00, real=0,01 secs] 
Heap after GC invocations=90 (full 3):
 par new generation   total 109248K, used 21824K [0x00000007a0000000, 0x00000007a8000000, 0x00000007a8000000)
  eden space 87424K,   0% used [0x00000007a0000000, 0x00000007a0000000, 0x00000007a5560000)
  from space 21824K, 100% used [0x00000007a5560000, 0x00000007a6ab0000, 0x00000007a6ab0000)
  to   space 21824K,   0% used [0x00000007a6ab0000, 0x00000007a6ab0000, 0x00000007a8000000)
 concurrent mark-sweep generation total 393216K, used 165913K [0x00000007a8000000, 0x00000007c0000000, 0x00000007c0000000)
 Metaspace       used 44802K, capacity 45820K, committed 46028K, reserved 1089536K
  class space    used 4967K, capacity 5284K, committed 5368K, reserved 1048576K
}
2016-09-11T21:57:56.071-0100: 362,453: Total time for which application threads were stopped: 0,0108774 seconds, Stopping threads took: 0,0001062 seconds
2016-09-11T21:57:56.119-0100: 362,501: Total time for which application threads were stopped: 0,0002434 seconds, Stopping threads took: 0,0000752 seconds
2016-09-11T21:57:56.120-0100: 362,501: Total time for which application threads were stopped: 0,0002992 seconds, Stopping threads took: 0,0001443 seconds
2016-09-11T21:57:56.121-0100: 362,502: Total time for which application threads were stopped: 0,0002606 seconds, Stopping threads took: 0,0000441 seconds
2016-09-11T21:57:56.156-0100: 362,538: Total time for which application threads were stopped: 0,0002830 seconds, Stopping threads took: 0,0000339 seconds
2016-09-11T21:57:56.163-0100: 362,545: Total time for which application threads were stopped: 0,0006847 seconds, Stopping threads took: 0,0000341 seconds
2016-09-11T21:57:56.165-0100: 362,546: Total time for which application threads were stopped: 0,0002805 seconds, Stopping threads took: 0,0000586 seconds
2016-09-11T21:57:56.176-0100: 362,557: Total time for which application threads were stopped: 0,0002602 seconds, Stopping threads took: 0,0000309 seconds
2016-09-11T21:57:56.177-0100: 362,559: Total time for which application threads were stopped: 0,0002368 seconds, Stopping threads took: 0,0000302 seconds
{Heap before GC invocations=90 (full 3):
 par new generation   total 109248K, used 109248K [0x00000007a0000000, 0x00000007a8000000, 0x00000007a8000000)
  eden space 87424K, 100% used [0x00000007a0000000, 0x00000007a5560000, 0x00000007a5560000)
  from space 21824K, 100% used [0x00000007a5560000, 0x00000007a6ab0000, 0x00000007a6ab0000)
  to   space 21824K,   0% used [0x00000007a6ab0000, 0x00000007a6ab0000, 0x00000007a8000000)
 concurrent mark-sweep generation total 393216K, used 165913K [0x00000007a8000000, 0x00000007c0000000, 0x00000007c0000000)
 Metaspace       used 44817K, capacity 45888K, committed 46028K, reserved 1089536K
  class space    used 4967K, capacity 5284K, committed 5368K, reserved 1048576K
2016-09-11T21:57:56.447-0100: 362,829: [GC (Allocation Failure) 2016-09-11T21:57:56.447-0100: 362,829: [ParNew
Desired survivor size 20112992 bytes, new threshold 5 (max 8)
- age   1:   11757560 bytes,   11757560 total
- age   2:    1331864 bytes,   13089424 total
- age   3:      96360 bytes,   13185784 total
- age   4:    5413976 bytes,   18599760 total
- age   5:    2271112 bytes,   20870872 total
- age   6:      24712 bytes,   20895584 total
- age   7:    1176296 bytes,   22071880 total
- age   8:      42352 bytes,   22114232 total
: 109248K->21824K(109248K), 0,0308472 secs] 275161K->207637K(502464K), 0,0309546 secs] [Times: user=0,10 sys=0,01, real=0,03 secs] 
Heap after GC invocations=91 (full 3):
 par new generation   total 109248K, used 21824K [0x00000007a0000000, 0x00000007a8000000, 0x00000007a8000000)
  eden space 87424K,   0% used [0x00000007a0000000, 0x00000007a0000000, 0x00000007a5560000)
  from space 21824K, 100% used [0x00000007a6ab0000, 0x00000007a8000000, 0x00000007a8000000)
  to   space 21824K,   0% used [0x00000007a5560000, 0x00000007a5560000, 0x00000007a6ab0000)
 concurrent mark-sweep generation total 393216K, used 185813K [0x00000007a8000000, 0x00000007c0000000, 0x00000007c0000000)
 Metaspace       used 44817K, capacity 45888K, committed 46028K, reserved 1089536K
  class space    used 4967K, capacity 5284K, committed 5368K, reserved 1048576K
}
2016-09-11T21:57:56.478-0100: 362,860: Total time for which application threads were stopped: 0,0313151 seconds, Stopping threads took: 0,0000550 seconds
2016-09-11T21:57:56.479-0100: 362,860: Total time for which application threads were stopped: 0,0002988 seconds, Stopping threads took: 0,0000969 seconds
{Heap before GC invocations=91 (full 3):
 par new generation   total 109248K, used 109248K [0x00000007a0000000, 0x00000007a8000000, 0x00000007a8000000)
  eden space 87424K, 100% used [0x00000007a0000000, 0x00000007a5560000, 0x00000007a5560000)
  from space 21824K, 100% used [0x00000007a6ab0000, 0x00000007a8000000, 0x00000007a8000000)
  to   space 21824K,   0% used [0x00000007a5560000, 0x00000007a5560000, 0x00000007a6ab0000)
 concurrent mark-sweep generation total 393216K, used 185813K [0x00000007a8000000, 0x00000007c0000000, 0x00000007c0000000)
 Metaspace       used 44834K, capacity 45888K, committed 46028K, reserved 1089536K
  class space    used 4967K, capacity 5284K, committed 5368K, reserved 1048576K
2016-09-11T21:57:56.586-0100: 362,968: [GC (Allocation Failure) 2016-09-11T21:57:56.586-0100: 362,968: [ParNew
Desired survivor size 20112992 bytes, new threshold 5 (max 8)
- age   1:    5112640 bytes,    5112640 total
- age   2:   10616776 bytes,   15729416 total
- age   3:    1331784 bytes,   17061200 total
- age   4:      96360 bytes,   17157560 total
- age   5:    5189336 bytes,   22346896 total
: 109248K->21824K(109248K), 0,0304644 secs] 295061K->218073K(502464K), 0,0305657 secs] [Times: user=0,11 sys=0,01, real=0,03 secs] 
Heap after GC invocations=92 (full 3):
 par new generation   total 109248K, used 21824K [0x00000007a0000000, 0x00000007a8000000, 0x00000007a8000000)
  eden space 87424K,   0% used [0x00000007a0000000, 0x00000007a0000000, 0x00000007a5560000)
  from space 21824K, 100% used [0x00000007a5560000, 0x00000007a6ab0000, 0x00000007a6ab0000)
  to   space 21824K,   0% used [0x00000007a6ab0000, 0x00000007a6ab0000, 0x00000007a8000000)
 concurrent mark-sweep generation total 393216K, used 196249K [0x00000007a8000000, 0x00000007c0000000, 0x00000007c0000000)
 Metaspace       used 44834K, capacity 45888K, committed 46028K, reserved 1089536K
  class space    used 4967K, capacity 5284K, committed 5368K, reserved 1048576K
}
2016-09-11T21:57:56.617-0100: 362,999: Total time for which application threads were stopped: 0,0309118 seconds, Stopping threads took: 0,0000669 seconds
2016-09-11T21:57:56.617-0100: 362,999: Total time for which application threads were stopped: 0,0002945 seconds, Stopping threads took: 0,0001094 seconds
{Heap before GC invocations=92 (full 3):
 par new generation   total 109248K, used 109248K [0x00000007a0000000, 0x00000007a8000000, 0x00000007a8000000)
  eden space 87424K, 100% used [0x00000007a0000000, 0x00000007a5560000, 0x00000007a5560000)
  from space 21824K, 100% used [0x00000007a5560000, 0x00000007a6ab0000, 0x00000007a6ab0000)
  to   space 21824K,   0% used [0x00000007a6ab0000, 0x00000007a6ab0000, 0x00000007a8000000)
 concurrent mark-sweep generation total 393216K, used 196249K [0x00000007a8000000, 0x00000007c0000000, 0x00000007c0000000)
 Metaspace       used 44842K, capacity 45888K, committed 46028K, reserved 1089536K
  class space    used 4967K, capacity 5284K, committed 5368K, reserved 1048576K
2016-09-11T21:57:56.697-0100: 363,079: [GC (Allocation Failure) 2016-09-11T21:57:56.697-0100: 363,079: [ParNew
Desired survivor size 20112992 bytes, new threshold 8 (max 8)
- age   1:    2586168 bytes,    2586168 total
- age   2:    2810456 bytes,    5396624 total
- age   3:   10612464 bytes,   16009088 total
- age   4:    1331784 bytes,   17340872 total
- age   5:      96360 bytes,   17437232 total
: 109248K->21824K(109248K), 0,0166837 secs] 305497K->223675K(502464K), 0,0167780 secs] [Times: user=0,06 sys=0,00, real=0,02 secs] 
Heap after GC invocations=93 (full 3):
 par new generation   total 109248K, used 21824K [0x00000007a0000000, 0x00000007a8000000, 0x00000007a8000000)
  eden space 87424K,   0% used [0x00000007a0000000, 0x00000007a0000000, 0x00000007a5560000)
  from space 21824K, 100% used [0x00000007a6ab0000, 0x00000007a8000000, 0x00000007a8000000)
  to   space 21824K,   0% used [0x00000007a5560000, 0x00000007a5560000, 0x00000007a6ab0000)
 concurrent mark-sweep generation total 393216K, used 201851K [0x00000007a8000000, 0x00000007c0000000, 0x00000007c0000000)
 Metaspace       used 44842K, capacity 45888K, committed 46028K, reserved 1089536K
  class space    used 4967K, capacity 5284K, committed 5368K, reserved 1048576K
}
2016-09-11T21:57:56.714-0100: 363,096: Total time for which application threads were stopped: 0,0172297 seconds, Stopping threads took: 0,0001139 seconds
2016-09-11T21:57:56.714-0100: 363,096: [GC (CMS Initial Mark) [1 CMS-initial-mark: 201851K(393216K)] 225080K(502464K), 0,0054576 secs] [Times: user=0,01 sys=0,00, real=0,01 secs] 
2016-09-11T21:57:56.720-0100: 363,101: Total time for which application threads were stopped: 0,0057642 seconds, Stopping threads took: 0,0000924 seconds
2016-09-11T21:57:56.720-0100: 363,101: [CMS-concurrent-mark-start]
2016-09-11T21:57:56.752-0100: 363,134: [CMS-concurrent-mark: 0,032/0,032 secs] [Times: user=0,13 sys=0,00, real=0,03 secs] 
2016-09-11T21:57:56.752-0100: 363,134: [CMS-concurrent-preclean-start]
2016-09-11T21:57:56.754-0100: 363,136: [CMS-concurrent-preclean: 0,002/0,002 secs] [Times: user=0,01 sys=0,00, real=0,00 secs] 
2016-09-11T21:57:56.754-0100: 363,136: [CMS-concurrent-abortable-preclean-start]
2016-09-11T21:57:56.796-0100: 363,178: Total time for which application threads were stopped: 0,0002686 seconds, Stopping threads took: 0,0001029 seconds
2016-09-11T21:57:56.852-0100: 363,234: Total time for which application threads were stopped: 0,0002830 seconds, Stopping threads took: 0,0000315 seconds
{Heap before GC invocations=93 (full 4):
 par new generation   total 109248K, used 109248K [0x00000007a0000000, 0x00000007a8000000, 0x00000007a8000000)
  eden space 87424K, 100% used [0x00000007a0000000, 0x00000007a5560000, 0x00000007a5560000)
  from space 21824K, 100% used [0x00000007a6ab0000, 0x00000007a8000000, 0x00000007a8000000)
  to   space 21824K,   0% used [0x00000007a5560000, 0x00000007a5560000, 0x00000007a6ab0000)
 concurrent mark-sweep generation total 393216K, used 201851K [0x00000007a8000000, 0x00000007c0000000, 0x00000007c0000000)
 Metaspace       used 44860K, capacity 46016K, committed 46284K, reserved 1089536K
  class space    used 4967K, capacity 5284K, committed 5368K, reserved 1048576K
2016-09-11T21:57:57.024-0100: 363,406: [GC (Allocation Failure) 2016-09-11T21:57:57.024-0100: 363,406: [ParNew2016-09-11T21:57:57.067-0100: 363,449: [CMS-concurrent-abortable-preclean: 0,210/0,313 secs] [Times: user=0,92 sys=0,05, real=0,31 secs] 

Desired survivor size 20112992 bytes, new threshold 4 (max 8)
- age   1:    8095448 bytes,    8095448 total
- age   2:    1221080 bytes,    9316528 total
- age   3:    2609472 bytes,   11926000 total
- age   4:    8956360 bytes,   20882360 total
- age   5:    1331784 bytes,   22214144 total
- age   6:      96360 bytes,   22310504 total
: 109248K->21824K(109248K), 0,0475472 secs] 311099K->239876K(502464K), 0,0476435 secs] [Times: user=0,15 sys=0,00, real=0,05 secs] 
Heap after GC invocations=94 (full 4):
 par new generation   total 109248K, used 21824K [0x00000007a0000000, 0x00000007a8000000, 0x00000007a8000000)
  eden space 87424K,   0% used [0x00000007a0000000, 0x00000007a0000000, 0x00000007a5560000)
  from space 21824K, 100% used [0x00000007a5560000, 0x00000007a6ab0000, 0x00000007a6ab0000)
  to   space 21824K,   0% used [0x00000007a6ab0000, 0x00000007a6ab0000, 0x00000007a8000000)
 concurrent mark-sweep generation total 393216K, used 218052K [0x00000007a8000000, 0x00000007c0000000, 0x00000007c0000000)
 Metaspace       used 44860K, capacity 46016K, committed 46284K, reserved 1089536K
  class space    used 4967K, capacity 5284K, committed 5368K, reserved 1048576K
}
2016-09-11T21:57:57.072-0100: 363,453: Total time for which application threads were stopped: 0,0480284 seconds, Stopping threads took: 0,0000941 seconds
2016-09-11T21:57:57.072-0100: 363,454: [GC (CMS Final Remark) [YG occupancy: 22682 K (109248 K)]{Heap before GC invocations=94 (full 4):
 par new generation   total 109248K, used 22682K [0x00000007a0000000, 0x00000007a8000000, 0x00000007a8000000)
  eden space 87424K,   0% used [0x00000007a0000000, 0x00000007a00d6860, 0x00000007a5560000)
  from space 21824K, 100% used [0x00000007a5560000, 0x00000007a6ab0000, 0x00000007a6ab0000)
  to   space 21824K,   0% used [0x00000007a6ab0000, 0x00000007a6ab0000, 0x00000007a8000000)
 concurrent mark-sweep generation total 393216K, used 218052K [0x00000007a8000000, 0x00000007c0000000, 0x00000007c0000000)
 Metaspace       used 44860K, capacity 46016K, committed 46284K, reserved 1089536K
  class space    used 4967K, capacity 5284K, committed 5368K, reserved 1048576K
2016-09-11T21:57:57.072-0100: 363,454: [GC (CMS Final Remark) 2016-09-11T21:57:57.079-0100: 363,460: [ParNew
Desired survivor size 20112992 bytes, new threshold 8 (max 8)
- age   1:        608 bytes,        608 total
- age   2:    8094360 bytes,    8094968 total
- age   3:    1221040 bytes,    9316008 total
- age   4:    2609472 bytes,   11925480 total
: 22682K->20851K(109248K), 0,0407640 secs] 240734K->249124K(502464K), 0,0474256 secs] [Times: user=0,08 sys=0,01, real=0,05 secs] 
Heap after GC invocations=95 (full 4):
 par new generation   total 109248K, used 20851K [0x00000007a0000000, 0x00000007a8000000, 0x00000007a8000000)
  eden space 87424K,   0% used [0x00000007a0000000, 0x00000007a0000000, 0x00000007a5560000)
  from space 21824K,  95% used [0x00000007a6ab0000, 0x00000007a7f0ccc0, 0x00000007a8000000)
  to   space 21824K,   0% used [0x00000007a5560000, 0x00000007a5560000, 0x00000007a6ab0000)
 concurrent mark-sweep generation total 393216K, used 228273K [0x00000007a8000000, 0x00000007c0000000, 0x00000007c0000000)
 Metaspace       used 44860K, capacity 46016K, committed 46284K, reserved 1089536K
  class space    used 4967K, capacity 5284K, committed 5368K, reserved 1048576K
}
2016-09-11T21:57:57.120-0100: 363,501: [Rescan (parallel) , 0,0114274 secs]2016-09-11T21:57:57.131-0100: 363,513: [weak refs processing, 0,0107367 secs]2016-09-11T21:57:57.142-0100: 363,524: [class unloading, 0,0158895 secs]2016-09-11T21:57:57.158-0100: 363,539: [scrub symbol table, 0,0080770 secs]2016-09-11T21:57:57.166-0100: 363,548: [scrub string table, 0,0007901 secs][1 CMS-remark: 228273K(393216K)] 249124K(502464K), 0,0948375 secs] [Times: user=0,18 sys=0,01, real=0,09 secs] 
2016-09-11T21:57:57.167-0100: 363,549: Total time for which application threads were stopped: 0,0951561 seconds, Stopping threads took: 0,0001137 seconds
2016-09-11T21:57:57.167-0100: 363,549: [CMS-concurrent-sweep-start]
2016-09-11T21:57:57.169-0100: 363,550: Total time for which application threads were stopped: 0,0003001 seconds, Stopping threads took: 0,0001110 seconds
2016-09-11T21:57:57.169-0100: 363,550: Total time for which application threads were stopped: 0,0001623 seconds, Stopping threads took: 0,0000529 seconds
{Heap before GC invocations=95 (full 4):
 par new generation   total 109248K, used 108275K [0x00000007a0000000, 0x00000007a8000000, 0x00000007a8000000)
  eden space 87424K, 100% used [0x00000007a0000000, 0x00000007a5560000, 0x00000007a5560000)
  from space 21824K,  95% used [0x00000007a6ab0000, 0x00000007a7f0ccc0, 0x00000007a8000000)
  to   space 21824K,   0% used [0x00000007a5560000, 0x00000007a5560000, 0x00000007a6ab0000)
 concurrent mark-sweep generation total 393216K, used 157177K [0x00000007a8000000, 0x00000007c0000000, 0x00000007c0000000)
 Metaspace       used 44861K, capacity 46016K, committed 46284K, reserved 1089536K
  class space    used 4967K, capacity 5284K, committed 5368K, reserved 1048576K
2016-09-11T21:57:57.270-0100: 363,651: [GC (Allocation Failure) 2016-09-11T21:57:57.270-0100: 363,651: [ParNew
Desired survivor size 20112992 bytes, new threshold 8 (max 8)
- age   1:    6419920 bytes,    6419920 total
- age   2:        384 bytes,    6420304 total
- age   3:    7932128 bytes,   14352432 total
- age   4:    1220800 bytes,   15573232 total
- age   5:    2608824 bytes,   18182056 total
: 108275K->21824K(109248K), 0,0179231 secs] 265452K->179001K(502464K), 0,0180097 secs] [Times: user=0,06 sys=0,00, real=0,01 secs] 
Heap after GC invocations=96 (full 4):
 par new generation   total 109248K, used 21824K [0x00000007a0000000, 0x00000007a8000000, 0x00000007a8000000)
  eden space 87424K,   0% used [0x00000007a0000000, 0x00000007a0000000, 0x00000007a5560000)
  from space 21824K, 100% used [0x00000007a5560000, 0x00000007a6ab0000, 0x00000007a6ab0000)
  to   space 21824K,   0% used [0x00000007a6ab0000, 0x00000007a6ab0000, 0x00000007a8000000)
 concurrent mark-sweep generation total 393216K, used 157177K [0x00000007a8000000, 0x00000007c0000000, 0x00000007c0000000)
 Metaspace       used 44861K, capacity 46016K, committed 46284K, reserved 1089536K
  class space    used 4967K, capacity 5284K, committed 5368K, reserved 1048576K
}
2016-09-11T21:57:57.288-0100: 363,669: Total time for which application threads were stopped: 0,0225582 seconds, Stopping threads took: 0,0042092 seconds
2016-09-11T21:57:57.335-0100: 363,716: [CMS-concurrent-sweep: 0,144/0,167 secs] [Times: user=0,59 sys=0,01, real=0,17 secs] 
2016-09-11T21:57:57.335-0100: 363,716: [CMS-concurrent-reset-start]
2016-09-11T21:57:57.335-0100: 363,717: [CMS-concurrent-reset: 0,000/0,000 secs] [Times: user=0,00 sys=0,00, real=0,00 secs] 
2016-09-11T21:57:57.360-0100: 363,741: Total time for which application threads were stopped: 0,0004315 seconds, Stopping threads took: 0,0001447 seconds
2016-09-11T21:57:57.361-0100: 363,743: Total time for which application threads were stopped: 0,0003134 seconds, Stopping threads took: 0,0001288 seconds
{Heap before GC invocations=96 (full 4):
 par new generation   total 109248K, used 109248K [0x00000007a0000000, 0x00000007a8000000, 0x00000007a8000000)
  eden space 87424K, 100% used [0x00000007a0000000, 0x00000007a5560000, 0x00000007a5560000)
  from space 21824K, 100% used [0x00000007a5560000, 0x00000007a6ab0000, 0x00000007a6ab0000)
  to   space 21824K,   0% used [0x00000007a6ab0000, 0x00000007a6ab0000, 0x00000007a8000000)
 concurrent mark-sweep generation total 393216K, used 127156K [0x00000007a8000000, 0x00000007c0000000, 0x00000007c0000000)
 Metaspace       used 44817K, capacity 45942K, committed 46284K, reserved 1089536K
  class space    used 4957K, capacity 5265K, committed 5368K, reserved 1048576K
2016-09-11T21:57:57.365-0100: 363,747: [GC (Allocation Failure) 2016-09-11T21:57:57.366-0100: 363,747: [ParNew
Desired survivor size 20112992 bytes, new threshold 8 (max 8)
- age   1:    1383800 bytes,    1383800 total
- age   2:    3713264 bytes,    5097064 total
- age   3:        384 bytes,    5097448 total
- age   4:    7921816 bytes,   13019264 total
- age   5:    1220800 bytes,   14240064 total
- age   6:    2608824 bytes,   16848888 total
: 109248K->21824K(109248K), 0,0151419 secs] 236404K->149103K(502464K), 0,0152245 secs] [Times: user=0,04 sys=0,00, real=0,02 secs] 
Heap after GC invocations=97 (full 4):
 par new generation   total 109248K, used 21824K [0x00000007a0000000, 0x00000007a8000000, 0x00000007a8000000)
  eden space 87424K,   0% used [0x00000007a0000000, 0x00000007a0000000, 0x00000007a5560000)
  from space 21824K, 100% used [0x00000007a6ab0000, 0x00000007a8000000, 0x00000007a8000000)
  to   space 21824K,   0% used [0x00000007a5560000, 0x00000007a5560000, 0x00000007a6ab0000)
 concurrent mark-sweep generation total 393216K, used 127279K [0x00000007a8000000, 0x00000007c0000000, 0x00000007c0000000)
 Metaspace       used 44817K, capacity 45942K, committed 46284K, reserved 1089536K
  class space    used 4957K, capacity 5265K, committed 5368K, reserved 1048576K
}
2016-09-11T21:57:57.381-0100: 363,762: Total time for which application threads were stopped: 0,0156188 seconds, Stopping threads took: 0,0001112 seconds
2016-09-11T21:57:57.387-0100: 363,768: Total time for which application threads were stopped: 0,0003305 seconds, Stopping threads took: 0,0001507 seconds
2016-09-11T21:57:57.388-0100: 363,769: Total time for which application threads were stopped: 0,0002668 seconds, Stopping threads took: 0,0001108 seconds
2016-09-11T21:57:57.438-0100: 363,819: Total time for which application threads were stopped: 0,0006011 seconds, Stopping threads took: 0,0002762 seconds
2016-09-11T21:57:57.439-0100: 363,821: Total time for which application threads were stopped: 0,0003161 seconds, Stopping threads took: 0,0001032 seconds
2016-09-11T21:57:57.440-0100: 363,821: Total time for which application threads were stopped: 0,0001675 seconds, Stopping threads took: 0,0000148 seconds
2016-09-11T21:57:57.440-0100: 363,822: Total time for which application threads were stopped: 0,0002539 seconds, Stopping threads took: 0,0001383 seconds
2016-09-11T21:57:57.440-0100: 363,822: Total time for which application threads were stopped: 0,0001208 seconds, Stopping threads took: 0,0000297 seconds
2016-09-11T21:57:57.440-0100: 363,822: Total time for which application threads were stopped: 0,0002304 seconds, Stopping threads took: 0,0000770 seconds
2016-09-11T21:57:57.441-0100: 363,822: Total time for which application threads were stopped: 0,0001537 seconds, Stopping threads took: 0,0000136 seconds
2016-09-11T21:57:57.441-0100: 363,822: Total time for which application threads were stopped: 0,0002375 seconds, Stopping threads took: 0,0000932 seconds
2016-09-11T21:57:57.442-0100: 363,823: Total time for which application threads were stopped: 0,0005136 seconds, Stopping threads took: 0,0000156 seconds
{Heap before GC invocations=97 (full 4):
 par new generation   total 109248K, used 109248K [0x00000007a0000000, 0x00000007a8000000, 0x00000007a8000000)
  eden space 87424K, 100% used [0x00000007a0000000, 0x00000007a5560000, 0x00000007a5560000)
  from space 21824K, 100% used [0x00000007a6ab0000, 0x00000007a8000000, 0x00000007a8000000)
  to   space 21824K,   0% used [0x00000007a5560000, 0x00000007a5560000, 0x00000007a6ab0000)
 concurrent mark-sweep generation total 393216K, used 127279K [0x00000007a8000000, 0x00000007c0000000, 0x00000007c0000000)
 Metaspace       used 44849K, capacity 45942K, committed 46284K, reserved 1089536K
  class space    used 4957K, capacity 5265K, committed 5368K, reserved 1048576K
2016-09-11T21:57:57.589-0100: 363,970: [GC (Allocation Failure) 2016-09-11T21:57:57.589-0100: 363,970: [ParNew
Desired survivor size 20112992 bytes, new threshold 8 (max 8)
- age   1:    6263128 bytes,    6263128 total
- age   2:      55432 bytes,    6318560 total
- age   3:    1799856 bytes,    8118416 total
- age   4:        384 bytes,    8118800 total
- age   5:    7237032 bytes,   15355832 total
- age   6:    1220800 bytes,   16576632 total
- age   7:    2608824 bytes,   19185456 total
: 109248K->21824K(109248K), 0,0396720 secs] 236527K->149192K(502464K), 0,0398001 secs] [Times: user=0,07 sys=0,00, real=0,04 secs] 
Heap after GC invocations=98 (full 4):
 par new generation   total 109248K, used 21824K [0x00000007a0000000, 0x00000007a8000000, 0x00000007a8000000)
  eden space 87424K,   0% used [0x00000007a0000000, 0x00000007a0000000, 0x00000007a5560000)
  from space 21824K, 100% used [0x00000007a5560000, 0x00000007a6ab0000, 0x00000007a6ab0000)
  to   space 21824K,   0% used [0x00000007a6ab0000, 0x00000007a6ab0000, 0x00000007a8000000)
 concurrent mark-sweep generation total 393216K, used 127368K [0x00000007a8000000, 0x00000007c0000000, 0x00000007c0000000)
 Metaspace       used 44849K, capacity 45942K, committed 46284K, reserved 1089536K
  class space    used 4957K, capacity 5265K, committed 5368K, reserved 1048576K
}
2016-09-11T21:57:57.628-0100: 364,010: Total time for which application threads were stopped: 0,0402878 seconds, Stopping threads took: 0,0000353 seconds
2016-09-11T21:57:57.629-0100: 364,011: Total time for which application threads were stopped: 0,0002914 seconds, Stopping threads took: 0,0000565 seconds
2016-09-11T21:57:57.633-0100: 364,014: Total time for which application threads were stopped: 0,0003281 seconds, Stopping threads took: 0,0000969 seconds
2016-09-11T21:57:57.791-0100: 364,172: Total time for which application threads were stopped: 0,0002892 seconds, Stopping threads took: 0,0000351 seconds
{Heap before GC invocations=98 (full 4):
 par new generation   total 109248K, used 109248K [0x00000007a0000000, 0x00000007a8000000, 0x00000007a8000000)
  eden space 87424K, 100% used [0x00000007a0000000, 0x00000007a5560000, 0x00000007a5560000)
  from space 21824K, 100% used [0x00000007a5560000, 0x00000007a6ab0000, 0x00000007a6ab0000)
  to   space 21824K,   0% used [0x00000007a6ab0000, 0x00000007a6ab0000, 0x00000007a8000000)
 concurrent mark-sweep generation total 393216K, used 127368K [0x00000007a8000000, 0x00000007c0000000, 0x00000007c0000000)
 Metaspace       used 44855K, capacity 45942K, committed 46284K, reserved 1089536K
  class space    used 4957K, capacity 5265K, committed 5368K, reserved 1048576K
2016-09-11T21:57:57.791-0100: 364,173: [GC (Allocation Failure) 2016-09-11T21:57:57.791-0100: 364,173: [ParNew
Desired survivor size 20112992 bytes, new threshold 8 (max 8)
- age   1:    4693840 bytes,    4693840 total
- age   2:    4740256 bytes,    9434096 total
- age   3:      55224 bytes,    9489320 total
- age   4:    1799856 bytes,   11289176 total
- age   5:        384 bytes,   11289560 total
- age   6:    6947432 bytes,   18236992 total
- age   7:    1220800 bytes,   19457792 total
- age   8:    2608824 bytes,   22066616 total
: 109248K->21824K(109248K), 0,0449043 secs] 236616K->162131K(502464K), 0,0450161 secs] [Times: user=0,15 sys=0,01, real=0,04 secs] 
Heap after GC invocations=99 (full 4):
 par new generation   total 109248K, used 21824K [0x00000007a0000000, 0x00000007a8000000, 0x00000007a8000000)
  eden space 87424K,   0% used [0x00000007a0000000, 0x00000007a0000000, 0x00000007a5560000)
  from space 21824K, 100% used [0x00000007a6ab0000, 0x00000007a8000000, 0x00000007a8000000)
  to   space 21824K,   0% used [0x00000007a5560000, 0x00000007a5560000, 0x00000007a6ab0000)
 concurrent mark-sweep generation total 393216K, used 140307K [0x00000007a8000000, 0x00000007c0000000, 0x00000007c0000000)
 Metaspace       used 44855K, capacity 45942K, committed 46284K, reserved 1089536K
  class space    used 4957K, capacity 5265K, committed 5368K, reserved 1048576K
}
2016-09-11T21:57:57.836-0100: 364,218: Total time for which application threads were stopped: 0,0452993 seconds, Stopping threads took: 0,0000271 seconds
{Heap before GC invocations=99 (full 4):
 par new generation   total 109248K, used 22306K [0x00000007a0000000, 0x00000007a8000000, 0x00000007a8000000)
  eden space 87424K,   0% used [0x00000007a0000000, 0x00000007a00789e8, 0x00000007a5560000)
  from space 21824K, 100% used [0x00000007a6ab0000, 0x00000007a8000000, 0x00000007a8000000)
  to   space 21824K,   0% used [0x00000007a5560000, 0x00000007a5560000, 0x00000007a6ab0000)
 concurrent mark-sweep generation total 393216K, used 140307K [0x00000007a8000000, 0x00000007c0000000, 0x00000007c0000000)
 Metaspace       used 44855K, capacity 45942K, committed 46284K, reserved 1089536K
  class space    used 4957K, capacity 5265K, committed 5368K, reserved 1048576K
2016-09-11T21:57:57.837-0100: 364,218: [GC (GCLocker Initiated GC) 2016-09-11T21:57:57.837-0100: 364,218: [ParNew
Desired survivor size 20112992 bytes, new threshold 8 (max 8)
- age   1:        304 bytes,        304 total
- age   2:    4506544 bytes,    4506848 total
- age   3:    4339872 bytes,    8846720 total
- age   4:      42208 bytes,    8888928 total
- age   5:     405664 bytes,    9294592 total
- age   6:        384 bytes,    9294976 total
- age   7:    6940144 bytes,   16235120 total
- age   8:    1089584 bytes,   17324704 total
: 22306K->21824K(109248K), 0,0266245 secs] 162614K->167092K(502464K), 0,0266988 secs] [Times: user=0,07 sys=0,00, real=0,03 secs] 
Heap after GC invocations=100 (full 4):
 par new generation   total 109248K, used 21824K [0x00000007a0000000, 0x00000007a8000000, 0x00000007a8000000)
  eden space 87424K,   0% used [0x00000007a0000000, 0x00000007a0000000, 0x00000007a5560000)
  from space 21824K, 100% used [0x00000007a5560000, 0x00000007a6ab0000, 0x00000007a6ab0000)
  to   space 21824K,   0% used [0x00000007a6ab0000, 0x00000007a6ab0000, 0x00000007a8000000)
 concurrent mark-sweep generation total 393216K, used 145268K [0x00000007a8000000, 0x00000007c0000000, 0x00000007c0000000)
 Metaspace       used 44855K, capacity 45942K, committed 46284K, reserved 1089536K
  class space    used 4957K, capacity 5265K, committed 5368K, reserved 1048576K
}
2016-09-11T21:57:57.863-0100: 364,245: Total time for which application threads were stopped: 0,0271328 seconds, Stopping threads took: 0,0001132 seconds
2016-09-11T21:57:57.864-0100: 364,245: Total time for which application threads were stopped: 0,0002866 seconds, Stopping threads took: 0,0000794 seconds
2016-09-11T21:57:57.870-0100: 364,252: Total time for which application threads were stopped: 0,0003370 seconds, Stopping threads took: 0,0001051 seconds
2016-09-11T21:57:57.878-0100: 364,259: Total time for which application threads were stopped: 0,0003330 seconds, Stopping threads took: 0,0001182 seconds
2016-09-11T21:57:57.989-0100: 364,370: Total time for which application threads were stopped: 0,0002809 seconds, Stopping threads took: 0,0000556 seconds
{Heap before GC invocations=100 (full 4):
 par new generation   total 109248K, used 109248K [0x00000007a0000000, 0x00000007a8000000, 0x00000007a8000000)
  eden space 87424K, 100% used [0x00000007a0000000, 0x00000007a5560000, 0x00000007a5560000)
  from space 21824K, 100% used [0x00000007a5560000, 0x00000007a6ab0000, 0x00000007a6ab0000)
  to   space 21824K,   0% used [0x00000007a6ab0000, 0x00000007a6ab0000, 0x00000007a8000000)
 concurrent mark-sweep generation total 393216K, used 145268K [0x00000007a8000000, 0x00000007c0000000, 0x00000007c0000000)
 Metaspace       used 44881K, capacity 45942K, committed 46284K, reserved 1089536K
  class space    used 4957K, capacity 5265K, committed 5368K, reserved 1048576K
2016-09-11T21:57:58.032-0100: 364,413: [GC (Allocation Failure) 2016-09-11T21:57:58.032-0100: 364,413: [ParNew
Desired survivor size 20112992 bytes, new threshold 8 (max 8)
- age   1:    8580520 bytes,    8580520 total
- age   3:    3130248 bytes,   11710768 total
- age   4:    3553576 bytes,   15264344 total
- age   5:      41296 bytes,   15305640 total
- age   6:     405576 bytes,   15711216 total
- age   7:        384 bytes,   15711600 total
- age   8:    6610848 bytes,   22322448 total
: 109248K->21824K(109248K), 0,0276697 secs] 254516K->175300K(502464K), 0,0277949 secs] [Times: user=0,09 sys=0,00, real=0,02 secs] 
Heap after GC invocations=101 (full 4):
 par new generation   total 109248K, used 21824K [0x00000007a0000000, 0x00000007a8000000, 0x00000007a8000000)
  eden space 87424K,   0% used [0x00000007a0000000, 0x00000007a0000000, 0x00000007a5560000)
  from space 21824K, 100% used [0x00000007a6ab0000, 0x00000007a8000000, 0x00000007a8000000)
  to   space 21824K,   0% used [0x00000007a5560000, 0x00000007a5560000, 0x00000007a6ab0000)
 concurrent mark-sweep generation total 393216K, used 153476K [0x00000007a8000000, 0x00000007c0000000, 0x00000007c0000000)
 Metaspace       used 44881K, capacity 45942K, committed 46284K, reserved 1089536K
  class space    used 4957K, capacity 5265K, committed 5368K, reserved 1048576K
}
2016-09-11T21:57:58.060-0100: 364,441: Total time for which application threads were stopped: 0,0281750 seconds, Stopping threads took: 0,0000510 seconds
2016-09-11T21:57:58.060-0100: 364,442: Total time for which application threads were stopped: 0,0003283 seconds, Stopping threads took: 0,0000783 seconds
2016-09-11T21:57:58.085-0100: 364,466: Total time for which application threads were stopped: 0,0002957 seconds, Stopping threads took: 0,0001108 seconds
2016-09-11T21:57:58.109-0100: 364,490: Total time for which application threads were stopped: 0,0002670 seconds, Stopping threads took: 0,0000318 seconds
{Heap before GC invocations=101 (full 4):
 par new generation   total 109248K, used 109248K [0x00000007a0000000, 0x00000007a8000000, 0x00000007a8000000)
  eden space 87424K, 100% used [0x00000007a0000000, 0x00000007a5560000, 0x00000007a5560000)
  from space 21824K, 100% used [0x00000007a6ab0000, 0x00000007a8000000, 0x00000007a8000000)
  to   space 21824K,   0% used [0x00000007a5560000, 0x00000007a5560000, 0x00000007a6ab0000)
 concurrent mark-sweep generation total 393216K, used 153476K [0x00000007a8000000, 0x00000007c0000000, 0x00000007c0000000)
 Metaspace       used 44886K, capacity 45942K, committed 46284K, reserved 1089536K
  class space    used 4957K, capacity 5265K, committed 5368K, reserved 1048576K
2016-09-11T21:57:58.268-0100: 364,650: [GC (Allocation Failure) 2016-09-11T21:57:58.268-0100: 364,650: [ParNew
Desired survivor size 20112992 bytes, new threshold 5 (max 8)
- age   1:   10595816 bytes,   10595816 total
- age   2:    6003464 bytes,   16599280 total
- age   4:    1782520 bytes,   18381800 total
- age   5:    2850072 bytes,   21231872 total
- age   6:      19728 bytes,   21251600 total
- age   7:         88 bytes,   21251688 total
- age   8:        384 bytes,   21252072 total
: 109248K->21824K(109248K), 0,0451559 secs] 262724K->195097K(502464K), 0,0452720 secs] [Times: user=0,10 sys=0,00, real=0,05 secs] 
Heap after GC invocations=102 (full 4):
 par new generation   total 109248K, used 21824K [0x00000007a0000000, 0x00000007a8000000, 0x00000007a8000000)
  eden space 87424K,   0% used [0x00000007a0000000, 0x00000007a0000000, 0x00000007a5560000)
  from space 21824K, 100% used [0x00000007a5560000, 0x00000007a6ab0000, 0x00000007a6ab0000)
  to   space 21824K,   0% used [0x00000007a6ab0000, 0x00000007a6ab0000, 0x00000007a8000000)
 concurrent mark-sweep generation total 393216K, used 173273K [0x00000007a8000000, 0x00000007c0000000, 0x00000007c0000000)
 Metaspace       used 44886K, capacity 45942K, committed 46284K, reserved 1089536K
  class space    used 4957K, capacity 5265K, committed 5368K, reserved 1048576K
}
2016-09-11T21:57:58.313-0100: 364,695: Total time for which application threads were stopped: 0,0464950 seconds, Stopping threads took: 0,0009467 seconds
2016-09-11T21:57:58.314-0100: 364,695: Total time for which application threads were stopped: 0,0002459 seconds, Stopping threads took: 0,0000903 seconds
{Heap before GC invocations=102 (full 4):
 par new generation   total 109248K, used 109248K [0x00000007a0000000, 0x00000007a8000000, 0x00000007a8000000)
  eden space 87424K, 100% used [0x00000007a0000000, 0x00000007a5560000, 0x00000007a5560000)
  from space 21824K, 100% used [0x00000007a5560000, 0x00000007a6ab0000, 0x00000007a6ab0000)
  to   space 21824K,   0% used [0x00000007a6ab0000, 0x00000007a6ab0000, 0x00000007a8000000)
 concurrent mark-sweep generation total 393216K, used 173273K [0x00000007a8000000, 0x00000007c0000000, 0x00000007c0000000)
 Metaspace       used 44894K, capacity 45942K, committed 46284K, reserved 1089536K
  class space    used 4957K, capacity 5265K, committed 5368K, reserved 1048576K
2016-09-11T21:57:58.388-0100: 364,769: [GC (Allocation Failure) 2016-09-11T21:57:58.388-0100: 364,769: [ParNew
Desired survivor size 20112992 bytes, new threshold 3 (max 8)
- age   1:    7982936 bytes,    7982936 total
- age   2:    6583136 bytes,   14566072 total
- age   3:    5998936 bytes,   20565008 total
- age   5:    1782264 bytes,   22347272 total
: 109248K->21824K(109248K), 0,0335165 secs] 282521K->206736K(502464K), 0,0336060 secs] [Times: user=0,09 sys=0,00, real=0,04 secs] 
Heap after GC invocations=103 (full 4):
 par new generation   total 109248K, used 21824K [0x00000007a0000000, 0x00000007a8000000, 0x00000007a8000000)
  eden space 87424K,   0% used [0x00000007a0000000, 0x00000007a0000000, 0x00000007a5560000)
  from space 21824K, 100% used [0x00000007a6ab0000, 0x00000007a8000000, 0x00000007a8000000)
  to   space 21824K,   0% used [0x00000007a5560000, 0x00000007a5560000, 0x00000007a6ab0000)
 concurrent mark-sweep generation total 393216K, used 184912K [0x00000007a8000000, 0x00000007c0000000, 0x00000007c0000000)
 Metaspace       used 44894K, capacity 45942K, committed 46284K, reserved 1089536K
  class space    used 4957K, capacity 5265K, committed 5368K, reserved 1048576K
}
2016-09-11T21:57:58.421-0100: 364,803: Total time for which application threads were stopped: 0,0340377 seconds, Stopping threads took: 0,0001290 seconds
2016-09-11T21:57:58.422-0100: 364,803: Total time for which application threads were stopped: 0,0003262 seconds, Stopping threads took: 0,0001286 seconds
2016-09-11T21:57:58.423-0100: 364,805: Total time for which application threads were stopped: 0,0003223 seconds, Stopping threads took: 0,0001354 seconds
2016-09-11T21:57:58.431-0100: 364,813: Total time for which application threads were stopped: 0,0002926 seconds, Stopping threads took: 0,0001120 seconds
{Heap before GC invocations=103 (full 4):
 par new generation   total 109248K, used 109248K [0x00000007a0000000, 0x00000007a8000000, 0x00000007a8000000)
  eden space 87424K, 100% used [0x00000007a0000000, 0x00000007a5560000, 0x00000007a5560000)
  from space 21824K, 100% used [0x00000007a6ab0000, 0x00000007a8000000, 0x00000007a8000000)
  to   space 21824K,   0% used [0x00000007a5560000, 0x00000007a5560000, 0x00000007a6ab0000)
 concurrent mark-sweep generation total 393216K, used 184912K [0x00000007a8000000, 0x00000007c0000000, 0x00000007c0000000)
 Metaspace       used 44895K, capacity 45942K, committed 46284K, reserved 1089536K
  class space    used 4957K, capacity 5265K, committed 5368K, reserved 1048576K
2016-09-11T21:57:58.501-0100: 364,883: [GC (Allocation Failure) 2016-09-11T21:57:58.501-0100: 364,883: [ParNew
Desired survivor size 20112992 bytes, new threshold 8 (max 8)
- age   1:    6084752 bytes,    6084752 total
- age   2:    4692224 bytes,   10776976 total
- age   3:    5407888 bytes,   16184864 total
: 109248K->21824K(109248K), 0,0325798 secs] 294160K->217640K(502464K), 0,0326962 secs] [Times: user=0,09 sys=0,00, real=0,03 secs] 
Heap after GC invocations=104 (full 4):
 par new generation   total 109248K, used 21824K [0x00000007a0000000, 0x00000007a8000000, 0x00000007a8000000)
  eden space 87424K,   0% used [0x00000007a0000000, 0x00000007a0000000, 0x00000007a5560000)
  from space 21824K, 100% used [0x00000007a5560000, 0x00000007a6ab0000, 0x00000007a6ab0000)
  to   space 21824K,   0% used [0x00000007a6ab0000, 0x00000007a6ab0000, 0x00000007a8000000)
 concurrent mark-sweep generation total 393216K, used 195816K [0x00000007a8000000, 0x00000007c0000000, 0x00000007c0000000)
 Metaspace       used 44895K, capacity 45942K, committed 46284K, reserved 1089536K
  class space    used 4957K, capacity 5265K, committed 5368K, reserved 1048576K
}
2016-09-11T21:57:58.534-0100: 364,915: Total time for which application threads were stopped: 0,0330222 seconds, Stopping threads took: 0,0000365 seconds
{Heap before GC invocations=104 (full 4):
 par new generation   total 109248K, used 109248K [0x00000007a0000000, 0x00000007a8000000, 0x00000007a8000000)
  eden space 87424K, 100% used [0x00000007a0000000, 0x00000007a5560000, 0x00000007a5560000)
  from space 21824K, 100% used [0x00000007a5560000, 0x00000007a6ab0000, 0x00000007a6ab0000)
  to   space 21824K,   0% used [0x00000007a6ab0000, 0x00000007a6ab0000, 0x00000007a8000000)
 concurrent mark-sweep generation total 393216K, used 195816K [0x00000007a8000000, 0x00000007c0000000, 0x00000007c0000000)
 Metaspace       used 44895K, capacity 45942K, committed 46284K, reserved 1089536K
  class space    used 4957K, capacity 5265K, committed 5368K, reserved 1048576K
2016-09-11T21:57:58.606-0100: 364,988: [GC (Allocation Failure) 2016-09-11T21:57:58.606-0100: 364,988: [ParNew
Desired survivor size 20112992 bytes, new threshold 8 (max 8)
- age   1:    2986296 bytes,    2986296 total
- age   2:    5576088 bytes,    8562384 total
- age   3:    4692184 bytes,   13254568 total
- age   4:    5407888 bytes,   18662456 total
: 109248K->21824K(109248K), 0,0230707 secs] 305064K->217646K(502464K), 0,0231638 secs] [Times: user=0,05 sys=0,00, real=0,02 secs] 
Heap after GC invocations=105 (full 4):
 par new generation   total 109248K, used 21824K [0x00000007a0000000, 0x00000007a8000000, 0x00000007a8000000)
  eden space 87424K,   0% used [0x00000007a0000000, 0x00000007a0000000, 0x00000007a5560000)
  from space 21824K, 100% used [0x00000007a6ab0000, 0x00000007a8000000, 0x00000007a8000000)
  to   space 21824K,   0% used [0x00000007a5560000, 0x00000007a5560000, 0x00000007a6ab0000)
 concurrent mark-sweep generation total 393216K, used 195822K [0x00000007a8000000, 0x00000007c0000000, 0x00000007c0000000)
 Metaspace       used 44895K, capacity 45942K, committed 46284K, reserved 1089536K
  class space    used 4957K, capacity 5265K, committed 5368K, reserved 1048576K
}
2016-09-11T21:57:58.629-0100: 365,011: Total time for which application threads were stopped: 0,0235249 seconds, Stopping threads took: 0,0000685 seconds
{Heap before GC invocations=105 (full 4):
 par new generation   total 109248K, used 109248K [0x00000007a0000000, 0x00000007a8000000, 0x00000007a8000000)
  eden space 87424K, 100% used [0x00000007a0000000, 0x00000007a5560000, 0x00000007a5560000)
  from space 21824K, 100% used [0x00000007a6ab0000, 0x00000007a8000000, 0x00000007a8000000)
  to   space 21824K,   0% used [0x00000007a5560000, 0x00000007a5560000, 0x00000007a6ab0000)
 concurrent mark-sweep generation total 393216K, used 195822K [0x00000007a8000000, 0x00000007c0000000, 0x00000007c0000000)
 Metaspace       used 44895K, capacity 45942K, committed 46284K, reserved 1089536K
  class space    used 4957K, capacity 5265K, committed 5368K, reserved 1048576K
2016-09-11T21:57:58.700-0100: 365,082: [GC (Allocation Failure) 2016-09-11T21:57:58.700-0100: 365,082: [ParNew
Desired survivor size 20112992 bytes, new threshold 8 (max 8)
- age   1:    3019464 bytes,    3019464 total
- age   2:    1195048 bytes,    4214512 total
- age   3:    5576088 bytes,    9790600 total
- age   4:    4675512 bytes,   14466112 total
- age   5:    5407888 bytes,   19874000 total
: 109248K->21824K(109248K), 0,0220943 secs] 305070K->217646K(502464K), 0,0221982 secs] [Times: user=0,06 sys=0,00, real=0,02 secs] 
Heap after GC invocations=106 (full 4):
 par new generation   total 109248K, used 21824K [0x00000007a0000000, 0x00000007a8000000, 0x00000007a8000000)
  eden space 87424K,   0% used [0x00000007a0000000, 0x00000007a0000000, 0x00000007a5560000)
  from space 21824K, 100% used [0x00000007a5560000, 0x00000007a6ab0000, 0x00000007a6ab0000)
  to   space 21824K,   0% used [0x00000007a6ab0000, 0x00000007a6ab0000, 0x00000007a8000000)
 concurrent mark-sweep generation total 393216K, used 195822K [0x00000007a8000000, 0x00000007c0000000, 0x00000007c0000000)
 Metaspace       used 44895K, capacity 45942K, committed 46284K, reserved 1089536K
  class space    used 4957K, capacity 5265K, committed 5368K, reserved 1048576K
}
2016-09-11T21:57:58.722-0100: 365,104: Total time for which application threads were stopped: 0,0225774 seconds, Stopping threads took: 0,0001152 seconds
2016-09-11T21:57:58.997-0100: 365,379: Total time for which application threads were stopped: 0,0003443 seconds, Stopping threads took: 0,0001082 seconds
{Heap before GC invocations=106 (full 4):
 par new generation   total 109248K, used 109248K [0x00000007a0000000, 0x00000007a8000000, 0x00000007a8000000)
  eden space 87424K, 100% used [0x00000007a0000000, 0x00000007a5560000, 0x00000007a5560000)
  from space 21824K, 100% used [0x00000007a5560000, 0x00000007a6ab0000, 0x00000007a6ab0000)
  to   space 21824K,   0% used [0x00000007a6ab0000, 0x00000007a6ab0000, 0x00000007a8000000)
 concurrent mark-sweep generation total 393216K, used 195822K [0x00000007a8000000, 0x00000007c0000000, 0x00000007c0000000)
 Metaspace       used 44940K, capacity 45942K, committed 46284K, reserved 1089536K
  class space    used 4957K, capacity 5265K, committed 5368K, reserved 1048576K
2016-09-11T21:57:59.012-0100: 365,393: [GC (Allocation Failure) 2016-09-11T21:57:59.012-0100: 365,393: [ParNew
Desired survivor size 20112992 bytes, new threshold 6 (max 8)
- age   1:    7686544 bytes,    7686544 total
- age   2:    1227584 bytes,    8914128 total
- age   3:     832408 bytes,    9746536 total
- age   4:    4735680 bytes,   14482216 total
- age   5:    4448440 bytes,   18930656 total
- age   6:    3302264 bytes,   22232920 total
: 109248K->21824K(109248K), 0,0269395 secs] 305070K->223024K(502464K), 0,0270292 secs] [Times: user=0,08 sys=0,00, real=0,02 secs] 
Heap after GC invocations=107 (full 4):
 par new generation   total 109248K, used 21824K [0x00000007a0000000, 0x00000007a8000000, 0x00000007a8000000)
  eden space 87424K,   0% used [0x00000007a0000000, 0x00000007a0000000, 0x00000007a5560000)
  from space 21824K, 100% used [0x00000007a6ab0000, 0x00000007a8000000, 0x00000007a8000000)
  to   space 21824K,   0% used [0x00000007a5560000, 0x00000007a5560000, 0x00000007a6ab0000)
 concurrent mark-sweep generation total 393216K, used 201200K [0x00000007a8000000, 0x00000007c0000000, 0x00000007c0000000)
 Metaspace       used 44940K, capacity 45942K, committed 46284K, reserved 1089536K
  class space    used 4957K, capacity 5265K, committed 5368K, reserved 1048576K
}
2016-09-11T21:57:59.039-0100: 365,420: Total time for which application threads were stopped: 0,0274229 seconds, Stopping threads took: 0,0000982 seconds
2016-09-11T21:57:59.039-0100: 365,421: [GC (CMS Initial Mark) [1 CMS-initial-mark: 201200K(393216K)] 223631K(502464K), 0,0110768 secs] [Times: user=0,02 sys=0,00, real=0,02 secs] 
2016-09-11T21:57:59.050-0100: 365,432: Total time for which application threads were stopped: 0,0114904 seconds, Stopping threads took: 0,0000832 seconds
2016-09-11T21:57:59.050-0100: 365,432: [CMS-concurrent-mark-start]
2016-09-11T21:57:59.098-0100: 365,479: [CMS-concurrent-mark: 0,047/0,047 secs] [Times: user=0,15 sys=0,01, real=0,04 secs] 
2016-09-11T21:57:59.098-0100: 365,479: Total time for which application threads were stopped: 0,0002600 seconds, Stopping threads took: 0,0000939 seconds
2016-09-11T21:57:59.098-0100: 365,479: [CMS-concurrent-preclean-start]
2016-09-11T21:57:59.098-0100: 365,480: Total time for which application threads were stopped: 0,0001988 seconds, Stopping threads took: 0,0000717 seconds
2016-09-11T21:57:59.100-0100: 365,481: [CMS-concurrent-preclean: 0,002/0,002 secs] [Times: user=0,01 sys=0,00, real=0,01 secs] 
2016-09-11T21:57:59.100-0100: 365,481: [CMS-concurrent-abortable-preclean-start]
2016-09-11T21:57:59.115-0100: 365,496: Total time for which application threads were stopped: 0,0002888 seconds, Stopping threads took: 0,0000722 seconds
2016-09-11T21:57:59.145-0100: 365,527: Total time for which application threads were stopped: 0,0003163 seconds, Stopping threads took: 0,0001362 seconds
2016-09-11T21:57:59.166-0100: 365,547: Total time for which application threads were stopped: 0,0003699 seconds, Stopping threads took: 0,0000995 seconds
2016-09-11T21:57:59.176-0100: 365,558: Total time for which application threads were stopped: 0,0102158 seconds, Stopping threads took: 0,0099805 seconds
2016-09-11T21:57:59.266-0100: 365,648: Total time for which application threads were stopped: 0,0004392 seconds, Stopping threads took: 0,0001778 seconds
2016-09-11T21:57:59.330-0100: 365,712: Total time for which application threads were stopped: 0,0002989 seconds, Stopping threads took: 0,0000735 seconds
2016-09-11T21:57:59.332-0100: 365,714: [CMS-concurrent-abortable-preclean: 0,215/0,232 secs] [Times: user=0,42 sys=0,03, real=0,23 secs] 
2016-09-11T21:57:59.333-0100: 365,714: [GC (CMS Final Remark) [YG occupancy: 68365 K (109248 K)]{Heap before GC invocations=107 (full 5):
 par new generation   total 109248K, used 68365K [0x00000007a0000000, 0x00000007a8000000, 0x00000007a8000000)
  eden space 87424K,  53% used [0x00000007a0000000, 0x00000007a2d73440, 0x00000007a5560000)
  from space 21824K, 100% used [0x00000007a6ab0000, 0x00000007a8000000, 0x00000007a8000000)
  to   space 21824K,   0% used [0x00000007a5560000, 0x00000007a5560000, 0x00000007a6ab0000)
 concurrent mark-sweep generation total 393216K, used 201200K [0x00000007a8000000, 0x00000007c0000000, 0x00000007c0000000)
 Metaspace       used 44959K, capacity 45942K, committed 46284K, reserved 1089536K
  class space    used 4957K, capacity 5265K, committed 5368K, reserved 1048576K
2016-09-11T21:57:59.333-0100: 365,714: [GC (CMS Final Remark) 2016-09-11T21:57:59.333-0100: 365,714: [ParNew
Desired survivor size 20112992 bytes, new threshold 6 (max 8)
- age   1:    5311848 bytes,    5311848 total
- age   2:    5924400 bytes,   11236248 total
- age   3:    1227504 bytes,   12463752 total
- age   4:     832408 bytes,   13296160 total
- age   5:    4735680 bytes,   18031840 total
- age   6:    4448440 bytes,   22480280 total
: 68365K->21824K(109248K), 0,0654500 secs] 269565K->228846K(502464K), 0,0655332 secs] [Times: user=0,09 sys=0,00, real=0,06 secs] 
Heap after GC invocations=108 (full 5):
 par new generation   total 109248K, used 21824K [0x00000007a0000000, 0x00000007a8000000, 0x00000007a8000000)
  eden space 87424K,   0% used [0x00000007a0000000, 0x00000007a0000000, 0x00000007a5560000)
  from space 21824K, 100% used [0x00000007a5560000, 0x00000007a6ab0000, 0x00000007a6ab0000)
  to   space 21824K,   0% used [0x00000007a6ab0000, 0x00000007a6ab0000, 0x00000007a8000000)
 concurrent mark-sweep generation total 393216K, used 207022K [0x00000007a8000000, 0x00000007c0000000, 0x00000007c0000000)
 Metaspace       used 44959K, capacity 45942K, committed 46284K, reserved 1089536K
  class space    used 4957K, capacity 5265K, committed 5368K, reserved 1048576K
}
2016-09-11T21:57:59.398-0100: 365,780: [Rescan (parallel) , 0,0086422 secs]2016-09-11T21:57:59.407-0100: 365,789: [weak refs processing, 0,0129337 secs]2016-09-11T21:57:59.420-0100: 365,802: [class unloading, 0,0181117 secs]2016-09-11T21:57:59.438-0100: 365,820: [scrub symbol table, 0,0106927 secs]2016-09-11T21:57:59.449-0100: 365,830: [scrub string table, 0,0007108 secs][1 CMS-remark: 207022K(393216K)] 228846K(502464K), 0,1172041 secs] [Times: user=0,18 sys=0,00, real=0,12 secs] 
2016-09-11T21:57:59.450-0100: 365,831: Total time for which application threads were stopped: 0,1175293 seconds, Stopping threads took: 0,0000488 seconds
2016-09-11T21:57:59.450-0100: 365,832: [CMS-concurrent-sweep-start]
2016-09-11T21:57:59.451-0100: 365,833: Total time for which application threads were stopped: 0,0002613 seconds, Stopping threads took: 0,0000376 seconds
2016-09-11T21:57:59.469-0100: 365,851: Total time for which application threads were stopped: 0,0005622 seconds, Stopping threads took: 0,0001591 seconds
2016-09-11T21:57:59.525-0100: 365,907: Total time for which application threads were stopped: 0,0002642 seconds, Stopping threads took: 0,0000316 seconds
2016-09-11T21:57:59.585-0100: 365,967: Total time for which application threads were stopped: 0,0005969 seconds, Stopping threads took: 0,0000486 seconds
2016-09-11T21:57:59.731-0100: 366,112: [CMS-concurrent-sweep: 0,276/0,281 secs] [Times: user=0,41 sys=0,03, real=0,28 secs] 
2016-09-11T21:57:59.731-0100: 366,112: [CMS-concurrent-reset-start]
2016-09-11T21:57:59.731-0100: 366,113: [CMS-concurrent-reset: 0,001/0,001 secs] [Times: user=0,00 sys=0,00, real=0,00 secs] 
{Heap before GC invocations=108 (full 5):
 par new generation   total 109248K, used 109248K [0x00000007a0000000, 0x00000007a8000000, 0x00000007a8000000)
  eden space 87424K, 100% used [0x00000007a0000000, 0x00000007a5560000, 0x00000007a5560000)
  from space 21824K, 100% used [0x00000007a5560000, 0x00000007a6ab0000, 0x00000007a6ab0000)
  to   space 21824K,   0% used [0x00000007a6ab0000, 0x00000007a6ab0000, 0x00000007a8000000)
 concurrent mark-sweep generation total 393216K, used 101504K [0x00000007a8000000, 0x00000007c0000000, 0x00000007c0000000)
 Metaspace       used 44964K, capacity 45942K, committed 46284K, reserved 1089536K
  class space    used 4958K, capacity 5265K, committed 5368K, reserved 1048576K
2016-09-11T21:58:00.007-0100: 366,389: [GC (Allocation Failure) 2016-09-11T21:58:00.007-0100: 366,389: [ParNew
Desired survivor size 20112992 bytes, new threshold 6 (max 8)
- age   1:    7275952 bytes,    7275952 total
- age   2:    3078264 bytes,   10354216 total
- age   3:    5758056 bytes,   16112272 total
- age   4:     363912 bytes,   16476184 total
- age   5:     593448 bytes,   17069632 total
- age   6:    3691904 bytes,   20761536 total
: 109248K->21824K(109248K), 0,0389845 secs] 210752K->140083K(502464K), 0,0390685 secs] [Times: user=0,11 sys=0,01, real=0,04 secs] 
Heap after GC invocations=109 (full 5):
 par new generation   total 109248K, used 21824K [0x00000007a0000000, 0x00000007a8000000, 0x00000007a8000000)
  eden space 87424K,   0% used [0x00000007a0000000, 0x00000007a0000000, 0x00000007a5560000)
  from space 21824K, 100% used [0x00000007a6ab0000, 0x00000007a8000000, 0x00000007a8000000)
  to   space 21824K,   0% used [0x00000007a5560000, 0x00000007a5560000, 0x00000007a6ab0000)
 concurrent mark-sweep generation total 393216K, used 118259K [0x00000007a8000000, 0x00000007c0000000, 0x00000007c0000000)
 Metaspace       used 44964K, capacity 45942K, committed 46284K, reserved 1089536K
  class space    used 4958K, capacity 5265K, committed 5368K, reserved 1048576K
}
2016-09-11T21:58:00.046-0100: 366,428: Total time for which application threads were stopped: 0,0394445 seconds, Stopping threads took: 0,0000885 seconds
2016-09-11T21:58:00.047-0100: 366,429: Total time for which application threads were stopped: 0,0002814 seconds, Stopping threads took: 0,0001073 seconds
2016-09-11T21:58:00.047-0100: 366,429: Total time for which application threads were stopped: 0,0001890 seconds, Stopping threads took: 0,0000854 seconds
2016-09-11T21:58:00.048-0100: 366,429: Total time for which application threads were stopped: 0,0001847 seconds, Stopping threads took: 0,0000725 seconds
2016-09-11T21:58:00.048-0100: 366,429: Total time for which application threads were stopped: 0,0002785 seconds, Stopping threads took: 0,0000929 seconds
{Heap before GC invocations=109 (full 5):
 par new generation   total 109248K, used 109248K [0x00000007a0000000, 0x00000007a8000000, 0x00000007a8000000)
  eden space 87424K, 100% used [0x00000007a0000000, 0x00000007a5560000, 0x00000007a5560000)
  from space 21824K, 100% used [0x00000007a6ab0000, 0x00000007a8000000, 0x00000007a8000000)
  to   space 21824K,   0% used [0x00000007a5560000, 0x00000007a5560000, 0x00000007a6ab0000)
 concurrent mark-sweep generation total 393216K, used 118259K [0x00000007a8000000, 0x00000007c0000000, 0x00000007c0000000)
 Metaspace       used 44974K, capacity 45942K, committed 46284K, reserved 1089536K
  class space    used 4959K, capacity 5265K, committed 5368K, reserved 1048576K
2016-09-11T21:58:00.180-0100: 366,562: [GC (Allocation Failure) 2016-09-11T21:58:00.180-0100: 366,562: [ParNew
Desired survivor size 20112992 bytes, new threshold 8 (max 8)
- age   1:    2048040 bytes,    2048040 total
- age   2:    6292992 bytes,    8341032 total
- age   3:    3078016 bytes,   11419048 total
- age   4:    4851608 bytes,   16270656 total
- age   5:     297912 bytes,   16568568 total
- age   6:     486000 bytes,   17054568 total
: 109248K->21824K(109248K), 0,0164635 secs] 227507K->145254K(502464K), 0,0165997 secs] [Times: user=0,06 sys=0,00, real=0,01 secs] 
Heap after GC invocations=110 (full 5):
 par new generation   total 109248K, used 21824K [0x00000007a0000000, 0x00000007a8000000, 0x00000007a8000000)
  eden space 87424K,   0% used [0x00000007a0000000, 0x00000007a0000000, 0x00000007a5560000)
  from space 21824K, 100% used [0x00000007a5560000, 0x00000007a6ab0000, 0x00000007a6ab0000)
  to   space 21824K,   0% used [0x00000007a6ab0000, 0x00000007a6ab0000, 0x00000007a8000000)
 concurrent mark-sweep generation total 393216K, used 123430K [0x00000007a8000000, 0x00000007c0000000, 0x00000007c0000000)
 Metaspace       used 44974K, capacity 45942K, committed 46284K, reserved 1089536K
  class space    used 4959K, capacity 5265K, committed 5368K, reserved 1048576K
}
2016-09-11T21:58:00.197-0100: 366,578: Total time for which application threads were stopped: 0,0171249 seconds, Stopping threads took: 0,0000570 seconds
{Heap before GC invocations=110 (full 5):
 par new generation   total 109248K, used 109248K [0x00000007a0000000, 0x00000007a8000000, 0x00000007a8000000)
  eden space 87424K, 100% used [0x00000007a0000000, 0x00000007a5560000, 0x00000007a5560000)
  from space 21824K, 100% used [0x00000007a5560000, 0x00000007a6ab0000, 0x00000007a6ab0000)
  to   space 21824K,   0% used [0x00000007a6ab0000, 0x00000007a6ab0000, 0x00000007a8000000)
 concurrent mark-sweep generation total 393216K, used 123430K [0x00000007a8000000, 0x00000007c0000000, 0x00000007c0000000)
 Metaspace       used 44974K, capacity 45942K, committed 46284K, reserved 1089536K
  class space    used 4959K, capacity 5265K, committed 5368K, reserved 1048576K
2016-09-11T21:58:00.363-0100: 366,745: [GC (Allocation Failure) 2016-09-11T21:58:00.363-0100: 366,745: [ParNew
Desired survivor size 20112992 bytes, new threshold 8 (max 8)
- age   1:    2351888 bytes,    2351888 total
- age   2:     416640 bytes,    2768528 total
- age   3:    6099608 bytes,    8868136 total
- age   4:    3078016 bytes,   11946152 total
- age   5:    4993872 bytes,   16940024 total
- age   6:     297912 bytes,   17237936 total
- age   7:     486000 bytes,   17723936 total
: 109248K->21824K(109248K), 0,0116690 secs] 232678K->145254K(502464K), 0,0117736 secs] [Times: user=0,04 sys=0,00, real=0,01 secs] 
Heap after GC invocations=111 (full 5):
 par new generation   total 109248K, used 21824K [0x00000007a0000000, 0x00000007a8000000, 0x00000007a8000000)
  eden space 87424K,   0% used [0x00000007a0000000, 0x00000007a0000000, 0x00000007a5560000)
  from space 21824K, 100% used [0x00000007a6ab0000, 0x00000007a8000000, 0x00000007a8000000)
  to   space 21824K,   0% used [0x00000007a5560000, 0x00000007a5560000, 0x00000007a6ab0000)
 concurrent mark-sweep generation total 393216K, used 123430K [0x00000007a8000000, 0x00000007c0000000, 0x00000007c0000000)
 Metaspace       used 44974K, capacity 45942K, committed 46284K, reserved 1089536K
  class space    used 4959K, capacity 5265K, committed 5368K, reserved 1048576K
}
2016-09-11T21:58:00.375-0100: 366,757: Total time for which application threads were stopped: 0,0122345 seconds, Stopping threads took: 0,0001001 seconds
{Heap before GC invocations=111 (full 5):
 par new generation   total 109248K, used 109248K [0x00000007a0000000, 0x00000007a8000000, 0x00000007a8000000)
  eden space 87424K, 100% used [0x00000007a0000000, 0x00000007a5560000, 0x00000007a5560000)
  from space 21824K, 100% used [0x00000007a6ab0000, 0x00000007a8000000, 0x00000007a8000000)
  to   space 21824K,   0% used [0x00000007a5560000, 0x00000007a5560000, 0x00000007a6ab0000)
 concurrent mark-sweep generation total 393216K, used 123430K [0x00000007a8000000, 0x00000007c0000000, 0x00000007c0000000)
 Metaspace       used 44982K, capacity 46070K, committed 46284K, reserved 1089536K
  class space    used 4959K, capacity 5265K, committed 5368K, reserved 1048576K
2016-09-11T21:58:00.618-0100: 366,999: [GC (Allocation Failure) 2016-09-11T21:58:00.618-0100: 366,999: [ParNew
Desired survivor size 20112992 bytes, new threshold 8 (max 8)
- age   1:    4396672 bytes,    4396672 total
- age   2:    1359152 bytes,    5755824 total
- age   3:     234888 bytes,    5990712 total
- age   4:    4957768 bytes,   10948480 total
- age   5:    3078016 bytes,   14026496 total
- age   6:    4503976 bytes,   18530472 total
- age   7:     297432 bytes,   18827904 total
- age   8:     486000 bytes,   19313904 total
: 109248K->21824K(109248K), 0,0180449 secs] 232678K->145359K(502464K), 0,0181328 secs] [Times: user=0,03 sys=0,00, real=0,02 secs] 
Heap after GC invocations=112 (full 5):
 par new generation   total 109248K, used 21824K [0x00000007a0000000, 0x00000007a8000000, 0x00000007a8000000)
  eden space 87424K,   0% used [0x00000007a0000000, 0x00000007a0000000, 0x00000007a5560000)
  from space 21824K, 100% used [0x00000007a5560000, 0x00000007a6ab0000, 0x00000007a6ab0000)
  to   space 21824K,   0% used [0x00000007a6ab0000, 0x00000007a6ab0000, 0x00000007a8000000)
 concurrent mark-sweep generation total 393216K, used 123535K [0x00000007a8000000, 0x00000007c0000000, 0x00000007c0000000)
 Metaspace       used 44982K, capacity 46070K, committed 46284K, reserved 1089536K
  class space    used 4959K, capacity 5265K, committed 5368K, reserved 1048576K
}
2016-09-11T21:58:00.636-0100: 367,018: Total time for which application threads were stopped: 0,0185914 seconds, Stopping threads took: 0,0000614 seconds
{Heap before GC invocations=112 (full 5):
 par new generation   total 109248K, used 109248K [0x00000007a0000000, 0x00000007a8000000, 0x00000007a8000000)
  eden space 87424K, 100% used [0x00000007a0000000, 0x00000007a5560000, 0x00000007a5560000)
  from space 21824K, 100% used [0x00000007a5560000, 0x00000007a6ab0000, 0x00000007a6ab0000)
  to   space 21824K,   0% used [0x00000007a6ab0000, 0x00000007a6ab0000, 0x00000007a8000000)
 concurrent mark-sweep generation total 393216K, used 123535K [0x00000007a8000000, 0x00000007c0000000, 0x00000007c0000000)
 Metaspace       used 44988K, capacity 46070K, committed 46284K, reserved 1089536K
  class space    used 4959K, capacity 5265K, committed 5368K, reserved 1048576K
2016-09-11T21:58:00.748-0100: 367,129: [GC (Allocation Failure) 2016-09-11T21:58:00.748-0100: 367,129: [ParNew
Desired survivor size 20112992 bytes, new threshold 7 (max 8)
- age   1:    3752976 bytes,    3752976 total
- age   2:    3547496 bytes,    7300472 total
- age   3:    1357888 bytes,    8658360 total
- age   4:     234888 bytes,    8893248 total
- age   5:    4957576 bytes,   13850824 total
- age   6:    3077336 bytes,   16928160 total
- age   7:    4503952 bytes,   21432112 total
- age   8:     297432 bytes,   21729544 total
: 109248K->21824K(109248K), 0,0185408 secs] 232783K->152660K(502464K), 0,0186601 secs] [Times: user=0,07 sys=0,00, real=0,02 secs] 
Heap after GC invocations=113 (full 5):
 par new generation   total 109248K, used 21824K [0x00000007a0000000, 0x00000007a8000000, 0x00000007a8000000)
  eden space 87424K,   0% used [0x00000007a0000000, 0x00000007a0000000, 0x00000007a5560000)
  from space 21824K, 100% used [0x00000007a6ab0000, 0x00000007a8000000, 0x00000007a8000000)
  to   space 21824K,   0% used [0x00000007a5560000, 0x00000007a5560000, 0x00000007a6ab0000)
 concurrent mark-sweep generation total 393216K, used 130836K [0x00000007a8000000, 0x00000007c0000000, 0x00000007c0000000)
 Metaspace       used 44988K, capacity 46070K, committed 46284K, reserved 1089536K
  class space    used 4959K, capacity 5265K, committed 5368K, reserved 1048576K
}
2016-09-11T21:58:00.766-0100: 367,148: Total time for which application threads were stopped: 0,0191229 seconds, Stopping threads took: 0,0000749 seconds
2016-09-11T21:58:00.767-0100: 367,148: Total time for which application threads were stopped: 0,0003511 seconds, Stopping threads took: 0,0000952 seconds
2016-09-11T21:58:00.767-0100: 367,149: Total time for which application threads were stopped: 0,0006048 seconds, Stopping threads took: 0,0000864 seconds
{Heap before GC invocations=113 (full 5):
 par new generation   total 109248K, used 109248K [0x00000007a0000000, 0x00000007a8000000, 0x00000007a8000000)
  eden space 87424K, 100% used [0x00000007a0000000, 0x00000007a5560000, 0x00000007a5560000)
  from space 21824K, 100% used [0x00000007a6ab0000, 0x00000007a8000000, 0x00000007a8000000)
  to   space 21824K,   0% used [0x00000007a5560000, 0x00000007a5560000, 0x00000007a6ab0000)
 concurrent mark-sweep generation total 393216K, used 130836K [0x00000007a8000000, 0x00000007c0000000, 0x00000007c0000000)
 Metaspace       used 44989K, capacity 46070K, committed 46284K, reserved 1089536K
  class space    used 4959K, capacity 5265K, committed 5368K, reserved 1048576K
2016-09-11T21:58:00.872-0100: 367,253: [GC (Allocation Failure) 2016-09-11T21:58:00.872-0100: 367,253: [ParNew
Desired survivor size 20112992 bytes, new threshold 8 (max 8)
- age   1:    1381400 bytes,    1381400 total
- age   2:    3107464 bytes,    4488864 total
- age   3:    3547496 bytes,    8036360 total
- age   4:    1357888 bytes,    9394248 total
- age   5:     234888 bytes,    9629136 total
- age   6:    4957576 bytes,   14586712 total
- age   7:    3077336 bytes,   17664048 total
: 109248K->21824K(109248K), 0,0167244 secs] 240084K->157571K(502464K), 0,0168274 secs] [Times: user=0,05 sys=0,00, real=0,01 secs] 
Heap after GC invocations=114 (full 5):
 par new generation   total 109248K, used 21824K [0x00000007a0000000, 0x00000007a8000000, 0x00000007a8000000)
  eden space 87424K,   0% used [0x00000007a0000000, 0x00000007a0000000, 0x00000007a5560000)
  from space 21824K, 100% used [0x00000007a5560000, 0x00000007a6ab0000, 0x00000007a6ab0000)
  to   space 21824K,   0% used [0x00000007a6ab0000, 0x00000007a6ab0000, 0x00000007a8000000)
 concurrent mark-sweep generation total 393216K, used 135747K [0x00000007a8000000, 0x00000007c0000000, 0x00000007c0000000)
 Metaspace       used 44989K, capacity 46070K, committed 46284K, reserved 1089536K
  class space    used 4959K, capacity 5265K, committed 5368K, reserved 1048576K
}
2016-09-11T21:58:00.888-0100: 367,270: Total time for which application threads were stopped: 0,0173439 seconds, Stopping threads took: 0,0001572 seconds
2016-09-11T21:58:00.964-0100: 367,345: Total time for which application threads were stopped: 0,0003206 seconds, Stopping threads took: 0,0000662 seconds
2016-09-11T21:58:00.972-0100: 367,354: Total time for which application threads were stopped: 0,0002843 seconds, Stopping threads took: 0,0000607 seconds
2016-09-11T21:58:00.973-0100: 367,355: Total time for which application threads were stopped: 0,0002645 seconds, Stopping threads took: 0,0000407 seconds
2016-09-11T21:58:01.085-0100: 367,467: Total time for which application threads were stopped: 0,0025381 seconds, Stopping threads took: 0,0022677 seconds
{Heap before GC invocations=114 (full 5):
 par new generation   total 109248K, used 109248K [0x00000007a0000000, 0x00000007a8000000, 0x00000007a8000000)
  eden space 87424K, 100% used [0x00000007a0000000, 0x00000007a5560000, 0x00000007a5560000)
  from space 21824K, 100% used [0x00000007a5560000, 0x00000007a6ab0000, 0x00000007a6ab0000)
  to   space 21824K,   0% used [0x00000007a6ab0000, 0x00000007a6ab0000, 0x00000007a8000000)
 concurrent mark-sweep generation total 393216K, used 135747K [0x00000007a8000000, 0x00000007c0000000, 0x00000007c0000000)
 Metaspace       used 45009K, capacity 46070K, committed 46284K, reserved 1089536K
  class space    used 4959K, capacity 5265K, committed 5368K, reserved 1048576K
2016-09-11T21:58:01.097-0100: 367,478: [GC (Allocation Failure) 2016-09-11T21:58:01.097-0100: 367,479: [ParNew
Desired survivor size 20112992 bytes, new threshold 8 (max 8)
- age   1:    7152400 bytes,    7152400 total
- age   2:     205960 bytes,    7358360 total
- age   3:    2510352 bytes,    9868712 total
- age   4:    3021864 bytes,   12890576 total
- age   5:    1135840 bytes,   14026416 total
- age   6:     234792 bytes,   14261208 total
- age   7:    4872720 bytes,   19133928 total
- age   8:    3036608 bytes,   22170536 total
: 109248K->21824K(109248K), 0,0250278 secs] 244995K->158760K(502464K), 0,0251335 secs] [Times: user=0,06 sys=0,00, real=0,03 secs] 
Heap after GC invocations=115 (full 5):
 par new generation   total 109248K, used 21824K [0x00000007a0000000, 0x00000007a8000000, 0x00000007a8000000)
  eden space 87424K,   0% used [0x00000007a0000000, 0x00000007a0000000, 0x00000007a5560000)
  from space 21824K, 100% used [0x00000007a6ab0000, 0x00000007a8000000, 0x00000007a8000000)
  to   space 21824K,   0% used [0x00000007a5560000, 0x00000007a5560000, 0x00000007a6ab0000)
 concurrent mark-sweep generation total 393216K, used 136936K [0x00000007a8000000, 0x00000007c0000000, 0x00000007c0000000)
 Metaspace       used 45009K, capacity 46070K, committed 46284K, reserved 1089536K
  class space    used 4959K, capacity 5265K, committed 5368K, reserved 1048576K
}
2016-09-11T21:58:01.122-0100: 367,504: Total time for which application threads were stopped: 0,0269460 seconds, Stopping threads took: 0,0014426 seconds
2016-09-11T21:58:01.300-0100: 367,681: Total time for which application threads were stopped: 0,0007232 seconds, Stopping threads took: 0,0000988 seconds
{Heap before GC invocations=115 (full 5):
 par new generation   total 109248K, used 109248K [0x00000007a0000000, 0x00000007a8000000, 0x00000007a8000000)
  eden space 87424K, 100% used [0x00000007a0000000, 0x00000007a5560000, 0x00000007a5560000)
  from space 21824K, 100% used [0x00000007a6ab0000, 0x00000007a8000000, 0x00000007a8000000)
  to   space 21824K,   0% used [0x00000007a5560000, 0x00000007a5560000, 0x00000007a6ab0000)
 concurrent mark-sweep generation total 393216K, used 136936K [0x00000007a8000000, 0x00000007c0000000, 0x00000007c0000000)
 Metaspace       used 45020K, capacity 46070K, committed 46284K, reserved 1089536K
  class space    used 4959K, capacity 5265K, committed 5368K, reserved 1048576K
2016-09-11T21:58:01.399-0100: 367,781: [GC (Allocation Failure) 2016-09-11T21:58:01.399-0100: 367,781: [ParNew
Desired survivor size 20112992 bytes, new threshold 8 (max 8)
- age   1:    4461312 bytes,    4461312 total
- age   2:    5522936 bytes,    9984248 total
- age   3:     181208 bytes,   10165456 total
- age   4:    1560104 bytes,   11725560 total
- age   5:    3020584 bytes,   14746144 total
- age   6:    1135840 bytes,   15881984 total
- age   7:     234792 bytes,   16116776 total
- age   8:    4871792 bytes,   20988568 total
: 109248K->21824K(109248K), 0,0216777 secs] 246184K->167115K(502464K), 0,0218083 secs] [Times: user=0,06 sys=0,00, real=0,03 secs] 
Heap after GC invocations=116 (full 5):
 par new generation   total 109248K, used 21824K [0x00000007a0000000, 0x00000007a8000000, 0x00000007a8000000)
  eden space 87424K,   0% used [0x00000007a0000000, 0x00000007a0000000, 0x00000007a5560000)
  from space 21824K, 100% used [0x00000007a5560000, 0x00000007a6ab0000, 0x00000007a6ab0000)
  to   space 21824K,   0% used [0x00000007a6ab0000, 0x00000007a6ab0000, 0x00000007a8000000)
 concurrent mark-sweep generation total 393216K, used 145291K [0x00000007a8000000, 0x00000007c0000000, 0x00000007c0000000)
 Metaspace       used 45020K, capacity 46070K, committed 46284K, reserved 1089536K
  class space    used 4959K, capacity 5265K, committed 5368K, reserved 1048576K
}
2016-09-11T21:58:01.421-0100: 367,803: Total time for which application threads were stopped: 0,0222068 seconds, Stopping threads took: 0,0000498 seconds
2016-09-11T21:58:01.462-0100: 367,844: Total time for which application threads were stopped: 0,0003300 seconds, Stopping threads took: 0,0000881 seconds
2016-09-11T21:58:01.468-0100: 367,850: Total time for which application threads were stopped: 0,0003377 seconds, Stopping threads took: 0,0000995 seconds
2016-09-11T21:58:01.483-0100: 367,864: Total time for which application threads were stopped: 0,0113266 seconds, Stopping threads took: 0,0110649 seconds
2016-09-11T21:58:01.483-0100: 367,864: Total time for which application threads were stopped: 0,0001932 seconds, Stopping threads took: 0,0000170 seconds
2016-09-11T21:58:01.494-0100: 367,876: Total time for which application threads were stopped: 0,0002962 seconds, Stopping threads took: 0,0000771 seconds
2016-09-11T21:58:01.494-0100: 367,876: Total time for which application threads were stopped: 0,0002457 seconds, Stopping threads took: 0,0000836 seconds
2016-09-11T21:58:01.495-0100: 367,876: Total time for which application threads were stopped: 0,0002148 seconds, Stopping threads took: 0,0000673 seconds
2016-09-11T21:58:01.495-0100: 367,876: Total time for which application threads were stopped: 0,0001761 seconds, Stopping threads took: 0,0000315 seconds
2016-09-11T21:58:01.495-0100: 367,877: Total time for which application threads were stopped: 0,0002057 seconds, Stopping threads took: 0,0000661 seconds
2016-09-11T21:58:01.498-0100: 367,879: Total time for which application threads were stopped: 0,0003562 seconds, Stopping threads took: 0,0001044 seconds
2016-09-11T21:58:01.498-0100: 367,880: Total time for which application threads were stopped: 0,0002387 seconds, Stopping threads took: 0,0000677 seconds
2016-09-11T21:58:01.499-0100: 367,880: Total time for which application threads were stopped: 0,0002368 seconds, Stopping threads took: 0,0000827 seconds
2016-09-11T21:58:01.499-0100: 367,881: Total time for which application threads were stopped: 0,0002147 seconds, Stopping threads took: 0,0000646 seconds
2016-09-11T21:58:01.519-0100: 367,900: Total time for which application threads were stopped: 0,0005312 seconds, Stopping threads took: 0,0002969 seconds
2016-09-11T21:58:01.519-0100: 367,901: Total time for which application threads were stopped: 0,0005491 seconds, Stopping threads took: 0,0000713 seconds
2016-09-11T21:58:01.521-0100: 367,902: Total time for which application threads were stopped: 0,0002350 seconds, Stopping threads took: 0,0000367 seconds
2016-09-11T21:58:01.556-0100: 367,937: Total time for which application threads were stopped: 0,0003383 seconds, Stopping threads took: 0,0000812 seconds
2016-09-11T21:58:01.556-0100: 367,938: Total time for which application threads were stopped: 0,0002393 seconds, Stopping threads took: 0,0000646 seconds
2016-09-11T21:58:01.581-0100: 367,962: Total time for which application threads were stopped: 0,0003480 seconds, Stopping threads took: 0,0000949 seconds
{Heap before GC invocations=116 (full 5):
 par new generation   total 109248K, used 109248K [0x00000007a0000000, 0x00000007a8000000, 0x00000007a8000000)
  eden space 87424K, 100% used [0x00000007a0000000, 0x00000007a5560000, 0x00000007a5560000)
  from space 21824K, 100% used [0x00000007a5560000, 0x00000007a6ab0000, 0x00000007a6ab0000)
  to   space 21824K,   0% used [0x00000007a6ab0000, 0x00000007a6ab0000, 0x00000007a8000000)
 concurrent mark-sweep generation total 393216K, used 145291K [0x00000007a8000000, 0x00000007c0000000, 0x00000007c0000000)
 Metaspace       used 45058K, capacity 46070K, committed 46284K, reserved 1089536K
  class space    used 4960K, capacity 5265K, committed 5368K, reserved 1048576K
2016-09-11T21:58:01.686-0100: 368,068: [GC (Allocation Failure) 2016-09-11T21:58:01.686-0100: 368,068: [ParNew
Desired survivor size 20112992 bytes, new threshold 6 (max 8)
- age   1:    9622832 bytes,    9622832 total
- age   2:    3189944 bytes,   12812776 total
- age   3:    3395912 bytes,   16208688 total
- age   4:     181208 bytes,   16389896 total
- age   5:    1560104 bytes,   17950000 total
- age   6:    3020400 bytes,   20970400 total
- age   7:    1135840 bytes,   22106240 total
- age   8:     234792 bytes,   22341032 total
: 109248K->21824K(109248K), 0,0610907 secs] 254539K->186136K(502464K), 0,0611858 secs] [Times: user=0,14 sys=0,00, real=0,06 secs] 
Heap after GC invocations=117 (full 5):
 par new generation   total 109248K, used 21824K [0x00000007a0000000, 0x00000007a8000000, 0x00000007a8000000)
  eden space 87424K,   0% used [0x00000007a0000000, 0x00000007a0000000, 0x00000007a5560000)
  from space 21824K, 100% used [0x00000007a6ab0000, 0x00000007a8000000, 0x00000007a8000000)
  to   space 21824K,   0% used [0x00000007a5560000, 0x00000007a5560000, 0x00000007a6ab0000)
 concurrent mark-sweep generation total 393216K, used 164312K [0x00000007a8000000, 0x00000007c0000000, 0x00000007c0000000)
 Metaspace       used 45058K, capacity 46070K, committed 46284K, reserved 1089536K
  class space    used 4960K, capacity 5265K, committed 5368K, reserved 1048576K
}
2016-09-11T21:58:01.748-0100: 368,129: Total time for which application threads were stopped: 0,0617933 seconds, Stopping threads took: 0,0000860 seconds
{Heap before GC invocations=117 (full 5):
 par new generation   total 109248K, used 109248K [0x00000007a0000000, 0x00000007a8000000, 0x00000007a8000000)
  eden space 87424K, 100% used [0x00000007a0000000, 0x00000007a5560000, 0x00000007a5560000)
  from space 21824K, 100% used [0x00000007a6ab0000, 0x00000007a8000000, 0x00000007a8000000)
  to   space 21824K,   0% used [0x00000007a5560000, 0x00000007a5560000, 0x00000007a6ab0000)
 concurrent mark-sweep generation total 393216K, used 164312K [0x00000007a8000000, 0x00000007c0000000, 0x00000007c0000000)
 Metaspace       used 45058K, capacity 46070K, committed 46284K, reserved 1089536K
  class space    used 4960K, capacity 5265K, committed 5368K, reserved 1048576K
2016-09-11T21:58:01.876-0100: 368,257: [GC (Allocation Failure) 2016-09-11T21:58:01.876-0100: 368,257: [ParNew
Desired survivor size 20112992 bytes, new threshold 4 (max 8)
- age   1:    6491176 bytes,    6491176 total
- age   2:    7792008 bytes,   14283184 total
- age   3:    3105672 bytes,   17388856 total
- age   4:    3387296 bytes,   20776152 total
- age   5:     180920 bytes,   20957072 total
- age   6:    1390592 bytes,   22347664 total
: 109248K->21824K(109248K), 0,0252298 secs] 273560K->193809K(502464K), 0,0253310 secs] [Times: user=0,08 sys=0,00, real=0,03 secs] 
Heap after GC invocations=118 (full 5):
 par new generation   total 109248K, used 21824K [0x00000007a0000000, 0x00000007a8000000, 0x00000007a8000000)
  eden space 87424K,   0% used [0x00000007a0000000, 0x00000007a0000000, 0x00000007a5560000)
  from space 21824K, 100% used [0x00000007a5560000, 0x00000007a6ab0000, 0x00000007a6ab0000)
  to   space 21824K,   0% used [0x00000007a6ab0000, 0x00000007a6ab0000, 0x00000007a8000000)
 concurrent mark-sweep generation total 393216K, used 171985K [0x00000007a8000000, 0x00000007c0000000, 0x00000007c0000000)
 Metaspace       used 45058K, capacity 46070K, committed 46284K, reserved 1089536K
  class space    used 4960K, capacity 5265K, committed 5368K, reserved 1048576K
}
2016-09-11T21:58:01.901-0100: 368,283: Total time for which application threads were stopped: 0,0258232 seconds, Stopping threads took: 0,0000877 seconds
{Heap before GC invocations=118 (full 5):
 par new generation   total 109248K, used 109248K [0x00000007a0000000, 0x00000007a8000000, 0x00000007a8000000)
  eden space 87424K, 100% used [0x00000007a0000000, 0x00000007a5560000, 0x00000007a5560000)
  from space 21824K, 100% used [0x00000007a5560000, 0x00000007a6ab0000, 0x00000007a6ab0000)
  to   space 21824K,   0% used [0x00000007a6ab0000, 0x00000007a6ab0000, 0x00000007a8000000)
 concurrent mark-sweep generation total 393216K, used 171985K [0x00000007a8000000, 0x00000007c0000000, 0x00000007c0000000)
 Metaspace       used 45058K, capacity 46070K, committed 46284K, reserved 1089536K
  class space    used 4960K, capacity 5265K, committed 5368K, reserved 1048576K
2016-09-11T21:58:02.037-0100: 368,418: [GC (Allocation Failure) 2016-09-11T21:58:02.037-0100: 368,419: [ParNew
Desired survivor size 20112992 bytes, new threshold 8 (max 8)
- age   1:       9808 bytes,       9808 total
- age   2:    3598888 bytes,    3608696 total
- age   3:    7280744 bytes,   10889440 total
- age   4:    3105672 bytes,   13995112 total
: 109248K->21824K(109248K), 0,0775626 secs] 281233K->201119K(502464K), 0,0776903 secs] [Times: user=0,09 sys=0,00, real=0,08 secs] 
Heap after GC invocations=119 (full 5):
 par new generation   total 109248K, used 21824K [0x00000007a0000000, 0x00000007a8000000, 0x00000007a8000000)
  eden space 87424K,   0% used [0x00000007a0000000, 0x00000007a0000000, 0x00000007a5560000)
  from space 21824K, 100% used [0x00000007a6ab0000, 0x00000007a8000000, 0x00000007a8000000)
  to   space 21824K,   0% used [0x00000007a5560000, 0x00000007a5560000, 0x00000007a6ab0000)
 concurrent mark-sweep generation total 393216K, used 179295K [0x00000007a8000000, 0x00000007c0000000, 0x00000007c0000000)
 Metaspace       used 45058K, capacity 46070K, committed 46284K, reserved 1089536K
  class space    used 4960K, capacity 5265K, committed 5368K, reserved 1048576K
}
2016-09-11T21:58:02.115-0100: 368,496: Total time for which application threads were stopped: 0,0781602 seconds, Stopping threads took: 0,0000916 seconds
{Heap before GC invocations=119 (full 5):
 par new generation   total 109248K, used 109248K [0x00000007a0000000, 0x00000007a8000000, 0x00000007a8000000)
  eden space 87424K, 100% used [0x00000007a0000000, 0x00000007a5560000, 0x00000007a5560000)
  from space 21824K, 100% used [0x00000007a6ab0000, 0x00000007a8000000, 0x00000007a8000000)
  to   space 21824K,   0% used [0x00000007a5560000, 0x00000007a5560000, 0x00000007a6ab0000)
 concurrent mark-sweep generation total 393216K, used 179295K [0x00000007a8000000, 0x00000007c0000000, 0x00000007c0000000)
 Metaspace       used 45058K, capacity 46070K, committed 46284K, reserved 1089536K
  class space    used 4960K, capacity 5265K, committed 5368K, reserved 1048576K
2016-09-11T21:58:02.244-0100: 368,626: [GC (Allocation Failure) 2016-09-11T21:58:02.244-0100: 368,626: [ParNew
Desired survivor size 20112992 bytes, new threshold 8 (max 8)
- age   1:    2341464 bytes,    2341464 total
- age   2:        784 bytes,    2342248 total
- age   3:    3534800 bytes,    5877048 total
- age   4:    7280744 bytes,   13157792 total
- age   5:    3105672 bytes,   16263464 total
: 109248K->21824K(109248K), 0,0141100 secs] 288543K->201119K(502464K), 0,0141979 secs] [Times: user=0,04 sys=0,00, real=0,01 secs] 
Heap after GC invocations=120 (full 5):
 par new generation   total 109248K, used 21824K [0x00000007a0000000, 0x00000007a8000000, 0x00000007a8000000)
  eden space 87424K,   0% used [0x00000007a0000000, 0x00000007a0000000, 0x00000007a5560000)
  from space 21824K, 100% used [0x00000007a5560000, 0x00000007a6ab0000, 0x00000007a6ab0000)
  to   space 21824K,   0% used [0x00000007a6ab0000, 0x00000007a6ab0000, 0x00000007a8000000)
 concurrent mark-sweep generation total 393216K, used 179295K [0x00000007a8000000, 0x00000007c0000000, 0x00000007c0000000)
 Metaspace       used 45058K, capacity 46070K, committed 46284K, reserved 1089536K
  class space    used 4960K, capacity 5265K, committed 5368K, reserved 1048576K
}
2016-09-11T21:58:02.258-0100: 368,640: Total time for which application threads were stopped: 0,0147482 seconds, Stopping threads took: 0,0002626 seconds
{Heap before GC invocations=120 (full 5):
 par new generation   total 109248K, used 109248K [0x00000007a0000000, 0x00000007a8000000, 0x00000007a8000000)
  eden space 87424K, 100% used [0x00000007a0000000, 0x00000007a5560000, 0x00000007a5560000)
  from space 21824K, 100% used [0x00000007a5560000, 0x00000007a6ab0000, 0x00000007a6ab0000)
  to   space 21824K,   0% used [0x00000007a6ab0000, 0x00000007a6ab0000, 0x00000007a8000000)
 concurrent mark-sweep generation total 393216K, used 179295K [0x00000007a8000000, 0x00000007c0000000, 0x00000007c0000000)
 Metaspace       used 45058K, capacity 46070K, committed 46284K, reserved 1089536K
  class space    used 4960K, capacity 5265K, committed 5368K, reserved 1048576K
2016-09-11T21:58:02.368-0100: 368,749: [GC (Allocation Failure) 2016-09-11T21:58:02.369-0100: 368,750: [ParNew
Desired survivor size 20112992 bytes, new threshold 8 (max 8)
- age   1:    2314560 bytes,    2314560 total
- age   2:    1156672 bytes,    3471232 total
- age   3:        784 bytes,    3472016 total
- age   4:    3469184 bytes,    6941200 total
- age   5:    7280744 bytes,   14221944 total
- age   6:    3105672 bytes,   17327616 total
: 109248K->21824K(109248K), 0,0146932 secs] 288543K->201119K(502464K), 0,0157192 secs] [Times: user=0,04 sys=0,01, real=0,02 secs] 
Heap after GC invocations=121 (full 5):
 par new generation   total 109248K, used 21824K [0x00000007a0000000, 0x00000007a8000000, 0x00000007a8000000)
  eden space 87424K,   0% used [0x00000007a0000000, 0x00000007a0000000, 0x00000007a5560000)
  from space 21824K, 100% used [0x00000007a6ab0000, 0x00000007a8000000, 0x00000007a8000000)
  to   space 21824K,   0% used [0x00000007a5560000, 0x00000007a5560000, 0x00000007a6ab0000)
 concurrent mark-sweep generation total 393216K, used 179295K [0x00000007a8000000, 0x00000007c0000000, 0x00000007c0000000)
 Metaspace       used 45058K, capacity 46070K, committed 46284K, reserved 1089536K
  class space    used 4960K, capacity 5265K, committed 5368K, reserved 1048576K
}
2016-09-11T21:58:02.384-0100: 368,765: Total time for which application threads were stopped: 0,0161556 seconds, Stopping threads took: 0,0000541 seconds
{Heap before GC invocations=121 (full 5):
 par new generation   total 109248K, used 109248K [0x00000007a0000000, 0x00000007a8000000, 0x00000007a8000000)
  eden space 87424K, 100% used [0x00000007a0000000, 0x00000007a5560000, 0x00000007a5560000)
  from space 21824K, 100% used [0x00000007a6ab0000, 0x00000007a8000000, 0x00000007a8000000)
  to   space 21824K,   0% used [0x00000007a5560000, 0x00000007a5560000, 0x00000007a6ab0000)
 concurrent mark-sweep generation total 393216K, used 179295K [0x00000007a8000000, 0x00000007c0000000, 0x00000007c0000000)
 Metaspace       used 45068K, capacity 46082K, committed 46284K, reserved 1089536K
  class space    used 4962K, capacity 5269K, committed 5368K, reserved 1048576K
2016-09-11T21:58:02.483-0100: 368,865: [GC (Allocation Failure) 2016-09-11T21:58:02.484-0100: 368,865: [ParNew
Desired survivor size 20112992 bytes, new threshold 8 (max 8)
- age   1:    6830864 bytes,    6830864 total
- age   2:     708800 bytes,    7539664 total
- age   3:     439792 bytes,    7979456 total
- age   4:        784 bytes,    7980240 total
- age   5:    3403568 bytes,   11383808 total
- age   6:    4997552 bytes,   16381360 total
- age   7:    3105424 bytes,   19486784 total
: 109248K->21824K(109248K), 0,0156670 secs] 288543K->201119K(502464K), 0,0157613 secs] [Times: user=0,05 sys=0,00, real=0,01 secs] 
Heap after GC invocations=122 (full 5):
 par new generation   total 109248K, used 21824K [0x00000007a0000000, 0x00000007a8000000, 0x00000007a8000000)
  eden space 87424K,   0% used [0x00000007a0000000, 0x00000007a0000000, 0x00000007a5560000)
  from space 21824K, 100% used [0x00000007a5560000, 0x00000007a6ab0000, 0x00000007a6ab0000)
  to   space 21824K,   0% used [0x00000007a6ab0000, 0x00000007a6ab0000, 0x00000007a8000000)
 concurrent mark-sweep generation total 393216K, used 179295K [0x00000007a8000000, 0x00000007c0000000, 0x00000007c0000000)
 Metaspace       used 45068K, capacity 46082K, committed 46284K, reserved 1089536K
  class space    used 4962K, capacity 5269K, committed 5368K, reserved 1048576K
}
2016-09-11T21:58:02.499-0100: 368,881: Total time for which application threads were stopped: 0,0162173 seconds, Stopping threads took: 0,0001171 seconds
2016-09-11T21:58:02.588-0100: 368,970: Total time for which application threads were stopped: 0,0002770 seconds, Stopping threads took: 0,0000544 seconds
2016-09-11T21:58:02.589-0100: 368,971: Total time for which application threads were stopped: 0,0002292 seconds, Stopping threads took: 0,0000281 seconds
2016-09-11T21:58:02.589-0100: 368,971: Total time for which application threads were stopped: 0,0001601 seconds, Stopping threads took: 0,0000158 seconds
2016-09-11T21:58:02.590-0100: 368,971: Total time for which application threads were stopped: 0,0001796 seconds, Stopping threads took: 0,0000126 seconds
2016-09-11T21:58:03.097-0100: 369,479: Total time for which application threads were stopped: 0,0003072 seconds, Stopping threads took: 0,0000667 seconds
2016-09-11T21:58:03.111-0100: 369,493: Total time for which application threads were stopped: 0,0003574 seconds, Stopping threads took: 0,0001447 seconds
2016-09-11T21:58:03.111-0100: 369,493: Total time for which application threads were stopped: 0,0001449 seconds, Stopping threads took: 0,0000139 seconds
2016-09-11T21:58:03.111-0100: 369,493: Total time for which application threads were stopped: 0,0001267 seconds, Stopping threads took: 0,0000370 seconds
2016-09-11T21:58:03.114-0100: 369,496: Total time for which application threads were stopped: 0,0002588 seconds, Stopping threads took: 0,0000655 seconds
2016-09-11T21:58:03.186-0100: 369,568: Total time for which application threads were stopped: 0,0003644 seconds, Stopping threads took: 0,0001194 seconds
2016-09-11T21:58:03.187-0100: 369,568: Total time for which application threads were stopped: 0,0002302 seconds, Stopping threads took: 0,0000902 seconds
2016-09-11T21:58:03.188-0100: 369,569: Total time for which application threads were stopped: 0,0002893 seconds, Stopping threads took: 0,0001008 seconds
2016-09-11T21:58:03.263-0100: 369,645: Total time for which application threads were stopped: 0,0005562 seconds, Stopping threads took: 0,0000335 seconds
2016-09-11T21:58:03.611-0100: 369,993: Total time for which application threads were stopped: 0,0004121 seconds, Stopping threads took: 0,0000318 seconds
2016-09-11T21:58:03.612-0100: 369,993: Total time for which application threads were stopped: 0,0002653 seconds, Stopping threads took: 0,0000468 seconds
2016-09-11T21:58:03.706-0100: 370,088: Total time for which application threads were stopped: 0,0005906 seconds, Stopping threads took: 0,0000480 seconds
2016-09-11T21:58:03.707-0100: 370,089: Total time for which application threads were stopped: 0,0005501 seconds, Stopping threads took: 0,0000364 seconds
2016-09-11T21:58:03.708-0100: 370,089: Total time for which application threads were stopped: 0,0006587 seconds, Stopping threads took: 0,0001563 seconds
2016-09-11T21:58:04.055-0100: 370,436: Total time for which application threads were stopped: 0,0002664 seconds, Stopping threads took: 0,0000379 seconds
2016-09-11T21:58:04.061-0100: 370,442: Total time for which application threads were stopped: 0,0002296 seconds, Stopping threads took: 0,0000334 seconds
2016-09-11T21:58:04.061-0100: 370,443: Total time for which application threads were stopped: 0,0001855 seconds, Stopping threads took: 0,0000481 seconds
{Heap before GC invocations=122 (full 5):
 par new generation   total 109248K, used 109248K [0x00000007a0000000, 0x00000007a8000000, 0x00000007a8000000)
  eden space 87424K, 100% used [0x00000007a0000000, 0x00000007a5560000, 0x00000007a5560000)
  from space 21824K, 100% used [0x00000007a5560000, 0x00000007a6ab0000, 0x00000007a6ab0000)
  to   space 21824K,   0% used [0x00000007a6ab0000, 0x00000007a6ab0000, 0x00000007a8000000)
 concurrent mark-sweep generation total 393216K, used 179295K [0x00000007a8000000, 0x00000007c0000000, 0x00000007c0000000)
 Metaspace       used 45146K, capacity 46146K, committed 46540K, reserved 1091584K
  class space    used 4962K, capacity 5269K, committed 5368K, reserved 1048576K
2016-09-11T21:58:04.293-0100: 370,674: [GC (Allocation Failure) 2016-09-11T21:58:04.501-0100: 370,883: [ParNew
Desired survivor size 20112992 bytes, new threshold 7 (max 8)
- age   1:   10536336 bytes,   10536336 total
- age   2:    2942056 bytes,   13478392 total
- age   3:     695888 bytes,   14174280 total
- age   4:     346272 bytes,   14520552 total
- age   5:        768 bytes,   14521320 total
- age   6:    2685224 bytes,   17206544 total
- age   7:    4120280 bytes,   21326824 total
- age   8:    1015104 bytes,   22341928 total
: 109248K->21824K(109248K), 0,0634535 secs] 288543K->216564K(502464K), 0,2722075 secs] [Times: user=0,09 sys=0,00, real=0,27 secs] 
Heap after GC invocations=123 (full 5):
 par new generation   total 109248K, used 21824K [0x00000007a0000000, 0x00000007a8000000, 0x00000007a8000000)
  eden space 87424K,   0% used [0x00000007a0000000, 0x00000007a0000000, 0x00000007a5560000)
  from space 21824K, 100% used [0x00000007a6ab0000, 0x00000007a8000000, 0x00000007a8000000)
  to   space 21824K,   0% used [0x00000007a5560000, 0x00000007a5560000, 0x00000007a6ab0000)
 concurrent mark-sweep generation total 393216K, used 194740K [0x00000007a8000000, 0x00000007c0000000, 0x00000007c0000000)
 Metaspace       used 45146K, capacity 46146K, committed 46540K, reserved 1091584K
  class space    used 4962K, capacity 5269K, committed 5368K, reserved 1048576K
}
2016-09-11T21:58:04.565-0100: 370,947: Total time for which application threads were stopped: 0,2725890 seconds, Stopping threads took: 0,0000815 seconds
2016-09-11T21:58:04.570-0100: 370,952: Total time for which application threads were stopped: 0,0002757 seconds, Stopping threads took: 0,0000817 seconds
2016-09-11T21:58:04.571-0100: 370,953: Total time for which application threads were stopped: 0,0002511 seconds, Stopping threads took: 0,0001023 seconds
2016-09-11T21:58:04.573-0100: 370,955: Total time for which application threads were stopped: 0,0002941 seconds, Stopping threads took: 0,0001240 seconds
2016-09-11T21:58:04.610-0100: 370,992: Total time for which application threads were stopped: 0,0003171 seconds, Stopping threads took: 0,0000574 seconds
2016-09-11T21:58:04.613-0100: 370,995: Total time for which application threads were stopped: 0,0002851 seconds, Stopping threads took: 0,0000637 seconds
2016-09-11T21:58:04.614-0100: 370,996: Total time for which application threads were stopped: 0,0002927 seconds, Stopping threads took: 0,0000690 seconds
2016-09-11T21:58:04.625-0100: 371,007: Total time for which application threads were stopped: 0,0002701 seconds, Stopping threads took: 0,0000601 seconds
2016-09-11T21:58:04.626-0100: 371,007: Total time for which application threads were stopped: 0,0002642 seconds, Stopping threads took: 0,0000825 seconds
2016-09-11T21:58:04.626-0100: 371,008: Total time for which application threads were stopped: 0,0001843 seconds, Stopping threads took: 0,0000153 seconds
2016-09-11T21:58:04.627-0100: 371,008: Total time for which application threads were stopped: 0,0003018 seconds, Stopping threads took: 0,0000554 seconds
2016-09-11T21:58:04.627-0100: 371,009: Total time for which application threads were stopped: 0,0002533 seconds, Stopping threads took: 0,0000335 seconds
2016-09-11T21:58:04.628-0100: 371,010: Total time for which application threads were stopped: 0,0002942 seconds, Stopping threads took: 0,0000543 seconds
2016-09-11T21:58:04.629-0100: 371,010: Total time for which application threads were stopped: 0,0002735 seconds, Stopping threads took: 0,0000434 seconds
2016-09-11T21:58:04.630-0100: 371,011: Total time for which application threads were stopped: 0,0007929 seconds, Stopping threads took: 0,0001045 seconds
{Heap before GC invocations=123 (full 5):
 par new generation   total 109248K, used 109248K [0x00000007a0000000, 0x00000007a8000000, 0x00000007a8000000)
  eden space 87424K, 100% used [0x00000007a0000000, 0x00000007a5560000, 0x00000007a5560000)
  from space 21824K, 100% used [0x00000007a6ab0000, 0x00000007a8000000, 0x00000007a8000000)
  to   space 21824K,   0% used [0x00000007a5560000, 0x00000007a5560000, 0x00000007a6ab0000)
 concurrent mark-sweep generation total 393216K, used 194740K [0x00000007a8000000, 0x00000007c0000000, 0x00000007c0000000)
 Metaspace       used 45154K, capacity 46146K, committed 46540K, reserved 1091584K
  class space    used 4962K, capacity 5269K, committed 5368K, reserved 1048576K
2016-09-11T21:58:04.675-0100: 371,057: [GC (Allocation Failure) 2016-09-11T21:58:04.809-0100: 371,191: [ParNew
Desired survivor size 20112992 bytes, new threshold 8 (max 8)
- age   1:    3311056 bytes,    3311056 total
- age   2:    9490960 bytes,   12802016 total
- age   3:    2093208 bytes,   14895224 total
- age   4:     695888 bytes,   15591112 total
- age   5:     346272 bytes,   15937384 total
- age   6:        768 bytes,   15938152 total
- age   7:    2356256 bytes,   18294408 total
: 109248K->21824K(109248K), 0,0225541 secs] 303988K->222584K(502464K), 0,1569844 secs] [Times: user=0,08 sys=0,00, real=0,16 secs] 
Heap after GC invocations=124 (full 5):
 par new generation   total 109248K, used 21824K [0x00000007a0000000, 0x00000007a8000000, 0x00000007a8000000)
  eden space 87424K,   0% used [0x00000007a0000000, 0x00000007a0000000, 0x00000007a5560000)
  from space 21824K, 100% used [0x00000007a5560000, 0x00000007a6ab0000, 0x00000007a6ab0000)
  to   space 21824K,   0% used [0x00000007a6ab0000, 0x00000007a6ab0000, 0x00000007a8000000)
 concurrent mark-sweep generation total 393216K, used 200760K [0x00000007a8000000, 0x00000007c0000000, 0x00000007c0000000)
 Metaspace       used 45154K, capacity 46146K, committed 46540K, reserved 1091584K
  class space    used 4962K, capacity 5269K, committed 5368K, reserved 1048576K
}
2016-09-11T21:58:04.832-0100: 371,214: Total time for which application threads were stopped: 0,1574303 seconds, Stopping threads took: 0,0000934 seconds
2016-09-11T21:58:04.832-0100: 371,214: [GC (CMS Initial Mark) [1 CMS-initial-mark: 200760K(393216K)] 223008K(502464K), 0,0045124 secs] [Times: user=0,01 sys=0,00, real=0,00 secs] 
2016-09-11T21:58:04.837-0100: 371,219: Total time for which application threads were stopped: 0,0048202 seconds, Stopping threads took: 0,0000836 seconds
2016-09-11T21:58:04.837-0100: 371,219: [CMS-concurrent-mark-start]
2016-09-11T21:58:04.900-0100: 371,282: [CMS-concurrent-mark: 0,063/0,063 secs] [Times: user=0,21 sys=0,01, real=0,07 secs] 
2016-09-11T21:58:04.900-0100: 371,282: [CMS-concurrent-preclean-start]
2016-09-11T21:58:04.902-0100: 371,284: [CMS-concurrent-preclean: 0,002/0,002 secs] [Times: user=0,00 sys=0,00, real=0,00 secs] 
2016-09-11T21:58:04.902-0100: 371,284: [CMS-concurrent-abortable-preclean-start]
{Heap before GC invocations=124 (full 6):
 par new generation   total 109248K, used 109248K [0x00000007a0000000, 0x00000007a8000000, 0x00000007a8000000)
  eden space 87424K, 100% used [0x00000007a0000000, 0x00000007a5560000, 0x00000007a5560000)
  from space 21824K, 100% used [0x00000007a5560000, 0x00000007a6ab0000, 0x00000007a6ab0000)
  to   space 21824K,   0% used [0x00000007a6ab0000, 0x00000007a6ab0000, 0x00000007a8000000)
 concurrent mark-sweep generation total 393216K, used 200760K [0x00000007a8000000, 0x00000007c0000000, 0x00000007c0000000)
 Metaspace       used 45154K, capacity 46146K, committed 46540K, reserved 1091584K
  class space    used 4962K, capacity 5269K, committed 5368K, reserved 1048576K
2016-09-11T21:58:05.023-0100: 371,404: [GC (Allocation Failure) 2016-09-11T21:58:05.037-0100: 371,419: [ParNew
Desired survivor size 20112992 bytes, new threshold 8 (max 8)
- age   1:    1547776 bytes,    1547776 total
- age   2:    1995696 bytes,    3543472 total
- age   3:    9490960 bytes,   13034432 total
- age   4:    2093208 bytes,   15127640 total
- age   5:     695888 bytes,   15823528 total
- age   6:     346272 bytes,   16169800 total
- age   7:        768 bytes,   16170568 total
- age   8:    2356256 bytes,   18526824 total
: 109248K->21824K(109248K), 0,0139976 secs] 310008K->222584K(502464K), 0,0285537 secs] [Times: user=0,06 sys=0,00, real=0,03 secs] 
Heap after GC invocations=125 (full 6):
 par new generation   total 109248K, used 21824K [0x00000007a0000000, 0x00000007a8000000, 0x00000007a8000000)
  eden space 87424K,   0% used [0x00000007a0000000, 0x00000007a0000000, 0x00000007a5560000)
  from space 21824K, 100% used [0x00000007a6ab0000, 0x00000007a8000000, 0x00000007a8000000)
  to   space 21824K,   0% used [0x00000007a5560000, 0x00000007a5560000, 0x00000007a6ab0000)
 concurrent mark-sweep generation total 393216K, used 200760K [0x00000007a8000000, 0x00000007c0000000, 0x00000007c0000000)
 Metaspace       used 45154K, capacity 46146K, committed 46540K, reserved 1091584K
  class space    used 4962K, capacity 5269K, committed 5368K, reserved 1048576K
}
2016-09-11T21:58:05.051-0100: 371,433: Total time for which application threads were stopped: 0,0291328 seconds, Stopping threads took: 0,0002044 seconds
{Heap before GC invocations=125 (full 6):
 par new generation   total 109248K, used 109248K [0x00000007a0000000, 0x00000007a8000000, 0x00000007a8000000)
  eden space 87424K, 100% used [0x00000007a0000000, 0x00000007a5560000, 0x00000007a5560000)
  from space 21824K, 100% used [0x00000007a6ab0000, 0x00000007a8000000, 0x00000007a8000000)
  to   space 21824K,   0% used [0x00000007a5560000, 0x00000007a5560000, 0x00000007a6ab0000)
 concurrent mark-sweep generation total 393216K, used 200760K [0x00000007a8000000, 0x00000007c0000000, 0x00000007c0000000)
 Metaspace       used 45154K, capacity 46146K, committed 46540K, reserved 1091584K
  class space    used 4962K, capacity 5269K, committed 5368K, reserved 1048576K
2016-09-11T21:58:05.150-0100: 371,532: [GC (Allocation Failure) 2016-09-11T21:58:05.150-0100: 371,532: [ParNew
Desired survivor size 20112992 bytes, new threshold 8 (max 8)
- age   1:    1758864 bytes,    1758864 total
- age   2:     340320 bytes,    2099184 total
- age   3:    1286944 bytes,    3386128 total
- age   4:    9447424 bytes,   12833552 total
- age   5:    2093208 bytes,   14926760 total
- age   6:     695888 bytes,   15622648 total
- age   7:     346272 bytes,   15968920 total
- age   8:        768 bytes,   15969688 total
: 109248K->21824K(109248K), 0,0156381 secs] 310008K->224982K(502464K), 0,0157453 secs] [Times: user=0,05 sys=0,00, real=0,01 secs] 
Heap after GC invocations=126 (full 6):
 par new generation   total 109248K, used 21824K [0x00000007a0000000, 0x00000007a8000000, 0x00000007a8000000)
  eden space 87424K,   0% used [0x00000007a0000000, 0x00000007a0000000, 0x00000007a5560000)
  from space 21824K, 100% used [0x00000007a5560000, 0x00000007a6ab0000, 0x00000007a6ab0000)
  to   space 21824K,   0% used [0x00000007a6ab0000, 0x00000007a6ab0000, 0x00000007a8000000)
 concurrent mark-sweep generation total 393216K, used 203158K [0x00000007a8000000, 0x00000007c0000000, 0x00000007c0000000)
 Metaspace       used 45154K, capacity 46146K, committed 46540K, reserved 1091584K
  class space    used 4962K, capacity 5269K, committed 5368K, reserved 1048576K
}
2016-09-11T21:58:05.166-0100: 371,547: Total time for which application threads were stopped: 0,0162333 seconds, Stopping threads took: 0,0001045 seconds
2016-09-11T21:58:05.172-0100: 371,553: [CMS-concurrent-abortable-preclean: 0,171/0,269 secs] [Times: user=0,72 sys=0,01, real=0,27 secs] 
2016-09-11T21:58:05.172-0100: 371,554: [GC (CMS Final Remark) [YG occupancy: 25187 K (109248 K)]{Heap before GC invocations=126 (full 6):
 par new generation   total 109248K, used 25187K [0x00000007a0000000, 0x00000007a8000000, 0x00000007a8000000)
  eden space 87424K,   3% used [0x00000007a0000000, 0x00000007a0348e78, 0x00000007a5560000)
  from space 21824K, 100% used [0x00000007a5560000, 0x00000007a6ab0000, 0x00000007a6ab0000)
  to   space 21824K,   0% used [0x00000007a6ab0000, 0x00000007a6ab0000, 0x00000007a8000000)
 concurrent mark-sweep generation total 393216K, used 203158K [0x00000007a8000000, 0x00000007c0000000, 0x00000007c0000000)
 Metaspace       used 45154K, capacity 46146K, committed 46540K, reserved 1091584K
  class space    used 4962K, capacity 5269K, committed 5368K, reserved 1048576K
2016-09-11T21:58:05.173-0100: 371,554: [GC (CMS Final Remark) 2016-09-11T21:58:05.173-0100: 371,554: [ParNew
Desired survivor size 20112992 bytes, new threshold 8 (max 8)
- age   1:     406632 bytes,     406632 total
- age   2:    1156752 bytes,    1563384 total
- age   3:     200080 bytes,    1763464 total
- age   4:    1286944 bytes,    3050408 total
- age   5:    9447424 bytes,   12497832 total
- age   6:    2093208 bytes,   14591040 total
- age   7:     695888 bytes,   15286928 total
- age   8:     346272 bytes,   15633200 total
: 25187K->21824K(109248K), 0,0133550 secs] 228346K->224983K(502464K), 0,0134933 secs] [Times: user=0,04 sys=0,00, real=0,01 secs] 
Heap after GC invocations=127 (full 6):
 par new generation   total 109248K, used 21824K [0x00000007a0000000, 0x00000007a8000000, 0x00000007a8000000)
  eden space 87424K,   0% used [0x00000007a0000000, 0x00000007a0000000, 0x00000007a5560000)
  from space 21824K, 100% used [0x00000007a6ab0000, 0x00000007a8000000, 0x00000007a8000000)
  to   space 21824K,   0% used [0x00000007a5560000, 0x00000007a5560000, 0x00000007a6ab0000)
 concurrent mark-sweep generation total 393216K, used 203159K [0x00000007a8000000, 0x00000007c0000000, 0x00000007c0000000)
 Metaspace       used 45154K, capacity 46146K, committed 46540K, reserved 1091584K
  class space    used 4962K, capacity 5269K, committed 5368K, reserved 1048576K
}
2016-09-11T21:58:05.186-0100: 371,568: [Rescan (parallel) , 0,0058004 secs]2016-09-11T21:58:05.192-0100: 371,574: [weak refs processing, 0,0091887 secs]2016-09-11T21:58:05.201-0100: 371,583: [class unloading, 0,0520465 secs]2016-09-11T21:58:05.253-0100: 371,635: [scrub symbol table, 0,0138369 secs]2016-09-11T21:58:05.267-0100: 371,649: [scrub string table, 0,0012030 secs][1 CMS-remark: 203159K(393216K)] 224983K(502464K), 0,0962029 secs] [Times: user=0,15 sys=0,03, real=0,09 secs] 
2016-09-11T21:58:05.269-0100: 371,650: Total time for which application threads were stopped: 0,0968128 seconds, Stopping threads took: 0,0001479 seconds
2016-09-11T21:58:05.269-0100: 371,651: [CMS-concurrent-sweep-start]
2016-09-11T21:58:05.286-0100: 371,668: Total time for which application threads were stopped: 0,0003431 seconds, Stopping threads took: 0,0000567 seconds
2016-09-11T21:58:05.328-0100: 371,709: Total time for which application threads were stopped: 0,0003170 seconds, Stopping threads took: 0,0000543 seconds
2016-09-11T21:58:05.329-0100: 371,711: Total time for which application threads were stopped: 0,0002594 seconds, Stopping threads took: 0,0000247 seconds
2016-09-11T21:58:05.329-0100: 371,711: Total time for which application threads were stopped: 0,0001808 seconds, Stopping threads took: 0,0000131 seconds
2016-09-11T21:58:05.332-0100: 371,714: Total time for which application threads were stopped: 0,0026178 seconds, Stopping threads took: 0,0000115 seconds
2016-09-11T21:58:05.453-0100: 371,834: [CMS-concurrent-sweep: 0,179/0,184 secs] [Times: user=0,33 sys=0,02, real=0,19 secs] 
2016-09-11T21:58:05.453-0100: 371,834: [CMS-concurrent-reset-start]
2016-09-11T21:58:05.453-0100: 371,835: [CMS-concurrent-reset: 0,001/0,001 secs] [Times: user=0,00 sys=0,00, real=0,00 secs] 
{Heap before GC invocations=127 (full 6):
 par new generation   total 109248K, used 109248K [0x00000007a0000000, 0x00000007a8000000, 0x00000007a8000000)
  eden space 87424K, 100% used [0x00000007a0000000, 0x00000007a5560000, 0x00000007a5560000)
  from space 21824K, 100% used [0x00000007a6ab0000, 0x00000007a8000000, 0x00000007a8000000)
  to   space 21824K,   0% used [0x00000007a5560000, 0x00000007a5560000, 0x00000007a6ab0000)
 concurrent mark-sweep generation total 393216K, used 98764K [0x00000007a8000000, 0x00000007c0000000, 0x00000007c0000000)
 Metaspace       used 45166K, capacity 46210K, committed 46540K, reserved 1091584K
  class space    used 4962K, capacity 5269K, committed 5368K, reserved 1048576K
2016-09-11T21:58:05.792-0100: 372,173: [GC (Allocation Failure) 2016-09-11T21:58:05.792-0100: 372,174: [ParNew
Desired survivor size 20112992 bytes, new threshold 8 (max 8)
- age   1:   11658744 bytes,   11658744 total
- age   2:     190784 bytes,   11849528 total
- age   3:     507208 bytes,   12356736 total
- age   4:      36288 bytes,   12393024 total
- age   5:     808784 bytes,   13201808 total
- age   6:    4490488 bytes,   17692296 total
- age   7:     643512 bytes,   18335808 total
- age   8:     564672 bytes,   18900480 total
: 109248K->21824K(109248K), 0,0132805 secs] 208012K->120928K(502464K), 0,0133843 secs] [Times: user=0,05 sys=0,00, real=0,01 secs] 
Heap after GC invocations=128 (full 6):
 par new generation   total 109248K, used 21824K [0x00000007a0000000, 0x00000007a8000000, 0x00000007a8000000)
  eden space 87424K,   0% used [0x00000007a0000000, 0x00000007a0000000, 0x00000007a5560000)
  from space 21824K, 100% used [0x00000007a5560000, 0x00000007a6ab0000, 0x00000007a6ab0000)
  to   space 21824K,   0% used [0x00000007a6ab0000, 0x00000007a6ab0000, 0x00000007a8000000)
 concurrent mark-sweep generation total 393216K, used 99104K [0x00000007a8000000, 0x00000007c0000000, 0x00000007c0000000)
 Metaspace       used 45166K, capacity 46210K, committed 46540K, reserved 1091584K
  class space    used 4962K, capacity 5269K, committed 5368K, reserved 1048576K
}
2016-09-11T21:58:05.805-0100: 372,187: Total time for which application threads were stopped: 0,0138373 seconds, Stopping threads took: 0,0000986 seconds
{Heap before GC invocations=128 (full 6):
 par new generation   total 109248K, used 109248K [0x00000007a0000000, 0x00000007a8000000, 0x00000007a8000000)
  eden space 87424K, 100% used [0x00000007a0000000, 0x00000007a5560000, 0x00000007a5560000)
  from space 21824K, 100% used [0x00000007a5560000, 0x00000007a6ab0000, 0x00000007a6ab0000)
  to   space 21824K,   0% used [0x00000007a6ab0000, 0x00000007a6ab0000, 0x00000007a8000000)
 concurrent mark-sweep generation total 393216K, used 99104K [0x00000007a8000000, 0x00000007c0000000, 0x00000007c0000000)
 Metaspace       used 45175K, capacity 46210K, committed 46540K, reserved 1091584K
  class space    used 4963K, capacity 5269K, committed 5368K, reserved 1048576K
2016-09-11T21:58:05.848-0100: 372,230: [GC (Allocation Failure) 2016-09-11T21:58:05.848-0100: 372,230: [ParNew
Desired survivor size 20112992 bytes, new threshold 8 (max 8)
- age   1:    2007304 bytes,    2007304 total
- age   2:    9881608 bytes,   11888912 total
- age   3:     190784 bytes,   12079696 total
- age   4:     506840 bytes,   12586536 total
- age   5:      36288 bytes,   12622824 total
- age   6:     808784 bytes,   13431608 total
- age   7:    4490384 bytes,   17921992 total
- age   8:     643512 bytes,   18565504 total
: 109248K->21824K(109248K), 0,0125785 secs] 208352K->121868K(502464K), 0,0126719 secs] [Times: user=0,05 sys=0,00, real=0,02 secs] 
Heap after GC invocations=129 (full 6):
 par new generation   total 109248K, used 21824K [0x00000007a0000000, 0x00000007a8000000, 0x00000007a8000000)
  eden space 87424K,   0% used [0x00000007a0000000, 0x00000007a0000000, 0x00000007a5560000)
  from space 21824K, 100% used [0x00000007a6ab0000, 0x00000007a8000000, 0x00000007a8000000)
  to   space 21824K,   0% used [0x00000007a5560000, 0x00000007a5560000, 0x00000007a6ab0000)
 concurrent mark-sweep generation total 393216K, used 100044K [0x00000007a8000000, 0x00000007c0000000, 0x00000007c0000000)
 Metaspace       used 45175K, capacity 46210K, committed 46540K, reserved 1091584K
  class space    used 4963K, capacity 5269K, committed 5368K, reserved 1048576K
}
2016-09-11T21:58:05.861-0100: 372,243: Total time for which application threads were stopped: 0,0130477 seconds, Stopping threads took: 0,0000940 seconds
{Heap before GC invocations=129 (full 6):
 par new generation   total 109248K, used 109248K [0x00000007a0000000, 0x00000007a8000000, 0x00000007a8000000)
  eden space 87424K, 100% used [0x00000007a0000000, 0x00000007a5560000, 0x00000007a5560000)
  from space 21824K, 100% used [0x00000007a6ab0000, 0x00000007a8000000, 0x00000007a8000000)
  to   space 21824K,   0% used [0x00000007a5560000, 0x00000007a5560000, 0x00000007a6ab0000)
 concurrent mark-sweep generation total 393216K, used 100044K [0x00000007a8000000, 0x00000007c0000000, 0x00000007c0000000)
 Metaspace       used 45175K, capacity 46210K, committed 46540K, reserved 1091584K
  class space    used 4963K, capacity 5269K, committed 5368K, reserved 1048576K
2016-09-11T21:58:05.905-0100: 372,286: [GC (Allocation Failure) 2016-09-11T21:58:05.967-0100: 372,349: [ParNew
Desired survivor size 20112992 bytes, new threshold 8 (max 8)
- age   1:    2115696 bytes,    2115696 total
- age   2:     124232 bytes,    2239928 total
- age   3:    9673536 bytes,   11913464 total
- age   4:     123024 bytes,   12036488 total
- age   5:     506840 bytes,   12543328 total
- age   6:      36288 bytes,   12579616 total
- age   7:     768312 bytes,   13347928 total
- age   8:    4468968 bytes,   17816896 total
: 109248K->21824K(109248K), 0,0140772 secs] 209292K->122845K(502464K), 0,0766087 secs] [Times: user=0,04 sys=0,01, real=0,08 secs] 
Heap after GC invocations=130 (full 6):
 par new generation   total 109248K, used 21824K [0x00000007a0000000, 0x00000007a8000000, 0x00000007a8000000)
  eden space 87424K,   0% used [0x00000007a0000000, 0x00000007a0000000, 0x00000007a5560000)
  from space 21824K, 100% used [0x00000007a5560000, 0x00000007a6ab0000, 0x00000007a6ab0000)
  to   space 21824K,   0% used [0x00000007a6ab0000, 0x00000007a6ab0000, 0x00000007a8000000)
 concurrent mark-sweep generation total 393216K, used 101021K [0x00000007a8000000, 0x00000007c0000000, 0x00000007c0000000)
 Metaspace       used 45175K, capacity 46210K, committed 46540K, reserved 1091584K
  class space    used 4963K, capacity 5269K, committed 5368K, reserved 1048576K
}
2016-09-11T21:58:05.981-0100: 372,363: Total time for which application threads were stopped: 0,0769628 seconds, Stopping threads took: 0,0000294 seconds
2016-09-11T21:58:06.004-0100: 372,386: Total time for which application threads were stopped: 0,0006681 seconds, Stopping threads took: 0,0003978 seconds
2016-09-11T21:58:06.651-0100: 373,033: Total time for which application threads were stopped: 0,0002686 seconds, Stopping threads took: 0,0000293 seconds
2016-09-11T21:58:07.261-0100: 373,643: Total time for which application threads were stopped: 0,0002587 seconds, Stopping threads took: 0,0000347 seconds
2016-09-11T21:58:07.493-0100: 373,875: Total time for which application threads were stopped: 0,0003646 seconds, Stopping threads took: 0,0000390 seconds
2016-09-11T21:58:07.494-0100: 373,876: Total time for which application threads were stopped: 0,0002683 seconds, Stopping threads took: 0,0000232 seconds
2016-09-11T21:58:07.517-0100: 373,899: Total time for which application threads were stopped: 0,0002475 seconds, Stopping threads took: 0,0000358 seconds
2016-09-11T21:58:07.518-0100: 373,900: Total time for which application threads were stopped: 0,0002109 seconds, Stopping threads took: 0,0000194 seconds
2016-09-11T21:58:07.709-0100: 374,091: Total time for which application threads were stopped: 0,0003264 seconds, Stopping threads took: 0,0000402 seconds
2016-09-11T21:58:07.767-0100: 374,149: Total time for which application threads were stopped: 0,0002394 seconds, Stopping threads took: 0,0000323 seconds
2016-09-11T21:58:07.767-0100: 374,149: Total time for which application threads were stopped: 0,0001356 seconds, Stopping threads took: 0,0000117 seconds
2016-09-11T21:58:07.767-0100: 374,149: Total time for which application threads were stopped: 0,0001262 seconds, Stopping threads took: 0,0000157 seconds
2016-09-11T21:58:07.768-0100: 374,149: Total time for which application threads were stopped: 0,0001362 seconds, Stopping threads took: 0,0000145 seconds
2016-09-11T21:58:07.840-0100: 374,221: Total time for which application threads were stopped: 0,0003079 seconds, Stopping threads took: 0,0000297 seconds
2016-09-11T21:58:07.840-0100: 374,222: Total time for which application threads were stopped: 0,0002465 seconds, Stopping threads took: 0,0000191 seconds
2016-09-11T21:58:07.843-0100: 374,225: Total time for which application threads were stopped: 0,0002876 seconds, Stopping threads took: 0,0000320 seconds
2016-09-11T21:58:07.843-0100: 374,225: Total time for which application threads were stopped: 0,0002143 seconds, Stopping threads took: 0,0000164 seconds
2016-09-11T21:58:07.846-0100: 374,228: Total time for which application threads were stopped: 0,0003208 seconds, Stopping threads took: 0,0000369 seconds
2016-09-11T21:58:07.853-0100: 374,235: Total time for which application threads were stopped: 0,0002792 seconds, Stopping threads took: 0,0000343 seconds
2016-09-11T21:58:07.857-0100: 374,239: Total time for which application threads were stopped: 0,0012209 seconds, Stopping threads took: 0,0000289 seconds
2016-09-11T21:58:07.859-0100: 374,241: Total time for which application threads were stopped: 0,0002533 seconds, Stopping threads took: 0,0000599 seconds
2016-09-11T21:58:07.860-0100: 374,242: Total time for which application threads were stopped: 0,0002299 seconds, Stopping threads took: 0,0000464 seconds
{Heap before GC invocations=130 (full 6):
 par new generation   total 109248K, used 109248K [0x00000007a0000000, 0x00000007a8000000, 0x00000007a8000000)
  eden space 87424K, 100% used [0x00000007a0000000, 0x00000007a5560000, 0x00000007a5560000)
  from space 21824K, 100% used [0x00000007a5560000, 0x00000007a6ab0000, 0x00000007a6ab0000)
  to   space 21824K,   0% used [0x00000007a6ab0000, 0x00000007a6ab0000, 0x00000007a8000000)
 concurrent mark-sweep generation total 393216K, used 101021K [0x00000007a8000000, 0x00000007c0000000, 0x00000007c0000000)
 Metaspace       used 45799K, capacity 46820K, committed 47180K, reserved 1091584K
  class space    used 5050K, capacity 5366K, committed 5496K, reserved 1048576K
2016-09-11T21:58:07.989-0100: 374,371: [GC (Allocation Failure) 2016-09-11T21:58:07.989-0100: 374,371: [ParNew
Desired survivor size 20112992 bytes, new threshold 4 (max 8)
- age   1:   12417880 bytes,   12417880 total
- age   2:    1119864 bytes,   13537744 total
- age   3:      31832 bytes,   13569576 total
- age   4:    6687008 bytes,   20256584 total
- age   5:     113024 bytes,   20369608 total
- age   6:     497480 bytes,   20867088 total
- age   7:      36288 bytes,   20903376 total
- age   8:     760776 bytes,   21664152 total
: 109248K->21824K(109248K), 0,0226162 secs] 210269K->128353K(502464K), 0,0227198 secs] [Times: user=0,06 sys=0,00, real=0,03 secs] 
Heap after GC invocations=131 (full 6):
 par new generation   total 109248K, used 21824K [0x00000007a0000000, 0x00000007a8000000, 0x00000007a8000000)
  eden space 87424K,   0% used [0x00000007a0000000, 0x00000007a0000000, 0x00000007a5560000)
  from space 21824K, 100% used [0x00000007a6ab0000, 0x00000007a8000000, 0x00000007a8000000)
  to   space 21824K,   0% used [0x00000007a5560000, 0x00000007a5560000, 0x00000007a6ab0000)
 concurrent mark-sweep generation total 393216K, used 106529K [0x00000007a8000000, 0x00000007c0000000, 0x00000007c0000000)
 Metaspace       used 45799K, capacity 46820K, committed 47180K, reserved 1091584K
  class space    used 5050K, capacity 5366K, committed 5496K, reserved 1048576K
}
2016-09-11T21:58:08.012-0100: 374,394: Total time for which application threads were stopped: 0,0232342 seconds, Stopping threads took: 0,0001056 seconds
{Heap before GC invocations=131 (full 6):
 par new generation   total 109248K, used 109248K [0x00000007a0000000, 0x00000007a8000000, 0x00000007a8000000)
  eden space 87424K, 100% used [0x00000007a0000000, 0x00000007a5560000, 0x00000007a5560000)
  from space 21824K, 100% used [0x00000007a6ab0000, 0x00000007a8000000, 0x00000007a8000000)
  to   space 21824K,   0% used [0x00000007a5560000, 0x00000007a5560000, 0x00000007a6ab0000)
 concurrent mark-sweep generation total 393216K, used 106529K [0x00000007a8000000, 0x00000007c0000000, 0x00000007c0000000)
 Metaspace       used 45799K, capacity 46820K, committed 47180K, reserved 1091584K
  class space    used 5050K, capacity 5366K, committed 5496K, reserved 1048576K
2016-09-11T21:58:08.122-0100: 374,503: [GC (Allocation Failure) 2016-09-11T21:58:08.122-0100: 374,503: [ParNew
Desired survivor size 20112992 bytes, new threshold 2 (max 8)
- age   1:   10686528 bytes,   10686528 total
- age   2:    9508128 bytes,   20194656 total
- age   3:    1116872 bytes,   21311528 total
- age   4:      31832 bytes,   21343360 total
: 109248K->21824K(109248K), 0,0360184 secs] 215777K->142248K(502464K), 0,0361317 secs] [Times: user=0,10 sys=0,01, real=0,03 secs] 
Heap after GC invocations=132 (full 6):
 par new generation   total 109248K, used 21824K [0x00000007a0000000, 0x00000007a8000000, 0x00000007a8000000)
  eden space 87424K,   0% used [0x00000007a0000000, 0x00000007a0000000, 0x00000007a5560000)
  from space 21824K, 100% used [0x00000007a5560000, 0x00000007a6ab0000, 0x00000007a6ab0000)
  to   space 21824K,   0% used [0x00000007a6ab0000, 0x00000007a6ab0000, 0x00000007a8000000)
 concurrent mark-sweep generation total 393216K, used 120424K [0x00000007a8000000, 0x00000007c0000000, 0x00000007c0000000)
 Metaspace       used 45799K, capacity 46820K, committed 47180K, reserved 1091584K
  class space    used 5050K, capacity 5366K, committed 5496K, reserved 1048576K
}
2016-09-11T21:58:08.158-0100: 374,540: Total time for which application threads were stopped: 0,0364946 seconds, Stopping threads took: 0,0000844 seconds
{Heap before GC invocations=132 (full 6):
 par new generation   total 109248K, used 109248K [0x00000007a0000000, 0x00000007a8000000, 0x00000007a8000000)
  eden space 87424K, 100% used [0x00000007a0000000, 0x00000007a5560000, 0x00000007a5560000)
  from space 21824K, 100% used [0x00000007a5560000, 0x00000007a6ab0000, 0x00000007a6ab0000)
  to   space 21824K,   0% used [0x00000007a6ab0000, 0x00000007a6ab0000, 0x00000007a8000000)
 concurrent mark-sweep generation total 393216K, used 120424K [0x00000007a8000000, 0x00000007c0000000, 0x00000007c0000000)
 Metaspace       used 45799K, capacity 46820K, committed 47180K, reserved 1091584K
  class space    used 5050K, capacity 5366K, committed 5496K, reserved 1048576K
2016-09-11T21:58:08.210-0100: 374,592: [GC (Allocation Failure) 2016-09-11T21:58:08.210-0100: 374,592: [ParNew
Desired survivor size 20112992 bytes, new threshold 8 (max 8)
- age   1:    3201704 bytes,    3201704 total
- age   2:    8773336 bytes,   11975040 total
: 109248K->20689K(109248K), 0,0191411 secs] 229672K->151575K(502464K), 0,0192481 secs] [Times: user=0,06 sys=0,00, real=0,01 secs] 
Heap after GC invocations=133 (full 6):
 par new generation   total 109248K, used 20689K [0x00000007a0000000, 0x00000007a8000000, 0x00000007a8000000)
  eden space 87424K,   0% used [0x00000007a0000000, 0x00000007a0000000, 0x00000007a5560000)
  from space 21824K,  94% used [0x00000007a6ab0000, 0x00000007a7ee4580, 0x00000007a8000000)
  to   space 21824K,   0% used [0x00000007a5560000, 0x00000007a5560000, 0x00000007a6ab0000)
 concurrent mark-sweep generation total 393216K, used 130886K [0x00000007a8000000, 0x00000007c0000000, 0x00000007c0000000)
 Metaspace       used 45799K, capacity 46820K, committed 47180K, reserved 1091584K
  class space    used 5050K, capacity 5366K, committed 5496K, reserved 1048576K
}
2016-09-11T21:58:08.229-0100: 374,611: Total time for which application threads were stopped: 0,0196600 seconds, Stopping threads took: 0,0000650 seconds
{Heap before GC invocations=133 (full 6):
 par new generation   total 109248K, used 108113K [0x00000007a0000000, 0x00000007a8000000, 0x00000007a8000000)
  eden space 87424K, 100% used [0x00000007a0000000, 0x00000007a5560000, 0x00000007a5560000)
  from space 21824K,  94% used [0x00000007a6ab0000, 0x00000007a7ee4580, 0x00000007a8000000)
  to   space 21824K,   0% used [0x00000007a5560000, 0x00000007a5560000, 0x00000007a6ab0000)
 concurrent mark-sweep generation total 393216K, used 130886K [0x00000007a8000000, 0x00000007c0000000, 0x00000007c0000000)
 Metaspace       used 45799K, capacity 46820K, committed 47180K, reserved 1091584K
  class space    used 5050K, capacity 5366K, committed 5496K, reserved 1048576K
2016-09-11T21:58:08.275-0100: 374,657: [GC (Allocation Failure) 2016-09-11T21:58:08.275-0100: 374,657: [ParNew
Desired survivor size 20112992 bytes, new threshold 8 (max 8)
- age   1:    2328672 bytes,    2328672 total
- age   2:    1153176 bytes,    3481848 total
- age   3:    6821880 bytes,   10303728 total
: 108113K->16191K(109248K), 0,0101881 secs] 238999K->147078K(502464K), 0,0102837 secs] [Times: user=0,04 sys=0,00, real=0,01 secs] 
Heap after GC invocations=134 (full 6):
 par new generation   total 109248K, used 16191K [0x00000007a0000000, 0x00000007a8000000, 0x00000007a8000000)
  eden space 87424K,   0% used [0x00000007a0000000, 0x00000007a0000000, 0x00000007a5560000)
  from space 21824K,  74% used [0x00000007a5560000, 0x00000007a652ff80, 0x00000007a6ab0000)
  to   space 21824K,   0% used [0x00000007a6ab0000, 0x00000007a6ab0000, 0x00000007a8000000)
 concurrent mark-sweep generation total 393216K, used 130886K [0x00000007a8000000, 0x00000007c0000000, 0x00000007c0000000)
 Metaspace       used 45799K, capacity 46820K, committed 47180K, reserved 1091584K
  class space    used 5050K, capacity 5366K, committed 5496K, reserved 1048576K
}
2016-09-11T21:58:08.286-0100: 374,668: Total time for which application threads were stopped: 0,0106131 seconds, Stopping threads took: 0,0000515 seconds
2016-09-11T21:58:08.413-0100: 374,795: Total time for which application threads were stopped: 0,0159245 seconds, Stopping threads took: 0,0156296 seconds
2016-09-11T21:58:08.413-0100: 374,795: Total time for which application threads were stopped: 0,0002283 seconds, Stopping threads took: 0,0000460 seconds
2016-09-11T21:58:08.443-0100: 374,825: Total time for which application threads were stopped: 0,0009995 seconds, Stopping threads took: 0,0007676 seconds
2016-09-11T21:58:08.446-0100: 374,828: Total time for which application threads were stopped: 0,0008971 seconds, Stopping threads took: 0,0007047 seconds
2016-09-11T21:58:08.446-0100: 374,828: Total time for which application threads were stopped: 0,0002480 seconds, Stopping threads took: 0,0001210 seconds
2016-09-11T21:58:08.447-0100: 374,829: Total time for which application threads were stopped: 0,0001845 seconds, Stopping threads took: 0,0000340 seconds
2016-09-11T21:58:08.450-0100: 374,831: Total time for which application threads were stopped: 0,0024842 seconds, Stopping threads took: 0,0022464 seconds
2016-09-11T21:58:08.470-0100: 374,852: Total time for which application threads were stopped: 0,0002669 seconds, Stopping threads took: 0,0000525 seconds
{Heap before GC invocations=134 (full 6):
 par new generation   total 109248K, used 103615K [0x00000007a0000000, 0x00000007a8000000, 0x00000007a8000000)
  eden space 87424K, 100% used [0x00000007a0000000, 0x00000007a5560000, 0x00000007a5560000)
  from space 21824K,  74% used [0x00000007a5560000, 0x00000007a652ff80, 0x00000007a6ab0000)
  to   space 21824K,   0% used [0x00000007a6ab0000, 0x00000007a6ab0000, 0x00000007a8000000)
 concurrent mark-sweep generation total 393216K, used 130886K [0x00000007a8000000, 0x00000007c0000000, 0x00000007c0000000)
 Metaspace       used 45836K, capacity 46820K, committed 47180K, reserved 1091584K
  class space    used 5050K, capacity 5366K, committed 5496K, reserved 1048576K
2016-09-11T21:58:09.510-0100: 375,892: [GC (Allocation Failure) 2016-09-11T21:58:09.510-0100: 375,892: [ParNew
Desired survivor size 20112992 bytes, new threshold 4 (max 8)
- age   1:   17174928 bytes,   17174928 total
- age   2:     975856 bytes,   18150784 total
- age   3:     578632 bytes,   18729416 total
- age   4:    3569008 bytes,   22298424 total
: 103615K->21824K(109248K), 0,0415903 secs] 234502K->166882K(502464K), 0,0416783 secs] [Times: user=0,14 sys=0,01, real=0,04 secs] 
Heap after GC invocations=135 (full 6):
 par new generation   total 109248K, used 21824K [0x00000007a0000000, 0x00000007a8000000, 0x00000007a8000000)
  eden space 87424K,   0% used [0x00000007a0000000, 0x00000007a0000000, 0x00000007a5560000)
  from space 21824K, 100% used [0x00000007a6ab0000, 0x00000007a8000000, 0x00000007a8000000)
  to   space 21824K,   0% used [0x00000007a5560000, 0x00000007a5560000, 0x00000007a6ab0000)
 concurrent mark-sweep generation total 393216K, used 145058K [0x00000007a8000000, 0x00000007c0000000, 0x00000007c0000000)
 Metaspace       used 45836K, capacity 46820K, committed 47180K, reserved 1091584K
  class space    used 5050K, capacity 5366K, committed 5496K, reserved 1048576K
}
2016-09-11T21:58:09.552-0100: 375,934: Total time for which application threads were stopped: 0,0420733 seconds, Stopping threads took: 0,0001023 seconds
{Heap before GC invocations=135 (full 6):
 par new generation   total 109248K, used 109248K [0x00000007a0000000, 0x00000007a8000000, 0x00000007a8000000)
  eden space 87424K, 100% used [0x00000007a0000000, 0x00000007a5560000, 0x00000007a5560000)
  from space 21824K, 100% used [0x00000007a6ab0000, 0x00000007a8000000, 0x00000007a8000000)
  to   space 21824K,   0% used [0x00000007a5560000, 0x00000007a5560000, 0x00000007a6ab0000)
 concurrent mark-sweep generation total 393216K, used 145058K [0x00000007a8000000, 0x00000007c0000000, 0x00000007c0000000)
 Metaspace       used 45837K, capacity 46820K, committed 47180K, reserved 1091584K
  class space    used 5050K, capacity 5366K, committed 5496K, reserved 1048576K
2016-09-11T21:58:09.645-0100: 376,027: [GC (Allocation Failure) 2016-09-11T21:58:09.645-0100: 376,027: [ParNew
Desired survivor size 20112992 bytes, new threshold 8 (max 8)
- age   1:    7121672 bytes,    7121672 total
- age   2:   11242992 bytes,   18364664 total
- age   3:     975816 bytes,   19340480 total
- age   4:     578632 bytes,   19919112 total
: 109248K->21824K(109248K), 0,0284773 secs] 254306K->178374K(502464K), 0,0286138 secs] [Times: user=0,08 sys=0,00, real=0,03 secs] 
Heap after GC invocations=136 (full 6):
 par new generation   total 109248K, used 21824K [0x00000007a0000000, 0x00000007a8000000, 0x00000007a8000000)
  eden space 87424K,   0% used [0x00000007a0000000, 0x00000007a0000000, 0x00000007a5560000)
  from space 21824K, 100% used [0x00000007a5560000, 0x00000007a6ab0000, 0x00000007a6ab0000)
  to   space 21824K,   0% used [0x00000007a6ab0000, 0x00000007a6ab0000, 0x00000007a8000000)
 concurrent mark-sweep generation total 393216K, used 156550K [0x00000007a8000000, 0x00000007c0000000, 0x00000007c0000000)
 Metaspace       used 45837K, capacity 46820K, committed 47180K, reserved 1091584K
  class space    used 5050K, capacity 5366K, committed 5496K, reserved 1048576K
}
2016-09-11T21:58:09.674-0100: 376,055: Total time for which application threads were stopped: 0,0294455 seconds, Stopping threads took: 0,0000631 seconds
{Heap before GC invocations=136 (full 6):
 par new generation   total 109248K, used 109248K [0x00000007a0000000, 0x00000007a8000000, 0x00000007a8000000)
  eden space 87424K, 100% used [0x00000007a0000000, 0x00000007a5560000, 0x00000007a5560000)
  from space 21824K, 100% used [0x00000007a5560000, 0x00000007a6ab0000, 0x00000007a6ab0000)
  to   space 21824K,   0% used [0x00000007a6ab0000, 0x00000007a6ab0000, 0x00000007a8000000)
 concurrent mark-sweep generation total 393216K, used 156550K [0x00000007a8000000, 0x00000007c0000000, 0x00000007c0000000)
 Metaspace       used 45837K, capacity 46820K, committed 47180K, reserved 1091584K
  class space    used 5050K, capacity 5366K, committed 5496K, reserved 1048576K
2016-09-11T21:58:09.755-0100: 376,137: [GC (Allocation Failure) 2016-09-11T21:58:09.755-0100: 376,137: [ParNew
Desired survivor size 20112992 bytes, new threshold 8 (max 8)
- age   1:    3371976 bytes,    3371976 total
- age   2:    4805400 bytes,    8177376 total
- age   3:    9536792 bytes,   17714168 total
- age   4:     975816 bytes,   18689984 total
- age   5:     578632 bytes,   19268616 total
: 109248K->21824K(109248K), 0,0185754 secs] 265798K->182083K(502464K), 0,0186512 secs] [Times: user=0,05 sys=0,00, real=0,02 secs] 
Heap after GC invocations=137 (full 6):
 par new generation   total 109248K, used 21824K [0x00000007a0000000, 0x00000007a8000000, 0x00000007a8000000)
  eden space 87424K,   0% used [0x00000007a0000000, 0x00000007a0000000, 0x00000007a5560000)
  from space 21824K, 100% used [0x00000007a6ab0000, 0x00000007a8000000, 0x00000007a8000000)
  to   space 21824K,   0% used [0x00000007a5560000, 0x00000007a5560000, 0x00000007a6ab0000)
 concurrent mark-sweep generation total 393216K, used 160259K [0x00000007a8000000, 0x00000007c0000000, 0x00000007c0000000)
 Metaspace       used 45837K, capacity 46820K, committed 47180K, reserved 1091584K
  class space    used 5050K, capacity 5366K, committed 5496K, reserved 1048576K
}
2016-09-11T21:58:09.774-0100: 376,156: Total time for which application threads were stopped: 0,0191096 seconds, Stopping threads took: 0,0001336 seconds
{Heap before GC invocations=137 (full 6):
 par new generation   total 109248K, used 109248K [0x00000007a0000000, 0x00000007a8000000, 0x00000007a8000000)
  eden space 87424K, 100% used [0x00000007a0000000, 0x00000007a5560000, 0x00000007a5560000)
  from space 21824K, 100% used [0x00000007a6ab0000, 0x00000007a8000000, 0x00000007a8000000)
  to   space 21824K,   0% used [0x00000007a5560000, 0x00000007a5560000, 0x00000007a6ab0000)
 concurrent mark-sweep generation total 393216K, used 160259K [0x00000007a8000000, 0x00000007c0000000, 0x00000007c0000000)
 Metaspace       used 45837K, capacity 46820K, committed 47180K, reserved 1091584K
  class space    used 5050K, capacity 5366K, committed 5496K, reserved 1048576K
2016-09-11T21:58:09.864-0100: 376,246: [GC (Allocation Failure) 2016-09-11T21:58:09.864-0100: 376,246: [ParNew
Desired survivor size 20112992 bytes, new threshold 6 (max 8)
- age   1:    3742728 bytes,    3742728 total
- age   2:    2059152 bytes,    5801880 total
- age   3:    3247000 bytes,    9048880 total
- age   4:    9535768 bytes,   18584648 total
- age   5:     975816 bytes,   19560464 total
- age   6:     578632 bytes,   20139096 total
: 109248K->21824K(109248K), 0,0171916 secs] 269507K->183759K(502464K), 0,0172763 secs] [Times: user=0,06 sys=0,00, real=0,02 secs] 
Heap after GC invocations=138 (full 6):
 par new generation   total 109248K, used 21824K [0x00000007a0000000, 0x00000007a8000000, 0x00000007a8000000)
  eden space 87424K,   0% used [0x00000007a0000000, 0x00000007a0000000, 0x00000007a5560000)
  from space 21824K, 100% used [0x00000007a5560000, 0x00000007a6ab0000, 0x00000007a6ab0000)
  to   space 21824K,   0% used [0x00000007a6ab0000, 0x00000007a6ab0000, 0x00000007a8000000)
 concurrent mark-sweep generation total 393216K, used 161935K [0x00000007a8000000, 0x00000007c0000000, 0x00000007c0000000)
 Metaspace       used 45837K, capacity 46820K, committed 47180K, reserved 1091584K
  class space    used 5050K, capacity 5366K, committed 5496K, reserved 1048576K
}
2016-09-11T21:58:09.882-0100: 376,264: Total time for which application threads were stopped: 0,0176243 seconds, Stopping threads took: 0,0000690 seconds
{Heap before GC invocations=138 (full 6):
 par new generation   total 109248K, used 109248K [0x00000007a0000000, 0x00000007a8000000, 0x00000007a8000000)
  eden space 87424K, 100% used [0x00000007a0000000, 0x00000007a5560000, 0x00000007a5560000)
  from space 21824K, 100% used [0x00000007a5560000, 0x00000007a6ab0000, 0x00000007a6ab0000)
  to   space 21824K,   0% used [0x00000007a6ab0000, 0x00000007a6ab0000, 0x00000007a8000000)
 concurrent mark-sweep generation total 393216K, used 161935K [0x00000007a8000000, 0x00000007c0000000, 0x00000007c0000000)
 Metaspace       used 45837K, capacity 46820K, committed 47180K, reserved 1091584K
  class space    used 5050K, capacity 5366K, committed 5496K, reserved 1048576K
2016-09-11T21:58:09.968-0100: 376,350: [GC (Allocation Failure) 2016-09-11T21:58:09.968-0100: 376,350: [ParNew
Desired survivor size 20112992 bytes, new threshold 8 (max 8)
- age   1:    1864480 bytes,    1864480 total
- age   2:    2968944 bytes,    4833424 total
- age   3:     935296 bytes,    5768720 total
- age   4:    2405712 bytes,    8174432 total
- age   5:    9535560 bytes,   17709992 total
- age   6:     975816 bytes,   18685808 total
: 109248K->21824K(109248K), 0,0148413 secs] 271183K->185314K(502464K), 0,0149293 secs] [Times: user=0,05 sys=0,01, real=0,02 secs] 
Heap after GC invocations=139 (full 6):
 par new generation   total 109248K, used 21824K [0x00000007a0000000, 0x00000007a8000000, 0x00000007a8000000)
  eden space 87424K,   0% used [0x00000007a0000000, 0x00000007a0000000, 0x00000007a5560000)
  from space 21824K, 100% used [0x00000007a6ab0000, 0x00000007a8000000, 0x00000007a8000000)
  to   space 21824K,   0% used [0x00000007a5560000, 0x00000007a5560000, 0x00000007a6ab0000)
 concurrent mark-sweep generation total 393216K, used 163490K [0x00000007a8000000, 0x00000007c0000000, 0x00000007c0000000)
 Metaspace       used 45837K, capacity 46820K, committed 47180K, reserved 1091584K
  class space    used 5050K, capacity 5366K, committed 5496K, reserved 1048576K
}
2016-09-11T21:58:09.983-0100: 376,365: Total time for which application threads were stopped: 0,0153100 seconds, Stopping threads took: 0,0000958 seconds
{Heap before GC invocations=139 (full 6):
 par new generation   total 109248K, used 109248K [0x00000007a0000000, 0x00000007a8000000, 0x00000007a8000000)
  eden space 87424K, 100% used [0x00000007a0000000, 0x00000007a5560000, 0x00000007a5560000)
  from space 21824K, 100% used [0x00000007a6ab0000, 0x00000007a8000000, 0x00000007a8000000)
  to   space 21824K,   0% used [0x00000007a5560000, 0x00000007a5560000, 0x00000007a6ab0000)
 concurrent mark-sweep generation total 393216K, used 163490K [0x00000007a8000000, 0x00000007c0000000, 0x00000007c0000000)
 Metaspace       used 45837K, capacity 46820K, committed 47180K, reserved 1091584K
  class space    used 5050K, capacity 5366K, committed 5496K, reserved 1048576K
2016-09-11T21:58:10.048-0100: 376,429: [GC (Allocation Failure) 2016-09-11T21:58:10.048-0100: 376,430: [ParNew
Desired survivor size 20112992 bytes, new threshold 8 (max 8)
- age   1:    1193176 bytes,    1193176 total
- age   2:    1161896 bytes,    2355072 total
- age   4:     935296 bytes,    3290368 total
- age   5:    2340096 bytes,    5630464 total
- age   6:    9535560 bytes,   15166024 total
- age   7:     975816 bytes,   16141840 total
: 109248K->21824K(109248K), 0,0148725 secs] 272738K->185314K(502464K), 0,0149517 secs] [Times: user=0,04 sys=0,00, real=0,02 secs] 
Heap after GC invocations=140 (full 6):
 par new generation   total 109248K, used 21824K [0x00000007a0000000, 0x00000007a8000000, 0x00000007a8000000)
  eden space 87424K,   0% used [0x00000007a0000000, 0x00000007a0000000, 0x00000007a5560000)
  from space 21824K, 100% used [0x00000007a5560000, 0x00000007a6ab0000, 0x00000007a6ab0000)
  to   space 21824K,   0% used [0x00000007a6ab0000, 0x00000007a6ab0000, 0x00000007a8000000)
 concurrent mark-sweep generation total 393216K, used 163490K [0x00000007a8000000, 0x00000007c0000000, 0x00000007c0000000)
 Metaspace       used 45837K, capacity 46820K, committed 47180K, reserved 1091584K
  class space    used 5050K, capacity 5366K, committed 5496K, reserved 1048576K
}
2016-09-11T21:58:10.063-0100: 376,445: Total time for which application threads were stopped: 0,0153139 seconds, Stopping threads took: 0,0000800 seconds
2016-09-11T21:58:10.173-0100: 376,555: Total time for which application threads were stopped: 0,0009152 seconds, Stopping threads took: 0,0000682 seconds
{Heap before GC invocations=140 (full 6):
 par new generation   total 109248K, used 109248K [0x00000007a0000000, 0x00000007a8000000, 0x00000007a8000000)
  eden space 87424K, 100% used [0x00000007a0000000, 0x00000007a5560000, 0x00000007a5560000)
  from space 21824K, 100% used [0x00000007a5560000, 0x00000007a6ab0000, 0x00000007a6ab0000)
  to   space 21824K,   0% used [0x00000007a6ab0000, 0x00000007a6ab0000, 0x00000007a8000000)
 concurrent mark-sweep generation total 393216K, used 163490K [0x00000007a8000000, 0x00000007c0000000, 0x00000007c0000000)
 Metaspace       used 45858K, capacity 46820K, committed 47180K, reserved 1091584K
  class space    used 5050K, capacity 5366K, committed 5496K, reserved 1048576K
2016-09-11T21:58:11.038-0100: 377,420: [GC (Allocation Failure) 2016-09-11T21:58:11.038-0100: 377,420: [ParNew
Desired survivor size 20112992 bytes, new threshold 8 (max 8)
- age   1:   10035432 bytes,   10035432 total
- age   2:     104896 bytes,   10140328 total
- age   3:         24 bytes,   10140352 total
- age   5:     831688 bytes,   10972040 total
- age   6:    2099216 bytes,   13071256 total
- age   7:    6813160 bytes,   19884416 total
- age   8:     974144 bytes,   20858560 total
: 109248K->21824K(109248K), 0,0248584 secs] 272738K->192200K(502464K), 0,0249655 secs] [Times: user=0,06 sys=0,00, real=0,03 secs] 
Heap after GC invocations=141 (full 6):
 par new generation   total 109248K, used 21824K [0x00000007a0000000, 0x00000007a8000000, 0x00000007a8000000)
  eden space 87424K,   0% used [0x00000007a0000000, 0x00000007a0000000, 0x00000007a5560000)
  from space 21824K, 100% used [0x00000007a6ab0000, 0x00000007a8000000, 0x00000007a8000000)
  to   space 21824K,   0% used [0x00000007a5560000, 0x00000007a5560000, 0x00000007a6ab0000)
 concurrent mark-sweep generation total 393216K, used 170376K [0x00000007a8000000, 0x00000007c0000000, 0x00000007c0000000)
 Metaspace       used 45858K, capacity 46820K, committed 47180K, reserved 1091584K
  class space    used 5050K, capacity 5366K, committed 5496K, reserved 1048576K
}
2016-09-11T21:58:11.063-0100: 377,445: Total time for which application threads were stopped: 0,0253555 seconds, Stopping threads took: 0,0000699 seconds
{Heap before GC invocations=141 (full 6):
 par new generation   total 109248K, used 109248K [0x00000007a0000000, 0x00000007a8000000, 0x00000007a8000000)
  eden space 87424K, 100% used [0x00000007a0000000, 0x00000007a5560000, 0x00000007a5560000)
  from space 21824K, 100% used [0x00000007a6ab0000, 0x00000007a8000000, 0x00000007a8000000)
  to   space 21824K,   0% used [0x00000007a5560000, 0x00000007a5560000, 0x00000007a6ab0000)
 concurrent mark-sweep generation total 393216K, used 170376K [0x00000007a8000000, 0x00000007c0000000, 0x00000007c0000000)
 Metaspace       used 45861K, capacity 46820K, committed 47180K, reserved 1091584K
  class space    used 5050K, capacity 5366K, committed 5496K, reserved 1048576K
2016-09-11T21:58:11.161-0100: 377,543: [GC (Allocation Failure) 2016-09-11T21:58:11.161-0100: 377,543: [ParNew
Desired survivor size 20112992 bytes, new threshold 8 (max 8)
- age   1:    5025728 bytes,    5025728 total
- age   2:    7469000 bytes,   12494728 total
- age   3:     104816 bytes,   12599544 total
- age   4:         24 bytes,   12599568 total
- age   6:     831688 bytes,   13431256 total
- age   7:    2097232 bytes,   15528488 total
- age   8:    6813160 bytes,   22341648 total
: 109248K->21824K(109248K), 0,0278909 secs] 279624K->200427K(502464K), 0,0279834 secs] [Times: user=0,08 sys=0,00, real=0,02 secs] 
Heap after GC invocations=142 (full 6):
 par new generation   total 109248K, used 21824K [0x00000007a0000000, 0x00000007a8000000, 0x00000007a8000000)
  eden space 87424K,   0% used [0x00000007a0000000, 0x00000007a0000000, 0x00000007a5560000)
  from space 21824K, 100% used [0x00000007a5560000, 0x00000007a6ab0000, 0x00000007a6ab0000)
  to   space 21824K,   0% used [0x00000007a6ab0000, 0x00000007a6ab0000, 0x00000007a8000000)
 concurrent mark-sweep generation total 393216K, used 178603K [0x00000007a8000000, 0x00000007c0000000, 0x00000007c0000000)
 Metaspace       used 45861K, capacity 46820K, committed 47180K, reserved 1091584K
  class space    used 5050K, capacity 5366K, committed 5496K, reserved 1048576K
}
2016-09-11T21:58:11.189-0100: 377,571: Total time for which application threads were stopped: 0,0283906 seconds, Stopping threads took: 0,0000295 seconds
{Heap before GC invocations=142 (full 6):
 par new generation   total 109248K, used 109248K [0x00000007a0000000, 0x00000007a8000000, 0x00000007a8000000)
  eden space 87424K, 100% used [0x00000007a0000000, 0x00000007a5560000, 0x00000007a5560000)
  from space 21824K, 100% used [0x00000007a5560000, 0x00000007a6ab0000, 0x00000007a6ab0000)
  to   space 21824K,   0% used [0x00000007a6ab0000, 0x00000007a6ab0000, 0x00000007a8000000)
 concurrent mark-sweep generation total 393216K, used 178603K [0x00000007a8000000, 0x00000007c0000000, 0x00000007c0000000)
 Metaspace       used 45861K, capacity 46820K, committed 47180K, reserved 1091584K
  class space    used 5050K, capacity 5366K, committed 5496K, reserved 1048576K
2016-09-11T21:58:11.237-0100: 377,619: [GC (Allocation Failure) 2016-09-11T21:58:11.237-0100: 377,619: [ParNew
Desired survivor size 20112992 bytes, new threshold 8 (max 8)
- age   1:    1913432 bytes,    1913432 total
- age   2:    4380768 bytes,    6294200 total
- age   3:    7460440 bytes,   13754640 total
- age   4:     104816 bytes,   13859456 total
- age   5:         24 bytes,   13859480 total
- age   7:     831688 bytes,   14691168 total
- age   8:    2096704 bytes,   16787872 total
: 109248K->21824K(109248K), 0,0198696 secs] 287851K->207657K(502464K), 0,0199859 secs] [Times: user=0,06 sys=0,01, real=0,02 secs] 
Heap after GC invocations=143 (full 6):
 par new generation   total 109248K, used 21824K [0x00000007a0000000, 0x00000007a8000000, 0x00000007a8000000)
  eden space 87424K,   0% used [0x00000007a0000000, 0x00000007a0000000, 0x00000007a5560000)
  from space 21824K, 100% used [0x00000007a6ab0000, 0x00000007a8000000, 0x00000007a8000000)
  to   space 21824K,   0% used [0x00000007a5560000, 0x00000007a5560000, 0x00000007a6ab0000)
 concurrent mark-sweep generation total 393216K, used 185833K [0x00000007a8000000, 0x00000007c0000000, 0x00000007c0000000)
 Metaspace       used 45861K, capacity 46820K, committed 47180K, reserved 1091584K
  class space    used 5050K, capacity 5366K, committed 5496K, reserved 1048576K
}
2016-09-11T21:58:11.257-0100: 377,639: Total time for which application threads were stopped: 0,0203737 seconds, Stopping threads took: 0,0000989 seconds
{Heap before GC invocations=143 (full 6):
 par new generation   total 109248K, used 109248K [0x00000007a0000000, 0x00000007a8000000, 0x00000007a8000000)
  eden space 87424K, 100% used [0x00000007a0000000, 0x00000007a5560000, 0x00000007a5560000)
  from space 21824K, 100% used [0x00000007a6ab0000, 0x00000007a8000000, 0x00000007a8000000)
  to   space 21824K,   0% used [0x00000007a5560000, 0x00000007a5560000, 0x00000007a6ab0000)
 concurrent mark-sweep generation total 393216K, used 185833K [0x00000007a8000000, 0x00000007c0000000, 0x00000007c0000000)
 Metaspace       used 45861K, capacity 46820K, committed 47180K, reserved 1091584K
  class space    used 5050K, capacity 5366K, committed 5496K, reserved 1048576K
2016-09-11T21:58:11.303-0100: 377,685: [GC (Allocation Failure) 2016-09-11T21:58:11.303-0100: 377,685: [ParNew
Desired survivor size 20112992 bytes, new threshold 8 (max 8)
- age   1:    1278720 bytes,    1278720 total
- age   2:     109904 bytes,    1388624 total
- age   3:    4380808 bytes,    5769432 total
- age   4:    7591576 bytes,   13361008 total
- age   5:     104816 bytes,   13465824 total
- age   6:         24 bytes,   13465848 total
- age   8:     831688 bytes,   14297536 total
: 109248K->21824K(109248K), 0,0121324 secs] 295081K->209779K(502464K), 0,0122209 secs] [Times: user=0,04 sys=0,00, real=0,01 secs] 
Heap after GC invocations=144 (full 6):
 par new generation   total 109248K, used 21824K [0x00000007a0000000, 0x00000007a8000000, 0x00000007a8000000)
  eden space 87424K,   0% used [0x00000007a0000000, 0x00000007a0000000, 0x00000007a5560000)
  from space 21824K, 100% used [0x00000007a5560000, 0x00000007a6ab0000, 0x00000007a6ab0000)
  to   space 21824K,   0% used [0x00000007a6ab0000, 0x00000007a6ab0000, 0x00000007a8000000)
 concurrent mark-sweep generation total 393216K, used 187955K [0x00000007a8000000, 0x00000007c0000000, 0x00000007c0000000)
 Metaspace       used 45861K, capacity 46820K, committed 47180K, reserved 1091584K
  class space    used 5050K, capacity 5366K, committed 5496K, reserved 1048576K
}
2016-09-11T21:58:11.315-0100: 377,697: Total time for which application threads were stopped: 0,0125381 seconds, Stopping threads took: 0,0000323 seconds
{Heap before GC invocations=144 (full 6):
 par new generation   total 109248K, used 109248K [0x00000007a0000000, 0x00000007a8000000, 0x00000007a8000000)
  eden space 87424K, 100% used [0x00000007a0000000, 0x00000007a5560000, 0x00000007a5560000)
  from space 21824K, 100% used [0x00000007a5560000, 0x00000007a6ab0000, 0x00000007a6ab0000)
  to   space 21824K,   0% used [0x00000007a6ab0000, 0x00000007a6ab0000, 0x00000007a8000000)
 concurrent mark-sweep generation total 393216K, used 187955K [0x00000007a8000000, 0x00000007c0000000, 0x00000007c0000000)
 Metaspace       used 45862K, capacity 46820K, committed 47180K, reserved 1091584K
  class space    used 5050K, capacity 5366K, committed 5496K, reserved 1048576K
2016-09-11T21:58:11.365-0100: 377,747: [GC (Allocation Failure) 2016-09-11T21:58:11.365-0100: 377,747: [ParNew
Desired survivor size 20112992 bytes, new threshold 8 (max 8)
- age   1:    1054040 bytes,    1054040 total
- age   2:     549872 bytes,    1603912 total
- age   3:      80936 bytes,    1684848 total
- age   4:    4380768 bytes,    6065616 total
- age   5:    7460440 bytes,   13526056 total
- age   6:     104816 bytes,   13630872 total
- age   7:         24 bytes,   13630896 total
: 109248K->15745K(109248K), 0,0109719 secs] 297203K->204517K(502464K), 0,0110794 secs] [Times: user=0,03 sys=0,00, real=0,01 secs] 
Heap after GC invocations=145 (full 6):
 par new generation   total 109248K, used 15745K [0x00000007a0000000, 0x00000007a8000000, 0x00000007a8000000)
  eden space 87424K,   0% used [0x00000007a0000000, 0x00000007a0000000, 0x00000007a5560000)
  from space 21824K,  72% used [0x00000007a6ab0000, 0x00000007a7a105e0, 0x00000007a8000000)
  to   space 21824K,   0% used [0x00000007a5560000, 0x00000007a5560000, 0x00000007a6ab0000)
 concurrent mark-sweep generation total 393216K, used 188771K [0x00000007a8000000, 0x00000007c0000000, 0x00000007c0000000)
 Metaspace       used 45862K, capacity 46820K, committed 47180K, reserved 1091584K
  class space    used 5050K, capacity 5366K, committed 5496K, reserved 1048576K
}
2016-09-11T21:58:11.376-0100: 377,758: Total time for which application threads were stopped: 0,0114109 seconds, Stopping threads took: 0,0000504 seconds
2016-09-11T21:58:11.383-0100: 377,765: Total time for which application threads were stopped: 0,0002999 seconds, Stopping threads took: 0,0001164 seconds
2016-09-11T21:58:11.383-0100: 377,765: Total time for which application threads were stopped: 0,0002310 seconds, Stopping threads took: 0,0000979 seconds
2016-09-11T21:58:11.431-0100: 377,813: Total time for which application threads were stopped: 0,0003717 seconds, Stopping threads took: 0,0001076 seconds
{Heap before GC invocations=145 (full 6):
 par new generation   total 109248K, used 103169K [0x00000007a0000000, 0x00000007a8000000, 0x00000007a8000000)
  eden space 87424K, 100% used [0x00000007a0000000, 0x00000007a5560000, 0x00000007a5560000)
  from space 21824K,  72% used [0x00000007a6ab0000, 0x00000007a7a105e0, 0x00000007a8000000)
  to   space 21824K,   0% used [0x00000007a5560000, 0x00000007a5560000, 0x00000007a6ab0000)
 concurrent mark-sweep generation total 393216K, used 188771K [0x00000007a8000000, 0x00000007c0000000, 0x00000007c0000000)
 Metaspace       used 45878K, capacity 46884K, committed 47180K, reserved 1091584K
  class space    used 5050K, capacity 5366K, committed 5496K, reserved 1048576K
2016-09-11T21:58:11.510-0100: 377,891: [GC (Allocation Failure) 2016-09-11T21:58:11.510-0100: 377,892: [ParNew
Desired survivor size 20112992 bytes, new threshold 8 (max 8)
- age   1:    3433968 bytes,    3433968 total
- age   2:      66160 bytes,    3500128 total
- age   4:      80480 bytes,    3580608 total
- age   5:    4380216 bytes,    7960824 total
- age   6:    7460440 bytes,   15421264 total
- age   7:     104816 bytes,   15526080 total
- age   8:         24 bytes,   15526104 total
: 103169K->20739K(109248K), 0,0119262 secs] 291941K->209511K(502464K), 0,0120239 secs] [Times: user=0,04 sys=0,00, real=0,01 secs] 
Heap after GC invocations=146 (full 6):
 par new generation   total 109248K, used 20739K [0x00000007a0000000, 0x00000007a8000000, 0x00000007a8000000)
  eden space 87424K,   0% used [0x00000007a0000000, 0x00000007a0000000, 0x00000007a5560000)
  from space 21824K,  95% used [0x00000007a5560000, 0x00000007a69a0cf0, 0x00000007a6ab0000)
  to   space 21824K,   0% used [0x00000007a6ab0000, 0x00000007a6ab0000, 0x00000007a8000000)
 concurrent mark-sweep generation total 393216K, used 188771K [0x00000007a8000000, 0x00000007c0000000, 0x00000007c0000000)
 Metaspace       used 45878K, capacity 46884K, committed 47180K, reserved 1091584K
  class space    used 5050K, capacity 5366K, committed 5496K, reserved 1048576K
}
2016-09-11T21:58:11.522-0100: 377,904: Total time for which application threads were stopped: 0,0131439 seconds, Stopping threads took: 0,0006328 seconds
{Heap before GC invocations=146 (full 6):
 par new generation   total 109248K, used 108163K [0x00000007a0000000, 0x00000007a8000000, 0x00000007a8000000)
  eden space 87424K, 100% used [0x00000007a0000000, 0x00000007a5560000, 0x00000007a5560000)
  from space 21824K,  95% used [0x00000007a5560000, 0x00000007a69a0cf0, 0x00000007a6ab0000)
  to   space 21824K,   0% used [0x00000007a6ab0000, 0x00000007a6ab0000, 0x00000007a8000000)
 concurrent mark-sweep generation total 393216K, used 188771K [0x00000007a8000000, 0x00000007c0000000, 0x00000007c0000000)
 Metaspace       used 45906K, capacity 46884K, committed 47180K, reserved 1091584K
  class space    used 5050K, capacity 5366K, committed 5496K, reserved 1048576K
2016-09-11T21:58:12.059-0100: 378,441: [GC (Allocation Failure) 2016-09-11T21:58:12.059-0100: 378,441: [ParNew
Desired survivor size 20112992 bytes, new threshold 7 (max 8)
- age   1:   11121040 bytes,   11121040 total
- age   2:    1769176 bytes,   12890216 total
- age   5:      31616 bytes,   12921832 total
- age   6:    1571008 bytes,   14492840 total
- age   7:    6930424 bytes,   21423264 total
- age   8:     104816 bytes,   21528080 total
: 108163K->21824K(109248K), 0,0170100 secs] 296935K->210850K(502464K), 0,0171309 secs] [Times: user=0,05 sys=0,01, real=0,02 secs] 
Heap after GC invocations=147 (full 6):
 par new generation   total 109248K, used 21824K [0x00000007a0000000, 0x00000007a8000000, 0x00000007a8000000)
  eden space 87424K,   0% used [0x00000007a0000000, 0x00000007a0000000, 0x00000007a5560000)
  from space 21824K, 100% used [0x00000007a6ab0000, 0x00000007a8000000, 0x00000007a8000000)
  to   space 21824K,   0% used [0x00000007a5560000, 0x00000007a5560000, 0x00000007a6ab0000)
 concurrent mark-sweep generation total 393216K, used 189026K [0x00000007a8000000, 0x00000007c0000000, 0x00000007c0000000)
 Metaspace       used 45906K, capacity 46884K, committed 47180K, reserved 1091584K
  class space    used 5050K, capacity 5366K, committed 5496K, reserved 1048576K
}
2016-09-11T21:58:12.076-0100: 378,458: Total time for which application threads were stopped: 0,0175442 seconds, Stopping threads took: 0,0000953 seconds
{Heap before GC invocations=147 (full 6):
 par new generation   total 109248K, used 109248K [0x00000007a0000000, 0x00000007a8000000, 0x00000007a8000000)
  eden space 87424K, 100% used [0x00000007a0000000, 0x00000007a5560000, 0x00000007a5560000)
  from space 21824K, 100% used [0x00000007a6ab0000, 0x00000007a8000000, 0x00000007a8000000)
  to   space 21824K,   0% used [0x00000007a5560000, 0x00000007a5560000, 0x00000007a6ab0000)
 concurrent mark-sweep generation total 393216K, used 189026K [0x00000007a8000000, 0x00000007c0000000, 0x00000007c0000000)
 Metaspace       used 45906K, capacity 46884K, committed 47180K, reserved 1091584K
  class space    used 5050K, capacity 5366K, committed 5496K, reserved 1048576K
2016-09-11T21:58:12.212-0100: 378,594: [GC (Allocation Failure) 2016-09-11T21:58:12.212-0100: 378,594: [ParNew
Desired survivor size 20112992 bytes, new threshold 8 (max 8)
- age   1:    2309904 bytes,    2309904 total
- age   2:   10178704 bytes,   12488608 total
- age   3:    1768992 bytes,   14257600 total
- age   6:      31616 bytes,   14289216 total
- age   7:    1441128 bytes,   15730344 total
: 109248K->21824K(109248K), 0,0156528 secs] 298274K->217830K(502464K), 0,0157508 secs] [Times: user=0,05 sys=0,01, real=0,01 secs] 
Heap after GC invocations=148 (full 6):
 par new generation   total 109248K, used 21824K [0x00000007a0000000, 0x00000007a8000000, 0x00000007a8000000)
  eden space 87424K,   0% used [0x00000007a0000000, 0x00000007a0000000, 0x00000007a5560000)
  from space 21824K, 100% used [0x00000007a5560000, 0x00000007a6ab0000, 0x00000007a6ab0000)
  to   space 21824K,   0% used [0x00000007a6ab0000, 0x00000007a6ab0000, 0x00000007a8000000)
 concurrent mark-sweep generation total 393216K, used 196006K [0x00000007a8000000, 0x00000007c0000000, 0x00000007c0000000)
 Metaspace       used 45906K, capacity 46884K, committed 47180K, reserved 1091584K
  class space    used 5050K, capacity 5366K, committed 5496K, reserved 1048576K
}
2016-09-11T21:58:12.228-0100: 378,610: Total time for which application threads were stopped: 0,0161693 seconds, Stopping threads took: 0,0000939 seconds
{Heap before GC invocations=148 (full 6):
 par new generation   total 109248K, used 109248K [0x00000007a0000000, 0x00000007a8000000, 0x00000007a8000000)
  eden space 87424K, 100% used [0x00000007a0000000, 0x00000007a5560000, 0x00000007a5560000)
  from space 21824K, 100% used [0x00000007a5560000, 0x00000007a6ab0000, 0x00000007a6ab0000)
  to   space 21824K,   0% used [0x00000007a6ab0000, 0x00000007a6ab0000, 0x00000007a8000000)
 concurrent mark-sweep generation total 393216K, used 196006K [0x00000007a8000000, 0x00000007c0000000, 0x00000007c0000000)
 Metaspace       used 45918K, capacity 46948K, committed 47180K, reserved 1091584K
  class space    used 5050K, capacity 5366K, committed 5496K, reserved 1048576K
2016-09-11T21:58:12.365-0100: 378,747: [GC (Allocation Failure) 2016-09-11T21:58:12.365-0100: 378,747: [ParNew
Desired survivor size 20112992 bytes, new threshold 8 (max 8)
- age   1:    1553800 bytes,    1553800 total
- age   2:    1787592 bytes,    3341392 total
- age   3:   10129016 bytes,   13470408 total
- age   4:    1768992 bytes,   15239400 total
- age   7:      31616 bytes,   15271016 total
- age   8:    1441128 bytes,   16712144 total
: 109248K->20242K(109248K), 0,0118762 secs] 305254K->216248K(502464K), 0,0119601 secs] [Times: user=0,04 sys=0,00, real=0,01 secs] 
Heap after GC invocations=149 (full 6):
 par new generation   total 109248K, used 20242K [0x00000007a0000000, 0x00000007a8000000, 0x00000007a8000000)
  eden space 87424K,   0% used [0x00000007a0000000, 0x00000007a0000000, 0x00000007a5560000)
  from space 21824K,  92% used [0x00000007a6ab0000, 0x00000007a7e74900, 0x00000007a8000000)
  to   space 21824K,   0% used [0x00000007a5560000, 0x00000007a5560000, 0x00000007a6ab0000)
 concurrent mark-sweep generation total 393216K, used 196006K [0x00000007a8000000, 0x00000007c0000000, 0x00000007c0000000)
 Metaspace       used 45918K, capacity 46948K, committed 47180K, reserved 1091584K
  class space    used 5050K, capacity 5366K, committed 5496K, reserved 1048576K
}
2016-09-11T21:58:12.377-0100: 378,759: Total time for which application threads were stopped: 0,0124485 seconds, Stopping threads took: 0,0001332 seconds
2016-09-11T21:58:12.583-0100: 378,965: Total time for which application threads were stopped: 0,0002969 seconds, Stopping threads took: 0,0000357 seconds
2016-09-11T21:58:13.254-0100: 379,636: Total time for which application threads were stopped: 0,0007394 seconds, Stopping threads took: 0,0000651 seconds
2016-09-11T21:58:13.304-0100: 379,686: Total time for which application threads were stopped: 0,0002700 seconds, Stopping threads took: 0,0000327 seconds
{Heap before GC invocations=149 (full 6):
 par new generation   total 109248K, used 107666K [0x00000007a0000000, 0x00000007a8000000, 0x00000007a8000000)
  eden space 87424K, 100% used [0x00000007a0000000, 0x00000007a5560000, 0x00000007a5560000)
  from space 21824K,  92% used [0x00000007a6ab0000, 0x00000007a7e74900, 0x00000007a8000000)
  to   space 21824K,   0% used [0x00000007a5560000, 0x00000007a5560000, 0x00000007a6ab0000)
 concurrent mark-sweep generation total 393216K, used 196006K [0x00000007a8000000, 0x00000007c0000000, 0x00000007c0000000)
 Metaspace       used 45938K, capacity 46948K, committed 47180K, reserved 1091584K
  class space    used 5050K, capacity 5366K, committed 5496K, reserved 1048576K
2016-09-11T21:58:13.372-0100: 379,754: [GC (Allocation Failure) 2016-09-11T21:58:13.372-0100: 379,754: [ParNew
Desired survivor size 20112992 bytes, new threshold 8 (max 8)
- age   1:    8999240 bytes,    8999240 total
- age   2:      57936 bytes,    9057176 total
- age   3:       5328 bytes,    9062504 total
- age   4:    5761704 bytes,   14824208 total
- age   5:    1768968 bytes,   16593176 total
- age   8:      31080 bytes,   16624256 total
: 107666K->21824K(109248K), 0,0242849 secs] 303672K->220867K(502464K), 0,0244091 secs] [Times: user=0,07 sys=0,01, real=0,02 secs] 
Heap after GC invocations=150 (full 6):
 par new generation   total 109248K, used 21824K [0x00000007a0000000, 0x00000007a8000000, 0x00000007a8000000)
  eden space 87424K,   0% used [0x00000007a0000000, 0x00000007a0000000, 0x00000007a5560000)
  from space 21824K, 100% used [0x00000007a5560000, 0x00000007a6ab0000, 0x00000007a6ab0000)
  to   space 21824K,   0% used [0x00000007a6ab0000, 0x00000007a6ab0000, 0x00000007a8000000)
 concurrent mark-sweep generation total 393216K, used 199043K [0x00000007a8000000, 0x00000007c0000000, 0x00000007c0000000)
 Metaspace       used 45938K, capacity 46948K, committed 47180K, reserved 1091584K
  class space    used 5050K, capacity 5366K, committed 5496K, reserved 1048576K
}
2016-09-11T21:58:13.397-0100: 379,779: Total time for which application threads were stopped: 0,0248812 seconds, Stopping threads took: 0,0000904 seconds
2016-09-11T21:58:13.397-0100: 379,779: [GC (CMS Initial Mark) [1 CMS-initial-mark: 199043K(393216K)] 220868K(502464K), 0,0032126 secs] [Times: user=0,01 sys=0,00, real=0,01 secs] 
2016-09-11T21:58:13.400-0100: 379,782: Total time for which application threads were stopped: 0,0035691 seconds, Stopping threads took: 0,0000835 seconds
2016-09-11T21:58:13.400-0100: 379,783: [CMS-concurrent-mark-start]
2016-09-11T21:58:13.456-0100: 379,838: [CMS-concurrent-mark: 0,055/0,055 secs] [Times: user=0,19 sys=0,02, real=0,05 secs] 
2016-09-11T21:58:13.456-0100: 379,838: [CMS-concurrent-preclean-start]
2016-09-11T21:58:13.463-0100: 379,845: [CMS-concurrent-preclean: 0,007/0,007 secs] [Times: user=0,03 sys=0,00, real=0,01 secs] 
2016-09-11T21:58:13.463-0100: 379,845: [CMS-concurrent-abortable-preclean-start]
{Heap before GC invocations=150 (full 7):
 par new generation   total 109248K, used 109248K [0x00000007a0000000, 0x00000007a8000000, 0x00000007a8000000)
  eden space 87424K, 100% used [0x00000007a0000000, 0x00000007a5560000, 0x00000007a5560000)
  from space 21824K, 100% used [0x00000007a5560000, 0x00000007a6ab0000, 0x00000007a6ab0000)
  to   space 21824K,   0% used [0x00000007a6ab0000, 0x00000007a6ab0000, 0x00000007a8000000)
 concurrent mark-sweep generation total 393216K, used 199043K [0x00000007a8000000, 0x00000007c0000000, 0x00000007c0000000)
 Metaspace       used 45938K, capacity 46948K, committed 47180K, reserved 1091584K
  class space    used 5050K, capacity 5366K, committed 5496K, reserved 1048576K
2016-09-11T21:58:13.601-0100: 379,983: [GC (Allocation Failure) 2016-09-11T21:58:13.601-0100: 379,983: [ParNew2016-09-11T21:58:13.631-0100: 380,013: [CMS-concurrent-abortable-preclean: 0,062/0,168 secs] [Times: user=0,51 sys=0,01, real=0,17 secs] 

Desired survivor size 20112992 bytes, new threshold 5 (max 8)
- age   1:    7973688 bytes,    7973688 total
- age   2:    6787536 bytes,   14761224 total
- age   3:      57856 bytes,   14819080 total
- age   4:       5328 bytes,   14824408 total
- age   5:    5722688 bytes,   20547096 total
- age   6:    1767816 bytes,   22314912 total
: 109248K->21824K(109248K), 0,0591878 secs] 308291K->232370K(502464K), 0,0592960 secs] [Times: user=0,14 sys=0,01, real=0,06 secs] 
Heap after GC invocations=151 (full 7):
 par new generation   total 109248K, used 21824K [0x00000007a0000000, 0x00000007a8000000, 0x00000007a8000000)
  eden space 87424K,   0% used [0x00000007a0000000, 0x00000007a0000000, 0x00000007a5560000)
  from space 21824K, 100% used [0x00000007a6ab0000, 0x00000007a8000000, 0x00000007a8000000)
  to   space 21824K,   0% used [0x00000007a5560000, 0x00000007a5560000, 0x00000007a6ab0000)
 concurrent mark-sweep generation total 393216K, used 210546K [0x00000007a8000000, 0x00000007c0000000, 0x00000007c0000000)
 Metaspace       used 45938K, capacity 46948K, committed 47180K, reserved 1091584K
  class space    used 5050K, capacity 5366K, committed 5496K, reserved 1048576K
}
2016-09-11T21:58:13.660-0100: 380,042: Total time for which application threads were stopped: 0,0621606 seconds, Stopping threads took: 0,0024557 seconds
2016-09-11T21:58:13.662-0100: 380,044: [GC (CMS Final Remark) [YG occupancy: 21850 K (109248 K)]{Heap before GC invocations=151 (full 7):
 par new generation   total 109248K, used 21850K [0x00000007a0000000, 0x00000007a8000000, 0x00000007a8000000)
  eden space 87424K,   0% used [0x00000007a0000000, 0x00000007a0006aa8, 0x00000007a5560000)
  from space 21824K, 100% used [0x00000007a6ab0000, 0x00000007a8000000, 0x00000007a8000000)
  to   space 21824K,   0% used [0x00000007a5560000, 0x00000007a5560000, 0x00000007a6ab0000)
 concurrent mark-sweep generation total 393216K, used 210546K [0x00000007a8000000, 0x00000007c0000000, 0x00000007c0000000)
 Metaspace       used 45938K, capacity 46948K, committed 47180K, reserved 1091584K
  class space    used 5050K, capacity 5366K, committed 5496K, reserved 1048576K
2016-09-11T21:58:13.662-0100: 380,044: [GC (CMS Final Remark) 2016-09-11T21:58:13.662-0100: 380,044: [ParNew
Desired survivor size 20112992 bytes, new threshold 8 (max 8)
- age   1:       1520 bytes,       1520 total
- age   2:    7973648 bytes,    7975168 total
- age   3:    6787536 bytes,   14762704 total
- age   4:      57856 bytes,   14820560 total
- age   5:       5328 bytes,   14825888 total
: 21850K->21824K(109248K), 0,0289187 secs] 232397K->239771K(502464K), 0,0290032 secs] [Times: user=0,08 sys=0,00, real=0,03 secs] 
Heap after GC invocations=152 (full 7):
 par new generation   total 109248K, used 21824K [0x00000007a0000000, 0x00000007a8000000, 0x00000007a8000000)
  eden space 87424K,   0% used [0x00000007a0000000, 0x00000007a0000000, 0x00000007a5560000)
  from space 21824K, 100% used [0x00000007a5560000, 0x00000007a6ab0000, 0x00000007a6ab0000)
  to   space 21824K,   0% used [0x00000007a6ab0000, 0x00000007a6ab0000, 0x00000007a8000000)
 concurrent mark-sweep generation total 393216K, used 217947K [0x00000007a8000000, 0x00000007c0000000, 0x00000007c0000000)
 Metaspace       used 45938K, capacity 46948K, committed 47180K, reserved 1091584K
  class space    used 5050K, capacity 5366K, committed 5496K, reserved 1048576K
}
2016-09-11T21:58:13.691-0100: 380,073: [Rescan (parallel) , 0,0128511 secs]2016-09-11T21:58:13.704-0100: 380,086: [weak refs processing, 0,0367628 secs]2016-09-11T21:58:13.741-0100: 380,123: [class unloading, 0,0226007 secs]2016-09-11T21:58:13.763-0100: 380,145: [scrub symbol table, 0,0147889 secs]2016-09-11T21:58:13.778-0100: 380,160: [scrub string table, 0,0011768 secs][1 CMS-remark: 217947K(393216K)] 239771K(502464K), 0,1178574 secs] [Times: user=0,29 sys=0,03, real=0,12 secs] 
2016-09-11T21:58:13.780-0100: 380,162: Total time for which application threads were stopped: 0,1181980 seconds, Stopping threads took: 0,0000512 seconds
2016-09-11T21:58:13.780-0100: 380,162: [CMS-concurrent-sweep-start]
{Heap before GC invocations=152 (full 7):
 par new generation   total 109248K, used 109248K [0x00000007a0000000, 0x00000007a8000000, 0x00000007a8000000)
  eden space 87424K, 100% used [0x00000007a0000000, 0x00000007a5560000, 0x00000007a5560000)
  from space 21824K, 100% used [0x00000007a5560000, 0x00000007a6ab0000, 0x00000007a6ab0000)
  to   space 21824K,   0% used [0x00000007a6ab0000, 0x00000007a6ab0000, 0x00000007a8000000)
 concurrent mark-sweep generation total 393216K, used 167967K [0x00000007a8000000, 0x00000007c0000000, 0x00000007c0000000)
 Metaspace       used 45941K, capacity 47012K, committed 47436K, reserved 1091584K
  class space    used 5050K, capacity 5366K, committed 5496K, reserved 1048576K
2016-09-11T21:58:13.904-0100: 380,286: [GC (Allocation Failure) 2016-09-11T21:58:13.904-0100: 380,286: [ParNew
Desired survivor size 20112992 bytes, new threshold 4 (max 8)
- age   1:    8322896 bytes,    8322896 total
- age   2:       1464 bytes,    8324360 total
- age   3:    7271288 bytes,   15595648 total
- age   4:    6632312 bytes,   22227960 total
- age   5:      57856 bytes,   22285816 total
- age   6:       2200 bytes,   22288016 total
: 109248K->21824K(109248K), 0,0321141 secs] 277215K->195192K(502464K), 0,0322359 secs] [Times: user=0,09 sys=0,01, real=0,03 secs] 
Heap after GC invocations=153 (full 7):
 par new generation   total 109248K, used 21824K [0x00000007a0000000, 0x00000007a8000000, 0x00000007a8000000)
  eden space 87424K,   0% used [0x00000007a0000000, 0x00000007a0000000, 0x00000007a5560000)
  from space 21824K, 100% used [0x00000007a6ab0000, 0x00000007a8000000, 0x00000007a8000000)
  to   space 21824K,   0% used [0x00000007a5560000, 0x00000007a5560000, 0x00000007a6ab0000)
 concurrent mark-sweep generation total 393216K, used 173368K [0x00000007a8000000, 0x00000007c0000000, 0x00000007c0000000)
 Metaspace       used 45941K, capacity 47012K, committed 47436K, reserved 1091584K
  class space    used 5050K, capacity 5366K, committed 5496K, reserved 1048576K
}
2016-09-11T21:58:13.936-0100: 380,319: Total time for which application threads were stopped: 0,0330610 seconds, Stopping threads took: 0,0003437 seconds
2016-09-11T21:58:14.053-0100: 380,435: [CMS-concurrent-sweep: 0,240/0,273 secs] [Times: user=0,87 sys=0,04, real=0,27 secs] 
2016-09-11T21:58:14.053-0100: 380,435: [CMS-concurrent-reset-start]
2016-09-11T21:58:14.054-0100: 380,436: [CMS-concurrent-reset: 0,001/0,001 secs] [Times: user=0,00 sys=0,00, real=0,00 secs] 
{Heap before GC invocations=153 (full 7):
 par new generation   total 109248K, used 109248K [0x00000007a0000000, 0x00000007a8000000, 0x00000007a8000000)
  eden space 87424K, 100% used [0x00000007a0000000, 0x00000007a5560000, 0x00000007a5560000)
  from space 21824K, 100% used [0x00000007a6ab0000, 0x00000007a8000000, 0x00000007a8000000)
  to   space 21824K,   0% used [0x00000007a5560000, 0x00000007a5560000, 0x00000007a6ab0000)
 concurrent mark-sweep generation total 393216K, used 120834K [0x00000007a8000000, 0x00000007c0000000, 0x00000007c0000000)
 Metaspace       used 45941K, capacity 47012K, committed 47436K, reserved 1091584K
  class space    used 5050K, capacity 5366K, committed 5496K, reserved 1048576K
2016-09-11T21:58:14.091-0100: 380,473: [GC (Allocation Failure) 2016-09-11T21:58:14.091-0100: 380,474: [ParNew
Desired survivor size 20112992 bytes, new threshold 8 (max 8)
- age   1:    3675488 bytes,    3675488 total
- age   2:    5796712 bytes,    9472200 total
- age   3:       1352 bytes,    9473552 total
- age   4:    7271112 bytes,   16744664 total
: 109248K->21824K(109248K), 0,0225994 secs] 230082K->149478K(502464K), 0,0227049 secs] [Times: user=0,07 sys=0,00, real=0,02 secs] 
Heap after GC invocations=154 (full 7):
 par new generation   total 109248K, used 21824K [0x00000007a0000000, 0x00000007a8000000, 0x00000007a8000000)
  eden space 87424K,   0% used [0x00000007a0000000, 0x00000007a0000000, 0x00000007a5560000)
  from space 21824K, 100% used [0x00000007a5560000, 0x00000007a6ab0000, 0x00000007a6ab0000)
  to   space 21824K,   0% used [0x00000007a6ab0000, 0x00000007a6ab0000, 0x00000007a8000000)
 concurrent mark-sweep generation total 393216K, used 127654K [0x00000007a8000000, 0x00000007c0000000, 0x00000007c0000000)
 Metaspace       used 45941K, capacity 47012K, committed 47436K, reserved 1091584K
  class space    used 5050K, capacity 5366K, committed 5496K, reserved 1048576K
}
2016-09-11T21:58:14.114-0100: 380,496: Total time for which application threads were stopped: 0,0235254 seconds, Stopping threads took: 0,0003242 seconds
{Heap before GC invocations=154 (full 7):
 par new generation   total 109248K, used 109248K [0x00000007a0000000, 0x00000007a8000000, 0x00000007a8000000)
  eden space 87424K, 100% used [0x00000007a0000000, 0x00000007a5560000, 0x00000007a5560000)
  from space 21824K, 100% used [0x00000007a5560000, 0x00000007a6ab0000, 0x00000007a6ab0000)
  to   space 21824K,   0% used [0x00000007a6ab0000, 0x00000007a6ab0000, 0x00000007a8000000)
 concurrent mark-sweep generation total 393216K, used 127654K [0x00000007a8000000, 0x00000007c0000000, 0x00000007c0000000)
 Metaspace       used 45941K, capacity 47012K, committed 47436K, reserved 1091584K
  class space    used 5050K, capacity 5366K, committed 5496K, reserved 1048576K
2016-09-11T21:58:14.247-0100: 380,629: [GC (Allocation Failure) 2016-09-11T21:58:14.254-0100: 380,636: [ParNew
Desired survivor size 20112992 bytes, new threshold 8 (max 8)
- age   1:    4445688 bytes,    4445688 total
- age   2:    1539664 bytes,    5985352 total
- age   3:    5766768 bytes,   11752120 total
- age   4:       1352 bytes,   11753472 total
- age   5:    7271136 bytes,   19024608 total
: 109248K->21824K(109248K), 0,0193502 secs] 236902K->149478K(502464K), 0,0267037 secs] [Times: user=0,06 sys=0,00, real=0,03 secs] 
Heap after GC invocations=155 (full 7):
 par new generation   total 109248K, used 21824K [0x00000007a0000000, 0x00000007a8000000, 0x00000007a8000000)
  eden space 87424K,   0% used [0x00000007a0000000, 0x00000007a0000000, 0x00000007a5560000)
  from space 21824K, 100% used [0x00000007a6ab0000, 0x00000007a8000000, 0x00000007a8000000)
  to   space 21824K,   0% used [0x00000007a5560000, 0x00000007a5560000, 0x00000007a6ab0000)
 concurrent mark-sweep generation total 393216K, used 127654K [0x00000007a8000000, 0x00000007c0000000, 0x00000007c0000000)
 Metaspace       used 45941K, capacity 47012K, committed 47436K, reserved 1091584K
  class space    used 5050K, capacity 5366K, committed 5496K, reserved 1048576K
}
2016-09-11T21:58:14.274-0100: 380,656: Total time for which application threads were stopped: 0,0273160 seconds, Stopping threads took: 0,0002636 seconds
{Heap before GC invocations=155 (full 7):
 par new generation   total 109248K, used 109248K [0x00000007a0000000, 0x00000007a8000000, 0x00000007a8000000)
  eden space 87424K, 100% used [0x00000007a0000000, 0x00000007a5560000, 0x00000007a5560000)
  from space 21824K, 100% used [0x00000007a6ab0000, 0x00000007a8000000, 0x00000007a8000000)
  to   space 21824K,   0% used [0x00000007a5560000, 0x00000007a5560000, 0x00000007a6ab0000)
 concurrent mark-sweep generation total 393216K, used 127654K [0x00000007a8000000, 0x00000007c0000000, 0x00000007c0000000)
 Metaspace       used 45941K, capacity 47012K, committed 47436K, reserved 1091584K
  class space    used 5050K, capacity 5366K, committed 5496K, reserved 1048576K
2016-09-11T21:58:14.389-0100: 380,771: [GC (Allocation Failure) 2016-09-11T21:58:14.389-0100: 380,771: [ParNew
Desired survivor size 20112992 bytes, new threshold 8 (max 8)
- age   1:    1486720 bytes,    1486720 total
- age   2:    3024584 bytes,    4511304 total
- age   3:    1086592 bytes,    5597896 total
- age   4:    5692456 bytes,   11290352 total
- age   5:       1352 bytes,   11291704 total
- age   6:    7271112 bytes,   18562816 total
: 109248K->21824K(109248K), 0,0225651 secs] 236902K->149581K(502464K), 0,0226485 secs] [Times: user=0,06 sys=0,00, real=0,03 secs] 
Heap after GC invocations=156 (full 7):
 par new generation   total 109248K, used 21824K [0x00000007a0000000, 0x00000007a8000000, 0x00000007a8000000)
  eden space 87424K,   0% used [0x00000007a0000000, 0x00000007a0000000, 0x00000007a5560000)
  from space 21824K, 100% used [0x00000007a5560000, 0x00000007a6ab0000, 0x00000007a6ab0000)
  to   space 21824K,   0% used [0x00000007a6ab0000, 0x00000007a6ab0000, 0x00000007a8000000)
 concurrent mark-sweep generation total 393216K, used 127757K [0x00000007a8000000, 0x00000007c0000000, 0x00000007c0000000)
 Metaspace       used 45941K, capacity 47012K, committed 47436K, reserved 1091584K
  class space    used 5050K, capacity 5366K, committed 5496K, reserved 1048576K
}
2016-09-11T21:58:14.412-0100: 380,794: Total time for which application threads were stopped: 0,0230271 seconds, Stopping threads took: 0,0000904 seconds
2016-09-11T21:58:14.505-0100: 380,887: Total time for which application threads were stopped: 0,0002988 seconds, Stopping threads took: 0,0000369 seconds
2016-09-11T21:58:14.733-0100: 381,115: Total time for which application threads were stopped: 0,0006672 seconds, Stopping threads took: 0,0000483 seconds
{Heap before GC invocations=156 (full 7):
 par new generation   total 109248K, used 109248K [0x00000007a0000000, 0x00000007a8000000, 0x00000007a8000000)
  eden space 87424K, 100% used [0x00000007a0000000, 0x00000007a5560000, 0x00000007a5560000)
  from space 21824K, 100% used [0x00000007a5560000, 0x00000007a6ab0000, 0x00000007a6ab0000)
  to   space 21824K,   0% used [0x00000007a6ab0000, 0x00000007a6ab0000, 0x00000007a8000000)
 concurrent mark-sweep generation total 393216K, used 127804K [0x00000007a8000000, 0x00000007c0000000, 0x00000007c0000000)
 Metaspace       used 45957K, capacity 47012K, committed 47436K, reserved 1091584K
  class space    used 5050K, capacity 5366K, committed 5496K, reserved 1048576K
2016-09-11T21:58:14.735-0100: 381,118: [GC (Allocation Failure) 2016-09-11T21:58:14.736-0100: 381,118: [ParNew
Desired survivor size 20112992 bytes, new threshold 7 (max 8)
- age   1:   12316480 bytes,   12316480 total
- age   2:     521184 bytes,   12837664 total
- age   3:    1315904 bytes,   14153568 total
- age   4:     599416 bytes,   14752984 total
- age   5:    3627584 bytes,   18380568 total
- age   6:       1352 bytes,   18381920 total
- age   7:    3958960 bytes,   22340880 total
: 109248K->21824K(109248K), 0,0471671 secs] 237052K->164835K(502464K), 0,0473170 secs] [Times: user=0,14 sys=0,00, real=0,05 secs] 
Heap after GC invocations=157 (full 7):
 par new generation   total 109248K, used 21824K [0x00000007a0000000, 0x00000007a8000000, 0x00000007a8000000)
  eden space 87424K,   0% used [0x00000007a0000000, 0x00000007a0000000, 0x00000007a5560000)
  from space 21824K, 100% used [0x00000007a6ab0000, 0x00000007a8000000, 0x00000007a8000000)
  to   space 21824K,   0% used [0x00000007a5560000, 0x00000007a5560000, 0x00000007a6ab0000)
 concurrent mark-sweep generation total 393216K, used 143011K [0x00000007a8000000, 0x00000007c0000000, 0x00000007c0000000)
 Metaspace       used 45957K, capacity 47012K, committed 47436K, reserved 1091584K
  class space    used 5050K, capacity 5366K, committed 5496K, reserved 1048576K
}
2016-09-11T21:58:14.783-0100: 381,165: Total time for which application threads were stopped: 0,0477778 seconds, Stopping threads took: 0,0000364 seconds
{Heap before GC invocations=157 (full 7):
 par new generation   total 109248K, used 21974K [0x00000007a0000000, 0x00000007a8000000, 0x00000007a8000000)
  eden space 87424K,   0% used [0x00000007a0000000, 0x00000007a00259f0, 0x00000007a5560000)
  from space 21824K, 100% used [0x00000007a6ab0000, 0x00000007a8000000, 0x00000007a8000000)
  to   space 21824K,   0% used [0x00000007a5560000, 0x00000007a5560000, 0x00000007a6ab0000)
 concurrent mark-sweep generation total 393216K, used 143011K [0x00000007a8000000, 0x00000007c0000000, 0x00000007c0000000)
 Metaspace       used 45957K, capacity 47012K, committed 47436K, reserved 1091584K
  class space    used 5050K, capacity 5366K, committed 5496K, reserved 1048576K
2016-09-11T21:58:14.784-0100: 381,166: [GC (GCLocker Initiated GC) 2016-09-11T21:58:14.784-0100: 381,166: [ParNew
Desired survivor size 20112992 bytes, new threshold 8 (max 8)
- age   1:      50080 bytes,      50080 total
- age   2:   11581360 bytes,   11631440 total
- age   3:     489800 bytes,   12121240 total
- age   4:    1252984 bytes,   13374224 total
- age   5:     599416 bytes,   13973640 total
- age   6:    3337176 bytes,   17310816 total
- age   7:        936 bytes,   17311752 total
: 21974K->21824K(109248K), 0,0282874 secs] 164986K->170029K(502464K), 0,0286775 secs] [Times: user=0,08 sys=0,00, real=0,03 secs] 
Heap after GC invocations=158 (full 7):
 par new generation   total 109248K, used 21824K [0x00000007a0000000, 0x00000007a8000000, 0x00000007a8000000)
  eden space 87424K,   0% used [0x00000007a0000000, 0x00000007a0000000, 0x00000007a5560000)
  from space 21824K, 100% used [0x00000007a5560000, 0x00000007a6ab0000, 0x00000007a6ab0000)
  to   space 21824K,   0% used [0x00000007a6ab0000, 0x00000007a6ab0000, 0x00000007a8000000)
 concurrent mark-sweep generation total 393216K, used 148205K [0x00000007a8000000, 0x00000007c0000000, 0x00000007c0000000)
 Metaspace       used 45957K, capacity 47012K, committed 47436K, reserved 1091584K
  class space    used 5050K, capacity 5366K, committed 5496K, reserved 1048576K
}
2016-09-11T21:58:14.813-0100: 381,195: Total time for which application threads were stopped: 0,0293349 seconds, Stopping threads took: 0,0001079 seconds
{Heap before GC invocations=158 (full 7):
 par new generation   total 109248K, used 109248K [0x00000007a0000000, 0x00000007a8000000, 0x00000007a8000000)
  eden space 87424K, 100% used [0x00000007a0000000, 0x00000007a5560000, 0x00000007a5560000)
  from space 21824K, 100% used [0x00000007a5560000, 0x00000007a6ab0000, 0x00000007a6ab0000)
  to   space 21824K,   0% used [0x00000007a6ab0000, 0x00000007a6ab0000, 0x00000007a8000000)
 concurrent mark-sweep generation total 393216K, used 148205K [0x00000007a8000000, 0x00000007c0000000, 0x00000007c0000000)
 Metaspace       used 45957K, capacity 47012K, committed 47436K, reserved 1091584K
  class space    used 5050K, capacity 5366K, committed 5496K, reserved 1048576K
2016-09-11T21:58:14.897-0100: 381,279: [GC (Allocation Failure) 2016-09-11T21:58:14.899-0100: 381,281: [ParNew
Desired survivor size 20112992 bytes, new threshold 7 (max 8)
- age   1:    4335160 bytes,    4335160 total
- age   2:      49216 bytes,    4384376 total
- age   3:   11569696 bytes,   15954072 total
- age   4:     456504 bytes,   16410576 total
- age   5:    1052032 bytes,   17462608 total
- age   6:     567560 bytes,   18030168 total
- age   7:    3173880 bytes,   21204048 total
- age   8:        936 bytes,   21204984 total
: 109248K->21824K(109248K), 0,0203870 secs] 257453K->170503K(502464K), 0,0223067 secs] [Times: user=0,06 sys=0,00, real=0,03 secs] 
Heap after GC invocations=159 (full 7):
 par new generation   total 109248K, used 21824K [0x00000007a0000000, 0x00000007a8000000, 0x00000007a8000000)
  eden space 87424K,   0% used [0x00000007a0000000, 0x00000007a0000000, 0x00000007a5560000)
  from space 21824K, 100% used [0x00000007a6ab0000, 0x00000007a8000000, 0x00000007a8000000)
  to   space 21824K,   0% used [0x00000007a5560000, 0x00000007a5560000, 0x00000007a6ab0000)
 concurrent mark-sweep generation total 393216K, used 148679K [0x00000007a8000000, 0x00000007c0000000, 0x00000007c0000000)
 Metaspace       used 45957K, capacity 47012K, committed 47436K, reserved 1091584K
  class space    used 5050K, capacity 5366K, committed 5496K, reserved 1048576K
}
2016-09-11T21:58:14.920-0100: 381,302: Total time for which application threads were stopped: 0,0228228 seconds, Stopping threads took: 0,0001260 seconds
{Heap before GC invocations=159 (full 7):
 par new generation   total 109248K, used 109248K [0x00000007a0000000, 0x00000007a8000000, 0x00000007a8000000)
  eden space 87424K, 100% used [0x00000007a0000000, 0x00000007a5560000, 0x00000007a5560000)
  from space 21824K, 100% used [0x00000007a6ab0000, 0x00000007a8000000, 0x00000007a8000000)
  to   space 21824K,   0% used [0x00000007a5560000, 0x00000007a5560000, 0x00000007a6ab0000)
 concurrent mark-sweep generation total 393216K, used 148679K [0x00000007a8000000, 0x00000007c0000000, 0x00000007c0000000)
 Metaspace       used 45957K, capacity 47012K, committed 47436K, reserved 1091584K
  class space    used 5050K, capacity 5366K, committed 5496K, reserved 1048576K
2016-09-11T21:58:15.005-0100: 381,387: [GC (Allocation Failure) 2016-09-11T21:58:15.005-0100: 381,387: [ParNew
Desired survivor size 20112992 bytes, new threshold 8 (max 8)
- age   1:    3812360 bytes,    3812360 total
- age   2:    2754288 bytes,    6566648 total
- age   3:      49216 bytes,    6615864 total
- age   4:   11278600 bytes,   17894464 total
- age   5:     456504 bytes,   18350968 total
- age   6:    1052032 bytes,   19403000 total
- age   7:     567560 bytes,   19970560 total
: 109248K->21824K(109248K), 0,0255952 secs] 257927K->174093K(502464K), 0,0257193 secs] [Times: user=0,07 sys=0,00, real=0,03 secs] 
Heap after GC invocations=160 (full 7):
 par new generation   total 109248K, used 21824K [0x00000007a0000000, 0x00000007a8000000, 0x00000007a8000000)
  eden space 87424K,   0% used [0x00000007a0000000, 0x00000007a0000000, 0x00000007a5560000)
  from space 21824K, 100% used [0x00000007a5560000, 0x00000007a6ab0000, 0x00000007a6ab0000)
  to   space 21824K,   0% used [0x00000007a6ab0000, 0x00000007a6ab0000, 0x00000007a8000000)
 concurrent mark-sweep generation total 393216K, used 152269K [0x00000007a8000000, 0x00000007c0000000, 0x00000007c0000000)
 Metaspace       used 45957K, capacity 47012K, committed 47436K, reserved 1091584K
  class space    used 5050K, capacity 5366K, committed 5496K, reserved 1048576K
}
2016-09-11T21:58:15.031-0100: 381,413: Total time for which application threads were stopped: 0,0261231 seconds, Stopping threads took: 0,0001125 seconds
{Heap before GC invocations=160 (full 7):
 par new generation   total 109248K, used 109248K [0x00000007a0000000, 0x00000007a8000000, 0x00000007a8000000)
  eden space 87424K, 100% used [0x00000007a0000000, 0x00000007a5560000, 0x00000007a5560000)
  from space 21824K, 100% used [0x00000007a5560000, 0x00000007a6ab0000, 0x00000007a6ab0000)
  to   space 21824K,   0% used [0x00000007a6ab0000, 0x00000007a6ab0000, 0x00000007a8000000)
 concurrent mark-sweep generation total 393216K, used 152269K [0x00000007a8000000, 0x00000007c0000000, 0x00000007c0000000)
 Metaspace       used 45982K, capacity 47012K, committed 47436K, reserved 1091584K
  class space    used 5050K, capacity 5366K, committed 5496K, reserved 1048576K
2016-09-11T21:58:15.299-0100: 381,681: [GC (Allocation Failure) 2016-09-11T21:58:15.299-0100: 381,681: [ParNew
Desired survivor size 20112992 bytes, new threshold 5 (max 8)
- age   1:    7441408 bytes,    7441408 total
- age   2:    1600792 bytes,    9042200 total
- age   3:    1750888 bytes,   10793088 total
- age   4:      49128 bytes,   10842216 total
- age   5:    9452192 bytes,   20294408 total
- age   6:     425088 bytes,   20719496 total
- age   7:     981544 bytes,   21701040 total
- age   8:     509152 bytes,   22210192 total
: 109248K->21824K(109248K), 0,0379118 secs] 261517K->182298K(502464K), 0,0380203 secs] [Times: user=0,10 sys=0,01, real=0,04 secs] 
Heap after GC invocations=161 (full 7):
 par new generation   total 109248K, used 21824K [0x00000007a0000000, 0x00000007a8000000, 0x00000007a8000000)
  eden space 87424K,   0% used [0x00000007a0000000, 0x00000007a0000000, 0x00000007a5560000)
  from space 21824K, 100% used [0x00000007a6ab0000, 0x00000007a8000000, 0x00000007a8000000)
  to   space 21824K,   0% used [0x00000007a5560000, 0x00000007a5560000, 0x00000007a6ab0000)
 concurrent mark-sweep generation total 393216K, used 160474K [0x00000007a8000000, 0x00000007c0000000, 0x00000007c0000000)
 Metaspace       used 45982K, capacity 47012K, committed 47436K, reserved 1091584K
  class space    used 5050K, capacity 5366K, committed 5496K, reserved 1048576K
}
2016-09-11T21:58:15.337-0100: 381,719: Total time for which application threads were stopped: 0,0384197 seconds, Stopping threads took: 0,0000460 seconds
2016-09-11T21:58:15.472-0100: 381,854: Total time for which application threads were stopped: 0,0003296 seconds, Stopping threads took: 0,0000525 seconds
{Heap before GC invocations=161 (full 7):
 par new generation   total 109248K, used 109248K [0x00000007a0000000, 0x00000007a8000000, 0x00000007a8000000)
  eden space 87424K, 100% used [0x00000007a0000000, 0x00000007a5560000, 0x00000007a5560000)
  from space 21824K, 100% used [0x00000007a6ab0000, 0x00000007a8000000, 0x00000007a8000000)
  to   space 21824K,   0% used [0x00000007a5560000, 0x00000007a5560000, 0x00000007a6ab0000)
 concurrent mark-sweep generation total 393216K, used 160478K [0x00000007a8000000, 0x00000007c0000000, 0x00000007c0000000)
 Metaspace       used 45982K, capacity 47012K, committed 47436K, reserved 1091584K
  class space    used 5050K, capacity 5366K, committed 5496K, reserved 1048576K
2016-09-11T21:58:15.472-0100: 381,854: [GC (GCLocker Initiated GC) 2016-09-11T21:58:15.472-0100: 381,854: [ParNew
Desired survivor size 20112992 bytes, new threshold 8 (max 8)
- age   1:   10543440 bytes,   10543440 total
- age   2:    5324440 bytes,   15867880 total
- age   3:    1600712 bytes,   17468592 total
- age   4:    1750888 bytes,   19219480 total
- age   5:      49128 bytes,   19268608 total
: 109248K->21824K(109248K), 0,0471461 secs] 269726K->199054K(502464K), 0,0476243 secs] [Times: user=0,11 sys=0,00, real=0,05 secs] 
Heap after GC invocations=162 (full 7):
 par new generation   total 109248K, used 21824K [0x00000007a0000000, 0x00000007a8000000, 0x00000007a8000000)
  eden space 87424K,   0% used [0x00000007a0000000, 0x00000007a0000000, 0x00000007a5560000)
  from space 21824K, 100% used [0x00000007a5560000, 0x00000007a6ab0000, 0x00000007a6ab0000)
  to   space 21824K,   0% used [0x00000007a6ab0000, 0x00000007a6ab0000, 0x00000007a8000000)
 concurrent mark-sweep generation total 393216K, used 177230K [0x00000007a8000000, 0x00000007c0000000, 0x00000007c0000000)
 Metaspace       used 45982K, capacity 47012K, committed 47436K, reserved 1091584K
  class space    used 5050K, capacity 5366K, committed 5496K, reserved 1048576K
}
2016-09-11T21:58:15.520-0100: 381,902: Total time for which application threads were stopped: 0,0479240 seconds, Stopping threads took: 0,0000181 seconds
2016-09-11T21:58:15.614-0100: 381,996: Total time for which application threads were stopped: 0,0004588 seconds, Stopping threads took: 0,0001265 seconds
{Heap before GC invocations=162 (full 7):
 par new generation   total 109248K, used 109248K [0x00000007a0000000, 0x00000007a8000000, 0x00000007a8000000)
  eden space 87424K, 100% used [0x00000007a0000000, 0x00000007a5560000, 0x00000007a5560000)
  from space 21824K, 100% used [0x00000007a5560000, 0x00000007a6ab0000, 0x00000007a6ab0000)
  to   space 21824K,   0% used [0x00000007a6ab0000, 0x00000007a6ab0000, 0x00000007a8000000)
 concurrent mark-sweep generation total 393216K, used 177230K [0x00000007a8000000, 0x00000007c0000000, 0x00000007c0000000)
 Metaspace       used 45996K, capacity 47012K, committed 47436K, reserved 1091584K
  class space    used 5050K, capacity 5366K, committed 5496K, reserved 1048576K
2016-09-11T21:58:15.760-0100: 382,142: [GC (Allocation Failure) 2016-09-11T21:58:15.760-0100: 382,142: [ParNew
Desired survivor size 20112992 bytes, new threshold 5 (max 8)
- age   1:    4416384 bytes,    4416384 total
- age   2:    8440912 bytes,   12857296 total
- age   3:    5270088 bytes,   18127384 total
- age   4:    1600712 bytes,   19728096 total
- age   5:    1750888 bytes,   21478984 total
- age   6:      49128 bytes,   21528112 total
: 109248K->21824K(109248K), 0,0392892 secs] 286478K->200903K(502464K), 0,0394030 secs] [Times: user=0,09 sys=0,00, real=0,04 secs] 
Heap after GC invocations=163 (full 7):
 par new generation   total 109248K, used 21824K [0x00000007a0000000, 0x00000007a8000000, 0x00000007a8000000)
  eden space 87424K,   0% used [0x00000007a0000000, 0x00000007a0000000, 0x00000007a5560000)
  from space 21824K, 100% used [0x00000007a6ab0000, 0x00000007a8000000, 0x00000007a8000000)
  to   space 21824K,   0% used [0x00000007a5560000, 0x00000007a5560000, 0x00000007a6ab0000)
 concurrent mark-sweep generation total 393216K, used 179079K [0x00000007a8000000, 0x00000007c0000000, 0x00000007c0000000)
 Metaspace       used 45996K, capacity 47012K, committed 47436K, reserved 1091584K
  class space    used 5050K, capacity 5366K, committed 5496K, reserved 1048576K
}
2016-09-11T21:58:15.800-0100: 382,182: Total time for which application threads were stopped: 0,0414812 seconds, Stopping threads took: 0,0013784 seconds
{Heap before GC invocations=163 (full 7):
 par new generation   total 109248K, used 109248K [0x00000007a0000000, 0x00000007a8000000, 0x00000007a8000000)
  eden space 87424K, 100% used [0x00000007a0000000, 0x00000007a5560000, 0x00000007a5560000)
  from space 21824K, 100% used [0x00000007a6ab0000, 0x00000007a8000000, 0x00000007a8000000)
  to   space 21824K,   0% used [0x00000007a5560000, 0x00000007a5560000, 0x00000007a6ab0000)
 concurrent mark-sweep generation total 393216K, used 179079K [0x00000007a8000000, 0x00000007c0000000, 0x00000007c0000000)
 Metaspace       used 45996K, capacity 47012K, committed 47436K, reserved 1091584K
  class space    used 5050K, capacity 5366K, committed 5496K, reserved 1048576K
2016-09-11T21:58:15.947-0100: 382,329: [GC (Allocation Failure) 2016-09-11T21:58:15.947-0100: 382,330: [ParNew
Desired survivor size 20112992 bytes, new threshold 5 (max 8)
- age   1:    4035064 bytes,    4035064 total
- age   2:    2588904 bytes,    6623968 total
- age   3:    7356080 bytes,   13980048 total
- age   4:    5188856 bytes,   19168904 total
- age   5:    1600712 bytes,   20769616 total
: 109248K->21824K(109248K), 0,0232280 secs] 288327K->204529K(502464K), 0,0233437 secs] [Times: user=0,08 sys=0,00, real=0,03 secs] 
Heap after GC invocations=164 (full 7):
 par new generation   total 109248K, used 21824K [0x00000007a0000000, 0x00000007a8000000, 0x00000007a8000000)
  eden space 87424K,   0% used [0x00000007a0000000, 0x00000007a0000000, 0x00000007a5560000)
  from space 21824K, 100% used [0x00000007a5560000, 0x00000007a6ab0000, 0x00000007a6ab0000)
  to   space 21824K,   0% used [0x00000007a6ab0000, 0x00000007a6ab0000, 0x00000007a8000000)
 concurrent mark-sweep generation total 393216K, used 182705K [0x00000007a8000000, 0x00000007c0000000, 0x00000007c0000000)
 Metaspace       used 45996K, capacity 47012K, committed 47436K, reserved 1091584K
  class space    used 5050K, capacity 5366K, committed 5496K, reserved 1048576K
}
2016-09-11T21:58:15.971-0100: 382,353: Total time for which application threads were stopped: 0,0239150 seconds, Stopping threads took: 0,0001381 seconds
{Heap before GC invocations=164 (full 7):
 par new generation   total 109248K, used 109248K [0x00000007a0000000, 0x00000007a8000000, 0x00000007a8000000)
  eden space 87424K, 100% used [0x00000007a0000000, 0x00000007a5560000, 0x00000007a5560000)
  from space 21824K, 100% used [0x00000007a5560000, 0x00000007a6ab0000, 0x00000007a6ab0000)
  to   space 21824K,   0% used [0x00000007a6ab0000, 0x00000007a6ab0000, 0x00000007a8000000)
 concurrent mark-sweep generation total 393216K, used 182705K [0x00000007a8000000, 0x00000007c0000000, 0x00000007c0000000)
 Metaspace       used 45996K, capacity 47012K, committed 47436K, reserved 1091584K
  class space    used 5050K, capacity 5366K, committed 5496K, reserved 1048576K
2016-09-11T21:58:16.097-0100: 382,479: [GC (Allocation Failure) 2016-09-11T21:58:16.097-0100: 382,479: [ParNew
Desired survivor size 20112992 bytes, new threshold 5 (max 8)
- age   1:    3927072 bytes,    3927072 total
- age   2:    2526960 bytes,    6454032 total
- age   3:    1951176 bytes,    8405208 total
- age   4:    6858216 bytes,   15263424 total
- age   5:    5092016 bytes,   20355440 total
: 109248K->21824K(109248K), 0,0345208 secs] 291953K->207721K(502464K), 0,0347858 secs] [Times: user=0,08 sys=0,00, real=0,04 secs] 
Heap after GC invocations=165 (full 7):
 par new generation   total 109248K, used 21824K [0x00000007a0000000, 0x00000007a8000000, 0x00000007a8000000)
  eden space 87424K,   0% used [0x00000007a0000000, 0x00000007a0000000, 0x00000007a5560000)
  from space 21824K, 100% used [0x00000007a6ab0000, 0x00000007a8000000, 0x00000007a8000000)
  to   space 21824K,   0% used [0x00000007a5560000, 0x00000007a5560000, 0x00000007a6ab0000)
 concurrent mark-sweep generation total 393216K, used 185897K [0x00000007a8000000, 0x00000007c0000000, 0x00000007c0000000)
 Metaspace       used 45996K, capacity 47012K, committed 47436K, reserved 1091584K
  class space    used 5050K, capacity 5366K, committed 5496K, reserved 1048576K
}
2016-09-11T21:58:16.132-0100: 382,514: Total time for which application threads were stopped: 0,0354150 seconds, Stopping threads took: 0,0001168 seconds
{Heap before GC invocations=165 (full 7):
 par new generation   total 109248K, used 109248K [0x00000007a0000000, 0x00000007a8000000, 0x00000007a8000000)
  eden space 87424K, 100% used [0x00000007a0000000, 0x00000007a5560000, 0x00000007a5560000)
  from space 21824K, 100% used [0x00000007a6ab0000, 0x00000007a8000000, 0x00000007a8000000)
  to   space 21824K,   0% used [0x00000007a5560000, 0x00000007a5560000, 0x00000007a6ab0000)
 concurrent mark-sweep generation total 393216K, used 185897K [0x00000007a8000000, 0x00000007c0000000, 0x00000007c0000000)
 Metaspace       used 46039K, capacity 47086K, committed 47436K, reserved 1091584K
  class space    used 5051K, capacity 5367K, committed 5496K, reserved 1048576K
2016-09-11T21:58:16.393-0100: 382,776: [GC (Allocation Failure) 2016-09-11T21:58:16.393-0100: 382,776: [ParNew
Desired survivor size 20112992 bytes, new threshold 5 (max 8)
- age   1:    9118584 bytes,    9118584 total
- age   2:    3121024 bytes,   12239608 total
- age   3:    2078712 bytes,   14318320 total
- age   4:    1950624 bytes,   16268944 total
- age   5:    5470744 bytes,   21739688 total
: 109248K->21824K(109248K), 0,0388173 secs] 295145K->214892K(502464K), 0,0389490 secs] [Times: user=0,11 sys=0,00, real=0,04 secs] 
Heap after GC invocations=166 (full 7):
 par new generation   total 109248K, used 21824K [0x00000007a0000000, 0x00000007a8000000, 0x00000007a8000000)
  eden space 87424K,   0% used [0x00000007a0000000, 0x00000007a0000000, 0x00000007a5560000)
  from space 21824K, 100% used [0x00000007a5560000, 0x00000007a6ab0000, 0x00000007a6ab0000)
  to   space 21824K,   0% used [0x00000007a6ab0000, 0x00000007a6ab0000, 0x00000007a8000000)
 concurrent mark-sweep generation total 393216K, used 193068K [0x00000007a8000000, 0x00000007c0000000, 0x00000007c0000000)
 Metaspace       used 46039K, capacity 47086K, committed 47436K, reserved 1091584K
  class space    used 5051K, capacity 5367K, committed 5496K, reserved 1048576K
}
2016-09-11T21:58:16.432-0100: 382,815: Total time for which application threads were stopped: 0,0395633 seconds, Stopping threads took: 0,0001024 seconds
{Heap before GC invocations=166 (full 7):
 par new generation   total 109248K, used 109248K [0x00000007a0000000, 0x00000007a8000000, 0x00000007a8000000)
  eden space 87424K, 100% used [0x00000007a0000000, 0x00000007a5560000, 0x00000007a5560000)
  from space 21824K, 100% used [0x00000007a5560000, 0x00000007a6ab0000, 0x00000007a6ab0000)
  to   space 21824K,   0% used [0x00000007a6ab0000, 0x00000007a6ab0000, 0x00000007a8000000)
 concurrent mark-sweep generation total 393216K, used 193068K [0x00000007a8000000, 0x00000007c0000000, 0x00000007c0000000)
 Metaspace       used 46039K, capacity 47086K, committed 47436K, reserved 1091584K
  class space    used 5051K, capacity 5367K, committed 5496K, reserved 1048576K
2016-09-11T21:58:16.589-0100: 382,972: [GC (Allocation Failure) 2016-09-11T21:58:16.590-0100: 382,972: [ParNew
Desired survivor size 20112992 bytes, new threshold 8 (max 8)
- age   1:    3567408 bytes,    3567408 total
- age   2:    8598832 bytes,   12166240 total
- age   3:    3120280 bytes,   15286520 total
- age   4:    2078712 bytes,   17365232 total
- age   5:    1950624 bytes,   19315856 total
: 109248K->21824K(109248K), 0,0412024 secs] 302316K->220592K(502464K), 0,0413121 secs] [Times: user=0,12 sys=0,00, real=0,05 secs] 
Heap after GC invocations=167 (full 7):
 par new generation   total 109248K, used 21824K [0x00000007a0000000, 0x00000007a8000000, 0x00000007a8000000)
  eden space 87424K,   0% used [0x00000007a0000000, 0x00000007a0000000, 0x00000007a5560000)
  from space 21824K, 100% used [0x00000007a6ab0000, 0x00000007a8000000, 0x00000007a8000000)
  to   space 21824K,   0% used [0x00000007a5560000, 0x00000007a5560000, 0x00000007a6ab0000)
 concurrent mark-sweep generation total 393216K, used 198768K [0x00000007a8000000, 0x00000007c0000000, 0x00000007c0000000)
 Metaspace       used 46039K, capacity 47086K, committed 47436K, reserved 1091584K
  class space    used 5051K, capacity 5367K, committed 5496K, reserved 1048576K
}
2016-09-11T21:58:16.631-0100: 383,013: Total time for which application threads were stopped: 0,0417809 seconds, Stopping threads took: 0,0000955 seconds
2016-09-11T21:58:16.631-0100: 383,013: [GC (CMS Initial Mark) [1 CMS-initial-mark: 198768K(393216K)] 221294K(502464K), 0,0085613 secs] [Times: user=0,02 sys=0,00, real=0,01 secs] 
2016-09-11T21:58:16.640-0100: 383,022: Total time for which application threads were stopped: 0,0090241 seconds, Stopping threads took: 0,0000909 seconds
2016-09-11T21:58:16.640-0100: 383,022: [CMS-concurrent-mark-start]
2016-09-11T21:58:16.708-0100: 383,090: [CMS-concurrent-mark: 0,068/0,068 secs] [Times: user=0,20 sys=0,03, real=0,06 secs] 
2016-09-11T21:58:16.708-0100: 383,090: [CMS-concurrent-preclean-start]
2016-09-11T21:58:16.710-0100: 383,092: [CMS-concurrent-preclean: 0,002/0,002 secs] [Times: user=0,00 sys=0,00, real=0,01 secs] 
2016-09-11T21:58:16.710-0100: 383,092: [CMS-concurrent-abortable-preclean-start]
{Heap before GC invocations=167 (full 8):
 par new generation   total 109248K, used 109248K [0x00000007a0000000, 0x00000007a8000000, 0x00000007a8000000)
  eden space 87424K, 100% used [0x00000007a0000000, 0x00000007a5560000, 0x00000007a5560000)
  from space 21824K, 100% used [0x00000007a6ab0000, 0x00000007a8000000, 0x00000007a8000000)
  to   space 21824K,   0% used [0x00000007a5560000, 0x00000007a5560000, 0x00000007a6ab0000)
 concurrent mark-sweep generation total 393216K, used 198768K [0x00000007a8000000, 0x00000007c0000000, 0x00000007c0000000)
 Metaspace       used 46039K, capacity 47086K, committed 47436K, reserved 1091584K
  class space    used 5051K, capacity 5367K, committed 5496K, reserved 1048576K
2016-09-11T21:58:16.854-0100: 383,236: [GC (Allocation Failure) 2016-09-11T21:58:16.854-0100: 383,236: [ParNew
Desired survivor size 20112992 bytes, new threshold 8 (max 8)
- age   1:    1350088 bytes,    1350088 total
- age   2:    2153144 bytes,    3503232 total
- age   3:    8036128 bytes,   11539360 total
- age   4:    3120280 bytes,   14659640 total
- age   5:    2076368 bytes,   16736008 total
- age   6:    1949816 bytes,   18685824 total
: 109248K->21824K(109248K), 0,0155545 secs] 308016K->220592K(502464K), 0,0156681 secs] [Times: user=0,05 sys=0,00, real=0,01 secs] 
Heap after GC invocations=168 (full 8):
 par new generation   total 109248K, used 21824K [0x00000007a0000000, 0x00000007a8000000, 0x00000007a8000000)
  eden space 87424K,   0% used [0x00000007a0000000, 0x00000007a0000000, 0x00000007a5560000)
  from space 21824K, 100% used [0x00000007a5560000, 0x00000007a6ab0000, 0x00000007a6ab0000)
  to   space 21824K,   0% used [0x00000007a6ab0000, 0x00000007a6ab0000, 0x00000007a8000000)
 concurrent mark-sweep generation total 393216K, used 198768K [0x00000007a8000000, 0x00000007c0000000, 0x00000007c0000000)
 Metaspace       used 46039K, capacity 47086K, committed 47436K, reserved 1091584K
  class space    used 5051K, capacity 5367K, committed 5496K, reserved 1048576K
}
2016-09-11T21:58:16.869-0100: 383,252: Total time for which application threads were stopped: 0,0162148 seconds, Stopping threads took: 0,0001079 seconds
2016-09-11T21:58:17.248-0100: 383,630: [CMS-concurrent-abortable-preclean: 0,396/0,538 secs] [Times: user=1,33 sys=0,05, real=0,53 secs] 
2016-09-11T21:58:17.249-0100: 383,631: [GC (CMS Final Remark) [YG occupancy: 82593 K (109248 K)]{Heap before GC invocations=168 (full 8):
 par new generation   total 109248K, used 82593K [0x00000007a0000000, 0x00000007a8000000, 0x00000007a8000000)
  eden space 87424K,  69% used [0x00000007a0000000, 0x00000007a3b58790, 0x00000007a5560000)
  from space 21824K, 100% used [0x00000007a5560000, 0x00000007a6ab0000, 0x00000007a6ab0000)
  to   space 21824K,   0% used [0x00000007a6ab0000, 0x00000007a6ab0000, 0x00000007a8000000)
 concurrent mark-sweep generation total 393216K, used 198768K [0x00000007a8000000, 0x00000007c0000000, 0x00000007c0000000)
 Metaspace       used 46067K, capacity 47150K, committed 47436K, reserved 1091584K
  class space    used 5052K, capacity 5367K, committed 5496K, reserved 1048576K
2016-09-11T21:58:17.249-0100: 383,631: [GC (CMS Final Remark) 2016-09-11T21:58:17.249-0100: 383,631: [ParNew
Desired survivor size 20112992 bytes, new threshold 8 (max 8)
- age   1:    6344056 bytes,    6344056 total
- age   2:     188032 bytes,    6532088 total
- age   3:     119256 bytes,    6651344 total
- age   4:    5566296 bytes,   12217640 total
- age   5:    3115640 bytes,   15333280 total
- age   6:    2074272 bytes,   17407552 total
- age   7:    1949816 bytes,   19357368 total
: 82593K->21824K(109248K), 0,0334424 secs] 281362K->222094K(502464K), 0,0335435 secs] [Times: user=0,07 sys=0,01, real=0,04 secs] 
Heap after GC invocations=169 (full 8):
 par new generation   total 109248K, used 21824K [0x00000007a0000000, 0x00000007a8000000, 0x00000007a8000000)
  eden space 87424K,   0% used [0x00000007a0000000, 0x00000007a0000000, 0x00000007a5560000)
  from space 21824K, 100% used [0x00000007a6ab0000, 0x00000007a8000000, 0x00000007a8000000)
  to   space 21824K,   0% used [0x00000007a5560000, 0x00000007a5560000, 0x00000007a6ab0000)
 concurrent mark-sweep generation total 393216K, used 200270K [0x00000007a8000000, 0x00000007c0000000, 0x00000007c0000000)
 Metaspace       used 46067K, capacity 47150K, committed 47436K, reserved 1091584K
  class space    used 5052K, capacity 5367K, committed 5496K, reserved 1048576K
}
2016-09-11T21:58:17.282-0100: 383,665: [Rescan (parallel) , 0,0086676 secs]2016-09-11T21:58:17.291-0100: 383,673: [weak refs processing, 0,0140719 secs]2016-09-11T21:58:17.305-0100: 383,687: [class unloading, 0,0194249 secs]2016-09-11T21:58:17.325-0100: 383,707: [scrub symbol table, 0,0109357 secs]2016-09-11T21:58:17.336-0100: 383,718: [scrub string table, 0,0012463 secs][1 CMS-remark: 200270K(393216K)] 222094K(502464K), 0,0884345 secs] [Times: user=0,15 sys=0,01, real=0,09 secs] 
2016-09-11T21:58:17.337-0100: 383,719: Total time for which application threads were stopped: 0,0888401 seconds, Stopping threads took: 0,0000382 seconds
2016-09-11T21:58:17.339-0100: 383,721: [CMS-concurrent-sweep-start]
2016-09-11T21:58:17.486-0100: 383,868: Total time for which application threads were stopped: 0,0003905 seconds, Stopping threads took: 0,0001776 seconds
2016-09-11T21:58:17.486-0100: 383,869: Total time for which application threads were stopped: 0,0001966 seconds, Stopping threads took: 0,0000844 seconds
2016-09-11T21:58:17.487-0100: 383,869: Total time for which application threads were stopped: 0,0001666 seconds, Stopping threads took: 0,0000661 seconds
2016-09-11T21:58:17.566-0100: 383,948: Total time for which application threads were stopped: 0,0003886 seconds, Stopping threads took: 0,0001081 seconds
2016-09-11T21:58:17.566-0100: 383,949: Total time for which application threads were stopped: 0,0002905 seconds, Stopping threads took: 0,0000830 seconds
{Heap before GC invocations=169 (full 8):
 par new generation   total 109248K, used 109248K [0x00000007a0000000, 0x00000007a8000000, 0x00000007a8000000)
  eden space 87424K, 100% used [0x00000007a0000000, 0x00000007a5560000, 0x00000007a5560000)
  from space 21824K, 100% used [0x00000007a6ab0000, 0x00000007a8000000, 0x00000007a8000000)
  to   space 21824K,   0% used [0x00000007a5560000, 0x00000007a5560000, 0x00000007a6ab0000)
 concurrent mark-sweep generation total 393216K, used 91143K [0x00000007a8000000, 0x00000007c0000000, 0x00000007c0000000)
 Metaspace       used 46073K, capacity 47150K, committed 47436K, reserved 1091584K
  class space    used 5052K, capacity 5367K, committed 5496K, reserved 1048576K
2016-09-11T21:58:17.632-0100: 384,014: [GC (Allocation Failure) 2016-09-11T21:58:17.632-0100: 384,014: [ParNew
Desired survivor size 20112992 bytes, new threshold 7 (max 8)
- age   1:    7953088 bytes,    7953088 total
- age   2:    4526048 bytes,   12479136 total
- age   3:     187664 bytes,   12666800 total
- age   4:     119256 bytes,   12786056 total
- age   5:    3746384 bytes,   16532440 total
- age   6:    1706520 bytes,   18238960 total
- age   7:    2074176 bytes,   20313136 total
- age   8:    1912344 bytes,   22225480 total
: 109248K->21824K(109248K), 0,0460698 secs] 200391K->127470K(502464K), 0,0461681 secs] [Times: user=0,14 sys=0,01, real=0,04 secs] 
Heap after GC invocations=170 (full 8):
 par new generation   total 109248K, used 21824K [0x00000007a0000000, 0x00000007a8000000, 0x00000007a8000000)
  eden space 87424K,   0% used [0x00000007a0000000, 0x00000007a0000000, 0x00000007a5560000)
  from space 21824K, 100% used [0x00000007a5560000, 0x00000007a6ab0000, 0x00000007a6ab0000)
  to   space 21824K,   0% used [0x00000007a6ab0000, 0x00000007a6ab0000, 0x00000007a8000000)
 concurrent mark-sweep generation total 393216K, used 105646K [0x00000007a8000000, 0x00000007c0000000, 0x00000007c0000000)
 Metaspace       used 46073K, capacity 47150K, committed 47436K, reserved 1091584K
  class space    used 5052K, capacity 5367K, committed 5496K, reserved 1048576K
}
2016-09-11T21:58:17.679-0100: 384,061: Total time for which application threads were stopped: 0,0466160 seconds, Stopping threads took: 0,0001025 seconds
2016-09-11T21:58:17.687-0100: 384,069: [CMS-concurrent-sweep: 0,300/0,348 secs] [Times: user=0,57 sys=0,04, real=0,35 secs] 
2016-09-11T21:58:17.687-0100: 384,069: [CMS-concurrent-reset-start]
2016-09-11T21:58:17.688-0100: 384,070: [CMS-concurrent-reset: 0,001/0,001 secs] [Times: user=0,00 sys=0,00, real=0,00 secs] 
{Heap before GC invocations=170 (full 8):
 par new generation   total 109248K, used 109248K [0x00000007a0000000, 0x00000007a8000000, 0x00000007a8000000)
  eden space 87424K, 100% used [0x00000007a0000000, 0x00000007a5560000, 0x00000007a5560000)
  from space 21824K, 100% used [0x00000007a5560000, 0x00000007a6ab0000, 0x00000007a6ab0000)
  to   space 21824K,   0% used [0x00000007a6ab0000, 0x00000007a6ab0000, 0x00000007a8000000)
 concurrent mark-sweep generation total 393216K, used 101033K [0x00000007a8000000, 0x00000007c0000000, 0x00000007c0000000)
 Metaspace       used 46073K, capacity 47150K, committed 47436K, reserved 1091584K
  class space    used 5052K, capacity 5367K, committed 5496K, reserved 1048576K
2016-09-11T21:58:17.816-0100: 384,198: [GC (Allocation Failure) 2016-09-11T21:58:17.816-0100: 384,198: [ParNew
Desired survivor size 20112992 bytes, new threshold 8 (max 8)
- age   1:    3844568 bytes,    3844568 total
- age   2:    6982848 bytes,   10827416 total
- age   3:    3946392 bytes,   14773808 total
- age   4:     150400 bytes,   14924208 total
- age   5:     108032 bytes,   15032240 total
- age   6:    3391992 bytes,   18424232 total
- age   7:    1344352 bytes,   19768584 total
: 109248K->21824K(109248K), 0,0817688 secs] 210281K->129470K(502464K), 0,0819019 secs] [Times: user=0,11 sys=0,01, real=0,08 secs] 
Heap after GC invocations=171 (full 8):
 par new generation   total 109248K, used 21824K [0x00000007a0000000, 0x00000007a8000000, 0x00000007a8000000)
  eden space 87424K,   0% used [0x00000007a0000000, 0x00000007a0000000, 0x00000007a5560000)
  from space 21824K, 100% used [0x00000007a6ab0000, 0x00000007a8000000, 0x00000007a8000000)
  to   space 21824K,   0% used [0x00000007a5560000, 0x00000007a5560000, 0x00000007a6ab0000)
 concurrent mark-sweep generation total 393216K, used 107646K [0x00000007a8000000, 0x00000007c0000000, 0x00000007c0000000)
 Metaspace       used 46073K, capacity 47150K, committed 47436K, reserved 1091584K
  class space    used 5052K, capacity 5367K, committed 5496K, reserved 1048576K
}
2016-09-11T21:58:17.898-0100: 384,280: Total time for which application threads were stopped: 0,0823822 seconds, Stopping threads took: 0,0000623 seconds
2016-09-11T21:58:18.034-0100: 384,416: Total time for which application threads were stopped: 0,0003011 seconds, Stopping threads took: 0,0000358 seconds
{Heap before GC invocations=171 (full 8):
 par new generation   total 109248K, used 109248K [0x00000007a0000000, 0x00000007a8000000, 0x00000007a8000000)
  eden space 87424K, 100% used [0x00000007a0000000, 0x00000007a5560000, 0x00000007a5560000)
  from space 21824K, 100% used [0x00000007a6ab0000, 0x00000007a8000000, 0x00000007a8000000)
  to   space 21824K,   0% used [0x00000007a5560000, 0x00000007a5560000, 0x00000007a6ab0000)
 concurrent mark-sweep generation total 393216K, used 107646K [0x00000007a8000000, 0x00000007c0000000, 0x00000007c0000000)
 Metaspace       used 46103K, capacity 47214K, committed 47436K, reserved 1091584K
  class space    used 5052K, capacity 5367K, committed 5496K, reserved 1048576K
2016-09-11T21:58:18.071-0100: 384,453: [GC (Allocation Failure) 2016-09-11T21:58:18.071-0100: 384,453: [ParNew
Desired survivor size 20112992 bytes, new threshold 7 (max 8)
- age   1:    6350416 bytes,    6350416 total
- age   2:    2707112 bytes,    9057528 total
- age   3:    5230256 bytes,   14287784 total
- age   4:    3835080 bytes,   18122864 total
- age   5:     150400 bytes,   18273264 total
- age   6:     108032 bytes,   18381296 total
- age   7:    3042592 bytes,   21423888 total
- age   8:     865192 bytes,   22289080 total
: 109248K->21824K(109248K), 0,0268645 secs] 216894K->132653K(502464K), 0,0269840 secs] [Times: user=0,08 sys=0,00, real=0,02 secs] 
Heap after GC invocations=172 (full 8):
 par new generation   total 109248K, used 21824K [0x00000007a0000000, 0x00000007a8000000, 0x00000007a8000000)
  eden space 87424K,   0% used [0x00000007a0000000, 0x00000007a0000000, 0x00000007a5560000)
  from space 21824K, 100% used [0x00000007a5560000, 0x00000007a6ab0000, 0x00000007a6ab0000)
  to   space 21824K,   0% used [0x00000007a6ab0000, 0x00000007a6ab0000, 0x00000007a8000000)
 concurrent mark-sweep generation total 393216K, used 110829K [0x00000007a8000000, 0x00000007c0000000, 0x00000007c0000000)
 Metaspace       used 46103K, capacity 47214K, committed 47436K, reserved 1091584K
  class space    used 5052K, capacity 5367K, committed 5496K, reserved 1048576K
}
2016-09-11T21:58:18.098-0100: 384,480: Total time for which application threads were stopped: 0,0296622 seconds, Stopping threads took: 0,0022056 seconds
{Heap before GC invocations=172 (full 8):
 par new generation   total 109248K, used 109248K [0x00000007a0000000, 0x00000007a8000000, 0x00000007a8000000)
  eden space 87424K, 100% used [0x00000007a0000000, 0x00000007a5560000, 0x00000007a5560000)
  from space 21824K, 100% used [0x00000007a5560000, 0x00000007a6ab0000, 0x00000007a6ab0000)
  to   space 21824K,   0% used [0x00000007a6ab0000, 0x00000007a6ab0000, 0x00000007a8000000)
 concurrent mark-sweep generation total 393216K, used 110829K [0x00000007a8000000, 0x00000007c0000000, 0x00000007c0000000)
 Metaspace       used 46115K, capacity 47214K, committed 47436K, reserved 1091584K
  class space    used 5052K, capacity 5367K, committed 5496K, reserved 1048576K
2016-09-11T21:58:18.340-0100: 384,722: [GC (Allocation Failure) 2016-09-11T21:58:18.340-0100: 384,722: [ParNew
Desired survivor size 20112992 bytes, new threshold 5 (max 8)
- age   1:    4978576 bytes,    4978576 total
- age   2:    6331112 bytes,   11309688 total
- age   3:    2420192 bytes,   13729880 total
- age   4:    5069856 bytes,   18799736 total
- age   5:    3285032 bytes,   22084768 total
- age   6:     150256 bytes,   22235024 total
- age   7:     105816 bytes,   22340840 total
: 109248K->21824K(109248K), 0,0524946 secs] 220077K->154244K(502464K), 0,0525827 secs] [Times: user=0,13 sys=0,00, real=0,05 secs] 
Heap after GC invocations=173 (full 8):
 par new generation   total 109248K, used 21824K [0x00000007a0000000, 0x00000007a8000000, 0x00000007a8000000)
  eden space 87424K,   0% used [0x00000007a0000000, 0x00000007a0000000, 0x00000007a5560000)
  from space 21824K, 100% used [0x00000007a6ab0000, 0x00000007a8000000, 0x00000007a8000000)
  to   space 21824K,   0% used [0x00000007a5560000, 0x00000007a5560000, 0x00000007a6ab0000)
 concurrent mark-sweep generation total 393216K, used 132420K [0x00000007a8000000, 0x00000007c0000000, 0x00000007c0000000)
 Metaspace       used 46115K, capacity 47214K, committed 47436K, reserved 1091584K
  class space    used 5052K, capacity 5367K, committed 5496K, reserved 1048576K
}
2016-09-11T21:58:18.393-0100: 384,775: Total time for which application threads were stopped: 0,0530608 seconds, Stopping threads took: 0,0001265 seconds
{Heap before GC invocations=173 (full 8):
 par new generation   total 109248K, used 109248K [0x00000007a0000000, 0x00000007a8000000, 0x00000007a8000000)
  eden space 87424K, 100% used [0x00000007a0000000, 0x00000007a5560000, 0x00000007a5560000)
  from space 21824K, 100% used [0x00000007a6ab0000, 0x00000007a8000000, 0x00000007a8000000)
  to   space 21824K,   0% used [0x00000007a5560000, 0x00000007a5560000, 0x00000007a6ab0000)
 concurrent mark-sweep generation total 393216K, used 132420K [0x00000007a8000000, 0x00000007c0000000, 0x00000007c0000000)
 Metaspace       used 46115K, capacity 47214K, committed 47436K, reserved 1091584K
  class space    used 5052K, capacity 5367K, committed 5496K, reserved 1048576K
2016-09-11T21:58:18.463-0100: 384,845: [GC (Allocation Failure) 2016-09-11T21:58:18.463-0100: 384,845: [ParNew
Desired survivor size 20112992 bytes, new threshold 5 (max 8)
- age   1:    5935768 bytes,    5935768 total
- age   2:    2590752 bytes,    8526520 total
- age   3:    6331112 bytes,   14857632 total
- age   4:    2420192 bytes,   17277824 total
- age   5:    5069792 bytes,   22347616 total
: 109248K->21824K(109248K), 0,0247072 secs] 241668K->162109K(502464K), 0,0248158 secs] [Times: user=0,08 sys=0,00, real=0,02 secs] 
Heap after GC invocations=174 (full 8):
 par new generation   total 109248K, used 21824K [0x00000007a0000000, 0x00000007a8000000, 0x00000007a8000000)
  eden space 87424K,   0% used [0x00000007a0000000, 0x00000007a0000000, 0x00000007a5560000)
  from space 21824K, 100% used [0x00000007a5560000, 0x00000007a6ab0000, 0x00000007a6ab0000)
  to   space 21824K,   0% used [0x00000007a6ab0000, 0x00000007a6ab0000, 0x00000007a8000000)
 concurrent mark-sweep generation total 393216K, used 140285K [0x00000007a8000000, 0x00000007c0000000, 0x00000007c0000000)
 Metaspace       used 46115K, capacity 47214K, committed 47436K, reserved 1091584K
  class space    used 5052K, capacity 5367K, committed 5496K, reserved 1048576K
}
2016-09-11T21:58:18.488-0100: 384,870: Total time for which application threads were stopped: 0,0253492 seconds, Stopping threads took: 0,0001253 seconds
{Heap before GC invocations=174 (full 8):
 par new generation   total 109248K, used 109248K [0x00000007a0000000, 0x00000007a8000000, 0x00000007a8000000)
  eden space 87424K, 100% used [0x00000007a0000000, 0x00000007a5560000, 0x00000007a5560000)
  from space 21824K, 100% used [0x00000007a5560000, 0x00000007a6ab0000, 0x00000007a6ab0000)
  to   space 21824K,   0% used [0x00000007a6ab0000, 0x00000007a6ab0000, 0x00000007a8000000)
 concurrent mark-sweep generation total 393216K, used 140285K [0x00000007a8000000, 0x00000007c0000000, 0x00000007c0000000)
 Metaspace       used 46115K, capacity 47214K, committed 47436K, reserved 1091584K
  class space    used 5052K, capacity 5367K, committed 5496K, reserved 1048576K
2016-09-11T21:58:18.563-0100: 384,945: [GC (Allocation Failure) 2016-09-11T21:58:18.563-0100: 384,945: [ParNew
Desired survivor size 20112992 bytes, new threshold 8 (max 8)
- age   1:    1673632 bytes,    1673632 total
- age   2:    3723304 bytes,    5396936 total
- age   3:    2299424 bytes,    7696360 total
- age   4:    5932176 bytes,   13628536 total
- age   5:    2420192 bytes,   16048728 total
: 109248K->21824K(109248K), 0,0210882 secs] 249533K->168831K(502464K), 0,0211768 secs] [Times: user=0,07 sys=0,01, real=0,02 secs] 
Heap after GC invocations=175 (full 8):
 par new generation   total 109248K, used 21824K [0x00000007a0000000, 0x00000007a8000000, 0x00000007a8000000)
  eden space 87424K,   0% used [0x00000007a0000000, 0x00000007a0000000, 0x00000007a5560000)
  from space 21824K, 100% used [0x00000007a6ab0000, 0x00000007a8000000, 0x00000007a8000000)
  to   space 21824K,   0% used [0x00000007a5560000, 0x00000007a5560000, 0x00000007a6ab0000)
 concurrent mark-sweep generation total 393216K, used 147007K [0x00000007a8000000, 0x00000007c0000000, 0x00000007c0000000)
 Metaspace       used 46115K, capacity 47214K, committed 47436K, reserved 1091584K
  class space    used 5052K, capacity 5367K, committed 5496K, reserved 1048576K
}
2016-09-11T21:58:18.584-0100: 384,966: Total time for which application threads were stopped: 0,0214983 seconds, Stopping threads took: 0,0000308 seconds
{Heap before GC invocations=175 (full 8):
 par new generation   total 109248K, used 109248K [0x00000007a0000000, 0x00000007a8000000, 0x00000007a8000000)
  eden space 87424K, 100% used [0x00000007a0000000, 0x00000007a5560000, 0x00000007a5560000)
  from space 21824K, 100% used [0x00000007a6ab0000, 0x00000007a8000000, 0x00000007a8000000)
  to   space 21824K,   0% used [0x00000007a5560000, 0x00000007a5560000, 0x00000007a6ab0000)
 concurrent mark-sweep generation total 393216K, used 147007K [0x00000007a8000000, 0x00000007c0000000, 0x00000007c0000000)
 Metaspace       used 46135K, capacity 47214K, committed 47436K, reserved 1091584K
  class space    used 5052K, capacity 5367K, committed 5496K, reserved 1048576K
2016-09-11T21:58:19.086-0100: 385,469: [GC (Allocation Failure) 2016-09-11T21:58:19.086-0100: 385,469: [ParNew
Desired survivor size 20112992 bytes, new threshold 6 (max 8)
- age   1:    7455408 bytes,    7455408 total
- age   2:    1176512 bytes,    8631920 total
- age   3:    2842192 bytes,   11474112 total
- age   4:    1544720 bytes,   13018832 total
- age   5:    5864216 bytes,   18883048 total
- age   6:    2420080 bytes,   21303128 total
: 109248K->21824K(109248K), 0,0174838 secs] 256255K->171485K(502464K), 0,0175990 secs] [Times: user=0,05 sys=0,01, real=0,02 secs] 
Heap after GC invocations=176 (full 8):
 par new generation   total 109248K, used 21824K [0x00000007a0000000, 0x00000007a8000000, 0x00000007a8000000)
  eden space 87424K,   0% used [0x00000007a0000000, 0x00000007a0000000, 0x00000007a5560000)
  from space 21824K, 100% used [0x00000007a5560000, 0x00000007a6ab0000, 0x00000007a6ab0000)
  to   space 21824K,   0% used [0x00000007a6ab0000, 0x00000007a6ab0000, 0x00000007a8000000)
 concurrent mark-sweep generation total 393216K, used 149661K [0x00000007a8000000, 0x00000007c0000000, 0x00000007c0000000)
 Metaspace       used 46135K, capacity 47214K, committed 47436K, reserved 1091584K
  class space    used 5052K, capacity 5367K, committed 5496K, reserved 1048576K
}
2016-09-11T21:58:19.104-0100: 385,486: Total time for which application threads were stopped: 0,0181757 seconds, Stopping threads took: 0,0001814 seconds
2016-09-11T21:58:19.136-0100: 385,518: Total time for which application threads were stopped: 0,0006185 seconds, Stopping threads took: 0,0000492 seconds
2016-09-11T21:58:19.365-0100: 385,747: Total time for which application threads were stopped: 0,0006825 seconds, Stopping threads took: 0,0000857 seconds
{Heap before GC invocations=176 (full 8):
 par new generation   total 109248K, used 109248K [0x00000007a0000000, 0x00000007a8000000, 0x00000007a8000000)
  eden space 87424K, 100% used [0x00000007a0000000, 0x00000007a5560000, 0x00000007a5560000)
  from space 21824K, 100% used [0x00000007a5560000, 0x00000007a6ab0000, 0x00000007a6ab0000)
  to   space 21824K,   0% used [0x00000007a6ab0000, 0x00000007a6ab0000, 0x00000007a8000000)
 concurrent mark-sweep generation total 393216K, used 149661K [0x00000007a8000000, 0x00000007c0000000, 0x00000007c0000000)
 Metaspace       used 46159K, capacity 47214K, committed 47436K, reserved 1091584K
  class space    used 5052K, capacity 5367K, committed 5496K, reserved 1048576K
2016-09-11T21:58:19.787-0100: 386,169: [GC (Allocation Failure) 2016-09-11T21:58:19.787-0100: 386,169: [ParNew
Desired survivor size 20112992 bytes, new threshold 6 (max 8)
- age   1:    4973848 bytes,    4973848 total
- age   2:    6027064 bytes,   11000912 total
- age   3:    1176432 bytes,   12177344 total
- age   4:    2842192 bytes,   15019536 total
- age   5:    1544656 bytes,   16564192 total
- age   6:    5778352 bytes,   22342544 total
: 109248K->21824K(109248K), 0,0279715 secs] 258909K->191427K(502464K), 0,0280609 secs] [Times: user=0,09 sys=0,00, real=0,03 secs] 
Heap after GC invocations=177 (full 8):
 par new generation   total 109248K, used 21824K [0x00000007a0000000, 0x00000007a8000000, 0x00000007a8000000)
  eden space 87424K,   0% used [0x00000007a0000000, 0x00000007a0000000, 0x00000007a5560000)
  from space 21824K, 100% used [0x00000007a6ab0000, 0x00000007a8000000, 0x00000007a8000000)
  to   space 21824K,   0% used [0x00000007a5560000, 0x00000007a5560000, 0x00000007a6ab0000)
 concurrent mark-sweep generation total 393216K, used 169603K [0x00000007a8000000, 0x00000007c0000000, 0x00000007c0000000)
 Metaspace       used 46159K, capacity 47214K, committed 47436K, reserved 1091584K
  class space    used 5052K, capacity 5367K, committed 5496K, reserved 1048576K
}
2016-09-11T21:58:19.815-0100: 386,197: Total time for which application threads were stopped: 0,0285716 seconds, Stopping threads took: 0,0000794 seconds
2016-09-11T21:58:20.129-0100: 386,512: Total time for which application threads were stopped: 0,0002091 seconds, Stopping threads took: 0,0000285 seconds
{Heap before GC invocations=177 (full 8):
 par new generation   total 109248K, used 109248K [0x00000007a0000000, 0x00000007a8000000, 0x00000007a8000000)
  eden space 87424K, 100% used [0x00000007a0000000, 0x00000007a5560000, 0x00000007a5560000)
  from space 21824K, 100% used [0x00000007a6ab0000, 0x00000007a8000000, 0x00000007a8000000)
  to   space 21824K,   0% used [0x00000007a5560000, 0x00000007a5560000, 0x00000007a6ab0000)
 concurrent mark-sweep generation total 393216K, used 169608K [0x00000007a8000000, 0x00000007c0000000, 0x00000007c0000000)
 Metaspace       used 46167K, capacity 47214K, committed 47436K, reserved 1091584K
  class space    used 5052K, capacity 5367K, committed 5496K, reserved 1048576K
2016-09-11T21:58:20.130-0100: 386,512: [GC (GCLocker Initiated GC) 2016-09-11T21:58:20.171-0100: 386,554: [ParNew
Desired survivor size 20112992 bytes, new threshold 5 (max 8)
- age   1:    6800088 bytes,    6800088 total
- age   2:    3863960 bytes,   10664048 total
- age   3:    6013176 bytes,   16677224 total
- age   4:    1176432 bytes,   17853656 total
- age   5:    2842192 bytes,   20695848 total
- age   6:    1544656 bytes,   22240504 total
: 109248K->21824K(109248K), 0,0264796 secs] 278856K->208573K(502464K), 0,0684942 secs] [Times: user=0,09 sys=0,00, real=0,06 secs] 
Heap after GC invocations=178 (full 8):
 par new generation   total 109248K, used 21824K [0x00000007a0000000, 0x00000007a8000000, 0x00000007a8000000)
  eden space 87424K,   0% used [0x00000007a0000000, 0x00000007a0000000, 0x00000007a5560000)
  from space 21824K, 100% used [0x00000007a5560000, 0x00000007a6ab0000, 0x00000007a6ab0000)
  to   space 21824K,   0% used [0x00000007a6ab0000, 0x00000007a6ab0000, 0x00000007a8000000)
 concurrent mark-sweep generation total 393216K, used 186749K [0x00000007a8000000, 0x00000007c0000000, 0x00000007c0000000)
 Metaspace       used 46167K, capacity 47214K, committed 47436K, reserved 1091584K
  class space    used 5052K, capacity 5367K, committed 5496K, reserved 1048576K
}
2016-09-11T21:58:20.198-0100: 386,580: Total time for which application threads were stopped: 0,0687126 seconds, Stopping threads took: 0,0000139 seconds
{Heap before GC invocations=178 (full 8):
 par new generation   total 109248K, used 109079K [0x00000007a0000000, 0x00000007a8000000, 0x00000007a8000000)
  eden space 87424K,  99% used [0x00000007a0000000, 0x00000007a5535ee0, 0x00000007a5560000)
  from space 21824K, 100% used [0x00000007a5560000, 0x00000007a6ab0000, 0x00000007a6ab0000)
  to   space 21824K,   0% used [0x00000007a6ab0000, 0x00000007a6ab0000, 0x00000007a8000000)
 concurrent mark-sweep generation total 393216K, used 186749K [0x00000007a8000000, 0x00000007c0000000, 0x00000007c0000000)
 Metaspace       used 46167K, capacity 47214K, committed 47436K, reserved 1091584K
  class space    used 5052K, capacity 5367K, committed 5496K, reserved 1048576K
2016-09-11T21:58:20.277-0100: 386,659: [GC (Allocation Failure) 2016-09-11T21:58:20.277-0100: 386,659: [ParNew
Desired survivor size 20112992 bytes, new threshold 4 (max 8)
- age   1:    6892944 bytes,    6892944 total
- age   2:    4089664 bytes,   10982608 total
- age   3:    3732936 bytes,   14715544 total
- age   4:    5964472 bytes,   20680016 total
- age   5:    1176432 bytes,   21856448 total
: 109079K->21824K(109248K), 0,0306444 secs] 295829K->220341K(502464K), 0,0307375 secs] [Times: user=0,10 sys=0,00, real=0,03 secs] 
Heap after GC invocations=179 (full 8):
 par new generation   total 109248K, used 21824K [0x00000007a0000000, 0x00000007a8000000, 0x00000007a8000000)
  eden space 87424K,   0% used [0x00000007a0000000, 0x00000007a0000000, 0x00000007a5560000)
  from space 21824K, 100% used [0x00000007a6ab0000, 0x00000007a8000000, 0x00000007a8000000)
  to   space 21824K,   0% used [0x00000007a5560000, 0x00000007a5560000, 0x00000007a6ab0000)
 concurrent mark-sweep generation total 393216K, used 198517K [0x00000007a8000000, 0x00000007c0000000, 0x00000007c0000000)
 Metaspace       used 46167K, capacity 47214K, committed 47436K, reserved 1091584K
  class space    used 5052K, capacity 5367K, committed 5496K, reserved 1048576K
}
2016-09-11T21:58:20.308-0100: 386,690: Total time for which application threads were stopped: 0,0311503 seconds, Stopping threads took: 0,0000977 seconds
2016-09-11T21:58:20.308-0100: 386,690: [GC (CMS Initial Mark) [1 CMS-initial-mark: 198517K(393216K)] 221035K(502464K), 0,0049667 secs] [Times: user=0,02 sys=0,00, real=0,01 secs] 
2016-09-11T21:58:20.313-0100: 386,695: Total time for which application threads were stopped: 0,0053079 seconds, Stopping threads took: 0,0001062 seconds
2016-09-11T21:58:20.313-0100: 386,695: [CMS-concurrent-mark-start]
2016-09-11T21:58:20.333-0100: 386,716: Total time for which application threads were stopped: 0,0002992 seconds, Stopping threads took: 0,0001017 seconds
2016-09-11T21:58:20.334-0100: 386,716: Total time for which application threads were stopped: 0,0002097 seconds, Stopping threads took: 0,0000821 seconds
2016-09-11T21:58:20.334-0100: 386,716: Total time for which application threads were stopped: 0,0001425 seconds, Stopping threads took: 0,0000462 seconds
2016-09-11T21:58:20.382-0100: 386,764: Total time for which application threads were stopped: 0,0003709 seconds, Stopping threads took: 0,0001166 seconds
2016-09-11T21:58:20.412-0100: 386,794: [CMS-concurrent-mark: 0,096/0,099 secs] [Times: user=0,28 sys=0,01, real=0,10 secs] 
2016-09-11T21:58:20.412-0100: 386,794: [CMS-concurrent-preclean-start]
2016-09-11T21:58:20.414-0100: 386,796: [CMS-concurrent-preclean: 0,002/0,002 secs] [Times: user=0,00 sys=0,00, real=0,00 secs] 
2016-09-11T21:58:20.414-0100: 386,796: [CMS-concurrent-abortable-preclean-start]
{Heap before GC invocations=179 (full 9):
 par new generation   total 109248K, used 109248K [0x00000007a0000000, 0x00000007a8000000, 0x00000007a8000000)
  eden space 87424K, 100% used [0x00000007a0000000, 0x00000007a5560000, 0x00000007a5560000)
  from space 21824K, 100% used [0x00000007a6ab0000, 0x00000007a8000000, 0x00000007a8000000)
  to   space 21824K,   0% used [0x00000007a5560000, 0x00000007a5560000, 0x00000007a6ab0000)
 concurrent mark-sweep generation total 393216K, used 198517K [0x00000007a8000000, 0x00000007c0000000, 0x00000007c0000000)
 Metaspace       used 46177K, capacity 47214K, committed 47436K, reserved 1091584K
  class space    used 5052K, capacity 5367K, committed 5496K, reserved 1048576K
2016-09-11T21:58:20.491-0100: 386,874: [GC (Allocation Failure) 2016-09-11T21:58:20.491-0100: 386,874: [ParNew
Desired survivor size 20112992 bytes, new threshold 8 (max 8)
- age   1:    6253456 bytes,    6253456 total
- age   2:    4372960 bytes,   10626416 total
- age   3:    4089504 bytes,   14715920 total
- age   4:    3732936 bytes,   18448856 total
: 109248K->21824K(109248K), 0,0219878 secs] 307765K->227352K(502464K), 0,0220829 secs] [Times: user=0,08 sys=0,01, real=0,02 secs] 
Heap after GC invocations=180 (full 9):
 par new generation   total 109248K, used 21824K [0x00000007a0000000, 0x00000007a8000000, 0x00000007a8000000)
  eden space 87424K,   0% used [0x00000007a0000000, 0x00000007a0000000, 0x00000007a5560000)
  from space 21824K, 100% used [0x00000007a5560000, 0x00000007a6ab0000, 0x00000007a6ab0000)
  to   space 21824K,   0% used [0x00000007a6ab0000, 0x00000007a6ab0000, 0x00000007a8000000)
 concurrent mark-sweep generation total 393216K, used 205528K [0x00000007a8000000, 0x00000007c0000000, 0x00000007c0000000)
 Metaspace       used 46177K, capacity 47214K, committed 47436K, reserved 1091584K
  class space    used 5052K, capacity 5367K, committed 5496K, reserved 1048576K
}
2016-09-11T21:58:20.514-0100: 386,896: Total time for which application threads were stopped: 0,0227196 seconds, Stopping threads took: 0,0002518 seconds
2016-09-11T21:58:20.575-0100: 386,957: Total time for which application threads were stopped: 0,0002732 seconds, Stopping threads took: 0,0000331 seconds
2016-09-11T21:58:20.576-0100: 386,958: Total time for which application threads were stopped: 0,0002169 seconds, Stopping threads took: 0,0000195 seconds
2016-09-11T21:58:20.576-0100: 386,958: Total time for which application threads were stopped: 0,0001588 seconds, Stopping threads took: 0,0000127 seconds
2016-09-11T21:58:20.576-0100: 386,958: Total time for which application threads were stopped: 0,0001618 seconds, Stopping threads took: 0,0000117 seconds
2016-09-11T21:58:20.859-0100: 387,242: [CMS-concurrent-abortable-preclean: 0,419/0,445 secs] [Times: user=1,02 sys=0,06, real=0,44 secs] 
2016-09-11T21:58:20.860-0100: 387,242: [GC (CMS Final Remark) [YG occupancy: 82581 K (109248 K)]{Heap before GC invocations=180 (full 9):
 par new generation   total 109248K, used 82581K [0x00000007a0000000, 0x00000007a8000000, 0x00000007a8000000)
  eden space 87424K,  69% used [0x00000007a0000000, 0x00000007a3b55670, 0x00000007a5560000)
  from space 21824K, 100% used [0x00000007a5560000, 0x00000007a6ab0000, 0x00000007a6ab0000)
  to   space 21824K,   0% used [0x00000007a6ab0000, 0x00000007a6ab0000, 0x00000007a8000000)
 concurrent mark-sweep generation total 393216K, used 205528K [0x00000007a8000000, 0x00000007c0000000, 0x00000007c0000000)
 Metaspace       used 46191K, capacity 47214K, committed 47436K, reserved 1091584K
  class space    used 5052K, capacity 5367K, committed 5496K, reserved 1048576K
2016-09-11T21:58:20.860-0100: 387,242: [GC (CMS Final Remark) 2016-09-11T21:58:20.860-0100: 387,242: [ParNew
Desired survivor size 20112992 bytes, new threshold 5 (max 8)
- age   1:    8020232 bytes,    8020232 total
- age   2:    3975088 bytes,   11995320 total
- age   3:    4325824 bytes,   16321144 total
- age   4:    2280720 bytes,   18601864 total
- age   5:    3731560 bytes,   22333424 total
: 82581K->21824K(109248K), 0,0312544 secs] 288109K->236707K(502464K), 0,0313207 secs] [Times: user=0,08 sys=0,00, real=0,03 secs] 
Heap after GC invocations=181 (full 9):
 par new generation   total 109248K, used 21824K [0x00000007a0000000, 0x00000007a8000000, 0x00000007a8000000)
  eden space 87424K,   0% used [0x00000007a0000000, 0x00000007a0000000, 0x00000007a5560000)
  from space 21824K, 100% used [0x00000007a6ab0000, 0x00000007a8000000, 0x00000007a8000000)
  to   space 21824K,   0% used [0x00000007a5560000, 0x00000007a5560000, 0x00000007a6ab0000)
 concurrent mark-sweep generation total 393216K, used 214883K [0x00000007a8000000, 0x00000007c0000000, 0x00000007c0000000)
 Metaspace       used 46191K, capacity 47214K, committed 47436K, reserved 1091584K
  class space    used 5052K, capacity 5367K, committed 5496K, reserved 1048576K
}
2016-09-11T21:58:20.891-0100: 387,273: [Rescan (parallel) , 0,0080421 secs]2016-09-11T21:58:20.899-0100: 387,282: [weak refs processing, 0,0082677 secs]2016-09-11T21:58:20.908-0100: 387,290: [class unloading, 0,0132992 secs]2016-09-11T21:58:20.921-0100: 387,303: [scrub symbol table, 0,0082253 secs]2016-09-11T21:58:20.929-0100: 387,311: [scrub string table, 0,0007638 secs][1 CMS-remark: 214883K(393216K)] 236707K(502464K), 0,0705158 secs] [Times: user=0,17 sys=0,01, real=0,07 secs] 
2016-09-11T21:58:20.930-0100: 387,313: Total time for which application threads were stopped: 0,0707819 seconds, Stopping threads took: 0,0000254 seconds
2016-09-11T21:58:20.930-0100: 387,313: [CMS-concurrent-sweep-start]
{Heap before GC invocations=181 (full 9):
 par new generation   total 109248K, used 109248K [0x00000007a0000000, 0x00000007a8000000, 0x00000007a8000000)
  eden space 87424K, 100% used [0x00000007a0000000, 0x00000007a5560000, 0x00000007a5560000)
  from space 21824K, 100% used [0x00000007a6ab0000, 0x00000007a8000000, 0x00000007a8000000)
  to   space 21824K,   0% used [0x00000007a5560000, 0x00000007a5560000, 0x00000007a6ab0000)
 concurrent mark-sweep generation total 393216K, used 131038K [0x00000007a8000000, 0x00000007c0000000, 0x00000007c0000000)
 Metaspace       used 46217K, capacity 47214K, committed 47436K, reserved 1091584K
  class space    used 5052K, capacity 5367K, committed 5496K, reserved 1048576K
2016-09-11T21:58:21.081-0100: 387,463: [GC (Allocation Failure) 2016-09-11T21:58:21.081-0100: 387,463: [ParNew
Desired survivor size 20112992 bytes, new threshold 4 (max 8)
- age   1:    4330784 bytes,    4330784 total
- age   2:    7718640 bytes,   12049424 total
- age   3:    3893528 bytes,   15942952 total
- age   4:    4325824 bytes,   20268776 total
- age   5:    2070136 bytes,   22338912 total
: 109248K->21824K(109248K), 0,0227897 secs] 240286K->157588K(502464K), 0,0229542 secs] [Times: user=0,08 sys=0,00, real=0,02 secs] 
Heap after GC invocations=182 (full 9):
 par new generation   total 109248K, used 21824K [0x00000007a0000000, 0x00000007a8000000, 0x00000007a8000000)
  eden space 87424K,   0% used [0x00000007a0000000, 0x00000007a0000000, 0x00000007a5560000)
  from space 21824K, 100% used [0x00000007a5560000, 0x00000007a6ab0000, 0x00000007a6ab0000)
  to   space 21824K,   0% used [0x00000007a6ab0000, 0x00000007a6ab0000, 0x00000007a8000000)
 concurrent mark-sweep generation total 393216K, used 135764K [0x00000007a8000000, 0x00000007c0000000, 0x00000007c0000000)
 Metaspace       used 46217K, capacity 47214K, committed 47436K, reserved 1091584K
  class space    used 5052K, capacity 5367K, committed 5496K, reserved 1048576K
}
2016-09-11T21:58:21.104-0100: 387,486: Total time for which application threads were stopped: 0,0234010 seconds, Stopping threads took: 0,0000432 seconds
2016-09-11T21:58:21.105-0100: 387,487: Total time for which application threads were stopped: 0,0004852 seconds, Stopping threads took: 0,0000876 seconds
2016-09-11T21:58:21.110-0100: 387,492: [CMS-concurrent-sweep: 0,155/0,179 secs] [Times: user=0,51 sys=0,01, real=0,18 secs] 
2016-09-11T21:58:21.110-0100: 387,492: [CMS-concurrent-reset-start]
2016-09-11T21:58:21.112-0100: 387,494: [CMS-concurrent-reset: 0,002/0,002 secs] [Times: user=0,01 sys=0,00, real=0,00 secs] 
2016-09-11T21:58:22.109-0100: 388,491: Total time for which application threads were stopped: 0,0004049 seconds, Stopping threads took: 0,0000795 seconds
{Heap before GC invocations=182 (full 9):
 par new generation   total 109248K, used 109248K [0x00000007a0000000, 0x00000007a8000000, 0x00000007a8000000)
  eden space 87424K, 100% used [0x00000007a0000000, 0x00000007a5560000, 0x00000007a5560000)
  from space 21824K, 100% used [0x00000007a5560000, 0x00000007a6ab0000, 0x00000007a6ab0000)
  to   space 21824K,   0% used [0x00000007a6ab0000, 0x00000007a6ab0000, 0x00000007a8000000)
 concurrent mark-sweep generation total 393216K, used 131876K [0x00000007a8000000, 0x00000007c0000000, 0x00000007c0000000)
 Metaspace       used 46223K, capacity 47214K, committed 47436K, reserved 1091584K
  class space    used 5052K, capacity 5367K, committed 5496K, reserved 1048576K
2016-09-11T21:58:22.593-0100: 388,976: [GC (Allocation Failure) 2016-09-11T21:58:22.593-0100: 388,976: [ParNew
Desired survivor size 20112992 bytes, new threshold 4 (max 8)
- age   1:    9862760 bytes,    9862760 total
- age   2:    2136016 bytes,   11998776 total
- age   3:    6447416 bytes,   18446192 total
- age   4:    3893432 bytes,   22339624 total
: 109248K->21824K(109248K), 0,0393289 secs] 241124K->179875K(502464K), 0,0394232 secs] [Times: user=0,12 sys=0,00, real=0,04 secs] 
Heap after GC invocations=183 (full 9):
 par new generation   total 109248K, used 21824K [0x00000007a0000000, 0x00000007a8000000, 0x00000007a8000000)
  eden space 87424K,   0% used [0x00000007a0000000, 0x00000007a0000000, 0x00000007a5560000)
  from space 21824K, 100% used [0x00000007a6ab0000, 0x00000007a8000000, 0x00000007a8000000)
  to   space 21824K,   0% used [0x00000007a5560000, 0x00000007a5560000, 0x00000007a6ab0000)
 concurrent mark-sweep generation total 393216K, used 158051K [0x00000007a8000000, 0x00000007c0000000, 0x00000007c0000000)
 Metaspace       used 46223K, capacity 47214K, committed 47436K, reserved 1091584K
  class space    used 5052K, capacity 5367K, committed 5496K, reserved 1048576K
}
2016-09-11T21:58:22.633-0100: 389,015: Total time for which application threads were stopped: 0,0397545 seconds, Stopping threads took: 0,0000537 seconds
{Heap before GC invocations=183 (full 9):
 par new generation   total 109248K, used 109248K [0x00000007a0000000, 0x00000007a8000000, 0x00000007a8000000)
  eden space 87424K, 100% used [0x00000007a0000000, 0x00000007a5560000, 0x00000007a5560000)
  from space 21824K, 100% used [0x00000007a6ab0000, 0x00000007a8000000, 0x00000007a8000000)
  to   space 21824K,   0% used [0x00000007a5560000, 0x00000007a5560000, 0x00000007a6ab0000)
 concurrent mark-sweep generation total 393216K, used 158051K [0x00000007a8000000, 0x00000007c0000000, 0x00000007c0000000)
 Metaspace       used 46232K, capacity 47214K, committed 47436K, reserved 1091584K
  class space    used 5052K, capacity 5367K, committed 5496K, reserved 1048576K
2016-09-11T21:58:22.705-0100: 389,087: [GC (Allocation Failure) 2016-09-11T21:58:22.730-0100: 389,113: [ParNew
Desired survivor size 20112992 bytes, new threshold 4 (max 8)
- age   1:    5061696 bytes,    5061696 total
- age   2:    9558352 bytes,   14620048 total
- age   3:    2120272 bytes,   16740320 total
- age   4:    3970008 bytes,   20710328 total
: 109248K->21824K(109248K), 0,0383531 secs] 267299K->196794K(502464K), 0,0637532 secs] [Times: user=0,14 sys=0,01, real=0,06 secs] 
Heap after GC invocations=184 (full 9):
 par new generation   total 109248K, used 21824K [0x00000007a0000000, 0x00000007a8000000, 0x00000007a8000000)
  eden space 87424K,   0% used [0x00000007a0000000, 0x00000007a0000000, 0x00000007a5560000)
  from space 21824K, 100% used [0x00000007a5560000, 0x00000007a6ab0000, 0x00000007a6ab0000)
  to   space 21824K,   0% used [0x00000007a6ab0000, 0x00000007a6ab0000, 0x00000007a8000000)
 concurrent mark-sweep generation total 393216K, used 174970K [0x00000007a8000000, 0x00000007c0000000, 0x00000007c0000000)
 Metaspace       used 46232K, capacity 47214K, committed 47436K, reserved 1091584K
  class space    used 5052K, capacity 5367K, committed 5496K, reserved 1048576K
}
2016-09-11T21:58:22.769-0100: 389,151: Total time for which application threads were stopped: 0,0640761 seconds, Stopping threads took: 0,0000325 seconds
{Heap before GC invocations=184 (full 9):
 par new generation   total 109248K, used 109248K [0x00000007a0000000, 0x00000007a8000000, 0x00000007a8000000)
  eden space 87424K, 100% used [0x00000007a0000000, 0x00000007a5560000, 0x00000007a5560000)
  from space 21824K, 100% used [0x00000007a5560000, 0x00000007a6ab0000, 0x00000007a6ab0000)
  to   space 21824K,   0% used [0x00000007a6ab0000, 0x00000007a6ab0000, 0x00000007a8000000)
 concurrent mark-sweep generation total 393216K, used 174970K [0x00000007a8000000, 0x00000007c0000000, 0x00000007c0000000)
 Metaspace       used 46232K, capacity 47214K, committed 47436K, reserved 1091584K
  class space    used 5052K, capacity 5367K, committed 5496K, reserved 1048576K
2016-09-11T21:58:22.840-0100: 389,223: [GC (Allocation Failure) 2016-09-11T21:58:22.840-0100: 389,223: [ParNew
Desired survivor size 20112992 bytes, new threshold 4 (max 8)
- age   1:    7126784 bytes,    7126784 total
- age   2:    2593800 bytes,    9720584 total
- age   3:    9323968 bytes,   19044552 total
- age   4:    2120272 bytes,   21164824 total
: 109248K->21824K(109248K), 0,0150890 secs] 284218K->202565K(502464K), 0,0151681 secs] [Times: user=0,05 sys=0,00, real=0,01 secs] 
Heap after GC invocations=185 (full 9):
 par new generation   total 109248K, used 21824K [0x00000007a0000000, 0x00000007a8000000, 0x00000007a8000000)
  eden space 87424K,   0% used [0x00000007a0000000, 0x00000007a0000000, 0x00000007a5560000)
  from space 21824K, 100% used [0x00000007a6ab0000, 0x00000007a8000000, 0x00000007a8000000)
  to   space 21824K,   0% used [0x00000007a5560000, 0x00000007a5560000, 0x00000007a6ab0000)
 concurrent mark-sweep generation total 393216K, used 180741K [0x00000007a8000000, 0x00000007c0000000, 0x00000007c0000000)
 Metaspace       used 46232K, capacity 47214K, committed 47436K, reserved 1091584K
  class space    used 5052K, capacity 5367K, committed 5496K, reserved 1048576K
}
2016-09-11T21:58:22.856-0100: 389,238: Total time for which application threads were stopped: 0,0155163 seconds, Stopping threads took: 0,0000389 seconds
{Heap before GC invocations=185 (full 9):
 par new generation   total 109248K, used 109248K [0x00000007a0000000, 0x00000007a8000000, 0x00000007a8000000)
  eden space 87424K, 100% used [0x00000007a0000000, 0x00000007a5560000, 0x00000007a5560000)
  from space 21824K, 100% used [0x00000007a6ab0000, 0x00000007a8000000, 0x00000007a8000000)
  to   space 21824K,   0% used [0x00000007a5560000, 0x00000007a5560000, 0x00000007a6ab0000)
 concurrent mark-sweep generation total 393216K, used 180741K [0x00000007a8000000, 0x00000007c0000000, 0x00000007c0000000)
 Metaspace       used 46232K, capacity 47214K, committed 47436K, reserved 1091584K
  class space    used 5052K, capacity 5367K, committed 5496K, reserved 1048576K
2016-09-11T21:58:22.926-0100: 389,308: [GC (Allocation Failure) 2016-09-11T21:58:22.926-0100: 389,308: [ParNew
Desired survivor size 20112992 bytes, new threshold 8 (max 8)
- age   1:      71040 bytes,      71040 total
- age   2:    4666312 bytes,    4737352 total
- age   3:    2587264 bytes,    7324616 total
- age   4:    9282096 bytes,   16606712 total
: 109248K->21824K(109248K), 0,0126670 secs] 289989K->205735K(502464K), 0,0130047 secs] [Times: user=0,05 sys=0,00, real=0,01 secs] 
Heap after GC invocations=186 (full 9):
 par new generation   total 109248K, used 21824K [0x00000007a0000000, 0x00000007a8000000, 0x00000007a8000000)
  eden space 87424K,   0% used [0x00000007a0000000, 0x00000007a0000000, 0x00000007a5560000)
  from space 21824K, 100% used [0x00000007a5560000, 0x00000007a6ab0000, 0x00000007a6ab0000)
  to   space 21824K,   0% used [0x00000007a6ab0000, 0x00000007a6ab0000, 0x00000007a8000000)
 concurrent mark-sweep generation total 393216K, used 183911K [0x00000007a8000000, 0x00000007c0000000, 0x00000007c0000000)
 Metaspace       used 46232K, capacity 47214K, committed 47436K, reserved 1091584K
  class space    used 5052K, capacity 5367K, committed 5496K, reserved 1048576K
}
2016-09-11T21:58:22.939-0100: 389,321: Total time for which application threads were stopped: 0,0133746 seconds, Stopping threads took: 0,0000952 seconds
{Heap before GC invocations=186 (full 9):
 par new generation   total 109248K, used 109248K [0x00000007a0000000, 0x00000007a8000000, 0x00000007a8000000)
  eden space 87424K, 100% used [0x00000007a0000000, 0x00000007a5560000, 0x00000007a5560000)
  from space 21824K, 100% used [0x00000007a5560000, 0x00000007a6ab0000, 0x00000007a6ab0000)
  to   space 21824K,   0% used [0x00000007a6ab0000, 0x00000007a6ab0000, 0x00000007a8000000)
 concurrent mark-sweep generation total 393216K, used 183911K [0x00000007a8000000, 0x00000007c0000000, 0x00000007c0000000)
 Metaspace       used 46232K, capacity 47214K, committed 47436K, reserved 1091584K
  class space    used 5052K, capacity 5367K, committed 5496K, reserved 1048576K
2016-09-11T21:58:23.002-0100: 389,384: [GC (Allocation Failure) 2016-09-11T21:58:23.002-0100: 389,385: [ParNew
Desired survivor size 20112992 bytes, new threshold 5 (max 8)
- age   1:    6581208 bytes,    6581208 total
- age   2:      29016 bytes,    6610224 total
- age   3:    3619960 bytes,   10230184 total
- age   4:    2586688 bytes,   12816872 total
- age   5:    9282024 bytes,   22098896 total
: 109248K->21824K(109248K), 0,0145807 secs] 293159K->206628K(502464K), 0,0146623 secs] [Times: user=0,06 sys=0,00, real=0,01 secs] 
Heap after GC invocations=187 (full 9):
 par new generation   total 109248K, used 21824K [0x00000007a0000000, 0x00000007a8000000, 0x00000007a8000000)
  eden space 87424K,   0% used [0x00000007a0000000, 0x00000007a0000000, 0x00000007a5560000)
  from space 21824K, 100% used [0x00000007a6ab0000, 0x00000007a8000000, 0x00000007a8000000)
  to   space 21824K,   0% used [0x00000007a5560000, 0x00000007a5560000, 0x00000007a6ab0000)
 concurrent mark-sweep generation total 393216K, used 184804K [0x00000007a8000000, 0x00000007c0000000, 0x00000007c0000000)
 Metaspace       used 46232K, capacity 47214K, committed 47436K, reserved 1091584K
  class space    used 5052K, capacity 5367K, committed 5496K, reserved 1048576K
}
2016-09-11T21:58:23.017-0100: 389,399: Total time for which application threads were stopped: 0,0149980 seconds, Stopping threads took: 0,0000507 seconds
{Heap before GC invocations=187 (full 9):
 par new generation   total 109248K, used 109248K [0x00000007a0000000, 0x00000007a8000000, 0x00000007a8000000)
  eden space 87424K, 100% used [0x00000007a0000000, 0x00000007a5560000, 0x00000007a5560000)
  from space 21824K, 100% used [0x00000007a6ab0000, 0x00000007a8000000, 0x00000007a8000000)
  to   space 21824K,   0% used [0x00000007a5560000, 0x00000007a5560000, 0x00000007a6ab0000)
 concurrent mark-sweep generation total 393216K, used 184804K [0x00000007a8000000, 0x00000007c0000000, 0x00000007c0000000)
 Metaspace       used 46232K, capacity 47214K, committed 47436K, reserved 1091584K
  class space    used 5052K, capacity 5367K, committed 5496K, reserved 1048576K
2016-09-11T21:58:23.101-0100: 389,483: [GC (Allocation Failure) 2016-09-11T21:58:23.101-0100: 389,483: [ParNew
Desired survivor size 20112992 bytes, new threshold 8 (max 8)
- age   1:    4928312 bytes,    4928312 total
- age   2:    4153032 bytes,    9081344 total
- age   3:      29016 bytes,    9110360 total
- age   4:    3619960 bytes,   12730320 total
- age   5:    2586768 bytes,   15317088 total
: 109248K->18997K(109248K), 0,0170145 secs] 294052K->212872K(502464K), 0,0171226 secs] [Times: user=0,07 sys=0,00, real=0,01 secs] 
Heap after GC invocations=188 (full 9):
 par new generation   total 109248K, used 18997K [0x00000007a0000000, 0x00000007a8000000, 0x00000007a8000000)
  eden space 87424K,   0% used [0x00000007a0000000, 0x00000007a0000000, 0x00000007a5560000)
  from space 21824K,  87% used [0x00000007a5560000, 0x00000007a67ed400, 0x00000007a6ab0000)
  to   space 21824K,   0% used [0x00000007a6ab0000, 0x00000007a6ab0000, 0x00000007a8000000)
 concurrent mark-sweep generation total 393216K, used 193875K [0x00000007a8000000, 0x00000007c0000000, 0x00000007c0000000)
 Metaspace       used 46232K, capacity 47214K, committed 47436K, reserved 1091584K
  class space    used 5052K, capacity 5367K, committed 5496K, reserved 1048576K
}
2016-09-11T21:58:23.118-0100: 389,500: Total time for which application threads were stopped: 0,0175113 seconds, Stopping threads took: 0,0001189 seconds
{Heap before GC invocations=188 (full 9):
 par new generation   total 109248K, used 106421K [0x00000007a0000000, 0x00000007a8000000, 0x00000007a8000000)
  eden space 87424K, 100% used [0x00000007a0000000, 0x00000007a5560000, 0x00000007a5560000)
  from space 21824K,  87% used [0x00000007a5560000, 0x00000007a67ed400, 0x00000007a6ab0000)
  to   space 21824K,   0% used [0x00000007a6ab0000, 0x00000007a6ab0000, 0x00000007a8000000)
 concurrent mark-sweep generation total 393216K, used 193875K [0x00000007a8000000, 0x00000007c0000000, 0x00000007c0000000)
 Metaspace       used 46232K, capacity 47214K, committed 47436K, reserved 1091584K
  class space    used 5052K, capacity 5367K, committed 5496K, reserved 1048576K
2016-09-11T21:58:23.215-0100: 389,597: [GC (Allocation Failure) 2016-09-11T21:58:23.215-0100: 389,597: [ParNew
Desired survivor size 20112992 bytes, new threshold 6 (max 8)
- age   1:    6671488 bytes,    6671488 total
- age   2:    3779512 bytes,   10451000 total
- age   3:    4010088 bytes,   14461088 total
- age   4:      29016 bytes,   14490104 total
- age   5:    3530744 bytes,   18020848 total
- age   6:    2586688 bytes,   20607536 total
: 106421K->21824K(109248K), 0,0168545 secs] 300296K->215980K(502464K), 0,0169351 secs] [Times: user=0,05 sys=0,00, real=0,02 secs] 
Heap after GC invocations=189 (full 9):
 par new generation   total 109248K, used 21824K [0x00000007a0000000, 0x00000007a8000000, 0x00000007a8000000)
  eden space 87424K,   0% used [0x00000007a0000000, 0x00000007a0000000, 0x00000007a5560000)
  from space 21824K, 100% used [0x00000007a6ab0000, 0x00000007a8000000, 0x00000007a8000000)
  to   space 21824K,   0% used [0x00000007a5560000, 0x00000007a5560000, 0x00000007a6ab0000)
 concurrent mark-sweep generation total 393216K, used 194156K [0x00000007a8000000, 0x00000007c0000000, 0x00000007c0000000)
 Metaspace       used 46232K, capacity 47214K, committed 47436K, reserved 1091584K
  class space    used 5052K, capacity 5367K, committed 5496K, reserved 1048576K
}
2016-09-11T21:58:23.232-0100: 389,614: Total time for which application threads were stopped: 0,0173156 seconds, Stopping threads took: 0,0001032 seconds
{Heap before GC invocations=189 (full 9):
 par new generation   total 109248K, used 109248K [0x00000007a0000000, 0x00000007a8000000, 0x00000007a8000000)
  eden space 87424K, 100% used [0x00000007a0000000, 0x00000007a5560000, 0x00000007a5560000)
  from space 21824K, 100% used [0x00000007a6ab0000, 0x00000007a8000000, 0x00000007a8000000)
  to   space 21824K,   0% used [0x00000007a5560000, 0x00000007a5560000, 0x00000007a6ab0000)
 concurrent mark-sweep generation total 393216K, used 194156K [0x00000007a8000000, 0x00000007c0000000, 0x00000007c0000000)
 Metaspace       used 46232K, capacity 47214K, committed 47436K, reserved 1091584K
  class space    used 5052K, capacity 5367K, committed 5496K, reserved 1048576K
2016-09-11T21:58:23.332-0100: 389,714: [GC (Allocation Failure) 2016-09-11T21:58:23.344-0100: 389,726: [ParNew
Desired survivor size 20112992 bytes, new threshold 8 (max 8)
- age   1:      94784 bytes,      94784 total
- age   2:    6491432 bytes,    6586216 total
- age   3:    1521928 bytes,    8108144 total
- age   4:    4010088 bytes,   12118232 total
- age   5:      29016 bytes,   12147248 total
- age   6:    3530744 bytes,   15677992 total
: 109248K->21824K(109248K), 0,0198723 secs] 303404K->218608K(502464K), 0,0322882 secs] [Times: user=0,09 sys=0,00, real=0,03 secs] 
Heap after GC invocations=190 (full 9):
 par new generation   total 109248K, used 21824K [0x00000007a0000000, 0x00000007a8000000, 0x00000007a8000000)
  eden space 87424K,   0% used [0x00000007a0000000, 0x00000007a0000000, 0x00000007a5560000)
  from space 21824K, 100% used [0x00000007a5560000, 0x00000007a6ab0000, 0x00000007a6ab0000)
  to   space 21824K,   0% used [0x00000007a6ab0000, 0x00000007a6ab0000, 0x00000007a8000000)
 concurrent mark-sweep generation total 393216K, used 196784K [0x00000007a8000000, 0x00000007c0000000, 0x00000007c0000000)
 Metaspace       used 46232K, capacity 47214K, committed 47436K, reserved 1091584K
  class space    used 5052K, capacity 5367K, committed 5496K, reserved 1048576K
}
2016-09-11T21:58:23.364-0100: 389,746: Total time for which application threads were stopped: 0,0326454 seconds, Stopping threads took: 0,0000828 seconds
2016-09-11T21:58:23.364-0100: 389,747: [GC (CMS Initial Mark) [1 CMS-initial-mark: 196784K(393216K)] 220297K(502464K), 0,0063197 secs] [Times: user=0,02 sys=0,00, real=0,01 secs] 
2016-09-11T21:58:23.371-0100: 389,753: Total time for which application threads were stopped: 0,0066698 seconds, Stopping threads took: 0,0001198 seconds
2016-09-11T21:58:23.371-0100: 389,753: [CMS-concurrent-mark-start]
2016-09-11T21:58:23.440-0100: 389,822: [CMS-concurrent-mark: 0,069/0,069 secs] [Times: user=0,27 sys=0,01, real=0,07 secs] 
2016-09-11T21:58:23.440-0100: 389,822: [CMS-concurrent-preclean-start]
2016-09-11T21:58:23.442-0100: 389,824: [CMS-concurrent-preclean: 0,002/0,002 secs] [Times: user=0,01 sys=0,00, real=0,00 secs] 
2016-09-11T21:58:23.442-0100: 389,824: [CMS-concurrent-abortable-preclean-start]
{Heap before GC invocations=190 (full 10):
 par new generation   total 109248K, used 109248K [0x00000007a0000000, 0x00000007a8000000, 0x00000007a8000000)
  eden space 87424K, 100% used [0x00000007a0000000, 0x00000007a5560000, 0x00000007a5560000)
  from space 21824K, 100% used [0x00000007a5560000, 0x00000007a6ab0000, 0x00000007a6ab0000)
  to   space 21824K,   0% used [0x00000007a6ab0000, 0x00000007a6ab0000, 0x00000007a8000000)
 concurrent mark-sweep generation total 393216K, used 196784K [0x00000007a8000000, 0x00000007c0000000, 0x00000007c0000000)
 Metaspace       used 46232K, capacity 47214K, committed 47436K, reserved 1091584K
  class space    used 5052K, capacity 5367K, committed 5496K, reserved 1048576K
2016-09-11T21:58:23.525-0100: 389,907: [GC (Allocation Failure) 2016-09-11T21:58:23.533-0100: 389,915: [ParNew
Desired survivor size 20112992 bytes, new threshold 8 (max 8)
- age   1:      64040 bytes,      64040 total
- age   2:      81016 bytes,     145056 total
- age   3:    6491432 bytes,    6636488 total
- age   4:    1521928 bytes,    8158416 total
- age   5:    4010088 bytes,   12168504 total
- age   6:      29016 bytes,   12197520 total
- age   7:    3530744 bytes,   15728264 total
: 109248K->18397K(109248K), 0,0110881 secs] 306032K->215181K(502464K), 0,0187780 secs] [Times: user=0,05 sys=0,00, real=0,02 secs] 
Heap after GC invocations=191 (full 10):
 par new generation   total 109248K, used 18397K [0x00000007a0000000, 0x00000007a8000000, 0x00000007a8000000)
  eden space 87424K,   0% used [0x00000007a0000000, 0x00000007a0000000, 0x00000007a5560000)
  from space 21824K,  84% used [0x00000007a6ab0000, 0x00000007a7ca7578, 0x00000007a8000000)
  to   space 21824K,   0% used [0x00000007a5560000, 0x00000007a5560000, 0x00000007a6ab0000)
 concurrent mark-sweep generation total 393216K, used 196784K [0x00000007a8000000, 0x00000007c0000000, 0x00000007c0000000)
 Metaspace       used 46232K, capacity 47214K, committed 47436K, reserved 1091584K
  class space    used 5052K, capacity 5367K, committed 5496K, reserved 1048576K
}
2016-09-11T21:58:23.544-0100: 389,926: Total time for which application threads were stopped: 0,0191661 seconds, Stopping threads took: 0,0001187 seconds
2016-09-11T21:58:23.672-0100: 390,054: [CMS-concurrent-abortable-preclean: 0,211/0,230 secs] [Times: user=0,79 sys=0,00, real=0,23 secs] 
2016-09-11T21:58:23.672-0100: 390,055: [GC (CMS Final Remark) [YG occupancy: 87276 K (109248 K)]{Heap before GC invocations=191 (full 10):
 par new generation   total 109248K, used 87276K [0x00000007a0000000, 0x00000007a8000000, 0x00000007a8000000)
  eden space 87424K,  78% used [0x00000007a0000000, 0x00000007a4343cd0, 0x00000007a5560000)
  from space 21824K,  84% used [0x00000007a6ab0000, 0x00000007a7ca7578, 0x00000007a8000000)
  to   space 21824K,   0% used [0x00000007a5560000, 0x00000007a5560000, 0x00000007a6ab0000)
 concurrent mark-sweep generation total 393216K, used 196784K [0x00000007a8000000, 0x00000007c0000000, 0x00000007c0000000)
 Metaspace       used 46248K, capacity 47278K, committed 47692K, reserved 1091584K
  class space    used 5052K, capacity 5367K, committed 5496K, reserved 1048576K
2016-09-11T21:58:23.673-0100: 390,055: [GC (CMS Final Remark) 2016-09-11T21:58:23.673-0100: 390,055: [ParNew
Desired survivor size 20112992 bytes, new threshold 8 (max 8)
- age   1:    2987208 bytes,    2987208 total
- age   2:      27600 bytes,    3014808 total
- age   3:      47216 bytes,    3062024 total
- age   4:    6059720 bytes,    9121744 total
- age   5:    1521472 bytes,   10643216 total
- age   6:    4010088 bytes,   14653304 total
- age   7:      29016 bytes,   14682320 total
- age   8:    3530744 bytes,   18213064 total
: 87276K->21824K(109248K), 0,0116741 secs] 284060K->218610K(502464K), 0,0117439 secs] [Times: user=0,04 sys=0,01, real=0,01 secs] 
Heap after GC invocations=192 (full 10):
 par new generation   total 109248K, used 21824K [0x00000007a0000000, 0x00000007a8000000, 0x00000007a8000000)
  eden space 87424K,   0% used [0x00000007a0000000, 0x00000007a0000000, 0x00000007a5560000)
  from space 21824K, 100% used [0x00000007a5560000, 0x00000007a6ab0000, 0x00000007a6ab0000)
  to   space 21824K,   0% used [0x00000007a6ab0000, 0x00000007a6ab0000, 0x00000007a8000000)
 concurrent mark-sweep generation total 393216K, used 196786K [0x00000007a8000000, 0x00000007c0000000, 0x00000007c0000000)
 Metaspace       used 46248K, capacity 47278K, committed 47692K, reserved 1091584K
  class space    used 5052K, capacity 5367K, committed 5496K, reserved 1048576K
}
2016-09-11T21:58:23.684-0100: 390,067: [Rescan (parallel) , 0,0050239 secs]2016-09-11T21:58:23.689-0100: 390,072: [weak refs processing, 0,0064173 secs]2016-09-11T21:58:23.696-0100: 390,078: [class unloading, 0,0129515 secs]2016-09-11T21:58:23.709-0100: 390,091: [scrub symbol table, 0,0088230 secs]2016-09-11T21:58:23.718-0100: 390,100: [scrub string table, 0,0007141 secs][1 CMS-remark: 196786K(393216K)] 218610K(502464K), 0,0461138 secs] [Times: user=0,13 sys=0,01, real=0,04 secs] 
2016-09-11T21:58:23.719-0100: 390,101: Total time for which application threads were stopped: 0,0465575 seconds, Stopping threads took: 0,0001460 seconds
2016-09-11T21:58:23.719-0100: 390,101: [CMS-concurrent-sweep-start]
{Heap before GC invocations=192 (full 10):
 par new generation   total 109248K, used 109248K [0x00000007a0000000, 0x00000007a8000000, 0x00000007a8000000)
  eden space 87424K, 100% used [0x00000007a0000000, 0x00000007a5560000, 0x00000007a5560000)
  from space 21824K, 100% used [0x00000007a5560000, 0x00000007a6ab0000, 0x00000007a6ab0000)
  to   space 21824K,   0% used [0x00000007a6ab0000, 0x00000007a6ab0000, 0x00000007a8000000)
 concurrent mark-sweep generation total 393216K, used 140212K [0x00000007a8000000, 0x00000007c0000000, 0x00000007c0000000)
 Metaspace       used 46248K, capacity 47278K, committed 47692K, reserved 1091584K
  class space    used 5052K, capacity 5367K, committed 5496K, reserved 1048576K
2016-09-11T21:58:23.837-0100: 390,220: [GC (Allocation Failure) 2016-09-11T21:58:23.837-0100: 390,220: [ParNew
Desired survivor size 20112992 bytes, new threshold 8 (max 8)
- age   1:    2610408 bytes,    2610408 total
- age   2:    2959624 bytes,    5570032 total
- age   4:      20416 bytes,    5590448 total
- age   5:    2979536 bytes,    8569984 total
- age   6:    1521472 bytes,   10091456 total
- age   7:    4007496 bytes,   14098952 total
- age   8:      28968 bytes,   14127920 total
: 109248K->21095K(109248K), 0,0130432 secs] 249460K->164832K(502464K), 0,0131313 secs] [Times: user=0,05 sys=0,00, real=0,02 secs] 
Heap after GC invocations=193 (full 10):
 par new generation   total 109248K, used 21095K [0x00000007a0000000, 0x00000007a8000000, 0x00000007a8000000)
  eden space 87424K,   0% used [0x00000007a0000000, 0x00000007a0000000, 0x00000007a5560000)
  from space 21824K,  96% used [0x00000007a6ab0000, 0x00000007a7f49f48, 0x00000007a8000000)
  to   space 21824K,   0% used [0x00000007a5560000, 0x00000007a5560000, 0x00000007a6ab0000)
 concurrent mark-sweep generation total 393216K, used 143736K [0x00000007a8000000, 0x00000007c0000000, 0x00000007c0000000)
 Metaspace       used 46248K, capacity 47278K, committed 47692K, reserved 1091584K
  class space    used 5052K, capacity 5367K, committed 5496K, reserved 1048576K
}
2016-09-11T21:58:23.851-0100: 390,233: Total time for which application threads were stopped: 0,0135328 seconds, Stopping threads took: 0,0001043 seconds
2016-09-11T21:58:23.887-0100: 390,269: [CMS-concurrent-sweep: 0,155/0,168 secs] [Times: user=0,65 sys=0,00, real=0,17 secs] 
2016-09-11T21:58:23.887-0100: 390,270: [CMS-concurrent-reset-start]
2016-09-11T21:58:23.888-0100: 390,270: [CMS-concurrent-reset: 0,000/0,000 secs] [Times: user=0,00 sys=0,00, real=0,00 secs] 
{Heap before GC invocations=193 (full 10):
 par new generation   total 109248K, used 108519K [0x00000007a0000000, 0x00000007a8000000, 0x00000007a8000000)
  eden space 87424K, 100% used [0x00000007a0000000, 0x00000007a5560000, 0x00000007a5560000)
  from space 21824K,  96% used [0x00000007a6ab0000, 0x00000007a7f49f48, 0x00000007a8000000)
  to   space 21824K,   0% used [0x00000007a5560000, 0x00000007a5560000, 0x00000007a6ab0000)
 concurrent mark-sweep generation total 393216K, used 119299K [0x00000007a8000000, 0x00000007c0000000, 0x00000007c0000000)
 Metaspace       used 46248K, capacity 47278K, committed 47692K, reserved 1091584K
  class space    used 5052K, capacity 5367K, committed 5496K, reserved 1048576K
2016-09-11T21:58:23.953-0100: 390,336: [GC (Allocation Failure) 2016-09-11T21:58:23.954-0100: 390,336: [ParNew
Desired survivor size 20112992 bytes, new threshold 8 (max 8)
- age   1:      83760 bytes,      83760 total
- age   2:    2600160 bytes,    2683920 total
- age   3:    2959624 bytes,    5643544 total
- age   5:      20416 bytes,    5663960 total
- age   6:     331304 bytes,    5995264 total
- age   7:    1521472 bytes,    7516736 total
- age   8:    4007496 bytes,   11524232 total
: 108519K->15336K(109248K), 0,0075127 secs] 227819K->134666K(502464K), 0,0076136 secs] [Times: user=0,02 sys=0,01, real=0,01 secs] 
Heap after GC invocations=194 (full 10):
 par new generation   total 109248K, used 15336K [0x00000007a0000000, 0x00000007a8000000, 0x00000007a8000000)
  eden space 87424K,   0% used [0x00000007a0000000, 0x00000007a0000000, 0x00000007a5560000)
  from space 21824K,  70% used [0x00000007a5560000, 0x00000007a645a2c0, 0x00000007a6ab0000)
  to   space 21824K,   0% used [0x00000007a6ab0000, 0x00000007a6ab0000, 0x00000007a8000000)
 concurrent mark-sweep generation total 393216K, used 119329K [0x00000007a8000000, 0x00000007c0000000, 0x00000007c0000000)
 Metaspace       used 46248K, capacity 47278K, committed 47692K, reserved 1091584K
  class space    used 5052K, capacity 5367K, committed 5496K, reserved 1048576K
}
2016-09-11T21:58:23.961-0100: 390,344: Total time for which application threads were stopped: 0,0079898 seconds, Stopping threads took: 0,0000909 seconds
{Heap before GC invocations=194 (full 10):
 par new generation   total 109248K, used 102760K [0x00000007a0000000, 0x00000007a8000000, 0x00000007a8000000)
  eden space 87424K, 100% used [0x00000007a0000000, 0x00000007a5560000, 0x00000007a5560000)
  from space 21824K,  70% used [0x00000007a5560000, 0x00000007a645a2c0, 0x00000007a6ab0000)
  to   space 21824K,   0% used [0x00000007a6ab0000, 0x00000007a6ab0000, 0x00000007a8000000)
 concurrent mark-sweep generation total 393216K, used 119329K [0x00000007a8000000, 0x00000007c0000000, 0x00000007c0000000)
 Metaspace       used 46248K, capacity 47278K, committed 47692K, reserved 1091584K
  class space    used 5052K, capacity 5367K, committed 5496K, reserved 1048576K
2016-09-11T21:58:24.052-0100: 390,434: [GC (Allocation Failure) 2016-09-11T21:58:24.052-0100: 390,434: [ParNew
Desired survivor size 20112992 bytes, new threshold 8 (max 8)
- age   1:      84720 bytes,      84720 total
- age   2:      69872 bytes,     154592 total
- age   3:    2599808 bytes,    2754400 total
- age   4:    2959624 bytes,    5714024 total
- age   6:      20416 bytes,    5734440 total
- age   7:     331304 bytes,    6065744 total
- age   8:    1521472 bytes,    7587216 total
: 102760K->10740K(109248K), 0,0105375 secs] 222090K->134099K(502464K), 0,0106334 secs] [Times: user=0,03 sys=0,00, real=0,01 secs] 
Heap after GC invocations=195 (full 10):
 par new generation   total 109248K, used 10740K [0x00000007a0000000, 0x00000007a8000000, 0x00000007a8000000)
  eden space 87424K,   0% used [0x00000007a0000000, 0x00000007a0000000, 0x00000007a5560000)
  from space 21824K,  49% used [0x00000007a6ab0000, 0x00000007a752d1d8, 0x00000007a8000000)
  to   space 21824K,   0% used [0x00000007a5560000, 0x00000007a5560000, 0x00000007a6ab0000)
 concurrent mark-sweep generation total 393216K, used 123359K [0x00000007a8000000, 0x00000007c0000000, 0x00000007c0000000)
 Metaspace       used 46248K, capacity 47278K, committed 47692K, reserved 1091584K
  class space    used 5052K, capacity 5367K, committed 5496K, reserved 1048576K
}
2016-09-11T21:58:24.062-0100: 390,445: Total time for which application threads were stopped: 0,0110346 seconds, Stopping threads took: 0,0001127 seconds
{Heap before GC invocations=195 (full 10):
 par new generation   total 109248K, used 98164K [0x00000007a0000000, 0x00000007a8000000, 0x00000007a8000000)
  eden space 87424K, 100% used [0x00000007a0000000, 0x00000007a5560000, 0x00000007a5560000)
  from space 21824K,  49% used [0x00000007a6ab0000, 0x00000007a752d1d8, 0x00000007a8000000)
  to   space 21824K,   0% used [0x00000007a5560000, 0x00000007a5560000, 0x00000007a6ab0000)
 concurrent mark-sweep generation total 393216K, used 123359K [0x00000007a8000000, 0x00000007c0000000, 0x00000007c0000000)
 Metaspace       used 46248K, capacity 47278K, committed 47692K, reserved 1091584K
  class space    used 5052K, capacity 5367K, committed 5496K, reserved 1048576K
2016-09-11T21:58:24.170-0100: 390,553: [GC (Allocation Failure) 2016-09-11T21:58:24.171-0100: 390,553: [ParNew
Desired survivor size 20112992 bytes, new threshold 8 (max 8)
- age   1:    9224600 bytes,    9224600 total
- age   2:      43432 bytes,    9268032 total
- age   3:      43272 bytes,    9311304 total
- age   4:    2550896 bytes,   11862200 total
- age   5:    2910712 bytes,   14772912 total
- age   7:      20416 bytes,   14793328 total
- age   8:     331304 bytes,   15124632 total
: 98164K->17251K(109248K), 0,0078886 secs] 221523K->142108K(502464K), 0,0079859 secs] [Times: user=0,03 sys=0,00, real=0,00 secs] 
Heap after GC invocations=196 (full 10):
 par new generation   total 109248K, used 17251K [0x00000007a0000000, 0x00000007a8000000, 0x00000007a8000000)
  eden space 87424K,   0% used [0x00000007a0000000, 0x00000007a0000000, 0x00000007a5560000)
  from space 21824K,  79% used [0x00000007a5560000, 0x00000007a6638e00, 0x00000007a6ab0000)
  to   space 21824K,   0% used [0x00000007a6ab0000, 0x00000007a6ab0000, 0x00000007a8000000)
 concurrent mark-sweep generation total 393216K, used 124856K [0x00000007a8000000, 0x00000007c0000000, 0x00000007c0000000)
 Metaspace       used 46248K, capacity 47278K, committed 47692K, reserved 1091584K
  class space    used 5052K, capacity 5367K, committed 5496K, reserved 1048576K
}
2016-09-11T21:58:24.179-0100: 390,561: Total time for which application threads were stopped: 0,0083520 seconds, Stopping threads took: 0,0000924 seconds
{Heap before GC invocations=196 (full 10):
 par new generation   total 109248K, used 104675K [0x00000007a0000000, 0x00000007a8000000, 0x00000007a8000000)
  eden space 87424K, 100% used [0x00000007a0000000, 0x00000007a5560000, 0x00000007a5560000)
  from space 21824K,  79% used [0x00000007a5560000, 0x00000007a6638e00, 0x00000007a6ab0000)
  to   space 21824K,   0% used [0x00000007a6ab0000, 0x00000007a6ab0000, 0x00000007a8000000)
 concurrent mark-sweep generation total 393216K, used 124856K [0x00000007a8000000, 0x00000007c0000000, 0x00000007c0000000)
 Metaspace       used 46248K, capacity 47278K, committed 47692K, reserved 1091584K
  class space    used 5052K, capacity 5367K, committed 5496K, reserved 1048576K
2016-09-11T21:58:24.274-0100: 390,657: [GC (Allocation Failure) 2016-09-11T21:58:24.275-0100: 390,657: [ParNew
Desired survivor size 20112992 bytes, new threshold 8 (max 8)
- age   1:       2088 bytes,       2088 total
- age   2:    9135952 bytes,    9138040 total
- age   3:      43432 bytes,    9181472 total
- age   4:      43272 bytes,    9224744 total
- age   5:       1352 bytes,    9226096 total
- age   6:     361168 bytes,    9587264 total
- age   8:      20416 bytes,    9607680 total
: 104675K->15194K(109248K), 0,0066977 secs] 229532K->140383K(502464K), 0,0067823 secs] [Times: user=0,02 sys=0,00, real=0,01 secs] 
Heap after GC invocations=197 (full 10):
 par new generation   total 109248K, used 15194K [0x00000007a0000000, 0x00000007a8000000, 0x00000007a8000000)
  eden space 87424K,   0% used [0x00000007a0000000, 0x00000007a0000000, 0x00000007a5560000)
  from space 21824K,  69% used [0x00000007a6ab0000, 0x00000007a7986b38, 0x00000007a8000000)
  to   space 21824K,   0% used [0x00000007a5560000, 0x00000007a5560000, 0x00000007a6ab0000)
 concurrent mark-sweep generation total 393216K, used 125188K [0x00000007a8000000, 0x00000007c0000000, 0x00000007c0000000)
 Metaspace       used 46248K, capacity 47278K, committed 47692K, reserved 1091584K
  class space    used 5052K, capacity 5367K, committed 5496K, reserved 1048576K
}
2016-09-11T21:58:24.281-0100: 390,664: Total time for which application threads were stopped: 0,0071750 seconds, Stopping threads took: 0,0001144 seconds
{Heap before GC invocations=197 (full 10):
 par new generation   total 109248K, used 102618K [0x00000007a0000000, 0x00000007a8000000, 0x00000007a8000000)
  eden space 87424K, 100% used [0x00000007a0000000, 0x00000007a5560000, 0x00000007a5560000)
  from space 21824K,  69% used [0x00000007a6ab0000, 0x00000007a7986b38, 0x00000007a8000000)
  to   space 21824K,   0% used [0x00000007a5560000, 0x00000007a5560000, 0x00000007a6ab0000)
 concurrent mark-sweep generation total 393216K, used 125188K [0x00000007a8000000, 0x00000007c0000000, 0x00000007c0000000)
 Metaspace       used 46248K, capacity 47278K, committed 47692K, reserved 1091584K
  class space    used 5052K, capacity 5367K, committed 5496K, reserved 1048576K
2016-09-11T21:58:24.375-0100: 390,758: [GC (Allocation Failure) 2016-09-11T21:58:24.376-0100: 390,758: [ParNew
Desired survivor size 20112992 bytes, new threshold 8 (max 8)
- age   1:       1336 bytes,       1336 total
- age   3:    9135952 bytes,    9137288 total
- age   4:      43432 bytes,    9180720 total
- age   5:      43272 bytes,    9223992 total
- age   6:       1352 bytes,    9225344 total
- age   7:     361168 bytes,    9586512 total
: 102618K->13461K(109248K), 0,0054597 secs] 227807K->138670K(502464K), 0,0055557 secs] [Times: user=0,02 sys=0,00, real=0,01 secs] 
Heap after GC invocations=198 (full 10):
 par new generation   total 109248K, used 13461K [0x00000007a0000000, 0x00000007a8000000, 0x00000007a8000000)
  eden space 87424K,   0% used [0x00000007a0000000, 0x00000007a0000000, 0x00000007a5560000)
  from space 21824K,  61% used [0x00000007a5560000, 0x00000007a62855a0, 0x00000007a6ab0000)
  to   space 21824K,   0% used [0x00000007a6ab0000, 0x00000007a6ab0000, 0x00000007a8000000)
 concurrent mark-sweep generation total 393216K, used 125209K [0x00000007a8000000, 0x00000007c0000000, 0x00000007c0000000)
 Metaspace       used 46248K, capacity 47278K, committed 47692K, reserved 1091584K
  class space    used 5052K, capacity 5367K, committed 5496K, reserved 1048576K
}
2016-09-11T21:58:24.381-0100: 390,763: Total time for which application threads were stopped: 0,0059455 seconds, Stopping threads took: 0,0001143 seconds
{Heap before GC invocations=198 (full 10):
 par new generation   total 109248K, used 100885K [0x00000007a0000000, 0x00000007a8000000, 0x00000007a8000000)
  eden space 87424K, 100% used [0x00000007a0000000, 0x00000007a5560000, 0x00000007a5560000)
  from space 21824K,  61% used [0x00000007a5560000, 0x00000007a62855a0, 0x00000007a6ab0000)
  to   space 21824K,   0% used [0x00000007a6ab0000, 0x00000007a6ab0000, 0x00000007a8000000)
 concurrent mark-sweep generation total 393216K, used 125209K [0x00000007a8000000, 0x00000007c0000000, 0x00000007c0000000)
 Metaspace       used 46248K, capacity 47278K, committed 47692K, reserved 1091584K
  class space    used 5052K, capacity 5367K, committed 5496K, reserved 1048576K
2016-09-11T21:58:24.452-0100: 390,835: [GC (Allocation Failure) 2016-09-11T21:58:24.452-0100: 390,835: [ParNew
Desired survivor size 20112992 bytes, new threshold 8 (max 8)
- age   1:       1088 bytes,       1088 total
- age   4:    9135952 bytes,    9137040 total
- age   5:      43432 bytes,    9180472 total
- age   6:      43272 bytes,    9223744 total
- age   7:       1352 bytes,    9225096 total
- age   8:     361168 bytes,    9586264 total
: 100885K->12142K(109248K), 0,0045696 secs] 226094K->137351K(502464K), 0,0046538 secs] [Times: user=0,01 sys=0,00, real=0,00 secs] 
Heap after GC invocations=199 (full 10):
 par new generation   total 109248K, used 12142K [0x00000007a0000000, 0x00000007a8000000, 0x00000007a8000000)
  eden space 87424K,   0% used [0x00000007a0000000, 0x00000007a0000000, 0x00000007a5560000)
  from space 21824K,  55% used [0x00000007a6ab0000, 0x00000007a768b870, 0x00000007a8000000)
  to   space 21824K,   0% used [0x00000007a5560000, 0x00000007a5560000, 0x00000007a6ab0000)
 concurrent mark-sweep generation total 393216K, used 125209K [0x00000007a8000000, 0x00000007c0000000, 0x00000007c0000000)
 Metaspace       used 46248K, capacity 47278K, committed 47692K, reserved 1091584K
  class space    used 5052K, capacity 5367K, committed 5496K, reserved 1048576K
}
2016-09-11T21:58:24.457-0100: 390,839: Total time for which application threads were stopped: 0,0050409 seconds, Stopping threads took: 0,0000808 seconds
{Heap before GC invocations=199 (full 10):
 par new generation   total 109248K, used 99566K [0x00000007a0000000, 0x00000007a8000000, 0x00000007a8000000)
  eden space 87424K, 100% used [0x00000007a0000000, 0x00000007a5560000, 0x00000007a5560000)
  from space 21824K,  55% used [0x00000007a6ab0000, 0x00000007a768b870, 0x00000007a8000000)
  to   space 21824K,   0% used [0x00000007a5560000, 0x00000007a5560000, 0x00000007a6ab0000)
 concurrent mark-sweep generation total 393216K, used 125209K [0x00000007a8000000, 0x00000007c0000000, 0x00000007c0000000)
 Metaspace       used 46248K, capacity 47278K, committed 47692K, reserved 1091584K
  class space    used 5052K, capacity 5367K, committed 5496K, reserved 1048576K
2016-09-11T21:58:24.535-0100: 390,917: [GC (Allocation Failure) 2016-09-11T21:58:24.535-0100: 390,918: [ParNew
Desired survivor size 20112992 bytes, new threshold 8 (max 8)
- age   1:    3595912 bytes,    3595912 total
- age   5:    8702360 bytes,   12298272 total
- age   6:      43432 bytes,   12341704 total
- age   7:      43272 bytes,   12384976 total
- age   8:       1352 bytes,   12386328 total
: 99566K->15355K(109248K), 0,0053237 secs] 224775K->140921K(502464K), 0,0054137 secs] [Times: user=0,01 sys=0,00, real=0,01 secs] 
Heap after GC invocations=200 (full 10):
 par new generation   total 109248K, used 15355K [0x00000007a0000000, 0x00000007a8000000, 0x00000007a8000000)
  eden space 87424K,   0% used [0x00000007a0000000, 0x00000007a0000000, 0x00000007a5560000)
  from space 21824K,  70% used [0x00000007a5560000, 0x00000007a645ee90, 0x00000007a6ab0000)
  to   space 21824K,   0% used [0x00000007a6ab0000, 0x00000007a6ab0000, 0x00000007a8000000)
 concurrent mark-sweep generation total 393216K, used 125565K [0x00000007a8000000, 0x00000007c0000000, 0x00000007c0000000)
 Metaspace       used 46248K, capacity 47278K, committed 47692K, reserved 1091584K
  class space    used 5052K, capacity 5367K, committed 5496K, reserved 1048576K
}
2016-09-11T21:58:24.541-0100: 390,923: Total time for which application threads were stopped: 0,0057839 seconds, Stopping threads took: 0,0000913 seconds
{Heap before GC invocations=200 (full 10):
 par new generation   total 109248K, used 102779K [0x00000007a0000000, 0x00000007a8000000, 0x00000007a8000000)
  eden space 87424K, 100% used [0x00000007a0000000, 0x00000007a5560000, 0x00000007a5560000)
  from space 21824K,  70% used [0x00000007a5560000, 0x00000007a645ee90, 0x00000007a6ab0000)
  to   space 21824K,   0% used [0x00000007a6ab0000, 0x00000007a6ab0000, 0x00000007a8000000)
 concurrent mark-sweep generation total 393216K, used 125565K [0x00000007a8000000, 0x00000007c0000000, 0x00000007c0000000)
 Metaspace       used 46248K, capacity 47278K, committed 47692K, reserved 1091584K
  class space    used 5052K, capacity 5367K, committed 5496K, reserved 1048576K
2016-09-11T21:58:24.618-0100: 391,001: [GC (Allocation Failure) 2016-09-11T21:58:24.618-0100: 391,001: [ParNew
Desired survivor size 20112992 bytes, new threshold 8 (max 8)
- age   1:    3596968 bytes,    3596968 total
- age   2:    3586104 bytes,    7183072 total
- age   6:    4239384 bytes,   11422456 total
- age   7:      43432 bytes,   11465888 total
- age   8:      43272 bytes,   11509160 total
: 102779K->17943K(109248K), 0,0043451 secs] 228345K->143510K(502464K), 0,0044273 secs] [Times: user=0,01 sys=0,01, real=0,01 secs] 
Heap after GC invocations=201 (full 10):
 par new generation   total 109248K, used 17943K [0x00000007a0000000, 0x00000007a8000000, 0x00000007a8000000)
  eden space 87424K,   0% used [0x00000007a0000000, 0x00000007a0000000, 0x00000007a5560000)
  from space 21824K,  82% used [0x00000007a6ab0000, 0x00000007a7c35cc0, 0x00000007a8000000)
  to   space 21824K,   0% used [0x00000007a5560000, 0x00000007a5560000, 0x00000007a6ab0000)
 concurrent mark-sweep generation total 393216K, used 125567K [0x00000007a8000000, 0x00000007c0000000, 0x00000007c0000000)
 Metaspace       used 46248K, capacity 47278K, committed 47692K, reserved 1091584K
  class space    used 5052K, capacity 5367K, committed 5496K, reserved 1048576K
}
2016-09-11T21:58:24.623-0100: 391,005: Total time for which application threads were stopped: 0,0048054 seconds, Stopping threads took: 0,0000972 seconds
{Heap before GC invocations=201 (full 10):
 par new generation   total 109248K, used 105367K [0x00000007a0000000, 0x00000007a8000000, 0x00000007a8000000)
  eden space 87424K, 100% used [0x00000007a0000000, 0x00000007a5560000, 0x00000007a5560000)
  from space 21824K,  82% used [0x00000007a6ab0000, 0x00000007a7c35cc0, 0x00000007a8000000)
  to   space 21824K,   0% used [0x00000007a5560000, 0x00000007a5560000, 0x00000007a6ab0000)
 concurrent mark-sweep generation total 393216K, used 125567K [0x00000007a8000000, 0x00000007c0000000, 0x00000007c0000000)
 Metaspace       used 46248K, capacity 47278K, committed 47692K, reserved 1091584K
  class space    used 5052K, capacity 5367K, committed 5496K, reserved 1048576K
2016-09-11T21:58:24.694-0100: 391,076: [GC (Allocation Failure) 2016-09-11T21:58:24.694-0100: 391,076: [ParNew
Desired survivor size 20112992 bytes, new threshold 8 (max 8)
- age   1:        936 bytes,        936 total
- age   2:    3586104 bytes,    3587040 total
- age   3:    3586104 bytes,    7173144 total
- age   7:     209520 bytes,    7382664 total
- age   8:      43432 bytes,    7426096 total
: 105367K->10746K(109248K), 0,0038088 secs] 230934K->136356K(502464K), 0,0039064 secs] [Times: user=0,02 sys=0,00, real=0,00 secs] 
Heap after GC invocations=202 (full 10):
 par new generation   total 109248K, used 10746K [0x00000007a0000000, 0x00000007a8000000, 0x00000007a8000000)
  eden space 87424K,   0% used [0x00000007a0000000, 0x00000007a0000000, 0x00000007a5560000)
  from space 21824K,  49% used [0x00000007a5560000, 0x00000007a5fde940, 0x00000007a6ab0000)
  to   space 21824K,   0% used [0x00000007a6ab0000, 0x00000007a6ab0000, 0x00000007a8000000)
 concurrent mark-sweep generation total 393216K, used 125610K [0x00000007a8000000, 0x00000007c0000000, 0x00000007c0000000)
 Metaspace       used 46248K, capacity 47278K, committed 47692K, reserved 1091584K
  class space    used 5052K, capacity 5367K, committed 5496K, reserved 1048576K
}
2016-09-11T21:58:24.698-0100: 391,080: Total time for which application threads were stopped: 0,0042893 seconds, Stopping threads took: 0,0001045 seconds
{Heap before GC invocations=202 (full 10):
 par new generation   total 109248K, used 98170K [0x00000007a0000000, 0x00000007a8000000, 0x00000007a8000000)
  eden space 87424K, 100% used [0x00000007a0000000, 0x00000007a5560000, 0x00000007a5560000)
  from space 21824K,  49% used [0x00000007a5560000, 0x00000007a5fde940, 0x00000007a6ab0000)
  to   space 21824K,   0% used [0x00000007a6ab0000, 0x00000007a6ab0000, 0x00000007a8000000)
 concurrent mark-sweep generation total 393216K, used 125610K [0x00000007a8000000, 0x00000007c0000000, 0x00000007c0000000)
 Metaspace       used 46248K, capacity 47278K, committed 47692K, reserved 1091584K
  class space    used 5052K, capacity 5367K, committed 5496K, reserved 1048576K
2016-09-11T21:58:24.767-0100: 391,149: [GC (Allocation Failure) 2016-09-11T21:58:24.767-0100: 391,149: [ParNew
Desired survivor size 20112992 bytes, new threshold 8 (max 8)
- age   1:     780152 bytes,     780152 total
- age   3:    3586104 bytes,    4366256 total
- age   4:    3203352 bytes,    7569608 total
- age   8:     209520 bytes,    7779128 total
: 98170K->10157K(109248K), 0,0038593 secs] 223780K->135810K(502464K), 0,0039375 secs] [Times: user=0,01 sys=0,00, real=0,01 secs] 
Heap after GC invocations=203 (full 10):
 par new generation   total 109248K, used 10157K [0x00000007a0000000, 0x00000007a8000000, 0x00000007a8000000)
  eden space 87424K,   0% used [0x00000007a0000000, 0x00000007a0000000, 0x00000007a5560000)
  from space 21824K,  46% used [0x00000007a6ab0000, 0x00000007a749b420, 0x00000007a8000000)
  to   space 21824K,   0% used [0x00000007a5560000, 0x00000007a5560000, 0x00000007a6ab0000)
 concurrent mark-sweep generation total 393216K, used 125653K [0x00000007a8000000, 0x00000007c0000000, 0x00000007c0000000)
 Metaspace       used 46248K, capacity 47278K, committed 47692K, reserved 1091584K
  class space    used 5052K, capacity 5367K, committed 5496K, reserved 1048576K
}
2016-09-11T21:58:24.771-0100: 391,153: Total time for which application threads were stopped: 0,0043295 seconds, Stopping threads took: 0,0001022 seconds
{Heap before GC invocations=203 (full 10):
 par new generation   total 109248K, used 97581K [0x00000007a0000000, 0x00000007a8000000, 0x00000007a8000000)
  eden space 87424K, 100% used [0x00000007a0000000, 0x00000007a5560000, 0x00000007a5560000)
  from space 21824K,  46% used [0x00000007a6ab0000, 0x00000007a749b420, 0x00000007a8000000)
  to   space 21824K,   0% used [0x00000007a5560000, 0x00000007a5560000, 0x00000007a6ab0000)
 concurrent mark-sweep generation total 393216K, used 125653K [0x00000007a8000000, 0x00000007c0000000, 0x00000007c0000000)
 Metaspace       used 46253K, capacity 47278K, committed 47692K, reserved 1091584K
  class space    used 5052K, capacity 5367K, committed 5496K, reserved 1048576K
2016-09-11T21:58:24.863-0100: 391,245: [GC (Allocation Failure) 2016-09-11T21:58:24.863-0100: 391,245: [ParNew
Desired survivor size 20112992 bytes, new threshold 8 (max 8)
- age   1:    5094704 bytes,    5094704 total
- age   2:     573936 bytes,    5668640 total
- age   4:    3203352 bytes,    8871992 total
: 97581K->11593K(109248K), 0,0082608 secs] 223234K->137453K(502464K), 0,0083680 secs] [Times: user=0,03 sys=0,00, real=0,01 secs] 
Heap after GC invocations=204 (full 10):
 par new generation   total 109248K, used 11593K [0x00000007a0000000, 0x00000007a8000000, 0x00000007a8000000)
  eden space 87424K,   0% used [0x00000007a0000000, 0x00000007a0000000, 0x00000007a5560000)
  from space 21824K,  53% used [0x00000007a5560000, 0x00000007a60b2600, 0x00000007a6ab0000)
  to   space 21824K,   0% used [0x00000007a6ab0000, 0x00000007a6ab0000, 0x00000007a8000000)
 concurrent mark-sweep generation total 393216K, used 125860K [0x00000007a8000000, 0x00000007c0000000, 0x00000007c0000000)
 Metaspace       used 46253K, capacity 47278K, committed 47692K, reserved 1091584K
  class space    used 5052K, capacity 5367K, committed 5496K, reserved 1048576K
}
2016-09-11T21:58:24.871-0100: 391,253: Total time for which application threads were stopped: 0,0087537 seconds, Stopping threads took: 0,0000344 seconds
2016-09-11T21:58:24.908-0100: 391,290: Total time for which application threads were stopped: 0,0003116 seconds, Stopping threads took: 0,0000339 seconds
2016-09-11T21:58:24.909-0100: 391,291: Total time for which application threads were stopped: 0,0002278 seconds, Stopping threads took: 0,0000595 seconds
2016-09-11T21:58:24.909-0100: 391,292: Total time for which application threads were stopped: 0,0001506 seconds, Stopping threads took: 0,0000541 seconds
2016-09-11T21:58:24.909-0100: 391,292: Total time for which application threads were stopped: 0,0001285 seconds, Stopping threads took: 0,0000346 seconds
{Heap before GC invocations=204 (full 10):
 par new generation   total 109248K, used 99017K [0x00000007a0000000, 0x00000007a8000000, 0x00000007a8000000)
  eden space 87424K, 100% used [0x00000007a0000000, 0x00000007a5560000, 0x00000007a5560000)
  from space 21824K,  53% used [0x00000007a5560000, 0x00000007a60b2600, 0x00000007a6ab0000)
  to   space 21824K,   0% used [0x00000007a6ab0000, 0x00000007a6ab0000, 0x00000007a8000000)
 concurrent mark-sweep generation total 393216K, used 125860K [0x00000007a8000000, 0x00000007c0000000, 0x00000007c0000000)
 Metaspace       used 46261K, capacity 47278K, committed 47692K, reserved 1091584K
  class space    used 5052K, capacity 5367K, committed 5496K, reserved 1048576K
2016-09-11T21:58:25.255-0100: 391,638: [GC (Allocation Failure) 2016-09-11T21:58:25.255-0100: 391,638: [ParNew
Desired survivor size 20112992 bytes, new threshold 2 (max 8)
- age   1:   17744216 bytes,   17744216 total
- age   2:    3972960 bytes,   21717176 total
- age   3:     573304 bytes,   22290480 total
: 99017K->21824K(109248K), 0,0315590 secs] 224877K->165630K(502464K), 0,0316802 secs] [Times: user=0,10 sys=0,00, real=0,03 secs] 
Heap after GC invocations=205 (full 10):
 par new generation   total 109248K, used 21824K [0x00000007a0000000, 0x00000007a8000000, 0x00000007a8000000)
  eden space 87424K,   0% used [0x00000007a0000000, 0x00000007a0000000, 0x00000007a5560000)
  from space 21824K, 100% used [0x00000007a6ab0000, 0x00000007a8000000, 0x00000007a8000000)
  to   space 21824K,   0% used [0x00000007a5560000, 0x00000007a5560000, 0x00000007a6ab0000)
 concurrent mark-sweep generation total 393216K, used 143806K [0x00000007a8000000, 0x00000007c0000000, 0x00000007c0000000)
 Metaspace       used 46261K, capacity 47278K, committed 47692K, reserved 1091584K
  class space    used 5052K, capacity 5367K, committed 5496K, reserved 1048576K
}
2016-09-11T21:58:25.287-0100: 391,670: Total time for which application threads were stopped: 0,0321375 seconds, Stopping threads took: 0,0000915 seconds
{Heap before GC invocations=205 (full 10):
 par new generation   total 109248K, used 109248K [0x00000007a0000000, 0x00000007a8000000, 0x00000007a8000000)
  eden space 87424K, 100% used [0x00000007a0000000, 0x00000007a5560000, 0x00000007a5560000)
  from space 21824K, 100% used [0x00000007a6ab0000, 0x00000007a8000000, 0x00000007a8000000)
  to   space 21824K,   0% used [0x00000007a5560000, 0x00000007a5560000, 0x00000007a6ab0000)
 concurrent mark-sweep generation total 393216K, used 143806K [0x00000007a8000000, 0x00000007c0000000, 0x00000007c0000000)
 Metaspace       used 46261K, capacity 47278K, committed 47692K, reserved 1091584K
  class space    used 5052K, capacity 5367K, committed 5496K, reserved 1048576K
2016-09-11T21:58:25.350-0100: 391,732: [GC (Allocation Failure) 2016-09-11T21:58:25.350-0100: 391,732: [ParNew
Desired survivor size 20112992 bytes, new threshold 8 (max 8)
- age   1:    5821480 bytes,    5821480 total
- age   2:   12108560 bytes,   17930040 total
: 109248K->21824K(109248K), 0,0141929 secs] 253054K->176225K(502464K), 0,0142866 secs] [Times: user=0,05 sys=0,00, real=0,01 secs] 
Heap after GC invocations=206 (full 10):
 par new generation   total 109248K, used 21824K [0x00000007a0000000, 0x00000007a8000000, 0x00000007a8000000)
  eden space 87424K,   0% used [0x00000007a0000000, 0x00000007a0000000, 0x00000007a5560000)
  from space 21824K, 100% used [0x00000007a5560000, 0x00000007a6ab0000, 0x00000007a6ab0000)
  to   space 21824K,   0% used [0x00000007a6ab0000, 0x00000007a6ab0000, 0x00000007a8000000)
 concurrent mark-sweep generation total 393216K, used 154401K [0x00000007a8000000, 0x00000007c0000000, 0x00000007c0000000)
 Metaspace       used 46261K, capacity 47278K, committed 47692K, reserved 1091584K
  class space    used 5052K, capacity 5367K, committed 5496K, reserved 1048576K
}
2016-09-11T21:58:25.364-0100: 391,747: Total time for which application threads were stopped: 0,0146733 seconds, Stopping threads took: 0,0000916 seconds
{Heap before GC invocations=206 (full 10):
 par new generation   total 109248K, used 109248K [0x00000007a0000000, 0x00000007a8000000, 0x00000007a8000000)
  eden space 87424K, 100% used [0x00000007a0000000, 0x00000007a5560000, 0x00000007a5560000)
  from space 21824K, 100% used [0x00000007a5560000, 0x00000007a6ab0000, 0x00000007a6ab0000)
  to   space 21824K,   0% used [0x00000007a6ab0000, 0x00000007a6ab0000, 0x00000007a8000000)
 concurrent mark-sweep generation total 393216K, used 154401K [0x00000007a8000000, 0x00000007c0000000, 0x00000007c0000000)
 Metaspace       used 46261K, capacity 47278K, committed 47692K, reserved 1091584K
  class space    used 5052K, capacity 5367K, committed 5496K, reserved 1048576K
2016-09-11T21:58:25.461-0100: 391,844: [GC (Allocation Failure) 2016-09-11T21:58:25.461-0100: 391,844: [ParNew
Desired survivor size 20112992 bytes, new threshold 3 (max 8)
- age   1:    8529448 bytes,    8529448 total
- age   2:    3341840 bytes,   11871288 total
- age   3:    9655000 bytes,   21526288 total
: 109248K->21824K(109248K), 0,0143629 secs] 263649K->186701K(502464K), 0,0144456 secs] [Times: user=0,05 sys=0,00, real=0,01 secs] 
Heap after GC invocations=207 (full 10):
 par new generation   total 109248K, used 21824K [0x00000007a0000000, 0x00000007a8000000, 0x00000007a8000000)
  eden space 87424K,   0% used [0x00000007a0000000, 0x00000007a0000000, 0x00000007a5560000)
  from space 21824K, 100% used [0x00000007a6ab0000, 0x00000007a8000000, 0x00000007a8000000)
  to   space 21824K,   0% used [0x00000007a5560000, 0x00000007a5560000, 0x00000007a6ab0000)
 concurrent mark-sweep generation total 393216K, used 164877K [0x00000007a8000000, 0x00000007c0000000, 0x00000007c0000000)
 Metaspace       used 46261K, capacity 47278K, committed 47692K, reserved 1091584K
  class space    used 5052K, capacity 5367K, committed 5496K, reserved 1048576K
}
2016-09-11T21:58:25.476-0100: 391,858: Total time for which application threads were stopped: 0,0147641 seconds, Stopping threads took: 0,0000338 seconds
{Heap before GC invocations=207 (full 10):
 par new generation   total 109248K, used 109248K [0x00000007a0000000, 0x00000007a8000000, 0x00000007a8000000)
  eden space 87424K, 100% used [0x00000007a0000000, 0x00000007a5560000, 0x00000007a5560000)
  from space 21824K, 100% used [0x00000007a6ab0000, 0x00000007a8000000, 0x00000007a8000000)
  to   space 21824K,   0% used [0x00000007a5560000, 0x00000007a5560000, 0x00000007a6ab0000)
 concurrent mark-sweep generation total 393216K, used 164877K [0x00000007a8000000, 0x00000007c0000000, 0x00000007c0000000)
 Metaspace       used 46261K, capacity 47278K, committed 47692K, reserved 1091584K
  class space    used 5052K, capacity 5367K, committed 5496K, reserved 1048576K
2016-09-11T21:58:25.545-0100: 391,927: [GC (Allocation Failure) 2016-09-11T21:58:25.545-0100: 391,927: [ParNew
Desired survivor size 20112992 bytes, new threshold 8 (max 8)
- age   1:       1016 bytes,       1016 total
- age   2:    8414432 bytes,    8415448 total
- age   3:    3337608 bytes,   11753056 total
: 109248K->21824K(109248K), 0,0127373 secs] 274125K->196307K(502464K), 0,0130982 secs] [Times: user=0,04 sys=0,00, real=0,01 secs] 
Heap after GC invocations=208 (full 10):
 par new generation   total 109248K, used 21824K [0x00000007a0000000, 0x00000007a8000000, 0x00000007a8000000)
  eden space 87424K,   0% used [0x00000007a0000000, 0x00000007a0000000, 0x00000007a5560000)
  from space 21824K, 100% used [0x00000007a5560000, 0x00000007a6ab0000, 0x00000007a6ab0000)
  to   space 21824K,   0% used [0x00000007a6ab0000, 0x00000007a6ab0000, 0x00000007a8000000)
 concurrent mark-sweep generation total 393216K, used 174483K [0x00000007a8000000, 0x00000007c0000000, 0x00000007c0000000)
 Metaspace       used 46261K, capacity 47278K, committed 47692K, reserved 1091584K
  class space    used 5052K, capacity 5367K, committed 5496K, reserved 1048576K
}
2016-09-11T21:58:25.558-0100: 391,940: Total time for which application threads were stopped: 0,0134703 seconds, Stopping threads took: 0,0000914 seconds
{Heap before GC invocations=208 (full 10):
 par new generation   total 109248K, used 109248K [0x00000007a0000000, 0x00000007a8000000, 0x00000007a8000000)
  eden space 87424K, 100% used [0x00000007a0000000, 0x00000007a5560000, 0x00000007a5560000)
  from space 21824K, 100% used [0x00000007a5560000, 0x00000007a6ab0000, 0x00000007a6ab0000)
  to   space 21824K,   0% used [0x00000007a6ab0000, 0x00000007a6ab0000, 0x00000007a8000000)
 concurrent mark-sweep generation total 393216K, used 174483K [0x00000007a8000000, 0x00000007c0000000, 0x00000007c0000000)
 Metaspace       used 46261K, capacity 47278K, committed 47692K, reserved 1091584K
  class space    used 5052K, capacity 5367K, committed 5496K, reserved 1048576K
2016-09-11T21:58:25.627-0100: 392,009: [GC (Allocation Failure) 2016-09-11T21:58:25.627-0100: 392,009: [ParNew
Desired survivor size 20112992 bytes, new threshold 8 (max 8)
- age   1:       1920 bytes,       1920 total
- age   3:    8414432 bytes,    8416352 total
- age   4:    3337608 bytes,   11753960 total
: 109248K->14362K(109248K), 0,0067068 secs] 283731K->188845K(502464K), 0,0067909 secs] [Times: user=0,03 sys=0,00, real=0,01 secs] 
Heap after GC invocations=209 (full 10):
 par new generation   total 109248K, used 14362K [0x00000007a0000000, 0x00000007a8000000, 0x00000007a8000000)
  eden space 87424K,   0% used [0x00000007a0000000, 0x00000007a0000000, 0x00000007a5560000)
  from space 21824K,  65% used [0x00000007a6ab0000, 0x00000007a78b6b00, 0x00000007a8000000)
  to   space 21824K,   0% used [0x00000007a5560000, 0x00000007a5560000, 0x00000007a6ab0000)
 concurrent mark-sweep generation total 393216K, used 174483K [0x00000007a8000000, 0x00000007c0000000, 0x00000007c0000000)
 Metaspace       used 46261K, capacity 47278K, committed 47692K, reserved 1091584K
  class space    used 5052K, capacity 5367K, committed 5496K, reserved 1048576K
}
2016-09-11T21:58:25.634-0100: 392,016: Total time for which application threads were stopped: 0,0071697 seconds, Stopping threads took: 0,0000955 seconds
{Heap before GC invocations=209 (full 10):
 par new generation   total 109248K, used 101786K [0x00000007a0000000, 0x00000007a8000000, 0x00000007a8000000)
  eden space 87424K, 100% used [0x00000007a0000000, 0x00000007a5560000, 0x00000007a5560000)
  from space 21824K,  65% used [0x00000007a6ab0000, 0x00000007a78b6b00, 0x00000007a8000000)
  to   space 21824K,   0% used [0x00000007a5560000, 0x00000007a5560000, 0x00000007a6ab0000)
 concurrent mark-sweep generation total 393216K, used 174483K [0x00000007a8000000, 0x00000007c0000000, 0x00000007c0000000)
 Metaspace       used 46261K, capacity 47278K, committed 47692K, reserved 1091584K
  class space    used 5052K, capacity 5367K, committed 5496K, reserved 1048576K
2016-09-11T21:58:25.703-0100: 392,085: [GC (Allocation Failure) 2016-09-11T21:58:25.703-0100: 392,085: [ParNew
Desired survivor size 20112992 bytes, new threshold 8 (max 8)
- age   1:       2224 bytes,       2224 total
- age   2:         24 bytes,       2248 total
- age   4:    8414432 bytes,    8416680 total
- age   5:    3337608 bytes,   11754288 total
: 101786K->18207K(109248K), 0,0066507 secs] 276269K->192690K(502464K), 0,0070061 secs] [Times: user=0,03 sys=0,00, real=0,01 secs] 
Heap after GC invocations=210 (full 10):
 par new generation   total 109248K, used 18207K [0x00000007a0000000, 0x00000007a8000000, 0x00000007a8000000)
  eden space 87424K,   0% used [0x00000007a0000000, 0x00000007a0000000, 0x00000007a5560000)
  from space 21824K,  83% used [0x00000007a5560000, 0x00000007a6727d88, 0x00000007a6ab0000)
  to   space 21824K,   0% used [0x00000007a6ab0000, 0x00000007a6ab0000, 0x00000007a8000000)
 concurrent mark-sweep generation total 393216K, used 174483K [0x00000007a8000000, 0x00000007c0000000, 0x00000007c0000000)
 Metaspace       used 46261K, capacity 47278K, committed 47692K, reserved 1091584K
  class space    used 5052K, capacity 5367K, committed 5496K, reserved 1048576K
}
2016-09-11T21:58:25.710-0100: 392,092: Total time for which application threads were stopped: 0,0073869 seconds, Stopping threads took: 0,0000969 seconds
{Heap before GC invocations=210 (full 10):
 par new generation   total 109248K, used 105631K [0x00000007a0000000, 0x00000007a8000000, 0x00000007a8000000)
  eden space 87424K, 100% used [0x00000007a0000000, 0x00000007a5560000, 0x00000007a5560000)
  from space 21824K,  83% used [0x00000007a5560000, 0x00000007a6727d88, 0x00000007a6ab0000)
  to   space 21824K,   0% used [0x00000007a6ab0000, 0x00000007a6ab0000, 0x00000007a8000000)
 concurrent mark-sweep generation total 393216K, used 174483K [0x00000007a8000000, 0x00000007c0000000, 0x00000007c0000000)
 Metaspace       used 46261K, capacity 47278K, committed 47692K, reserved 1091584K
  class space    used 5052K, capacity 5367K, committed 5496K, reserved 1048576K
2016-09-11T21:58:25.784-0100: 392,166: [GC (Allocation Failure) 2016-09-11T21:58:25.784-0100: 392,166: [ParNew
Desired survivor size 20112992 bytes, new threshold 8 (max 8)
- age   1:       3136 bytes,       3136 total
- age   2:         48 bytes,       3184 total
- age   3:         24 bytes,       3208 total
- age   5:    8414432 bytes,    8417640 total
- age   6:    3337608 bytes,   11755248 total
: 105631K->13676K(109248K), 0,0068425 secs] 280114K->188159K(502464K), 0,0069204 secs] [Times: user=0,03 sys=0,00, real=0,01 secs] 
Heap after GC invocations=211 (full 10):
 par new generation   total 109248K, used 13676K [0x00000007a0000000, 0x00000007a8000000, 0x00000007a8000000)
  eden space 87424K,   0% used [0x00000007a0000000, 0x00000007a0000000, 0x00000007a5560000)
  from space 21824K,  62% used [0x00000007a6ab0000, 0x00000007a780b380, 0x00000007a8000000)
  to   space 21824K,   0% used [0x00000007a5560000, 0x00000007a5560000, 0x00000007a6ab0000)
 concurrent mark-sweep generation total 393216K, used 174483K [0x00000007a8000000, 0x00000007c0000000, 0x00000007c0000000)
 Metaspace       used 46261K, capacity 47278K, committed 47692K, reserved 1091584K
  class space    used 5052K, capacity 5367K, committed 5496K, reserved 1048576K
}
2016-09-11T21:58:25.791-0100: 392,173: Total time for which application threads were stopped: 0,0073567 seconds, Stopping threads took: 0,0001339 seconds
{Heap before GC invocations=211 (full 10):
 par new generation   total 109248K, used 101100K [0x00000007a0000000, 0x00000007a8000000, 0x00000007a8000000)
  eden space 87424K, 100% used [0x00000007a0000000, 0x00000007a5560000, 0x00000007a5560000)
  from space 21824K,  62% used [0x00000007a6ab0000, 0x00000007a780b380, 0x00000007a8000000)
  to   space 21824K,   0% used [0x00000007a5560000, 0x00000007a5560000, 0x00000007a6ab0000)
 concurrent mark-sweep generation total 393216K, used 174483K [0x00000007a8000000, 0x00000007c0000000, 0x00000007c0000000)
 Metaspace       used 46261K, capacity 47278K, committed 47692K, reserved 1091584K
  class space    used 5052K, capacity 5367K, committed 5496K, reserved 1048576K
2016-09-11T21:58:25.861-0100: 392,243: [GC (Allocation Failure) 2016-09-11T21:58:25.861-0100: 392,243: [ParNew
Desired survivor size 20112992 bytes, new threshold 8 (max 8)
- age   1:       1664 bytes,       1664 total
- age   2:       1632 bytes,       3296 total
- age   3:         48 bytes,       3344 total
- age   4:         24 bytes,       3368 total
- age   6:    8414432 bytes,    8417800 total
- age   7:    3337608 bytes,   11755408 total
: 101100K->17460K(109248K), 0,0067203 secs] 275583K->191943K(502464K), 0,0068138 secs] [Times: user=0,02 sys=0,00, real=0,00 secs] 
Heap after GC invocations=212 (full 10):
 par new generation   total 109248K, used 17460K [0x00000007a0000000, 0x00000007a8000000, 0x00000007a8000000)
  eden space 87424K,   0% used [0x00000007a0000000, 0x00000007a0000000, 0x00000007a5560000)
  from space 21824K,  80% used [0x00000007a5560000, 0x00000007a666d280, 0x00000007a6ab0000)
  to   space 21824K,   0% used [0x00000007a6ab0000, 0x00000007a6ab0000, 0x00000007a8000000)
 concurrent mark-sweep generation total 393216K, used 174483K [0x00000007a8000000, 0x00000007c0000000, 0x00000007c0000000)
 Metaspace       used 46261K, capacity 47278K, committed 47692K, reserved 1091584K
  class space    used 5052K, capacity 5367K, committed 5496K, reserved 1048576K
}
2016-09-11T21:58:25.867-0100: 392,250: Total time for which application threads were stopped: 0,0071703 seconds, Stopping threads took: 0,0000734 seconds
{Heap before GC invocations=212 (full 10):
 par new generation   total 109248K, used 104884K [0x00000007a0000000, 0x00000007a8000000, 0x00000007a8000000)
  eden space 87424K, 100% used [0x00000007a0000000, 0x00000007a5560000, 0x00000007a5560000)
  from space 21824K,  80% used [0x00000007a5560000, 0x00000007a666d280, 0x00000007a6ab0000)
  to   space 21824K,   0% used [0x00000007a6ab0000, 0x00000007a6ab0000, 0x00000007a8000000)
 concurrent mark-sweep generation total 393216K, used 174483K [0x00000007a8000000, 0x00000007c0000000, 0x00000007c0000000)
 Metaspace       used 46261K, capacity 47278K, committed 47692K, reserved 1091584K
  class space    used 5052K, capacity 5367K, committed 5496K, reserved 1048576K
2016-09-11T21:58:25.942-0100: 392,324: [GC (Allocation Failure) 2016-09-11T21:58:25.942-0100: 392,324: [ParNew
Desired survivor size 20112992 bytes, new threshold 8 (max 8)
- age   1:       2088 bytes,       2088 total
- age   2:         24 bytes,       2112 total
- age   3:       1632 bytes,       3744 total
- age   4:         48 bytes,       3792 total
- age   5:         24 bytes,       3816 total
- age   7:    8414432 bytes,    8418248 total
- age   8:    3337608 bytes,   11755856 total
: 104884K->13410K(109248K), 0,0066554 secs] 279367K->187893K(502464K), 0,0067532 secs] [Times: user=0,02 sys=0,00, real=0,00 secs] 
Heap after GC invocations=213 (full 10):
 par new generation   total 109248K, used 13410K [0x00000007a0000000, 0x00000007a8000000, 0x00000007a8000000)
  eden space 87424K,   0% used [0x00000007a0000000, 0x00000007a0000000, 0x00000007a5560000)
  from space 21824K,  61% used [0x00000007a6ab0000, 0x00000007a77c8b70, 0x00000007a8000000)
  to   space 21824K,   0% used [0x00000007a5560000, 0x00000007a5560000, 0x00000007a6ab0000)
 concurrent mark-sweep generation total 393216K, used 174483K [0x00000007a8000000, 0x00000007c0000000, 0x00000007c0000000)
 Metaspace       used 46261K, capacity 47278K, committed 47692K, reserved 1091584K
  class space    used 5052K, capacity 5367K, committed 5496K, reserved 1048576K
}
2016-09-11T21:58:25.948-0100: 392,331: Total time for which application threads were stopped: 0,0071405 seconds, Stopping threads took: 0,0001055 seconds
{Heap before GC invocations=213 (full 10):
 par new generation   total 109248K, used 100834K [0x00000007a0000000, 0x00000007a8000000, 0x00000007a8000000)
  eden space 87424K, 100% used [0x00000007a0000000, 0x00000007a5560000, 0x00000007a5560000)
  from space 21824K,  61% used [0x00000007a6ab0000, 0x00000007a77c8b70, 0x00000007a8000000)
  to   space 21824K,   0% used [0x00000007a5560000, 0x00000007a5560000, 0x00000007a6ab0000)
 concurrent mark-sweep generation total 393216K, used 174483K [0x00000007a8000000, 0x00000007c0000000, 0x00000007c0000000)
 Metaspace       used 46261K, capacity 47278K, committed 47692K, reserved 1091584K
  class space    used 5052K, capacity 5367K, committed 5496K, reserved 1048576K
2016-09-11T21:58:26.032-0100: 392,414: [GC (Allocation Failure) 2016-09-11T21:58:26.032-0100: 392,414: [ParNew
Desired survivor size 20112992 bytes, new threshold 8 (max 8)
- age   1:    6938216 bytes,    6938216 total
- age   3:         24 bytes,    6938240 total
- age   4:       1632 bytes,    6939872 total
- age   5:         48 bytes,    6939920 total
- age   6:         24 bytes,    6939944 total
- age   8:    7977440 bytes,   14917384 total
: 100834K->21824K(109248K), 0,0119366 secs] 275317K->199907K(502464K), 0,0120291 secs] [Times: user=0,04 sys=0,00, real=0,01 secs] 
Heap after GC invocations=214 (full 10):
 par new generation   total 109248K, used 21824K [0x00000007a0000000, 0x00000007a8000000, 0x00000007a8000000)
  eden space 87424K,   0% used [0x00000007a0000000, 0x00000007a0000000, 0x00000007a5560000)
  from space 21824K, 100% used [0x00000007a5560000, 0x00000007a6ab0000, 0x00000007a6ab0000)
  to   space 21824K,   0% used [0x00000007a6ab0000, 0x00000007a6ab0000, 0x00000007a8000000)
 concurrent mark-sweep generation total 393216K, used 178083K [0x00000007a8000000, 0x00000007c0000000, 0x00000007c0000000)
 Metaspace       used 46261K, capacity 47278K, committed 47692K, reserved 1091584K
  class space    used 5052K, capacity 5367K, committed 5496K, reserved 1048576K
}
2016-09-11T21:58:26.044-0100: 392,426: Total time for which application threads were stopped: 0,0123959 seconds, Stopping threads took: 0,0000824 seconds
{Heap before GC invocations=214 (full 10):
 par new generation   total 109248K, used 109248K [0x00000007a0000000, 0x00000007a8000000, 0x00000007a8000000)
  eden space 87424K, 100% used [0x00000007a0000000, 0x00000007a5560000, 0x00000007a5560000)
  from space 21824K, 100% used [0x00000007a5560000, 0x00000007a6ab0000, 0x00000007a6ab0000)
  to   space 21824K,   0% used [0x00000007a6ab0000, 0x00000007a6ab0000, 0x00000007a8000000)
 concurrent mark-sweep generation total 393216K, used 178083K [0x00000007a8000000, 0x00000007c0000000, 0x00000007c0000000)
 Metaspace       used 46261K, capacity 47278K, committed 47692K, reserved 1091584K
  class space    used 5052K, capacity 5367K, committed 5496K, reserved 1048576K
2016-09-11T21:58:26.117-0100: 392,500: [GC (Allocation Failure) 2016-09-11T21:58:26.117-0100: 392,500: [ParNew
Desired survivor size 20112992 bytes, new threshold 8 (max 8)
- age   1:       1248 bytes,       1248 total
- age   2:    6611568 bytes,    6612816 total
- age   4:         24 bytes,    6612840 total
- age   5:       1632 bytes,    6614472 total
- age   6:         48 bytes,    6614520 total
- age   7:         24 bytes,    6614544 total
: 109248K->11926K(109248K), 0,0054905 secs] 287331K->190788K(502464K), 0,0055861 secs] [Times: user=0,02 sys=0,00, real=0,01 secs] 
Heap after GC invocations=215 (full 10):
 par new generation   total 109248K, used 11926K [0x00000007a0000000, 0x00000007a8000000, 0x00000007a8000000)
  eden space 87424K,   0% used [0x00000007a0000000, 0x00000007a0000000, 0x00000007a5560000)
  from space 21824K,  54% used [0x00000007a6ab0000, 0x00000007a7655880, 0x00000007a8000000)
  to   space 21824K,   0% used [0x00000007a5560000, 0x00000007a5560000, 0x00000007a6ab0000)
 concurrent mark-sweep generation total 393216K, used 178862K [0x00000007a8000000, 0x00000007c0000000, 0x00000007c0000000)
 Metaspace       used 46261K, capacity 47278K, committed 47692K, reserved 1091584K
  class space    used 5052K, capacity 5367K, committed 5496K, reserved 1048576K
}
2016-09-11T21:58:26.123-0100: 392,505: Total time for which application threads were stopped: 0,0059588 seconds, Stopping threads took: 0,0000917 seconds
{Heap before GC invocations=215 (full 10):
 par new generation   total 109248K, used 99350K [0x00000007a0000000, 0x00000007a8000000, 0x00000007a8000000)
  eden space 87424K, 100% used [0x00000007a0000000, 0x00000007a5560000, 0x00000007a5560000)
  from space 21824K,  54% used [0x00000007a6ab0000, 0x00000007a7655880, 0x00000007a8000000)
  to   space 21824K,   0% used [0x00000007a5560000, 0x00000007a5560000, 0x00000007a6ab0000)
 concurrent mark-sweep generation total 393216K, used 178862K [0x00000007a8000000, 0x00000007c0000000, 0x00000007c0000000)
 Metaspace       used 46261K, capacity 47278K, committed 47692K, reserved 1091584K
  class space    used 5052K, capacity 5367K, committed 5496K, reserved 1048576K
2016-09-11T21:58:26.192-0100: 392,575: [GC (Allocation Failure) 2016-09-11T21:58:26.192-0100: 392,575: [ParNew
Desired survivor size 20112992 bytes, new threshold 8 (max 8)
- age   1:    2509824 bytes,    2509824 total
- age   3:    6117280 bytes,    8627104 total
- age   5:         24 bytes,    8627128 total
- age   6:       1632 bytes,    8628760 total
- age   7:         48 bytes,    8628808 total
- age   8:         24 bytes,    8628832 total
: 99350K->11195K(109248K), 0,0054664 secs] 278212K->190058K(502464K), 0,0055510 secs] [Times: user=0,02 sys=0,01, real=0,00 secs] 
Heap after GC invocations=216 (full 10):
 par new generation   total 109248K, used 11195K [0x00000007a0000000, 0x00000007a8000000, 0x00000007a8000000)
  eden space 87424K,   0% used [0x00000007a0000000, 0x00000007a0000000, 0x00000007a5560000)
  from space 21824K,  51% used [0x00000007a5560000, 0x00000007a604efd0, 0x00000007a6ab0000)
  to   space 21824K,   0% used [0x00000007a6ab0000, 0x00000007a6ab0000, 0x00000007a8000000)
 concurrent mark-sweep generation total 393216K, used 178862K [0x00000007a8000000, 0x00000007c0000000, 0x00000007c0000000)
 Metaspace       used 46261K, capacity 47278K, committed 47692K, reserved 1091584K
  class space    used 5052K, capacity 5367K, committed 5496K, reserved 1048576K
}
2016-09-11T21:58:26.198-0100: 392,580: Total time for which application threads were stopped: 0,0059279 seconds, Stopping threads took: 0,0000978 seconds
{Heap before GC invocations=216 (full 10):
 par new generation   total 109248K, used 98335K [0x00000007a0000000, 0x00000007a8000000, 0x00000007a8000000)
  eden space 87424K,  99% used [0x00000007a0000000, 0x00000007a5518df8, 0x00000007a5560000)
  from space 21824K,  51% used [0x00000007a5560000, 0x00000007a604efd0, 0x00000007a6ab0000)
  to   space 21824K,   0% used [0x00000007a6ab0000, 0x00000007a6ab0000, 0x00000007a8000000)
 concurrent mark-sweep generation total 393216K, used 178862K [0x00000007a8000000, 0x00000007c0000000, 0x00000007c0000000)
 Metaspace       used 46277K, capacity 47342K, committed 47692K, reserved 1091584K
  class space    used 5052K, capacity 5367K, committed 5496K, reserved 1048576K
2016-09-11T21:58:26.359-0100: 392,742: [GC (Allocation Failure) 2016-09-11T21:58:26.359-0100: 392,742: [ParNew
Desired survivor size 20112992 bytes, new threshold 8 (max 8)
- age   1:    8253608 bytes,    8253608 total
- age   2:    1754408 bytes,   10008016 total
- age   4:    1363600 bytes,   11371616 total
- age   6:         24 bytes,   11371640 total
- age   7:       1632 bytes,   11373272 total
- age   8:         48 bytes,   11373320 total
: 98335K->12269K(109248K), 0,0221492 secs] 277197K->191132K(502464K), 0,0222513 secs] [Times: user=0,06 sys=0,01, real=0,03 secs] 
Heap after GC invocations=217 (full 10):
 par new generation   total 109248K, used 12269K [0x00000007a0000000, 0x00000007a8000000, 0x00000007a8000000)
  eden space 87424K,   0% used [0x00000007a0000000, 0x00000007a0000000, 0x00000007a5560000)
  from space 21824K,  56% used [0x00000007a6ab0000, 0x00000007a76ab6d0, 0x00000007a8000000)
  to   space 21824K,   0% used [0x00000007a5560000, 0x00000007a5560000, 0x00000007a6ab0000)
 concurrent mark-sweep generation total 393216K, used 178862K [0x00000007a8000000, 0x00000007c0000000, 0x00000007c0000000)
 Metaspace       used 46277K, capacity 47342K, committed 47692K, reserved 1091584K
  class space    used 5052K, capacity 5367K, committed 5496K, reserved 1048576K
}
2016-09-11T21:58:26.382-0100: 392,764: Total time for which application threads were stopped: 0,0228265 seconds, Stopping threads took: 0,0000494 seconds
{Heap before GC invocations=217 (full 10):
 par new generation   total 109248K, used 99693K [0x00000007a0000000, 0x00000007a8000000, 0x00000007a8000000)
  eden space 87424K, 100% used [0x00000007a0000000, 0x00000007a5560000, 0x00000007a5560000)
  from space 21824K,  56% used [0x00000007a6ab0000, 0x00000007a76ab6d0, 0x00000007a8000000)
  to   space 21824K,   0% used [0x00000007a5560000, 0x00000007a5560000, 0x00000007a6ab0000)
 concurrent mark-sweep generation total 393216K, used 178862K [0x00000007a8000000, 0x00000007c0000000, 0x00000007c0000000)
 Metaspace       used 46278K, capacity 47342K, committed 47692K, reserved 1091584K
  class space    used 5052K, capacity 5367K, committed 5496K, reserved 1048576K
2016-09-11T21:58:26.517-0100: 392,900: [GC (Allocation Failure) 2016-09-11T21:58:26.518-0100: 392,900: [ParNew
Desired survivor size 20112992 bytes, new threshold 3 (max 8)
- age   1:   11497792 bytes,   11497792 total
- age   2:    7714536 bytes,   19212328 total
- age   3:    1753936 bytes,   20966264 total
- age   5:    1363600 bytes,   22329864 total
- age   7:         24 bytes,   22329888 total
- age   8:       1632 bytes,   22331520 total
: 99693K->21824K(109248K), 0,0278978 secs] 278556K->213544K(502464K), 0,0279990 secs] [Times: user=0,10 sys=0,00, real=0,03 secs] 
Heap after GC invocations=218 (full 10):
 par new generation   total 109248K, used 21824K [0x00000007a0000000, 0x00000007a8000000, 0x00000007a8000000)
  eden space 87424K,   0% used [0x00000007a0000000, 0x00000007a0000000, 0x00000007a5560000)
  from space 21824K, 100% used [0x00000007a5560000, 0x00000007a6ab0000, 0x00000007a6ab0000)
  to   space 21824K,   0% used [0x00000007a6ab0000, 0x00000007a6ab0000, 0x00000007a8000000)
 concurrent mark-sweep generation total 393216K, used 191720K [0x00000007a8000000, 0x00000007c0000000, 0x00000007c0000000)
 Metaspace       used 46278K, capacity 47342K, committed 47692K, reserved 1091584K
  class space    used 5052K, capacity 5367K, committed 5496K, reserved 1048576K
}
2016-09-11T21:58:26.546-0100: 392,928: Total time for which application threads were stopped: 0,0285164 seconds, Stopping threads took: 0,0001028 seconds
{Heap before GC invocations=218 (full 10):
 par new generation   total 109248K, used 109248K [0x00000007a0000000, 0x00000007a8000000, 0x00000007a8000000)
  eden space 87424K, 100% used [0x00000007a0000000, 0x00000007a5560000, 0x00000007a5560000)
  from space 21824K, 100% used [0x00000007a5560000, 0x00000007a6ab0000, 0x00000007a6ab0000)
  to   space 21824K,   0% used [0x00000007a6ab0000, 0x00000007a6ab0000, 0x00000007a8000000)
 concurrent mark-sweep generation total 393216K, used 191720K [0x00000007a8000000, 0x00000007c0000000, 0x00000007c0000000)
 Metaspace       used 46278K, capacity 47342K, committed 47692K, reserved 1091584K
  class space    used 5052K, capacity 5367K, committed 5496K, reserved 1048576K
2016-09-11T21:58:26.601-0100: 392,983: [GC (Allocation Failure) 2016-09-11T21:58:26.601-0100: 392,983: [ParNew
Desired survivor size 20112992 bytes, new threshold 3 (max 8)
- age   1:    5107288 bytes,    5107288 total
- age   2:    8905856 bytes,   14013144 total
- age   3:    7429344 bytes,   21442488 total
: 109248K->21824K(109248K), 0,0245221 secs] 300968K->220376K(502464K), 0,0246403 secs] [Times: user=0,09 sys=0,01, real=0,02 secs] 
Heap after GC invocations=219 (full 10):
 par new generation   total 109248K, used 21824K [0x00000007a0000000, 0x00000007a8000000, 0x00000007a8000000)
  eden space 87424K,   0% used [0x00000007a0000000, 0x00000007a0000000, 0x00000007a5560000)
  from space 21824K, 100% used [0x00000007a6ab0000, 0x00000007a8000000, 0x00000007a8000000)
  to   space 21824K,   0% used [0x00000007a5560000, 0x00000007a5560000, 0x00000007a6ab0000)
 concurrent mark-sweep generation total 393216K, used 198552K [0x00000007a8000000, 0x00000007c0000000, 0x00000007c0000000)
 Metaspace       used 46278K, capacity 47342K, committed 47692K, reserved 1091584K
  class space    used 5052K, capacity 5367K, committed 5496K, reserved 1048576K
}
2016-09-11T21:58:26.625-0100: 393,008: Total time for which application threads were stopped: 0,0251882 seconds, Stopping threads took: 0,0001411 seconds
2016-09-11T21:58:26.626-0100: 393,008: [GC (CMS Initial Mark) [1 CMS-initial-mark: 198552K(393216K)] 221552K(502464K), 0,0050601 secs] [Times: user=0,01 sys=0,00, real=0,01 secs] 
2016-09-11T21:58:26.631-0100: 393,013: Total time for which application threads were stopped: 0,0053816 seconds, Stopping threads took: 0,0000999 seconds
2016-09-11T21:58:26.631-0100: 393,013: [CMS-concurrent-mark-start]
2016-09-11T21:58:26.702-0100: 393,085: [CMS-concurrent-mark: 0,071/0,071 secs] [Times: user=0,28 sys=0,00, real=0,07 secs] 
2016-09-11T21:58:26.702-0100: 393,085: [CMS-concurrent-preclean-start]
2016-09-11T21:58:26.704-0100: 393,087: [CMS-concurrent-preclean: 0,002/0,002 secs] [Times: user=0,01 sys=0,00, real=0,00 secs] 
2016-09-11T21:58:26.704-0100: 393,087: [CMS-concurrent-abortable-preclean-start]
{Heap before GC invocations=219 (full 11):
 par new generation   total 109248K, used 109248K [0x00000007a0000000, 0x00000007a8000000, 0x00000007a8000000)
  eden space 87424K, 100% used [0x00000007a0000000, 0x00000007a5560000, 0x00000007a5560000)
  from space 21824K, 100% used [0x00000007a6ab0000, 0x00000007a8000000, 0x00000007a8000000)
  to   space 21824K,   0% used [0x00000007a5560000, 0x00000007a5560000, 0x00000007a6ab0000)
 concurrent mark-sweep generation total 393216K, used 198552K [0x00000007a8000000, 0x00000007c0000000, 0x00000007c0000000)
 Metaspace       used 46278K, capacity 47342K, committed 47692K, reserved 1091584K
  class space    used 5052K, capacity 5367K, committed 5496K, reserved 1048576K
2016-09-11T21:58:26.758-0100: 393,140: [GC (Allocation Failure) 2016-09-11T21:58:26.758-0100: 393,140: [ParNew
Desired survivor size 20112992 bytes, new threshold 8 (max 8)
- age   1:    6209752 bytes,    6209752 total
- age   2:    3092112 bytes,    9301864 total
- age   3:    8850688 bytes,   18152552 total
: 109248K->21824K(109248K), 0,0246556 secs] 307800K->227771K(502464K), 0,0247579 secs] [Times: user=0,06 sys=0,00, real=0,03 secs] 
Heap after GC invocations=220 (full 11):
 par new generation   total 109248K, used 21824K [0x00000007a0000000, 0x00000007a8000000, 0x00000007a8000000)
  eden space 87424K,   0% used [0x00000007a0000000, 0x00000007a0000000, 0x00000007a5560000)
  from space 21824K, 100% used [0x00000007a5560000, 0x00000007a6ab0000, 0x00000007a6ab0000)
  to   space 21824K,   0% used [0x00000007a6ab0000, 0x00000007a6ab0000, 0x00000007a8000000)
 concurrent mark-sweep generation total 393216K, used 205947K [0x00000007a8000000, 0x00000007c0000000, 0x00000007c0000000)
 Metaspace       used 46278K, capacity 47342K, committed 47692K, reserved 1091584K
  class space    used 5052K, capacity 5367K, committed 5496K, reserved 1048576K
}
2016-09-11T21:58:26.782-0100: 393,165: Total time for which application threads were stopped: 0,0251599 seconds, Stopping threads took: 0,0000337 seconds
2016-09-11T21:58:26.800-0100: 393,182: Total time for which application threads were stopped: 0,0003356 seconds, Stopping threads took: 0,0000310 seconds
2016-09-11T21:58:26.886-0100: 393,269: [CMS-concurrent-abortable-preclean: 0,156/0,182 secs] [Times: user=0,50 sys=0,01, real=0,18 secs] 
2016-09-11T21:58:26.887-0100: 393,269: [GC (CMS Final Remark) [YG occupancy: 69366 K (109248 K)]{Heap before GC invocations=220 (full 11):
 par new generation   total 109248K, used 69366K [0x00000007a0000000, 0x00000007a8000000, 0x00000007a8000000)
  eden space 87424K,  54% used [0x00000007a0000000, 0x00000007a2e6daa0, 0x00000007a5560000)
  from space 21824K, 100% used [0x00000007a5560000, 0x00000007a6ab0000, 0x00000007a6ab0000)
  to   space 21824K,   0% used [0x00000007a6ab0000, 0x00000007a6ab0000, 0x00000007a8000000)
 concurrent mark-sweep generation total 393216K, used 205947K [0x00000007a8000000, 0x00000007c0000000, 0x00000007c0000000)
 Metaspace       used 46282K, capacity 47342K, committed 47692K, reserved 1091584K
  class space    used 5052K, capacity 5367K, committed 5496K, reserved 1048576K
2016-09-11T21:58:26.887-0100: 393,269: [GC (CMS Final Remark) 2016-09-11T21:58:26.887-0100: 393,269: [ParNew
Desired survivor size 20112992 bytes, new threshold 4 (max 8)
- age   1:    5998696 bytes,    5998696 total
- age   2:    5481568 bytes,   11480264 total
- age   3:    2822968 bytes,   14303232 total
- age   4:    6329112 bytes,   20632344 total
: 69366K->21824K(109248K), 0,0171846 secs] 275314K->232088K(502464K), 0,0172542 secs] [Times: user=0,06 sys=0,00, real=0,02 secs] 
Heap after GC invocations=221 (full 11):
 par new generation   total 109248K, used 21824K [0x00000007a0000000, 0x00000007a8000000, 0x00000007a8000000)
  eden space 87424K,   0% used [0x00000007a0000000, 0x00000007a0000000, 0x00000007a5560000)
  from space 21824K, 100% used [0x00000007a6ab0000, 0x00000007a8000000, 0x00000007a8000000)
  to   space 21824K,   0% used [0x00000007a5560000, 0x00000007a5560000, 0x00000007a6ab0000)
 concurrent mark-sweep generation total 393216K, used 210264K [0x00000007a8000000, 0x00000007c0000000, 0x00000007c0000000)
 Metaspace       used 46282K, capacity 47342K, committed 47692K, reserved 1091584K
  class space    used 5052K, capacity 5367K, committed 5496K, reserved 1048576K
}
2016-09-11T21:58:26.904-0100: 393,286: [Rescan (parallel) , 0,0061559 secs]2016-09-11T21:58:26.910-0100: 393,293: [weak refs processing, 0,0060975 secs]2016-09-11T21:58:26.916-0100: 393,299: [class unloading, 0,0123458 secs]2016-09-11T21:58:26.929-0100: 393,311: [scrub symbol table, 0,0084542 secs]2016-09-11T21:58:26.937-0100: 393,320: [scrub string table, 0,0008515 secs][1 CMS-remark: 210264K(393216K)] 232088K(502464K), 0,0515729 secs] [Times: user=0,12 sys=0,00, real=0,05 secs] 
2016-09-11T21:58:26.938-0100: 393,321: Total time for which application threads were stopped: 0,0519144 seconds, Stopping threads took: 0,0001106 seconds
2016-09-11T21:58:26.938-0100: 393,321: [CMS-concurrent-sweep-start]
{Heap before GC invocations=221 (full 11):
 par new generation   total 109248K, used 109248K [0x00000007a0000000, 0x00000007a8000000, 0x00000007a8000000)
  eden space 87424K, 100% used [0x00000007a0000000, 0x00000007a5560000, 0x00000007a5560000)
  from space 21824K, 100% used [0x00000007a6ab0000, 0x00000007a8000000, 0x00000007a8000000)
  to   space 21824K,   0% used [0x00000007a5560000, 0x00000007a5560000, 0x00000007a6ab0000)
 concurrent mark-sweep generation total 393216K, used 168608K [0x00000007a8000000, 0x00000007c0000000, 0x00000007c0000000)
 Metaspace       used 46282K, capacity 47342K, committed 47692K, reserved 1091584K
  class space    used 5052K, capacity 5367K, committed 5496K, reserved 1048576K
2016-09-11T21:58:27.010-0100: 393,392: [GC (Allocation Failure) 2016-09-11T21:58:27.010-0100: 393,392: [ParNew
Desired survivor size 20112992 bytes, new threshold 8 (max 8)
- age   1:    1974440 bytes,    1974440 total
- age   2:    5457840 bytes,    7432280 total
- age   3:    4143624 bytes,   11575904 total
- age   4:    2703936 bytes,   14279840 total
: 109248K->21824K(109248K), 0,0169302 secs] 277856K->198277K(502464K), 0,0170339 secs] [Times: user=0,05 sys=0,00, real=0,01 secs] 
Heap after GC invocations=222 (full 11):
 par new generation   total 109248K, used 21824K [0x00000007a0000000, 0x00000007a8000000, 0x00000007a8000000)
  eden space 87424K,   0% used [0x00000007a0000000, 0x00000007a0000000, 0x00000007a5560000)
  from space 21824K, 100% used [0x00000007a5560000, 0x00000007a6ab0000, 0x00000007a6ab0000)
  to   space 21824K,   0% used [0x00000007a6ab0000, 0x00000007a6ab0000, 0x00000007a8000000)
 concurrent mark-sweep generation total 393216K, used 176453K [0x00000007a8000000, 0x00000007c0000000, 0x00000007c0000000)
 Metaspace       used 46282K, capacity 47342K, committed 47692K, reserved 1091584K
  class space    used 5052K, capacity 5367K, committed 5496K, reserved 1048576K
}
2016-09-11T21:58:27.027-0100: 393,410: Total time for which application threads were stopped: 0,0174549 seconds, Stopping threads took: 0,0001353 seconds
2016-09-11T21:58:27.079-0100: 393,461: [CMS-concurrent-sweep: 0,123/0,140 secs] [Times: user=0,40 sys=0,00, real=0,14 secs] 
2016-09-11T21:58:27.079-0100: 393,461: [CMS-concurrent-reset-start]
2016-09-11T21:58:27.079-0100: 393,462: [CMS-concurrent-reset: 0,000/0,000 secs] [Times: user=0,00 sys=0,00, real=0,00 secs] 
{Heap before GC invocations=222 (full 11):
 par new generation   total 109248K, used 109248K [0x00000007a0000000, 0x00000007a8000000, 0x00000007a8000000)
  eden space 87424K, 100% used [0x00000007a0000000, 0x00000007a5560000, 0x00000007a5560000)
  from space 21824K, 100% used [0x00000007a5560000, 0x00000007a6ab0000, 0x00000007a6ab0000)
  to   space 21824K,   0% used [0x00000007a6ab0000, 0x00000007a6ab0000, 0x00000007a8000000)
 concurrent mark-sweep generation total 393216K, used 130829K [0x00000007a8000000, 0x00000007c0000000, 0x00000007c0000000)
 Metaspace       used 46286K, capacity 47342K, committed 47692K, reserved 1091584K
  class space    used 5052K, capacity 5367K, committed 5496K, reserved 1048576K
2016-09-11T21:58:27.096-0100: 393,479: [GC (Allocation Failure) 2016-09-11T21:58:27.096-0100: 393,479: [ParNew
Desired survivor size 20112992 bytes, new threshold 8 (max 8)
- age   1:    3305832 bytes,    3305832 total
- age   2:     696672 bytes,    4002504 total
- age   3:    5456952 bytes,    9459456 total
- age   4:    4143624 bytes,   13603080 total
- age   5:    2704008 bytes,   16307088 total
: 109248K->21029K(109248K), 0,0101172 secs] 240077K->151858K(502464K), 0,0101927 secs] [Times: user=0,04 sys=0,00, real=0,01 secs] 
Heap after GC invocations=223 (full 11):
 par new generation   total 109248K, used 21029K [0x00000007a0000000, 0x00000007a8000000, 0x00000007a8000000)
  eden space 87424K,   0% used [0x00000007a0000000, 0x00000007a0000000, 0x00000007a5560000)
  from space 21824K,  96% used [0x00000007a6ab0000, 0x00000007a7f39530, 0x00000007a8000000)
  to   space 21824K,   0% used [0x00000007a5560000, 0x00000007a5560000, 0x00000007a6ab0000)
 concurrent mark-sweep generation total 393216K, used 130829K [0x00000007a8000000, 0x00000007c0000000, 0x00000007c0000000)
 Metaspace       used 46286K, capacity 47342K, committed 47692K, reserved 1091584K
  class space    used 5052K, capacity 5367K, committed 5496K, reserved 1048576K
}
2016-09-11T21:58:27.107-0100: 393,489: Total time for which application threads were stopped: 0,0106081 seconds, Stopping threads took: 0,0001064 seconds
{Heap before GC invocations=223 (full 11):
 par new generation   total 109248K, used 108453K [0x00000007a0000000, 0x00000007a8000000, 0x00000007a8000000)
  eden space 87424K, 100% used [0x00000007a0000000, 0x00000007a5560000, 0x00000007a5560000)
  from space 21824K,  96% used [0x00000007a6ab0000, 0x00000007a7f39530, 0x00000007a8000000)
  to   space 21824K,   0% used [0x00000007a5560000, 0x00000007a5560000, 0x00000007a6ab0000)
 concurrent mark-sweep generation total 393216K, used 130829K [0x00000007a8000000, 0x00000007c0000000, 0x00000007c0000000)
 Metaspace       used 46299K, capacity 47342K, committed 47692K, reserved 1091584K
  class space    used 5052K, capacity 5367K, committed 5496K, reserved 1048576K
2016-09-11T21:58:27.333-0100: 393,716: [GC (Allocation Failure) 2016-09-11T21:58:27.333-0100: 393,716: [ParNew
Desired survivor size 20112992 bytes, new threshold 6 (max 8)
- age   1:    9950136 bytes,    9950136 total
- age   2:    1734064 bytes,   11684200 total
- age   3:     252800 bytes,   11937000 total
- age   4:    3551024 bytes,   15488024 total
- age   5:    4143624 bytes,   19631648 total
- age   6:    2703936 bytes,   22335584 total
: 108453K->21824K(109248K), 0,0340670 secs] 239282K->169696K(502464K), 0,0341770 secs] [Times: user=0,12 sys=0,00, real=0,03 secs] 
Heap after GC invocations=224 (full 11):
 par new generation   total 109248K, used 21824K [0x00000007a0000000, 0x00000007a8000000, 0x00000007a8000000)
  eden space 87424K,   0% used [0x00000007a0000000, 0x00000007a0000000, 0x00000007a5560000)
  from space 21824K, 100% used [0x00000007a5560000, 0x00000007a6ab0000, 0x00000007a6ab0000)
  to   space 21824K,   0% used [0x00000007a6ab0000, 0x00000007a6ab0000, 0x00000007a8000000)
 concurrent mark-sweep generation total 393216K, used 147872K [0x00000007a8000000, 0x00000007c0000000, 0x00000007c0000000)
 Metaspace       used 46299K, capacity 47342K, committed 47692K, reserved 1091584K
  class space    used 5052K, capacity 5367K, committed 5496K, reserved 1048576K
}
2016-09-11T21:58:27.368-0100: 393,750: Total time for which application threads were stopped: 0,0345822 seconds, Stopping threads took: 0,0000996 seconds
{Heap before GC invocations=224 (full 11):
 par new generation   total 109248K, used 109248K [0x00000007a0000000, 0x00000007a8000000, 0x00000007a8000000)
  eden space 87424K, 100% used [0x00000007a0000000, 0x00000007a5560000, 0x00000007a5560000)
  from space 21824K, 100% used [0x00000007a5560000, 0x00000007a6ab0000, 0x00000007a6ab0000)
  to   space 21824K,   0% used [0x00000007a6ab0000, 0x00000007a6ab0000, 0x00000007a8000000)
 concurrent mark-sweep generation total 393216K, used 147872K [0x00000007a8000000, 0x00000007c0000000, 0x00000007c0000000)
 Metaspace       used 46299K, capacity 47342K, committed 47692K, reserved 1091584K
  class space    used 5052K, capacity 5367K, committed 5496K, reserved 1048576K
2016-09-11T21:58:27.423-0100: 393,806: [GC (Allocation Failure) 2016-09-11T21:58:27.423-0100: 393,806: [ParNew
Desired survivor size 20112992 bytes, new threshold 6 (max 8)
- age   1:    3802680 bytes,    3802680 total
- age   2:    8792496 bytes,   12595176 total
- age   3:    1734024 bytes,   14329200 total
- age   4:     252544 bytes,   14581744 total
- age   5:    3550864 bytes,   18132608 total
- age   6:    4143048 bytes,   22275656 total
: 109248K->21824K(109248K), 0,0183475 secs] 257120K->173815K(502464K), 0,0184310 secs] [Times: user=0,06 sys=0,00, real=0,02 secs] 
Heap after GC invocations=225 (full 11):
 par new generation   total 109248K, used 21824K [0x00000007a0000000, 0x00000007a8000000, 0x00000007a8000000)
  eden space 87424K,   0% used [0x00000007a0000000, 0x00000007a0000000, 0x00000007a5560000)
  from space 21824K, 100% used [0x00000007a6ab0000, 0x00000007a8000000, 0x00000007a8000000)
  to   space 21824K,   0% used [0x00000007a5560000, 0x00000007a5560000, 0x00000007a6ab0000)
 concurrent mark-sweep generation total 393216K, used 151991K [0x00000007a8000000, 0x00000007c0000000, 0x00000007c0000000)
 Metaspace       used 46299K, capacity 47342K, committed 47692K, reserved 1091584K
  class space    used 5052K, capacity 5367K, committed 5496K, reserved 1048576K
}
2016-09-11T21:58:27.442-0100: 393,824: Total time for which application threads were stopped: 0,0188247 seconds, Stopping threads took: 0,0000979 seconds
{Heap before GC invocations=225 (full 11):
 par new generation   total 109248K, used 109248K [0x00000007a0000000, 0x00000007a8000000, 0x00000007a8000000)
  eden space 87424K, 100% used [0x00000007a0000000, 0x00000007a5560000, 0x00000007a5560000)
  from space 21824K, 100% used [0x00000007a6ab0000, 0x00000007a8000000, 0x00000007a8000000)
  to   space 21824K,   0% used [0x00000007a5560000, 0x00000007a5560000, 0x00000007a6ab0000)
 concurrent mark-sweep generation total 393216K, used 151991K [0x00000007a8000000, 0x00000007c0000000, 0x00000007c0000000)
 Metaspace       used 46299K, capacity 47342K, committed 47692K, reserved 1091584K
  class space    used 5052K, capacity 5367K, committed 5496K, reserved 1048576K
2016-09-11T21:58:27.508-0100: 393,891: [GC (Allocation Failure) 2016-09-11T21:58:27.509-0100: 393,891: [ParNew
Desired survivor size 20112992 bytes, new threshold 8 (max 8)
- age   1:    3967688 bytes,    3967688 total
- age   2:    1072728 bytes,    5040416 total
- age   3:    8538312 bytes,   13578728 total
- age   4:    1729288 bytes,   15308016 total
- age   5:     245888 bytes,   15553904 total
- age   6:    3550760 bytes,   19104664 total
: 109248K->21824K(109248K), 0,0156929 secs] 261239K->178966K(502464K), 0,0157917 secs] [Times: user=0,06 sys=0,00, real=0,02 secs] 
Heap after GC invocations=226 (full 11):
 par new generation   total 109248K, used 21824K [0x00000007a0000000, 0x00000007a8000000, 0x00000007a8000000)
  eden space 87424K,   0% used [0x00000007a0000000, 0x00000007a0000000, 0x00000007a5560000)
  from space 21824K, 100% used [0x00000007a5560000, 0x00000007a6ab0000, 0x00000007a6ab0000)
  to   space 21824K,   0% used [0x00000007a6ab0000, 0x00000007a6ab0000, 0x00000007a8000000)
 concurrent mark-sweep generation total 393216K, used 157142K [0x00000007a8000000, 0x00000007c0000000, 0x00000007c0000000)
 Metaspace       used 46299K, capacity 47342K, committed 47692K, reserved 1091584K
  class space    used 5052K, capacity 5367K, committed 5496K, reserved 1048576K
}
2016-09-11T21:58:27.524-0100: 393,907: Total time for which application threads were stopped: 0,0162228 seconds, Stopping threads took: 0,0001569 seconds
2016-09-11T21:58:27.591-0100: 393,974: Total time for which application threads were stopped: 0,0002263 seconds, Stopping threads took: 0,0000352 seconds
{Heap before GC invocations=226 (full 11):
 par new generation   total 109248K, used 109248K [0x00000007a0000000, 0x00000007a8000000, 0x00000007a8000000)
  eden space 87424K, 100% used [0x00000007a0000000, 0x00000007a5560000, 0x00000007a5560000)
  from space 21824K, 100% used [0x00000007a5560000, 0x00000007a6ab0000, 0x00000007a6ab0000)
  to   space 21824K,   0% used [0x00000007a6ab0000, 0x00000007a6ab0000, 0x00000007a8000000)
 concurrent mark-sweep generation total 393216K, used 157142K [0x00000007a8000000, 0x00000007c0000000, 0x00000007c0000000)
 Metaspace       used 46299K, capacity 47342K, committed 47692K, reserved 1091584K
  class space    used 5052K, capacity 5367K, committed 5496K, reserved 1048576K
2016-09-11T21:58:27.591-0100: 393,974: [GC (Allocation Failure) 2016-09-11T21:58:27.591-0100: 393,974: [ParNew
Desired survivor size 20112992 bytes, new threshold 8 (max 8)
- age   1:    3076744 bytes,    3076744 total
- age   2:    1825096 bytes,    4901840 total
- age   3:     823680 bytes,    5725520 total
- age   4:    8472336 bytes,   14197856 total
- age   5:    1729288 bytes,   15927144 total
- age   6:     245888 bytes,   16173032 total
- age   7:    3550760 bytes,   19723792 total
: 109248K->21824K(109248K), 0,0117137 secs] 266390K->179333K(502464K), 0,0117909 secs] [Times: user=0,04 sys=0,00, real=0,01 secs] 
Heap after GC invocations=227 (full 11):
 par new generation   total 109248K, used 21824K [0x00000007a0000000, 0x00000007a8000000, 0x00000007a8000000)
  eden space 87424K,   0% used [0x00000007a0000000, 0x00000007a0000000, 0x00000007a5560000)
  from space 21824K, 100% used [0x00000007a6ab0000, 0x00000007a8000000, 0x00000007a8000000)
  to   space 21824K,   0% used [0x00000007a5560000, 0x00000007a5560000, 0x00000007a6ab0000)
 concurrent mark-sweep generation total 393216K, used 157509K [0x00000007a8000000, 0x00000007c0000000, 0x00000007c0000000)
 Metaspace       used 46299K, capacity 47342K, committed 47692K, reserved 1091584K
  class space    used 5052K, capacity 5367K, committed 5496K, reserved 1048576K
}
2016-09-11T21:58:27.603-0100: 393,986: Total time for which application threads were stopped: 0,0120383 seconds, Stopping threads took: 0,0000488 seconds
{Heap before GC invocations=227 (full 11):
 par new generation   total 109248K, used 22628K [0x00000007a0000000, 0x00000007a8000000, 0x00000007a8000000)
  eden space 87424K,   0% used [0x00000007a0000000, 0x00000007a00c91d0, 0x00000007a5560000)
  from space 21824K, 100% used [0x00000007a6ab0000, 0x00000007a8000000, 0x00000007a8000000)
  to   space 21824K,   0% used [0x00000007a5560000, 0x00000007a5560000, 0x00000007a6ab0000)
 concurrent mark-sweep generation total 393216K, used 157509K [0x00000007a8000000, 0x00000007c0000000, 0x00000007c0000000)
 Metaspace       used 46299K, capacity 47342K, committed 47692K, reserved 1091584K
  class space    used 5052K, capacity 5367K, committed 5496K, reserved 1048576K
2016-09-11T21:58:27.604-0100: 393,986: [GC (GCLocker Initiated GC) 2016-09-11T21:58:27.604-0100: 393,986: [ParNew
Desired survivor size 20112992 bytes, new threshold 8 (max 8)
- age   1:       1128 bytes,       1128 total
- age   2:    1693744 bytes,    1694872 total
- age   3:    1825096 bytes,    3519968 total
- age   4:     823680 bytes,    4343648 total
- age   5:    8472336 bytes,   12815984 total
- age   6:    1729288 bytes,   14545272 total
- age   7:     245888 bytes,   14791160 total
- age   8:    3550760 bytes,   18341920 total
: 22628K->21824K(109248K), 0,0105970 secs] 180138K->179333K(502464K), 0,0106771 secs] [Times: user=0,04 sys=0,00, real=0,01 secs] 
Heap after GC invocations=228 (full 11):
 par new generation   total 109248K, used 21824K [0x00000007a0000000, 0x00000007a8000000, 0x00000007a8000000)
  eden space 87424K,   0% used [0x00000007a0000000, 0x00000007a0000000, 0x00000007a5560000)
  from space 21824K, 100% used [0x00000007a5560000, 0x00000007a6ab0000, 0x00000007a6ab0000)
  to   space 21824K,   0% used [0x00000007a6ab0000, 0x00000007a6ab0000, 0x00000007a8000000)
 concurrent mark-sweep generation total 393216K, used 157509K [0x00000007a8000000, 0x00000007c0000000, 0x00000007c0000000)
 Metaspace       used 46299K, capacity 47342K, committed 47692K, reserved 1091584K
  class space    used 5052K, capacity 5367K, committed 5496K, reserved 1048576K
}
2016-09-11T21:58:27.614-0100: 393,997: Total time for which application threads were stopped: 0,0110126 seconds, Stopping threads took: 0,0000765 seconds
{Heap before GC invocations=228 (full 11):
 par new generation   total 109248K, used 109248K [0x00000007a0000000, 0x00000007a8000000, 0x00000007a8000000)
  eden space 87424K, 100% used [0x00000007a0000000, 0x00000007a5560000, 0x00000007a5560000)
  from space 21824K, 100% used [0x00000007a5560000, 0x00000007a6ab0000, 0x00000007a6ab0000)
  to   space 21824K,   0% used [0x00000007a6ab0000, 0x00000007a6ab0000, 0x00000007a8000000)
 concurrent mark-sweep generation total 393216K, used 157509K [0x00000007a8000000, 0x00000007c0000000, 0x00000007c0000000)
 Metaspace       used 46299K, capacity 47342K, committed 47692K, reserved 1091584K
  class space    used 5052K, capacity 5367K, committed 5496K, reserved 1048576K
2016-09-11T21:58:27.680-0100: 394,062: [GC (Allocation Failure) 2016-09-11T21:58:27.680-0100: 394,062: [ParNew
Desired survivor size 20112992 bytes, new threshold 8 (max 8)
- age   1:    1362072 bytes,    1362072 total
- age   3:    1257704 bytes,    2619776 total
- age   4:    1825096 bytes,    4444872 total
- age   5:     823680 bytes,    5268552 total
- age   6:    8472336 bytes,   13740888 total
- age   7:    1729288 bytes,   15470176 total
- age   8:     245888 bytes,   15716064 total
: 109248K->21824K(109248K), 0,0141763 secs] 266757K->182825K(502464K), 0,0142594 secs] [Times: user=0,04 sys=0,00, real=0,01 secs] 
Heap after GC invocations=229 (full 11):
 par new generation   total 109248K, used 21824K [0x00000007a0000000, 0x00000007a8000000, 0x00000007a8000000)
  eden space 87424K,   0% used [0x00000007a0000000, 0x00000007a0000000, 0x00000007a5560000)
  from space 21824K, 100% used [0x00000007a6ab0000, 0x00000007a8000000, 0x00000007a8000000)
  to   space 21824K,   0% used [0x00000007a5560000, 0x00000007a5560000, 0x00000007a6ab0000)
 concurrent mark-sweep generation total 393216K, used 161001K [0x00000007a8000000, 0x00000007c0000000, 0x00000007c0000000)
 Metaspace       used 46299K, capacity 47342K, committed 47692K, reserved 1091584K
  class space    used 5052K, capacity 5367K, committed 5496K, reserved 1048576K
}
2016-09-11T21:58:27.694-0100: 394,077: Total time for which application threads were stopped: 0,0145854 seconds, Stopping threads took: 0,0000316 seconds
{Heap before GC invocations=229 (full 11):
 par new generation   total 109248K, used 109248K [0x00000007a0000000, 0x00000007a8000000, 0x00000007a8000000)
  eden space 87424K, 100% used [0x00000007a0000000, 0x00000007a5560000, 0x00000007a5560000)
  from space 21824K, 100% used [0x00000007a6ab0000, 0x00000007a8000000, 0x00000007a8000000)
  to   space 21824K,   0% used [0x00000007a5560000, 0x00000007a5560000, 0x00000007a6ab0000)
 concurrent mark-sweep generation total 393216K, used 161001K [0x00000007a8000000, 0x00000007c0000000, 0x00000007c0000000)
 Metaspace       used 46299K, capacity 47342K, committed 47692K, reserved 1091584K
  class space    used 5052K, capacity 5367K, committed 5496K, reserved 1048576K
2016-09-11T21:58:27.729-0100: 394,112: [GC (Allocation Failure) 2016-09-11T21:58:27.730-0100: 394,112: [ParNew
Desired survivor size 20112992 bytes, new threshold 8 (max 8)
- age   1:    4231296 bytes,    4231296 total
- age   2:      16632 bytes,    4247928 total
- age   4:     786656 bytes,    5034584 total
- age   5:    1562664 bytes,    6597248 total
- age   6:     823680 bytes,    7420928 total
- age   7:    8472176 bytes,   15893104 total
- age   8:    1729288 bytes,   17622392 total
: 109248K->20634K(109248K), 0,0135882 secs] 270249K->181885K(502464K), 0,0136860 secs] [Times: user=0,04 sys=0,00, real=0,02 secs] 
Heap after GC invocations=230 (full 11):
 par new generation   total 109248K, used 20634K [0x00000007a0000000, 0x00000007a8000000, 0x00000007a8000000)
  eden space 87424K,   0% used [0x00000007a0000000, 0x00000007a0000000, 0x00000007a5560000)
  from space 21824K,  94% used [0x00000007a5560000, 0x00000007a69868c0, 0x00000007a6ab0000)
  to   space 21824K,   0% used [0x00000007a6ab0000, 0x00000007a6ab0000, 0x00000007a8000000)
 concurrent mark-sweep generation total 393216K, used 161250K [0x00000007a8000000, 0x00000007c0000000, 0x00000007c0000000)
 Metaspace       used 46299K, capacity 47342K, committed 47692K, reserved 1091584K
  class space    used 5052K, capacity 5367K, committed 5496K, reserved 1048576K
}
2016-09-11T21:58:27.743-0100: 394,126: Total time for which application threads were stopped: 0,0139969 seconds, Stopping threads took: 0,0000324 seconds
2016-09-11T21:58:27.844-0100: 394,227: Total time for which application threads were stopped: 0,0002753 seconds, Stopping threads took: 0,0000696 seconds
2016-09-11T21:58:27.845-0100: 394,228: Total time for which application threads were stopped: 0,0002512 seconds, Stopping threads took: 0,0000667 seconds
2016-09-11T21:58:27.847-0100: 394,229: Total time for which application threads were stopped: 0,0003347 seconds, Stopping threads took: 0,0000655 seconds
2016-09-11T21:58:27.847-0100: 394,230: Total time for which application threads were stopped: 0,0003626 seconds, Stopping threads took: 0,0000977 seconds
2016-09-11T21:58:27.848-0100: 394,230: Total time for which application threads were stopped: 0,0002551 seconds, Stopping threads took: 0,0000492 seconds
2016-09-11T21:58:27.920-0100: 394,302: Total time for which application threads were stopped: 0,0004405 seconds, Stopping threads took: 0,0001108 seconds
2016-09-11T21:58:27.965-0100: 394,348: Total time for which application threads were stopped: 0,0228708 seconds, Stopping threads took: 0,0225528 seconds
2016-09-11T21:58:27.985-0100: 394,367: Total time for which application threads were stopped: 0,0003622 seconds, Stopping threads took: 0,0000829 seconds
2016-09-11T21:58:27.990-0100: 394,373: Total time for which application threads were stopped: 0,0004481 seconds, Stopping threads took: 0,0001134 seconds
2016-09-11T21:58:27.994-0100: 394,377: Total time for which application threads were stopped: 0,0003895 seconds, Stopping threads took: 0,0000492 seconds
2016-09-11T21:58:27.996-0100: 394,379: Total time for which application threads were stopped: 0,0003850 seconds, Stopping threads took: 0,0000533 seconds
2016-09-11T21:58:28.003-0100: 394,385: Total time for which application threads were stopped: 0,0003647 seconds, Stopping threads took: 0,0000544 seconds
2016-09-11T21:58:28.006-0100: 394,388: Total time for which application threads were stopped: 0,0016088 seconds, Stopping threads took: 0,0000570 seconds
2016-09-11T21:58:28.026-0100: 394,409: Total time for which application threads were stopped: 0,0003408 seconds, Stopping threads took: 0,0000620 seconds
2016-09-11T21:58:28.038-0100: 394,420: Total time for which application threads were stopped: 0,0003474 seconds, Stopping threads took: 0,0000623 seconds
2016-09-11T21:58:28.048-0100: 394,431: Total time for which application threads were stopped: 0,0003408 seconds, Stopping threads took: 0,0000549 seconds
2016-09-11T21:58:28.048-0100: 394,431: Total time for which application threads were stopped: 0,0002109 seconds, Stopping threads took: 0,0000389 seconds
2016-09-11T21:58:28.049-0100: 394,431: Total time for which application threads were stopped: 0,0003311 seconds, Stopping threads took: 0,0001473 seconds
2016-09-11T21:58:28.049-0100: 394,431: Total time for which application threads were stopped: 0,0001920 seconds, Stopping threads took: 0,0000305 seconds
2016-09-11T21:58:28.050-0100: 394,432: Total time for which application threads were stopped: 0,0003049 seconds, Stopping threads took: 0,0000569 seconds
2016-09-11T21:58:28.055-0100: 394,438: Total time for which application threads were stopped: 0,0002847 seconds, Stopping threads took: 0,0000554 seconds
{Heap before GC invocations=230 (full 11):
 par new generation   total 109248K, used 108058K [0x00000007a0000000, 0x00000007a8000000, 0x00000007a8000000)
  eden space 87424K, 100% used [0x00000007a0000000, 0x00000007a5560000, 0x00000007a5560000)
  from space 21824K,  94% used [0x00000007a5560000, 0x00000007a69868c0, 0x00000007a6ab0000)
  to   space 21824K,   0% used [0x00000007a6ab0000, 0x00000007a6ab0000, 0x00000007a8000000)
 concurrent mark-sweep generation total 393216K, used 161250K [0x00000007a8000000, 0x00000007c0000000, 0x00000007c0000000)
 Metaspace       used 46519K, capacity 47548K, committed 47948K, reserved 1091584K
  class space    used 5074K, capacity 5370K, committed 5496K, reserved 1048576K
2016-09-11T21:58:28.576-0100: 394,959: [GC (Allocation Failure) 2016-09-11T21:58:28.576-0100: 394,959: [ParNew
Desired survivor size 20112992 bytes, new threshold 8 (max 8)
- age   1:    4553856 bytes,    4553856 total
- age   2:    2447480 bytes,    7001336 total
- age   5:     786656 bytes,    7787992 total
- age   6:    1562664 bytes,    9350656 total
- age   7:     823680 bytes,   10174336 total
- age   8:    6375776 bytes,   16550112 total
: 108058K->19357K(109248K), 0,0372931 secs] 269309K->182329K(502464K), 0,0374101 secs] [Times: user=0,09 sys=0,00, real=0,04 secs] 
Heap after GC invocations=231 (full 11):
 par new generation   total 109248K, used 19357K [0x00000007a0000000, 0x00000007a8000000, 0x00000007a8000000)
  eden space 87424K,   0% used [0x00000007a0000000, 0x00000007a0000000, 0x00000007a5560000)
  from space 21824K,  88% used [0x00000007a6ab0000, 0x00000007a7d97790, 0x00000007a8000000)
  to   space 21824K,   0% used [0x00000007a5560000, 0x00000007a5560000, 0x00000007a6ab0000)
 concurrent mark-sweep generation total 393216K, used 162971K [0x00000007a8000000, 0x00000007c0000000, 0x00000007c0000000)
 Metaspace       used 46519K, capacity 47548K, committed 47948K, reserved 1091584K
  class space    used 5074K, capacity 5370K, committed 5496K, reserved 1048576K
}
2016-09-11T21:58:28.614-0100: 394,996: Total time for which application threads were stopped: 0,0378872 seconds, Stopping threads took: 0,0000309 seconds
2016-09-11T21:58:28.791-0100: 395,174: Total time for which application threads were stopped: 0,0015891 seconds, Stopping threads took: 0,0000336 seconds
2016-09-11T21:58:29.794-0100: 396,177: Total time for which application threads were stopped: 0,0004968 seconds, Stopping threads took: 0,0000393 seconds
2016-09-11T21:58:35.770-0100: 402,153: Total time for which application threads were stopped: 0,0002867 seconds, Stopping threads took: 0,0000386 seconds
2016-09-11T21:58:35.771-0100: 402,154: Total time for which application threads were stopped: 0,0001958 seconds, Stopping threads took: 0,0000250 seconds
2016-09-11T21:58:35.776-0100: 402,159: Total time for which application threads were stopped: 0,0002948 seconds, Stopping threads took: 0,0000359 seconds
2016-09-11T21:58:35.778-0100: 402,160: Total time for which application threads were stopped: 0,0002904 seconds, Stopping threads took: 0,0000346 seconds
2016-09-11T21:58:36.782-0100: 403,164: Total time for which application threads were stopped: 0,0005150 seconds, Stopping threads took: 0,0000647 seconds
2016-09-11T21:58:37.786-0100: 404,169: Total time for which application threads were stopped: 0,0003610 seconds, Stopping threads took: 0,0000601 seconds
2016-09-11T21:58:40.706-0100: 407,089: Total time for which application threads were stopped: 0,0002989 seconds, Stopping threads took: 0,0000696 seconds
2016-09-11T21:58:40.709-0100: 407,092: Total time for which application threads were stopped: 0,0002442 seconds, Stopping threads took: 0,0000349 seconds
2016-09-11T21:58:40.724-0100: 407,107: Total time for which application threads were stopped: 0,0002424 seconds, Stopping threads took: 0,0000341 seconds
2016-09-11T21:58:40.724-0100: 407,107: Total time for which application threads were stopped: 0,0001265 seconds, Stopping threads took: 0,0000186 seconds
2016-09-11T21:58:40.726-0100: 407,109: Total time for which application threads were stopped: 0,0002207 seconds, Stopping threads took: 0,0000293 seconds
2016-09-11T21:58:40.726-0100: 407,109: Total time for which application threads were stopped: 0,0001271 seconds, Stopping threads took: 0,0000147 seconds
2016-09-11T21:58:40.728-0100: 407,110: Total time for which application threads were stopped: 0,0002841 seconds, Stopping threads took: 0,0000638 seconds
2016-09-11T21:58:40.728-0100: 407,111: Total time for which application threads were stopped: 0,0002108 seconds, Stopping threads took: 0,0000350 seconds
2016-09-11T21:58:40.729-0100: 407,112: Total time for which application threads were stopped: 0,0002953 seconds, Stopping threads took: 0,0000547 seconds
2016-09-11T21:58:40.730-0100: 407,113: Total time for which application threads were stopped: 0,0002707 seconds, Stopping threads took: 0,0000460 seconds
2016-09-11T21:58:40.732-0100: 407,115: Total time for which application threads were stopped: 0,0002539 seconds, Stopping threads took: 0,0000682 seconds
2016-09-11T21:58:40.732-0100: 407,115: Total time for which application threads were stopped: 0,0001977 seconds, Stopping threads took: 0,0000543 seconds
2016-09-11T21:58:40.733-0100: 407,116: Total time for which application threads were stopped: 0,0002458 seconds, Stopping threads took: 0,0000492 seconds
2016-09-11T21:58:40.735-0100: 407,118: Total time for which application threads were stopped: 0,0002974 seconds, Stopping threads took: 0,0000714 seconds
2016-09-11T21:58:40.736-0100: 407,119: Total time for which application threads were stopped: 0,0002903 seconds, Stopping threads took: 0,0000652 seconds
2016-09-11T21:58:40.737-0100: 407,120: Total time for which application threads were stopped: 0,0002228 seconds, Stopping threads took: 0,0000471 seconds
2016-09-11T21:58:40.737-0100: 407,120: Total time for which application threads were stopped: 0,0001517 seconds, Stopping threads took: 0,0000443 seconds
2016-09-11T21:58:40.739-0100: 407,121: Total time for which application threads were stopped: 0,0002155 seconds, Stopping threads took: 0,0000267 seconds
2016-09-11T21:58:40.768-0100: 407,151: Total time for which application threads were stopped: 0,0003505 seconds, Stopping threads took: 0,0000350 seconds
2016-09-11T21:58:40.774-0100: 407,157: Total time for which application threads were stopped: 0,0004910 seconds, Stopping threads took: 0,0000353 seconds
2016-09-11T21:58:41.776-0100: 408,159: Total time for which application threads were stopped: 0,0003745 seconds, Stopping threads took: 0,0000583 seconds
2016-09-11T21:58:54.811-0100: 421,195: Total time for which application threads were stopped: 0,0004799 seconds, Stopping threads took: 0,0000651 seconds
{Heap before GC invocations=231 (full 11):
 par new generation   total 109248K, used 106781K [0x00000007a0000000, 0x00000007a8000000, 0x00000007a8000000)
  eden space 87424K, 100% used [0x00000007a0000000, 0x00000007a5560000, 0x00000007a5560000)
  from space 21824K,  88% used [0x00000007a6ab0000, 0x00000007a7d97790, 0x00000007a8000000)
  to   space 21824K,   0% used [0x00000007a5560000, 0x00000007a5560000, 0x00000007a6ab0000)
 concurrent mark-sweep generation total 393216K, used 162971K [0x00000007a8000000, 0x00000007c0000000, 0x00000007c0000000)
 Metaspace       used 46761K, capacity 47772K, committed 47948K, reserved 1091584K
  class space    used 5093K, capacity 5402K, committed 5496K, reserved 1048576K
2016-09-11T21:59:00.585-0100: 426,968: [GC (Allocation Failure) 2016-09-11T21:59:00.602-0100: 426,986: [ParNew
Desired survivor size 20112992 bytes, new threshold 8 (max 8)
- age   1:   11055032 bytes,   11055032 total
- age   2:    4080824 bytes,   15135856 total
- age   3:    2195896 bytes,   17331752 total
- age   6:     786656 bytes,   18118408 total
- age   7:    1502784 bytes,   19621192 total
- age   8:     823680 bytes,   20444872 total
: 106781K->21824K(109248K), 0,0209398 secs] 269753K->191535K(502464K), 0,0385291 secs] [Times: user=0,06 sys=0,01, real=0,04 secs] 
Heap after GC invocations=232 (full 11):
 par new generation   total 109248K, used 21824K [0x00000007a0000000, 0x00000007a8000000, 0x00000007a8000000)
  eden space 87424K,   0% used [0x00000007a0000000, 0x00000007a0000000, 0x00000007a5560000)
  from space 21824K, 100% used [0x00000007a5560000, 0x00000007a6ab0000, 0x00000007a6ab0000)
  to   space 21824K,   0% used [0x00000007a6ab0000, 0x00000007a6ab0000, 0x00000007a8000000)
 concurrent mark-sweep generation total 393216K, used 169711K [0x00000007a8000000, 0x00000007c0000000, 0x00000007c0000000)
 Metaspace       used 46761K, capacity 47772K, committed 47948K, reserved 1091584K
  class space    used 5093K, capacity 5402K, committed 5496K, reserved 1048576K
}
2016-09-11T21:59:00.623-0100: 427,007: Total time for which application threads were stopped: 0,0388489 seconds, Stopping threads took: 0,0000293 seconds
{Heap before GC invocations=232 (full 11):
 par new generation   total 109248K, used 109248K [0x00000007a0000000, 0x00000007a8000000, 0x00000007a8000000)
  eden space 87424K, 100% used [0x00000007a0000000, 0x00000007a5560000, 0x00000007a5560000)
  from space 21824K, 100% used [0x00000007a5560000, 0x00000007a6ab0000, 0x00000007a6ab0000)
  to   space 21824K,   0% used [0x00000007a6ab0000, 0x00000007a6ab0000, 0x00000007a8000000)
 concurrent mark-sweep generation total 393216K, used 169711K [0x00000007a8000000, 0x00000007c0000000, 0x00000007c0000000)
 Metaspace       used 46761K, capacity 47772K, committed 47948K, reserved 1091584K
  class space    used 5093K, capacity 5402K, committed 5496K, reserved 1048576K
2016-09-11T21:59:00.773-0100: 427,156: [GC (Allocation Failure) 2016-09-11T21:59:00.773-0100: 427,156: [ParNew
Desired survivor size 20112992 bytes, new threshold 8 (max 8)
- age   1:     461352 bytes,     461352 total
- age   2:    7968224 bytes,    8429576 total
- age   3:    4080760 bytes,   12510336 total
- age   4:    2195896 bytes,   14706232 total
- age   7:     786656 bytes,   15492888 total
- age   8:    1502784 bytes,   16995672 total
: 109248K->21824K(109248K), 0,0132292 secs] 278959K->196600K(502464K), 0,0133169 secs] [Times: user=0,04 sys=0,00, real=0,01 secs] 
Heap after GC invocations=233 (full 11):
 par new generation   total 109248K, used 21824K [0x00000007a0000000, 0x00000007a8000000, 0x00000007a8000000)
  eden space 87424K,   0% used [0x00000007a0000000, 0x00000007a0000000, 0x00000007a5560000)
  from space 21824K, 100% used [0x00000007a6ab0000, 0x00000007a8000000, 0x00000007a8000000)
  to   space 21824K,   0% used [0x00000007a5560000, 0x00000007a5560000, 0x00000007a6ab0000)
 concurrent mark-sweep generation total 393216K, used 174776K [0x00000007a8000000, 0x00000007c0000000, 0x00000007c0000000)
 Metaspace       used 46761K, capacity 47772K, committed 47948K, reserved 1091584K
  class space    used 5093K, capacity 5402K, committed 5496K, reserved 1048576K
}
2016-09-11T21:59:00.786-0100: 427,170: Total time for which application threads were stopped: 0,0136759 seconds, Stopping threads took: 0,0000340 seconds
{Heap before GC invocations=233 (full 11):
 par new generation   total 109248K, used 109248K [0x00000007a0000000, 0x00000007a8000000, 0x00000007a8000000)
  eden space 87424K, 100% used [0x00000007a0000000, 0x00000007a5560000, 0x00000007a5560000)
  from space 21824K, 100% used [0x00000007a6ab0000, 0x00000007a8000000, 0x00000007a8000000)
  to   space 21824K,   0% used [0x00000007a5560000, 0x00000007a5560000, 0x00000007a6ab0000)
 concurrent mark-sweep generation total 393216K, used 174776K [0x00000007a8000000, 0x00000007c0000000, 0x00000007c0000000)
 Metaspace       used 46761K, capacity 47772K, committed 47948K, reserved 1091584K
  class space    used 5093K, capacity 5402K, committed 5496K, reserved 1048576K
2016-09-11T21:59:00.938-0100: 427,322: [GC (Allocation Failure) 2016-09-11T21:59:00.939-0100: 427,322: [ParNew
Desired survivor size 20112992 bytes, new threshold 8 (max 8)
- age   1:        416 bytes,        416 total
- age   2:     460552 bytes,     460968 total
- age   3:    7968184 bytes,    8429152 total
- age   4:    4080760 bytes,   12509912 total
- age   5:    2195896 bytes,   14705808 total
- age   8:     786656 bytes,   15492464 total
: 109248K->19192K(109248K), 0,0110750 secs] 284024K->195569K(502464K), 0,0111707 secs] [Times: user=0,04 sys=0,00, real=0,02 secs] 
Heap after GC invocations=234 (full 11):
 par new generation   total 109248K, used 19192K [0x00000007a0000000, 0x00000007a8000000, 0x00000007a8000000)
  eden space 87424K,   0% used [0x00000007a0000000, 0x00000007a0000000, 0x00000007a5560000)
  from space 21824K,  87% used [0x00000007a5560000, 0x00000007a681e218, 0x00000007a6ab0000)
  to   space 21824K,   0% used [0x00000007a6ab0000, 0x00000007a6ab0000, 0x00000007a8000000)
 concurrent mark-sweep generation total 393216K, used 176377K [0x00000007a8000000, 0x00000007c0000000, 0x00000007c0000000)
 Metaspace       used 46761K, capacity 47772K, committed 47948K, reserved 1091584K
  class space    used 5093K, capacity 5402K, committed 5496K, reserved 1048576K
}
2016-09-11T21:59:00.950-0100: 427,333: Total time for which application threads were stopped: 0,0114770 seconds, Stopping threads took: 0,0000287 seconds
{Heap before GC invocations=234 (full 11):
 par new generation   total 109248K, used 106616K [0x00000007a0000000, 0x00000007a8000000, 0x00000007a8000000)
  eden space 87424K, 100% used [0x00000007a0000000, 0x00000007a5560000, 0x00000007a5560000)
  from space 21824K,  87% used [0x00000007a5560000, 0x00000007a681e218, 0x00000007a6ab0000)
  to   space 21824K,   0% used [0x00000007a6ab0000, 0x00000007a6ab0000, 0x00000007a8000000)
 concurrent mark-sweep generation total 393216K, used 176377K [0x00000007a8000000, 0x00000007c0000000, 0x00000007c0000000)
 Metaspace       used 46761K, capacity 47772K, committed 47948K, reserved 1091584K
  class space    used 5093K, capacity 5402K, committed 5496K, reserved 1048576K
2016-09-11T21:59:01.090-0100: 427,474: [GC (Allocation Failure) 2016-09-11T21:59:01.091-0100: 427,474: [ParNew
Desired survivor size 20112992 bytes, new threshold 8 (max 8)
- age   1:     173488 bytes,     173488 total
- age   3:     201536 bytes,     375024 total
- age   4:    7963880 bytes,    8338904 total
- age   5:    4080760 bytes,   12419664 total
- age   6:    2195896 bytes,   14615560 total
: 106616K->17611K(109248K), 0,0088340 secs] 282993K->194756K(502464K), 0,0089387 secs] [Times: user=0,03 sys=0,00, real=0,00 secs] 
Heap after GC invocations=235 (full 11):
 par new generation   total 109248K, used 17611K [0x00000007a0000000, 0x00000007a8000000, 0x00000007a8000000)
  eden space 87424K,   0% used [0x00000007a0000000, 0x00000007a0000000, 0x00000007a5560000)
  from space 21824K,  80% used [0x00000007a6ab0000, 0x00000007a7be2c38, 0x00000007a8000000)
  to   space 21824K,   0% used [0x00000007a5560000, 0x00000007a5560000, 0x00000007a6ab0000)
 concurrent mark-sweep generation total 393216K, used 177145K [0x00000007a8000000, 0x00000007c0000000, 0x00000007c0000000)
 Metaspace       used 46761K, capacity 47772K, committed 47948K, reserved 1091584K
  class space    used 5093K, capacity 5402K, committed 5496K, reserved 1048576K
}
2016-09-11T21:59:01.099-0100: 427,483: Total time for which application threads were stopped: 0,0092817 seconds, Stopping threads took: 0,0000309 seconds
{Heap before GC invocations=235 (full 11):
 par new generation   total 109248K, used 105035K [0x00000007a0000000, 0x00000007a8000000, 0x00000007a8000000)
  eden space 87424K, 100% used [0x00000007a0000000, 0x00000007a5560000, 0x00000007a5560000)
  from space 21824K,  80% used [0x00000007a6ab0000, 0x00000007a7be2c38, 0x00000007a8000000)
  to   space 21824K,   0% used [0x00000007a5560000, 0x00000007a5560000, 0x00000007a6ab0000)
 concurrent mark-sweep generation total 393216K, used 177145K [0x00000007a8000000, 0x00000007c0000000, 0x00000007c0000000)
 Metaspace       used 46776K, capacity 47772K, committed 47948K, reserved 1091584K
  class space    used 5093K, capacity 5402K, committed 5496K, reserved 1048576K
2016-09-11T21:59:01.407-0100: 427,791: [GC (Allocation Failure) 2016-09-11T21:59:01.407-0100: 427,791: [ParNew
Desired survivor size 20112992 bytes, new threshold 6 (max 8)
- age   1:   14177344 bytes,   14177344 total
- age   2:       4232 bytes,   14181576 total
- age   4:         64 bytes,   14181640 total
- age   5:    1885128 bytes,   16066768 total
- age   6:    4079832 bytes,   20146600 total
- age   7:    2195896 bytes,   22342496 total
: 105035K->21824K(109248K), 0,0209857 secs] 282180K->202420K(502464K), 0,0210698 secs] [Times: user=0,07 sys=0,00, real=0,02 secs] 
Heap after GC invocations=236 (full 11):
 par new generation   total 109248K, used 21824K [0x00000007a0000000, 0x00000007a8000000, 0x00000007a8000000)
  eden space 87424K,   0% used [0x00000007a0000000, 0x00000007a0000000, 0x00000007a5560000)
  from space 21824K, 100% used [0x00000007a5560000, 0x00000007a6ab0000, 0x00000007a6ab0000)
  to   space 21824K,   0% used [0x00000007a6ab0000, 0x00000007a6ab0000, 0x00000007a8000000)
 concurrent mark-sweep generation total 393216K, used 180596K [0x00000007a8000000, 0x00000007c0000000, 0x00000007c0000000)
 Metaspace       used 46776K, capacity 47772K, committed 47948K, reserved 1091584K
  class space    used 5093K, capacity 5402K, committed 5496K, reserved 1048576K
}
2016-09-11T21:59:01.428-0100: 427,812: Total time for which application threads were stopped: 0,0213992 seconds, Stopping threads took: 0,0000409 seconds
{Heap before GC invocations=236 (full 11):
 par new generation   total 109248K, used 109248K [0x00000007a0000000, 0x00000007a8000000, 0x00000007a8000000)
  eden space 87424K, 100% used [0x00000007a0000000, 0x00000007a5560000, 0x00000007a5560000)
  from space 21824K, 100% used [0x00000007a5560000, 0x00000007a6ab0000, 0x00000007a6ab0000)
  to   space 21824K,   0% used [0x00000007a6ab0000, 0x00000007a6ab0000, 0x00000007a8000000)
 concurrent mark-sweep generation total 393216K, used 180596K [0x00000007a8000000, 0x00000007c0000000, 0x00000007c0000000)
 Metaspace       used 46783K, capacity 47772K, committed 47948K, reserved 1091584K
  class space    used 5093K, capacity 5402K, committed 5496K, reserved 1048576K
2016-09-11T21:59:01.852-0100: 428,235: [GC (Allocation Failure) 2016-09-11T21:59:01.852-0100: 428,235: [ParNew
Desired survivor size 20112992 bytes, new threshold 6 (max 8)
- age   1:   12929344 bytes,   12929344 total
- age   2:    6009128 bytes,   18938472 total
- age   3:       4112 bytes,   18942584 total
- age   5:         32 bytes,   18942616 total
- age   6:    1863288 bytes,   20805904 total
: 109248K->21824K(109248K), 0,0226250 secs] 289844K->210313K(502464K), 0,0227413 secs] [Times: user=0,07 sys=0,00, real=0,02 secs] 
Heap after GC invocations=237 (full 11):
 par new generation   total 109248K, used 21824K [0x00000007a0000000, 0x00000007a8000000, 0x00000007a8000000)
  eden space 87424K,   0% used [0x00000007a0000000, 0x00000007a0000000, 0x00000007a5560000)
  from space 21824K, 100% used [0x00000007a6ab0000, 0x00000007a8000000, 0x00000007a8000000)
  to   space 21824K,   0% used [0x00000007a5560000, 0x00000007a5560000, 0x00000007a6ab0000)
 concurrent mark-sweep generation total 393216K, used 188489K [0x00000007a8000000, 0x00000007c0000000, 0x00000007c0000000)
 Metaspace       used 46783K, capacity 47772K, committed 47948K, reserved 1091584K
  class space    used 5093K, capacity 5402K, committed 5496K, reserved 1048576K
}
2016-09-11T21:59:01.874-0100: 428,258: Total time for which application threads were stopped: 0,0232075 seconds, Stopping threads took: 0,0000327 seconds
{Heap before GC invocations=237 (full 11):
 par new generation   total 109248K, used 109248K [0x00000007a0000000, 0x00000007a8000000, 0x00000007a8000000)
  eden space 87424K, 100% used [0x00000007a0000000, 0x00000007a5560000, 0x00000007a5560000)
  from space 21824K, 100% used [0x00000007a6ab0000, 0x00000007a8000000, 0x00000007a8000000)
  to   space 21824K,   0% used [0x00000007a5560000, 0x00000007a5560000, 0x00000007a6ab0000)
 concurrent mark-sweep generation total 393216K, used 188489K [0x00000007a8000000, 0x00000007c0000000, 0x00000007c0000000)
 Metaspace       used 46783K, capacity 47772K, committed 47948K, reserved 1091584K
  class space    used 5093K, capacity 5402K, committed 5496K, reserved 1048576K
2016-09-11T21:59:02.024-0100: 428,408: [GC (Allocation Failure) 2016-09-11T21:59:02.024-0100: 428,408: [ParNew
Desired survivor size 20112992 bytes, new threshold 3 (max 8)
- age   1:    6036784 bytes,    6036784 total
- age   2:   10968480 bytes,   17005264 total
- age   3:    3777384 bytes,   20782648 total
- age   4:       4112 bytes,   20786760 total
- age   6:         32 bytes,   20786792 total
: 109248K->21824K(109248K), 0,0219761 secs] 297737K->216925K(502464K), 0,0220699 secs] [Times: user=0,06 sys=0,01, real=0,02 secs] 
Heap after GC invocations=238 (full 11):
 par new generation   total 109248K, used 21824K [0x00000007a0000000, 0x00000007a8000000, 0x00000007a8000000)
  eden space 87424K,   0% used [0x00000007a0000000, 0x00000007a0000000, 0x00000007a5560000)
  from space 21824K, 100% used [0x00000007a5560000, 0x00000007a6ab0000, 0x00000007a6ab0000)
  to   space 21824K,   0% used [0x00000007a6ab0000, 0x00000007a6ab0000, 0x00000007a8000000)
 concurrent mark-sweep generation total 393216K, used 195101K [0x00000007a8000000, 0x00000007c0000000, 0x00000007c0000000)
 Metaspace       used 46783K, capacity 47772K, committed 47948K, reserved 1091584K
  class space    used 5093K, capacity 5402K, committed 5496K, reserved 1048576K
}
2016-09-11T21:59:02.046-0100: 428,430: Total time for which application threads were stopped: 0,0223817 seconds, Stopping threads took: 0,0000288 seconds
2016-09-11T21:59:02.141-0100: 428,525: Total time for which application threads were stopped: 0,0003055 seconds, Stopping threads took: 0,0000307 seconds
2016-09-11T21:59:02.142-0100: 428,526: Total time for which application threads were stopped: 0,0001197 seconds, Stopping threads took: 0,0000125 seconds
2016-09-11T21:59:02.142-0100: 428,526: Total time for which application threads were stopped: 0,0001692 seconds, Stopping threads took: 0,0000176 seconds
2016-09-11T21:59:02.142-0100: 428,526: Total time for which application threads were stopped: 0,0001338 seconds, Stopping threads took: 0,0000107 seconds
{Heap before GC invocations=238 (full 11):
 par new generation   total 109248K, used 109248K [0x00000007a0000000, 0x00000007a8000000, 0x00000007a8000000)
  eden space 87424K, 100% used [0x00000007a0000000, 0x00000007a5560000, 0x00000007a5560000)
  from space 21824K, 100% used [0x00000007a5560000, 0x00000007a6ab0000, 0x00000007a6ab0000)
  to   space 21824K,   0% used [0x00000007a6ab0000, 0x00000007a6ab0000, 0x00000007a8000000)
 concurrent mark-sweep generation total 393216K, used 195101K [0x00000007a8000000, 0x00000007c0000000, 0x00000007c0000000)
 Metaspace       used 46788K, capacity 47836K, committed 48204K, reserved 1091584K
  class space    used 5093K, capacity 5402K, committed 5496K, reserved 1048576K
2016-09-11T21:59:02.267-0100: 428,651: [GC (Allocation Failure) 2016-09-11T21:59:02.267-0100: 428,651: [ParNew
Desired survivor size 20112992 bytes, new threshold 8 (max 8)
- age   1:    6501608 bytes,    6501608 total
- age   2:    1243712 bytes,    7745320 total
- age   3:    7539968 bytes,   15285288 total
: 109248K->21824K(109248K), 0,0151855 secs] 304349K->222213K(502464K), 0,0152844 secs] [Times: user=0,05 sys=0,01, real=0,02 secs] 
Heap after GC invocations=239 (full 11):
 par new generation   total 109248K, used 21824K [0x00000007a0000000, 0x00000007a8000000, 0x00000007a8000000)
  eden space 87424K,   0% used [0x00000007a0000000, 0x00000007a0000000, 0x00000007a5560000)
  from space 21824K, 100% used [0x00000007a6ab0000, 0x00000007a8000000, 0x00000007a8000000)
  to   space 21824K,   0% used [0x00000007a5560000, 0x00000007a5560000, 0x00000007a6ab0000)
 concurrent mark-sweep generation total 393216K, used 200389K [0x00000007a8000000, 0x00000007c0000000, 0x00000007c0000000)
 Metaspace       used 46788K, capacity 47836K, committed 48204K, reserved 1091584K
  class space    used 5093K, capacity 5402K, committed 5496K, reserved 1048576K
}
2016-09-11T21:59:02.282-0100: 428,666: Total time for which application threads were stopped: 0,0155863 seconds, Stopping threads took: 0,0000295 seconds
2016-09-11T21:59:02.283-0100: 428,666: [GC (CMS Initial Mark) [1 CMS-initial-mark: 200389K(393216K)] 222486K(502464K), 0,0045024 secs] [Times: user=0,01 sys=0,00, real=0,00 secs] 
2016-09-11T21:59:02.287-0100: 428,671: Total time for which application threads were stopped: 0,0048157 seconds, Stopping threads took: 0,0000852 seconds
2016-09-11T21:59:02.287-0100: 428,671: [CMS-concurrent-mark-start]
2016-09-11T21:59:02.341-0100: 428,725: [CMS-concurrent-mark: 0,054/0,054 secs] [Times: user=0,14 sys=0,00, real=0,06 secs] 
2016-09-11T21:59:02.341-0100: 428,725: [CMS-concurrent-preclean-start]
2016-09-11T21:59:02.343-0100: 428,726: [CMS-concurrent-preclean: 0,002/0,002 secs] [Times: user=0,00 sys=0,00, real=0,00 secs] 
2016-09-11T21:59:02.343-0100: 428,727: [CMS-concurrent-abortable-preclean-start]
{Heap before GC invocations=239 (full 12):
 par new generation   total 109248K, used 109248K [0x00000007a0000000, 0x00000007a8000000, 0x00000007a8000000)
  eden space 87424K, 100% used [0x00000007a0000000, 0x00000007a5560000, 0x00000007a5560000)
  from space 21824K, 100% used [0x00000007a6ab0000, 0x00000007a8000000, 0x00000007a8000000)
  to   space 21824K,   0% used [0x00000007a5560000, 0x00000007a5560000, 0x00000007a6ab0000)
 concurrent mark-sweep generation total 393216K, used 200389K [0x00000007a8000000, 0x00000007c0000000, 0x00000007c0000000)
 Metaspace       used 46790K, capacity 47836K, committed 48204K, reserved 1091584K
  class space    used 5093K, capacity 5402K, committed 5496K, reserved 1048576K
2016-09-11T21:59:02.420-0100: 428,804: [GC (Allocation Failure) 2016-09-11T21:59:02.420-0100: 428,804: [ParNew
Desired survivor size 20112992 bytes, new threshold 8 (max 8)
- age   1:    1171952 bytes,    1171952 total
- age   2:    6273168 bytes,    7445120 total
- age   3:    1243672 bytes,    8688792 total
- age   4:    7539888 bytes,   16228680 total
: 109248K->21334K(109248K), 0,0099455 secs] 309637K->221724K(502464K), 0,0100288 secs] [Times: user=0,03 sys=0,00, real=0,01 secs] 
Heap after GC invocations=240 (full 12):
 par new generation   total 109248K, used 21334K [0x00000007a0000000, 0x00000007a8000000, 0x00000007a8000000)
  eden space 87424K,   0% used [0x00000007a0000000, 0x00000007a0000000, 0x00000007a5560000)
  from space 21824K,  97% used [0x00000007a5560000, 0x00000007a6a35bc0, 0x00000007a6ab0000)
  to   space 21824K,   0% used [0x00000007a6ab0000, 0x00000007a6ab0000, 0x00000007a8000000)
 concurrent mark-sweep generation total 393216K, used 200389K [0x00000007a8000000, 0x00000007c0000000, 0x00000007c0000000)
 Metaspace       used 46790K, capacity 47836K, committed 48204K, reserved 1091584K
  class space    used 5093K, capacity 5402K, committed 5496K, reserved 1048576K
}
2016-09-11T21:59:02.430-0100: 428,814: Total time for which application threads were stopped: 0,0103342 seconds, Stopping threads took: 0,0000302 seconds
{Heap before GC invocations=240 (full 12):
 par new generation   total 109248K, used 108758K [0x00000007a0000000, 0x00000007a8000000, 0x00000007a8000000)
  eden space 87424K, 100% used [0x00000007a0000000, 0x00000007a5560000, 0x00000007a5560000)
  from space 21824K,  97% used [0x00000007a5560000, 0x00000007a6a35bc0, 0x00000007a6ab0000)
  to   space 21824K,   0% used [0x00000007a6ab0000, 0x00000007a6ab0000, 0x00000007a8000000)
 concurrent mark-sweep generation total 393216K, used 200389K [0x00000007a8000000, 0x00000007c0000000, 0x00000007c0000000)
 Metaspace       used 46790K, capacity 47836K, committed 48204K, reserved 1091584K
  class space    used 5093K, capacity 5402K, committed 5496K, reserved 1048576K
2016-09-11T21:59:02.519-0100: 428,903: [GC (Allocation Failure) 2016-09-11T21:59:02.519-0100: 428,903: [ParNew
Desired survivor size 20112992 bytes, new threshold 8 (max 8)
- age   1:    1735488 bytes,    1735488 total
- age   2:     354488 bytes,    2089976 total
- age   3:    6227528 bytes,    8317504 total
- age   4:    1243672 bytes,    9561176 total
- age   5:    7539888 bytes,   17101064 total
: 108758K->21525K(109248K), 0,0104336 secs] 309148K->221914K(502464K), 0,0105322 secs] [Times: user=0,03 sys=0,00, real=0,02 secs] 
Heap after GC invocations=241 (full 12):
 par new generation   total 109248K, used 21525K [0x00000007a0000000, 0x00000007a8000000, 0x00000007a8000000)
  eden space 87424K,   0% used [0x00000007a0000000, 0x00000007a0000000, 0x00000007a5560000)
  from space 21824K,  98% used [0x00000007a6ab0000, 0x00000007a7fb5400, 0x00000007a8000000)
  to   space 21824K,   0% used [0x00000007a5560000, 0x00000007a5560000, 0x00000007a6ab0000)
 concurrent mark-sweep generation total 393216K, used 200389K [0x00000007a8000000, 0x00000007c0000000, 0x00000007c0000000)
 Metaspace       used 46790K, capacity 47836K, committed 48204K, reserved 1091584K
  class space    used 5093K, capacity 5402K, committed 5496K, reserved 1048576K
}
2016-09-11T21:59:02.530-0100: 428,913: Total time for which application threads were stopped: 0,0108409 seconds, Stopping threads took: 0,0000333 seconds
2016-09-11T21:59:02.530-0100: 428,913: [CMS-concurrent-abortable-preclean: 0,119/0,187 secs] [Times: user=0,35 sys=0,00, real=0,19 secs] 
2016-09-11T21:59:02.530-0100: 428,914: [GC (CMS Final Remark) [YG occupancy: 22650 K (109248 K)]{Heap before GC invocations=241 (full 12):
 par new generation   total 109248K, used 22650K [0x00000007a0000000, 0x00000007a8000000, 0x00000007a8000000)
  eden space 87424K,   1% used [0x00000007a0000000, 0x00000007a0119430, 0x00000007a5560000)
  from space 21824K,  98% used [0x00000007a6ab0000, 0x00000007a7fb5400, 0x00000007a8000000)
  to   space 21824K,   0% used [0x00000007a5560000, 0x00000007a5560000, 0x00000007a6ab0000)
 concurrent mark-sweep generation total 393216K, used 200389K [0x00000007a8000000, 0x00000007c0000000, 0x00000007c0000000)
 Metaspace       used 46790K, capacity 47836K, committed 48204K, reserved 1091584K
  class space    used 5093K, capacity 5402K, committed 5496K, reserved 1048576K
2016-09-11T21:59:02.530-0100: 428,914: [GC (CMS Final Remark) 2016-09-11T21:59:02.530-0100: 428,914: [ParNew
Desired survivor size 20112992 bytes, new threshold 8 (max 8)
- age   1:         48 bytes,         48 total
- age   2:    1519048 bytes,    1519096 total
- age   3:     354488 bytes,    1873584 total
- age   4:    6227528 bytes,    8101112 total
- age   5:    1243672 bytes,    9344784 total
- age   6:    7539888 bytes,   16884672 total
: 22650K->21037K(109248K), 0,0092240 secs] 223039K->221427K(502464K), 0,0092973 secs] [Times: user=0,04 sys=0,00, real=0,00 secs] 
Heap after GC invocations=242 (full 12):
 par new generation   total 109248K, used 21037K [0x00000007a0000000, 0x00000007a8000000, 0x00000007a8000000)
  eden space 87424K,   0% used [0x00000007a0000000, 0x00000007a0000000, 0x00000007a5560000)
  from space 21824K,  96% used [0x00000007a5560000, 0x00000007a69eb6f0, 0x00000007a6ab0000)
  to   space 21824K,   0% used [0x00000007a6ab0000, 0x00000007a6ab0000, 0x00000007a8000000)
 concurrent mark-sweep generation total 393216K, used 200389K [0x00000007a8000000, 0x00000007c0000000, 0x00000007c0000000)
 Metaspace       used 46790K, capacity 47836K, committed 48204K, reserved 1091584K
  class space    used 5093K, capacity 5402K, committed 5496K, reserved 1048576K
}
2016-09-11T21:59:02.539-0100: 428,923: [Rescan (parallel) , 0,0041066 secs]2016-09-11T21:59:02.544-0100: 428,927: [weak refs processing, 0,0114286 secs]2016-09-11T21:59:02.555-0100: 428,939: [class unloading, 0,0209545 secs]2016-09-11T21:59:02.576-0100: 428,960: [scrub symbol table, 0,0098696 secs]2016-09-11T21:59:02.586-0100: 428,969: [scrub string table, 0,0009495 secs][1 CMS-remark: 200389K(393216K)] 221427K(502464K), 0,0570495 secs] [Times: user=0,13 sys=0,01, real=0,05 secs] 
2016-09-11T21:59:02.587-0100: 428,971: Total time for which application threads were stopped: 0,0573358 seconds, Stopping threads took: 0,0000759 seconds
2016-09-11T21:59:02.587-0100: 428,971: [CMS-concurrent-sweep-start]
2016-09-11T21:59:02.743-0100: 429,127: [CMS-concurrent-sweep: 0,156/0,156 secs] [Times: user=0,21 sys=0,01, real=0,16 secs] 
2016-09-11T21:59:02.743-0100: 429,127: [CMS-concurrent-reset-start]
2016-09-11T21:59:02.744-0100: 429,127: [CMS-concurrent-reset: 0,001/0,001 secs] [Times: user=0,00 sys=0,00, real=0,00 secs] 
2016-09-11T21:59:02.814-0100: 429,197: Total time for which application threads were stopped: 0,0006484 seconds, Stopping threads took: 0,0000311 seconds
{Heap before GC invocations=242 (full 12):
 par new generation   total 109248K, used 108461K [0x00000007a0000000, 0x00000007a8000000, 0x00000007a8000000)
  eden space 87424K, 100% used [0x00000007a0000000, 0x00000007a5560000, 0x00000007a5560000)
  from space 21824K,  96% used [0x00000007a5560000, 0x00000007a69eb6f0, 0x00000007a6ab0000)
  to   space 21824K,   0% used [0x00000007a6ab0000, 0x00000007a6ab0000, 0x00000007a8000000)
 concurrent mark-sweep generation total 393216K, used 93415K [0x00000007a8000000, 0x00000007c0000000, 0x00000007c0000000)
 Metaspace       used 46687K, capacity 47668K, committed 48204K, reserved 1091584K
  class space    used 5078K, capacity 5374K, committed 5496K, reserved 1048576K
2016-09-11T21:59:02.883-0100: 429,267: [GC (Allocation Failure) 2016-09-11T21:59:02.883-0100: 429,267: [ParNew
Desired survivor size 20112992 bytes, new threshold 7 (max 8)
- age   1:   10710376 bytes,   10710376 total
- age   3:       1056 bytes,   10711432 total
- age   5:    3648368 bytes,   14359800 total
- age   6:     790544 bytes,   15150344 total
- age   7:    7188424 bytes,   22338768 total
: 108461K->21824K(109248K), 0,0231306 secs] 201877K->121858K(502464K), 0,0232251 secs] [Times: user=0,07 sys=0,00, real=0,02 secs] 
Heap after GC invocations=243 (full 12):
 par new generation   total 109248K, used 21824K [0x00000007a0000000, 0x00000007a8000000, 0x00000007a8000000)
  eden space 87424K,   0% used [0x00000007a0000000, 0x00000007a0000000, 0x00000007a5560000)
  from space 21824K, 100% used [0x00000007a6ab0000, 0x00000007a8000000, 0x00000007a8000000)
  to   space 21824K,   0% used [0x00000007a5560000, 0x00000007a5560000, 0x00000007a6ab0000)
 concurrent mark-sweep generation total 393216K, used 100034K [0x00000007a8000000, 0x00000007c0000000, 0x00000007c0000000)
 Metaspace       used 46687K, capacity 47668K, committed 48204K, reserved 1091584K
  class space    used 5078K, capacity 5374K, committed 5496K, reserved 1048576K
}
2016-09-11T21:59:02.907-0100: 429,290: Total time for which application threads were stopped: 0,0235743 seconds, Stopping threads took: 0,0000318 seconds
{Heap before GC invocations=243 (full 12):
 par new generation   total 109248K, used 109248K [0x00000007a0000000, 0x00000007a8000000, 0x00000007a8000000)
  eden space 87424K, 100% used [0x00000007a0000000, 0x00000007a5560000, 0x00000007a5560000)
  from space 21824K, 100% used [0x00000007a6ab0000, 0x00000007a8000000, 0x00000007a8000000)
  to   space 21824K,   0% used [0x00000007a5560000, 0x00000007a5560000, 0x00000007a6ab0000)
 concurrent mark-sweep generation total 393216K, used 100034K [0x00000007a8000000, 0x00000007c0000000, 0x00000007c0000000)
 Metaspace       used 46687K, capacity 47668K, committed 48204K, reserved 1091584K
  class space    used 5078K, capacity 5374K, committed 5496K, reserved 1048576K
2016-09-11T21:59:02.984-0100: 429,368: [GC (Allocation Failure) 2016-09-11T21:59:02.984-0100: 429,368: [ParNew
Desired survivor size 20112992 bytes, new threshold 8 (max 8)
- age   1:    1797208 bytes,    1797208 total
- age   2:   10257848 bytes,   12055056 total
- age   6:    2910016 bytes,   14965072 total
- age   7:        568 bytes,   14965640 total
: 109248K->21824K(109248K), 0,0161907 secs] 209282K->130627K(502464K), 0,0163175 secs] [Times: user=0,05 sys=0,01, real=0,02 secs] 
Heap after GC invocations=244 (full 12):
 par new generation   total 109248K, used 21824K [0x00000007a0000000, 0x00000007a8000000, 0x00000007a8000000)
  eden space 87424K,   0% used [0x00000007a0000000, 0x00000007a0000000, 0x00000007a5560000)
  from space 21824K, 100% used [0x00000007a5560000, 0x00000007a6ab0000, 0x00000007a6ab0000)
  to   space 21824K,   0% used [0x00000007a6ab0000, 0x00000007a6ab0000, 0x00000007a8000000)
 concurrent mark-sweep generation total 393216K, used 108803K [0x00000007a8000000, 0x00000007c0000000, 0x00000007c0000000)
 Metaspace       used 46687K, capacity 47668K, committed 48204K, reserved 1091584K
  class space    used 5078K, capacity 5374K, committed 5496K, reserved 1048576K
}
2016-09-11T21:59:03.001-0100: 429,384: Total time for which application threads were stopped: 0,0166969 seconds, Stopping threads took: 0,0000300 seconds
{Heap before GC invocations=244 (full 12):
 par new generation   total 109248K, used 109248K [0x00000007a0000000, 0x00000007a8000000, 0x00000007a8000000)
  eden space 87424K, 100% used [0x00000007a0000000, 0x00000007a5560000, 0x00000007a5560000)
  from space 21824K, 100% used [0x00000007a5560000, 0x00000007a6ab0000, 0x00000007a6ab0000)
  to   space 21824K,   0% used [0x00000007a6ab0000, 0x00000007a6ab0000, 0x00000007a8000000)
 concurrent mark-sweep generation total 393216K, used 108803K [0x00000007a8000000, 0x00000007c0000000, 0x00000007c0000000)
 Metaspace       used 46688K, capacity 47668K, committed 48204K, reserved 1091584K
  class space    used 5078K, capacity 5374K, committed 5496K, reserved 1048576K
2016-09-11T21:59:03.190-0100: 429,574: [GC (Allocation Failure) 2016-09-11T21:59:03.190-0100: 429,574: [ParNew
Desired survivor size 20112992 bytes, new threshold 7 (max 8)
- age   1:   11814872 bytes,   11814872 total
- age   2:     487432 bytes,   12302304 total
- age   3:    7125824 bytes,   19428128 total
- age   7:    2906712 bytes,   22334840 total
- age   8:        568 bytes,   22335408 total
: 109248K->21824K(109248K), 0,0212252 secs] 218051K->132551K(502464K), 0,0213359 secs] [Times: user=0,06 sys=0,00, real=0,02 secs] 
Heap after GC invocations=245 (full 12):
 par new generation   total 109248K, used 21824K [0x00000007a0000000, 0x00000007a8000000, 0x00000007a8000000)
  eden space 87424K,   0% used [0x00000007a0000000, 0x00000007a0000000, 0x00000007a5560000)
  from space 21824K, 100% used [0x00000007a6ab0000, 0x00000007a8000000, 0x00000007a8000000)
  to   space 21824K,   0% used [0x00000007a5560000, 0x00000007a5560000, 0x00000007a6ab0000)
 concurrent mark-sweep generation total 393216K, used 110727K [0x00000007a8000000, 0x00000007c0000000, 0x00000007c0000000)
 Metaspace       used 46688K, capacity 47668K, committed 48204K, reserved 1091584K
  class space    used 5078K, capacity 5374K, committed 5496K, reserved 1048576K
}
2016-09-11T21:59:03.211-0100: 429,595: Total time for which application threads were stopped: 0,0217537 seconds, Stopping threads took: 0,0000361 seconds
{Heap before GC invocations=245 (full 12):
 par new generation   total 109248K, used 109248K [0x00000007a0000000, 0x00000007a8000000, 0x00000007a8000000)
  eden space 87424K, 100% used [0x00000007a0000000, 0x00000007a5560000, 0x00000007a5560000)
  from space 21824K, 100% used [0x00000007a6ab0000, 0x00000007a8000000, 0x00000007a8000000)
  to   space 21824K,   0% used [0x00000007a5560000, 0x00000007a5560000, 0x00000007a6ab0000)
 concurrent mark-sweep generation total 393216K, used 110727K [0x00000007a8000000, 0x00000007c0000000, 0x00000007c0000000)
 Metaspace       used 46688K, capacity 47668K, committed 48204K, reserved 1091584K
  class space    used 5078K, capacity 5374K, committed 5496K, reserved 1048576K
2016-09-11T21:59:03.309-0100: 429,693: [GC (Allocation Failure) 2016-09-11T21:59:03.309-0100: 429,693: [ParNew
Desired survivor size 20112992 bytes, new threshold 4 (max 8)
- age   1:    4141736 bytes,    4141736 total
- age   2:    9449136 bytes,   13590872 total
- age   3:     487432 bytes,   14078304 total
- age   4:    7035352 bytes,   21113656 total
: 109248K->21824K(109248K), 0,0185545 secs] 219975K->138032K(502464K), 0,0186629 secs] [Times: user=0,06 sys=0,01, real=0,02 secs] 
Heap after GC invocations=246 (full 12):
 par new generation   total 109248K, used 21824K [0x00000007a0000000, 0x00000007a8000000, 0x00000007a8000000)
  eden space 87424K,   0% used [0x00000007a0000000, 0x00000007a0000000, 0x00000007a5560000)
  from space 21824K, 100% used [0x00000007a5560000, 0x00000007a6ab0000, 0x00000007a6ab0000)
  to   space 21824K,   0% used [0x00000007a6ab0000, 0x00000007a6ab0000, 0x00000007a8000000)
 concurrent mark-sweep generation total 393216K, used 116208K [0x00000007a8000000, 0x00000007c0000000, 0x00000007c0000000)
 Metaspace       used 46688K, capacity 47668K, committed 48204K, reserved 1091584K
  class space    used 5078K, capacity 5374K, committed 5496K, reserved 1048576K
}
2016-09-11T21:59:03.328-0100: 429,712: Total time for which application threads were stopped: 0,0189675 seconds, Stopping threads took: 0,0000298 seconds
{Heap before GC invocations=246 (full 12):
 par new generation   total 109248K, used 109248K [0x00000007a0000000, 0x00000007a8000000, 0x00000007a8000000)
  eden space 87424K, 100% used [0x00000007a0000000, 0x00000007a5560000, 0x00000007a5560000)
  from space 21824K, 100% used [0x00000007a5560000, 0x00000007a6ab0000, 0x00000007a6ab0000)
  to   space 21824K,   0% used [0x00000007a6ab0000, 0x00000007a6ab0000, 0x00000007a8000000)
 concurrent mark-sweep generation total 393216K, used 116208K [0x00000007a8000000, 0x00000007c0000000, 0x00000007c0000000)
 Metaspace       used 46688K, capacity 47668K, committed 48204K, reserved 1091584K
  class space    used 5078K, capacity 5374K, committed 5496K, reserved 1048576K
2016-09-11T21:59:03.416-0100: 429,800: [GC (Allocation Failure) 2016-09-11T21:59:03.416-0100: 429,800: [ParNew
Desired survivor size 20112992 bytes, new threshold 8 (max 8)
- age   1:    1282912 bytes,    1282912 total
- age   2:    3294808 bytes,    4577720 total
- age   3:    9448816 bytes,   14026536 total
- age   4:     487432 bytes,   14513968 total
: 109248K->20208K(109248K), 0,0192101 secs] 225456K->143489K(502464K), 0,0193062 secs] [Times: user=0,06 sys=0,00, real=0,02 secs] 
Heap after GC invocations=247 (full 12):
 par new generation   total 109248K, used 20208K [0x00000007a0000000, 0x00000007a8000000, 0x00000007a8000000)
  eden space 87424K,   0% used [0x00000007a0000000, 0x00000007a0000000, 0x00000007a5560000)
  from space 21824K,  92% used [0x00000007a6ab0000, 0x00000007a7e6c220, 0x00000007a8000000)
  to   space 21824K,   0% used [0x00000007a5560000, 0x00000007a5560000, 0x00000007a6ab0000)
 concurrent mark-sweep generation total 393216K, used 123281K [0x00000007a8000000, 0x00000007c0000000, 0x00000007c0000000)
 Metaspace       used 46688K, capacity 47668K, committed 48204K, reserved 1091584K
  class space    used 5078K, capacity 5374K, committed 5496K, reserved 1048576K
}
2016-09-11T21:59:03.436-0100: 429,819: Total time for which application threads were stopped: 0,0196162 seconds, Stopping threads took: 0,0000310 seconds
{Heap before GC invocations=247 (full 12):
 par new generation   total 109248K, used 107632K [0x00000007a0000000, 0x00000007a8000000, 0x00000007a8000000)
  eden space 87424K, 100% used [0x00000007a0000000, 0x00000007a5560000, 0x00000007a5560000)
  from space 21824K,  92% used [0x00000007a6ab0000, 0x00000007a7e6c220, 0x00000007a8000000)
  to   space 21824K,   0% used [0x00000007a5560000, 0x00000007a5560000, 0x00000007a6ab0000)
 concurrent mark-sweep generation total 393216K, used 123281K [0x00000007a8000000, 0x00000007c0000000, 0x00000007c0000000)
 Metaspace       used 46691K, capacity 47668K, committed 48204K, reserved 1091584K
  class space    used 5078K, capacity 5374K, committed 5496K, reserved 1048576K
2016-09-11T21:59:03.622-0100: 430,006: [GC (Allocation Failure) 2016-09-11T21:59:03.622-0100: 430,006: [ParNew
Desired survivor size 20112992 bytes, new threshold 8 (max 8)
- age   1:    6892608 bytes,    6892608 total
- age   2:      13568 bytes,    6906176 total
- age   3:      11608 bytes,    6917784 total
- age   4:    5299864 bytes,   12217648 total
- age   5:     487432 bytes,   12705080 total
: 107632K->18142K(109248K), 0,0115202 secs] 230913K->141423K(502464K), 0,0116398 secs] [Times: user=0,04 sys=0,01, real=0,01 secs] 
Heap after GC invocations=248 (full 12):
 par new generation   total 109248K, used 18142K [0x00000007a0000000, 0x00000007a8000000, 0x00000007a8000000)
  eden space 87424K,   0% used [0x00000007a0000000, 0x00000007a0000000, 0x00000007a5560000)
  from space 21824K,  83% used [0x00000007a5560000, 0x00000007a6717b30, 0x00000007a6ab0000)
  to   space 21824K,   0% used [0x00000007a6ab0000, 0x00000007a6ab0000, 0x00000007a8000000)
 concurrent mark-sweep generation total 393216K, used 123281K [0x00000007a8000000, 0x00000007c0000000, 0x00000007c0000000)
 Metaspace       used 46691K, capacity 47668K, committed 48204K, reserved 1091584K
  class space    used 5078K, capacity 5374K, committed 5496K, reserved 1048576K
}
2016-09-11T21:59:03.634-0100: 430,017: Total time for which application threads were stopped: 0,0121366 seconds, Stopping threads took: 0,0000461 seconds
{Heap before GC invocations=248 (full 12):
 par new generation   total 109248K, used 105566K [0x00000007a0000000, 0x00000007a8000000, 0x00000007a8000000)
  eden space 87424K, 100% used [0x00000007a0000000, 0x00000007a5560000, 0x00000007a5560000)
  from space 21824K,  83% used [0x00000007a5560000, 0x00000007a6717b30, 0x00000007a6ab0000)
  to   space 21824K,   0% used [0x00000007a6ab0000, 0x00000007a6ab0000, 0x00000007a8000000)
 concurrent mark-sweep generation total 393216K, used 123281K [0x00000007a8000000, 0x00000007c0000000, 0x00000007c0000000)
 Metaspace       used 46693K, capacity 47668K, committed 48204K, reserved 1091584K
  class space    used 5078K, capacity 5374K, committed 5496K, reserved 1048576K
2016-09-11T21:59:03.748-0100: 430,132: [GC (Allocation Failure) 2016-09-11T21:59:03.748-0100: 430,132: [ParNew
Desired survivor size 20112992 bytes, new threshold 8 (max 8)
- age   1:    1382760 bytes,    1382760 total
- age   2:    6046840 bytes,    7429600 total
- age   3:      13384 bytes,    7442984 total
- age   4:      11608 bytes,    7454592 total
- age   5:    5299704 bytes,   12754296 total
- age   6:     487432 bytes,   13241728 total
: 105566K->18111K(109248K), 0,0131830 secs] 228847K->141392K(502464K), 0,0133718 secs] [Times: user=0,03 sys=0,00, real=0,02 secs] 
Heap after GC invocations=249 (full 12):
 par new generation   total 109248K, used 18111K [0x00000007a0000000, 0x00000007a8000000, 0x00000007a8000000)
  eden space 87424K,   0% used [0x00000007a0000000, 0x00000007a0000000, 0x00000007a5560000)
  from space 21824K,  82% used [0x00000007a6ab0000, 0x00000007a7c5fda0, 0x00000007a8000000)
  to   space 21824K,   0% used [0x00000007a5560000, 0x00000007a5560000, 0x00000007a6ab0000)
 concurrent mark-sweep generation total 393216K, used 123281K [0x00000007a8000000, 0x00000007c0000000, 0x00000007c0000000)
 Metaspace       used 46693K, capacity 47668K, committed 48204K, reserved 1091584K
  class space    used 5078K, capacity 5374K, committed 5496K, reserved 1048576K
}
2016-09-11T21:59:03.761-0100: 430,145: Total time for which application threads were stopped: 0,0139195 seconds, Stopping threads took: 0,0000339 seconds
{Heap before GC invocations=249 (full 12):
 par new generation   total 109248K, used 105535K [0x00000007a0000000, 0x00000007a8000000, 0x00000007a8000000)
  eden space 87424K, 100% used [0x00000007a0000000, 0x00000007a5560000, 0x00000007a5560000)
  from space 21824K,  82% used [0x00000007a6ab0000, 0x00000007a7c5fda0, 0x00000007a8000000)
  to   space 21824K,   0% used [0x00000007a5560000, 0x00000007a5560000, 0x00000007a6ab0000)
 concurrent mark-sweep generation total 393216K, used 123281K [0x00000007a8000000, 0x00000007c0000000, 0x00000007c0000000)
 Metaspace       used 46693K, capacity 47668K, committed 48204K, reserved 1091584K
  class space    used 5078K, capacity 5374K, committed 5496K, reserved 1048576K
2016-09-11T21:59:03.924-0100: 430,307: [GC (Allocation Failure) 2016-09-11T21:59:03.924-0100: 430,307: [ParNew
Desired survivor size 20112992 bytes, new threshold 8 (max 8)
- age   1:    2182600 bytes,    2182600 total
- age   2:     715504 bytes,    2898104 total
- age   3:    6030208 bytes,    8928312 total
- age   4:      13384 bytes,    8941696 total
- age   5:      11608 bytes,    8953304 total
- age   6:    5299664 bytes,   14252968 total
- age   7:     487432 bytes,   14740400 total
: 105535K->16651K(109248K), 0,0092033 secs] 228816K->139932K(502464K), 0,0093001 secs] [Times: user=0,03 sys=0,00, real=0,01 secs] 
Heap after GC invocations=250 (full 12):
 par new generation   total 109248K, used 16651K [0x00000007a0000000, 0x00000007a8000000, 0x00000007a8000000)
  eden space 87424K,   0% used [0x00000007a0000000, 0x00000007a0000000, 0x00000007a5560000)
  from space 21824K,  76% used [0x00000007a5560000, 0x00000007a65a2c10, 0x00000007a6ab0000)
  to   space 21824K,   0% used [0x00000007a6ab0000, 0x00000007a6ab0000, 0x00000007a8000000)
 concurrent mark-sweep generation total 393216K, used 123281K [0x00000007a8000000, 0x00000007c0000000, 0x00000007c0000000)
 Metaspace       used 46693K, capacity 47668K, committed 48204K, reserved 1091584K
  class space    used 5078K, capacity 5374K, committed 5496K, reserved 1048576K
}
2016-09-11T21:59:03.933-0100: 430,317: Total time for which application threads were stopped: 0,0096027 seconds, Stopping threads took: 0,0000284 seconds
{Heap before GC invocations=250 (full 12):
 par new generation   total 109248K, used 104075K [0x00000007a0000000, 0x00000007a8000000, 0x00000007a8000000)
  eden space 87424K, 100% used [0x00000007a0000000, 0x00000007a5560000, 0x00000007a5560000)
  from space 21824K,  76% used [0x00000007a5560000, 0x00000007a65a2c10, 0x00000007a6ab0000)
  to   space 21824K,   0% used [0x00000007a6ab0000, 0x00000007a6ab0000, 0x00000007a8000000)
 concurrent mark-sweep generation total 393216K, used 123281K [0x00000007a8000000, 0x00000007c0000000, 0x00000007c0000000)
 Metaspace       used 46699K, capacity 47668K, committed 48204K, reserved 1091584K
  class space    used 5078K, capacity 5374K, committed 5496K, reserved 1048576K
2016-09-11T21:59:04.136-0100: 430,520: [GC (Allocation Failure) 2016-09-11T21:59:04.136-0100: 430,520: [ParNew
Desired survivor size 20112992 bytes, new threshold 8 (max 8)
- age   1:    6423456 bytes,    6423456 total
- age   2:      26208 bytes,    6449664 total
- age   3:        280 bytes,    6449944 total
- age   4:    3186544 bytes,    9636488 total
- age   5:      13384 bytes,    9649872 total
- age   6:      11608 bytes,    9661480 total
- age   7:    5297960 bytes,   14959440 total
- age   8:     487432 bytes,   15446872 total
: 104075K->18691K(109248K), 0,0197325 secs] 227356K->141973K(502464K), 0,0198494 secs] [Times: user=0,04 sys=0,00, real=0,02 secs] 
Heap after GC invocations=251 (full 12):
 par new generation   total 109248K, used 18691K [0x00000007a0000000, 0x00000007a8000000, 0x00000007a8000000)
  eden space 87424K,   0% used [0x00000007a0000000, 0x00000007a0000000, 0x00000007a5560000)
  from space 21824K,  85% used [0x00000007a6ab0000, 0x00000007a7cf0fe0, 0x00000007a8000000)
  to   space 21824K,   0% used [0x00000007a5560000, 0x00000007a5560000, 0x00000007a6ab0000)
 concurrent mark-sweep generation total 393216K, used 123281K [0x00000007a8000000, 0x00000007c0000000, 0x00000007c0000000)
 Metaspace       used 46699K, capacity 47668K, committed 48204K, reserved 1091584K
  class space    used 5078K, capacity 5374K, committed 5496K, reserved 1048576K
}
2016-09-11T21:59:04.156-0100: 430,540: Total time for which application threads were stopped: 0,0204488 seconds, Stopping threads took: 0,0001099 seconds
2016-09-11T21:59:04.255-0100: 430,639: Total time for which application threads were stopped: 0,0007432 seconds, Stopping threads took: 0,0003173 seconds
{Heap before GC invocations=251 (full 12):
 par new generation   total 109248K, used 106115K [0x00000007a0000000, 0x00000007a8000000, 0x00000007a8000000)
  eden space 87424K, 100% used [0x00000007a0000000, 0x00000007a5560000, 0x00000007a5560000)
  from space 21824K,  85% used [0x00000007a6ab0000, 0x00000007a7cf0fe0, 0x00000007a8000000)
  to   space 21824K,   0% used [0x00000007a5560000, 0x00000007a5560000, 0x00000007a6ab0000)
 concurrent mark-sweep generation total 393216K, used 123281K [0x00000007a8000000, 0x00000007c0000000, 0x00000007c0000000)
 Metaspace       used 46704K, capacity 47668K, committed 48204K, reserved 1091584K
  class space    used 5078K, capacity 5374K, committed 5496K, reserved 1048576K
2016-09-11T21:59:04.423-0100: 430,807: [GC (Allocation Failure) 2016-09-11T21:59:04.423-0100: 430,807: [ParNew
Desired survivor size 20112992 bytes, new threshold 8 (max 8)
- age   1:    2198920 bytes,    2198920 total
- age   2:    4298152 bytes,    6497072 total
- age   3:       1352 bytes,    6498424 total
- age   5:     727600 bytes,    7226024 total
- age   6:      13384 bytes,    7239408 total
- age   7:      11608 bytes,    7251016 total
- age   8:    5297704 bytes,   12548720 total
: 106115K->18036K(109248K), 0,0246910 secs] 229397K->141833K(502464K), 0,0247939 secs] [Times: user=0,05 sys=0,00, real=0,02 secs] 
Heap after GC invocations=252 (full 12):
 par new generation   total 109248K, used 18036K [0x00000007a0000000, 0x00000007a8000000, 0x00000007a8000000)
  eden space 87424K,   0% used [0x00000007a0000000, 0x00000007a0000000, 0x00000007a5560000)
  from space 21824K,  82% used [0x00000007a5560000, 0x00000007a66fd0d8, 0x00000007a6ab0000)
  to   space 21824K,   0% used [0x00000007a6ab0000, 0x00000007a6ab0000, 0x00000007a8000000)
 concurrent mark-sweep generation total 393216K, used 123797K [0x00000007a8000000, 0x00000007c0000000, 0x00000007c0000000)
 Metaspace       used 46704K, capacity 47668K, committed 48204K, reserved 1091584K
  class space    used 5078K, capacity 5374K, committed 5496K, reserved 1048576K
}
2016-09-11T21:59:04.448-0100: 430,832: Total time for which application threads were stopped: 0,0255610 seconds, Stopping threads took: 0,0000554 seconds
2016-09-11T21:59:04.472-0100: 430,855: Total time for which application threads were stopped: 0,0002923 seconds, Stopping threads took: 0,0000374 seconds
2016-09-11T21:59:04.472-0100: 430,856: Total time for which application threads were stopped: 0,0003039 seconds, Stopping threads took: 0,0000284 seconds
2016-09-11T21:59:04.473-0100: 430,856: Total time for which application threads were stopped: 0,0002458 seconds, Stopping threads took: 0,0000344 seconds
2016-09-11T21:59:04.473-0100: 430,857: Total time for which application threads were stopped: 0,0001631 seconds, Stopping threads took: 0,0000138 seconds
{Heap before GC invocations=252 (full 12):
 par new generation   total 109248K, used 105460K [0x00000007a0000000, 0x00000007a8000000, 0x00000007a8000000)
  eden space 87424K, 100% used [0x00000007a0000000, 0x00000007a5560000, 0x00000007a5560000)
  from space 21824K,  82% used [0x00000007a5560000, 0x00000007a66fd0d8, 0x00000007a6ab0000)
  to   space 21824K,   0% used [0x00000007a6ab0000, 0x00000007a6ab0000, 0x00000007a8000000)
 concurrent mark-sweep generation total 393216K, used 123797K [0x00000007a8000000, 0x00000007c0000000, 0x00000007c0000000)
 Metaspace       used 46709K, capacity 47668K, committed 48204K, reserved 1091584K
  class space    used 5078K, capacity 5374K, committed 5496K, reserved 1048576K
2016-09-11T21:59:05.120-0100: 431,504: [GC (Allocation Failure) 2016-09-11T21:59:05.120-0100: 431,504: [ParNew
Desired survivor size 20112992 bytes, new threshold 6 (max 8)
- age   1:   18530208 bytes,   18530208 total
- age   2:     712608 bytes,   19242816 total
- age   3:     863576 bytes,   20106392 total
- age   4:       1352 bytes,   20107744 total
- age   6:     727576 bytes,   20835320 total
- age   7:      13384 bytes,   20848704 total
- age   8:      11608 bytes,   20860312 total
: 105460K->21824K(109248K), 0,0850110 secs] 229257K->152728K(502464K), 0,0851301 secs] [Times: user=0,14 sys=0,00, real=0,08 secs] 
Heap after GC invocations=253 (full 12):
 par new generation   total 109248K, used 21824K [0x00000007a0000000, 0x00000007a8000000, 0x00000007a8000000)
  eden space 87424K,   0% used [0x00000007a0000000, 0x00000007a0000000, 0x00000007a5560000)
  from space 21824K, 100% used [0x00000007a6ab0000, 0x00000007a8000000, 0x00000007a8000000)
  to   space 21824K,   0% used [0x00000007a5560000, 0x00000007a5560000, 0x00000007a6ab0000)
 concurrent mark-sweep generation total 393216K, used 130904K [0x00000007a8000000, 0x00000007c0000000, 0x00000007c0000000)
 Metaspace       used 46709K, capacity 47668K, committed 48204K, reserved 1091584K
  class space    used 5078K, capacity 5374K, committed 5496K, reserved 1048576K
}
2016-09-11T21:59:05.205-0100: 431,589: Total time for which application threads were stopped: 0,0855755 seconds, Stopping threads took: 0,0000502 seconds
{Heap before GC invocations=253 (full 12):
 par new generation   total 109248K, used 109248K [0x00000007a0000000, 0x00000007a8000000, 0x00000007a8000000)
  eden space 87424K, 100% used [0x00000007a0000000, 0x00000007a5560000, 0x00000007a5560000)
  from space 21824K, 100% used [0x00000007a6ab0000, 0x00000007a8000000, 0x00000007a8000000)
  to   space 21824K,   0% used [0x00000007a5560000, 0x00000007a5560000, 0x00000007a6ab0000)
 concurrent mark-sweep generation total 393216K, used 130904K [0x00000007a8000000, 0x00000007c0000000, 0x00000007c0000000)
 Metaspace       used 46718K, capacity 47732K, committed 48204K, reserved 1091584K
  class space    used 5078K, capacity 5374K, committed 5496K, reserved 1048576K
2016-09-11T21:59:05.519-0100: 431,902: [GC (Allocation Failure) 2016-09-11T21:59:05.519-0100: 431,902: [ParNew
Desired survivor size 20112992 bytes, new threshold 3 (max 8)
- age   1:   12373400 bytes,   12373400 total
- age   2:    7027176 bytes,   19400576 total
- age   3:     712504 bytes,   20113080 total
- age   4:     857200 bytes,   20970280 total
- age   5:       1352 bytes,   20971632 total
: 109248K->21824K(109248K), 0,0169734 secs] 240152K->156155K(502464K), 0,0170700 secs] [Times: user=0,05 sys=0,00, real=0,02 secs] 
Heap after GC invocations=254 (full 12):
 par new generation   total 109248K, used 21824K [0x00000007a0000000, 0x00000007a8000000, 0x00000007a8000000)
  eden space 87424K,   0% used [0x00000007a0000000, 0x00000007a0000000, 0x00000007a5560000)
  from space 21824K, 100% used [0x00000007a5560000, 0x00000007a6ab0000, 0x00000007a6ab0000)
  to   space 21824K,   0% used [0x00000007a6ab0000, 0x00000007a6ab0000, 0x00000007a8000000)
 concurrent mark-sweep generation total 393216K, used 134331K [0x00000007a8000000, 0x00000007c0000000, 0x00000007c0000000)
 Metaspace       used 46718K, capacity 47732K, committed 48204K, reserved 1091584K
  class space    used 5078K, capacity 5374K, committed 5496K, reserved 1048576K
}
2016-09-11T21:59:05.536-0100: 431,920: Total time for which application threads were stopped: 0,0174450 seconds, Stopping threads took: 0,0000327 seconds
{Heap before GC invocations=254 (full 12):
 par new generation   total 109248K, used 109248K [0x00000007a0000000, 0x00000007a8000000, 0x00000007a8000000)
  eden space 87424K, 100% used [0x00000007a0000000, 0x00000007a5560000, 0x00000007a5560000)
  from space 21824K, 100% used [0x00000007a5560000, 0x00000007a6ab0000, 0x00000007a6ab0000)
  to   space 21824K,   0% used [0x00000007a6ab0000, 0x00000007a6ab0000, 0x00000007a8000000)
 concurrent mark-sweep generation total 393216K, used 134331K [0x00000007a8000000, 0x00000007c0000000, 0x00000007c0000000)
 Metaspace       used 46718K, capacity 47732K, committed 48204K, reserved 1091584K
  class space    used 5078K, capacity 5374K, committed 5496K, reserved 1048576K
2016-09-11T21:59:05.654-0100: 432,037: [GC (Allocation Failure) 2016-09-11T21:59:05.654-0100: 432,038: [ParNew
Desired survivor size 20112992 bytes, new threshold 8 (max 8)
- age   1:    2698072 bytes,    2698072 total
- age   2:   10095000 bytes,   12793072 total
- age   3:    6921536 bytes,   19714608 total
: 109248K->21824K(109248K), 0,0156610 secs] 243579K->160664K(502464K), 0,0157571 secs] [Times: user=0,05 sys=0,01, real=0,02 secs] 
Heap after GC invocations=255 (full 12):
 par new generation   total 109248K, used 21824K [0x00000007a0000000, 0x00000007a8000000, 0x00000007a8000000)
  eden space 87424K,   0% used [0x00000007a0000000, 0x00000007a0000000, 0x00000007a5560000)
  from space 21824K, 100% used [0x00000007a6ab0000, 0x00000007a8000000, 0x00000007a8000000)
  to   space 21824K,   0% used [0x00000007a5560000, 0x00000007a5560000, 0x00000007a6ab0000)
 concurrent mark-sweep generation total 393216K, used 138840K [0x00000007a8000000, 0x00000007c0000000, 0x00000007c0000000)
 Metaspace       used 46718K, capacity 47732K, committed 48204K, reserved 1091584K
  class space    used 5078K, capacity 5374K, committed 5496K, reserved 1048576K
}
2016-09-11T21:59:05.670-0100: 432,053: Total time for which application threads were stopped: 0,0160947 seconds, Stopping threads took: 0,0000346 seconds
{Heap before GC invocations=255 (full 12):
 par new generation   total 109248K, used 109248K [0x00000007a0000000, 0x00000007a8000000, 0x00000007a8000000)
  eden space 87424K, 100% used [0x00000007a0000000, 0x00000007a5560000, 0x00000007a5560000)
  from space 21824K, 100% used [0x00000007a6ab0000, 0x00000007a8000000, 0x00000007a8000000)
  to   space 21824K,   0% used [0x00000007a5560000, 0x00000007a5560000, 0x00000007a6ab0000)
 concurrent mark-sweep generation total 393216K, used 138840K [0x00000007a8000000, 0x00000007c0000000, 0x00000007c0000000)
 Metaspace       used 46721K, capacity 47732K, committed 48204K, reserved 1091584K
  class space    used 5078K, capacity 5374K, committed 5496K, reserved 1048576K
2016-09-11T21:59:05.882-0100: 432,266: [GC (Allocation Failure) 2016-09-11T21:59:05.882-0100: 432,266: [ParNew
Desired survivor size 20112992 bytes, new threshold 4 (max 8)
- age   1:    7268552 bytes,    7268552 total
- age   2:    1114248 bytes,    8382800 total
- age   3:    5781456 bytes,   14164256 total
- age   4:    6902664 bytes,   21066920 total
: 109248K->21824K(109248K), 0,0232760 secs] 248088K->169171K(502464K), 0,0233603 secs] [Times: user=0,07 sys=0,00, real=0,02 secs] 
Heap after GC invocations=256 (full 12):
 par new generation   total 109248K, used 21824K [0x00000007a0000000, 0x00000007a8000000, 0x00000007a8000000)
  eden space 87424K,   0% used [0x00000007a0000000, 0x00000007a0000000, 0x00000007a5560000)
  from space 21824K, 100% used [0x00000007a5560000, 0x00000007a6ab0000, 0x00000007a6ab0000)
  to   space 21824K,   0% used [0x00000007a6ab0000, 0x00000007a6ab0000, 0x00000007a8000000)
 concurrent mark-sweep generation total 393216K, used 147347K [0x00000007a8000000, 0x00000007c0000000, 0x00000007c0000000)
 Metaspace       used 46721K, capacity 47732K, committed 48204K, reserved 1091584K
  class space    used 5078K, capacity 5374K, committed 5496K, reserved 1048576K
}
2016-09-11T21:59:05.906-0100: 432,290: Total time for which application threads were stopped: 0,0236710 seconds, Stopping threads took: 0,0000309 seconds
2016-09-11T21:59:05.963-0100: 432,347: Total time for which application threads were stopped: 0,0003846 seconds, Stopping threads took: 0,0000296 seconds
{Heap before GC invocations=256 (full 12):
 par new generation   total 109248K, used 109248K [0x00000007a0000000, 0x00000007a8000000, 0x00000007a8000000)
  eden space 87424K, 100% used [0x00000007a0000000, 0x00000007a5560000, 0x00000007a5560000)
  from space 21824K, 100% used [0x00000007a5560000, 0x00000007a6ab0000, 0x00000007a6ab0000)
  to   space 21824K,   0% used [0x00000007a6ab0000, 0x00000007a6ab0000, 0x00000007a8000000)
 concurrent mark-sweep generation total 393216K, used 147347K [0x00000007a8000000, 0x00000007c0000000, 0x00000007c0000000)
 Metaspace       used 46722K, capacity 47732K, committed 48204K, reserved 1091584K
  class space    used 5078K, capacity 5374K, committed 5496K, reserved 1048576K
2016-09-11T21:59:06.162-0100: 432,546: [GC (Allocation Failure) 2016-09-11T21:59:06.162-0100: 432,546: [ParNew
Desired survivor size 20112992 bytes, new threshold 4 (max 8)
- age   1:   10114152 bytes,   10114152 total
- age   2:    5043912 bytes,   15158064 total
- age   3:    1114144 bytes,   16272208 total
- age   4:    5708592 bytes,   21980800 total
: 109248K->21824K(109248K), 0,0243064 secs] 256595K->180717K(502464K), 0,0243995 secs] [Times: user=0,08 sys=0,00, real=0,02 secs] 
Heap after GC invocations=257 (full 12):
 par new generation   total 109248K, used 21824K [0x00000007a0000000, 0x00000007a8000000, 0x00000007a8000000)
  eden space 87424K,   0% used [0x00000007a0000000, 0x00000007a0000000, 0x00000007a5560000)
  from space 21824K, 100% used [0x00000007a6ab0000, 0x00000007a8000000, 0x00000007a8000000)
  to   space 21824K,   0% used [0x00000007a5560000, 0x00000007a5560000, 0x00000007a6ab0000)
 concurrent mark-sweep generation total 393216K, used 158893K [0x00000007a8000000, 0x00000007c0000000, 0x00000007c0000000)
 Metaspace       used 46722K, capacity 47732K, committed 48204K, reserved 1091584K
  class space    used 5078K, capacity 5374K, committed 5496K, reserved 1048576K
}
2016-09-11T21:59:06.186-0100: 432,570: Total time for which application threads were stopped: 0,0247362 seconds, Stopping threads took: 0,0000488 seconds
{Heap before GC invocations=257 (full 12):
 par new generation   total 109248K, used 109248K [0x00000007a0000000, 0x00000007a8000000, 0x00000007a8000000)
  eden space 87424K, 100% used [0x00000007a0000000, 0x00000007a5560000, 0x00000007a5560000)
  from space 21824K, 100% used [0x00000007a6ab0000, 0x00000007a8000000, 0x00000007a8000000)
  to   space 21824K,   0% used [0x00000007a5560000, 0x00000007a5560000, 0x00000007a6ab0000)
 concurrent mark-sweep generation total 393216K, used 158893K [0x00000007a8000000, 0x00000007c0000000, 0x00000007c0000000)
 Metaspace       used 46723K, capacity 47732K, committed 48204K, reserved 1091584K
  class space    used 5078K, capacity 5374K, committed 5496K, reserved 1048576K
2016-09-11T21:59:06.326-0100: 432,710: [GC (Allocation Failure) 2016-09-11T21:59:06.326-0100: 432,710: [ParNew
Desired survivor size 20112992 bytes, new threshold 3 (max 8)
- age   1:    8472768 bytes,    8472768 total
- age   2:    7612960 bytes,   16085728 total
- age   3:    4440792 bytes,   20526520 total
- age   4:    1114144 bytes,   21640664 total
: 109248K->21824K(109248K), 0,0290804 secs] 268141K->189645K(502464K), 0,0291665 secs] [Times: user=0,09 sys=0,00, real=0,03 secs] 
Heap after GC invocations=258 (full 12):
 par new generation   total 109248K, used 21824K [0x00000007a0000000, 0x00000007a8000000, 0x00000007a8000000)
  eden space 87424K,   0% used [0x00000007a0000000, 0x00000007a0000000, 0x00000007a5560000)
  from space 21824K, 100% used [0x00000007a5560000, 0x00000007a6ab0000, 0x00000007a6ab0000)
  to   space 21824K,   0% used [0x00000007a6ab0000, 0x00000007a6ab0000, 0x00000007a8000000)
 concurrent mark-sweep generation total 393216K, used 167821K [0x00000007a8000000, 0x00000007c0000000, 0x00000007c0000000)
 Metaspace       used 46723K, capacity 47732K, committed 48204K, reserved 1091584K
  class space    used 5078K, capacity 5374K, committed 5496K, reserved 1048576K
}
2016-09-11T21:59:06.356-0100: 432,739: Total time for which application threads were stopped: 0,0294691 seconds, Stopping threads took: 0,0000294 seconds
{Heap before GC invocations=258 (full 12):
 par new generation   total 109248K, used 109248K [0x00000007a0000000, 0x00000007a8000000, 0x00000007a8000000)
  eden space 87424K, 100% used [0x00000007a0000000, 0x00000007a5560000, 0x00000007a5560000)
  from space 21824K, 100% used [0x00000007a5560000, 0x00000007a6ab0000, 0x00000007a6ab0000)
  to   space 21824K,   0% used [0x00000007a6ab0000, 0x00000007a6ab0000, 0x00000007a8000000)
 concurrent mark-sweep generation total 393216K, used 167821K [0x00000007a8000000, 0x00000007c0000000, 0x00000007c0000000)
 Metaspace       used 46723K, capacity 47732K, committed 48204K, reserved 1091584K
  class space    used 5078K, capacity 5374K, committed 5496K, reserved 1048576K
2016-09-11T21:59:06.451-0100: 432,835: [GC (Allocation Failure) 2016-09-11T21:59:06.451-0100: 432,835: [ParNew
Desired survivor size 20112992 bytes, new threshold 8 (max 8)
- age   1:    1782616 bytes,    1782616 total
- age   2:    6288056 bytes,    8070672 total
- age   3:    7612960 bytes,   15683632 total
: 109248K->21141K(109248K), 0,0204712 secs] 277069K->194658K(502464K), 0,0205670 secs] [Times: user=0,06 sys=0,00, real=0,02 secs] 
Heap after GC invocations=259 (full 12):
 par new generation   total 109248K, used 21141K [0x00000007a0000000, 0x00000007a8000000, 0x00000007a8000000)
  eden space 87424K,   0% used [0x00000007a0000000, 0x00000007a0000000, 0x00000007a5560000)
  from space 21824K,  96% used [0x00000007a6ab0000, 0x00000007a7f55700, 0x00000007a8000000)
  to   space 21824K,   0% used [0x00000007a5560000, 0x00000007a5560000, 0x00000007a6ab0000)
 concurrent mark-sweep generation total 393216K, used 173516K [0x00000007a8000000, 0x00000007c0000000, 0x00000007c0000000)
 Metaspace       used 46723K, capacity 47732K, committed 48204K, reserved 1091584K
  class space    used 5078K, capacity 5374K, committed 5496K, reserved 1048576K
}
2016-09-11T21:59:06.471-0100: 432,855: Total time for which application threads were stopped: 0,0208691 seconds, Stopping threads took: 0,0000289 seconds
2016-09-11T21:59:06.508-0100: 432,892: Total time for which application threads were stopped: 0,0001971 seconds, Stopping threads took: 0,0000303 seconds
{Heap before GC invocations=259 (full 12):
 par new generation   total 109248K, used 108565K [0x00000007a0000000, 0x00000007a8000000, 0x00000007a8000000)
  eden space 87424K, 100% used [0x00000007a0000000, 0x00000007a5560000, 0x00000007a5560000)
  from space 21824K,  96% used [0x00000007a6ab0000, 0x00000007a7f55700, 0x00000007a8000000)
  to   space 21824K,   0% used [0x00000007a5560000, 0x00000007a5560000, 0x00000007a6ab0000)
 concurrent mark-sweep generation total 393216K, used 173516K [0x00000007a8000000, 0x00000007c0000000, 0x00000007c0000000)
 Metaspace       used 46725K, capacity 47732K, committed 48204K, reserved 1091584K
  class space    used 5078K, capacity 5374K, committed 5496K, reserved 1048576K
2016-09-11T21:59:06.998-0100: 433,382: [GC (Allocation Failure) 2016-09-11T21:59:06.998-0100: 433,382: [ParNew
Desired survivor size 20112992 bytes, new threshold 8 (max 8)
- age   1:   13977888 bytes,   13977888 total
- age   2:     173888 bytes,   14151776 total
- age   3:       2808 bytes,   14154584 total
- age   4:    5681536 bytes,   19836120 total
: 108565K->21824K(109248K), 0,0180631 secs] 282082K->195911K(502464K), 0,0185107 secs] [Times: user=0,06 sys=0,00, real=0,02 secs] 
Heap after GC invocations=260 (full 12):
 par new generation   total 109248K, used 21824K [0x00000007a0000000, 0x00000007a8000000, 0x00000007a8000000)
  eden space 87424K,   0% used [0x00000007a0000000, 0x00000007a0000000, 0x00000007a5560000)
  from space 21824K, 100% used [0x00000007a5560000, 0x00000007a6ab0000, 0x00000007a6ab0000)
  to   space 21824K,   0% used [0x00000007a6ab0000, 0x00000007a6ab0000, 0x00000007a8000000)
 concurrent mark-sweep generation total 393216K, used 174087K [0x00000007a8000000, 0x00000007c0000000, 0x00000007c0000000)
 Metaspace       used 46725K, capacity 47732K, committed 48204K, reserved 1091584K
  class space    used 5078K, capacity 5374K, committed 5496K, reserved 1048576K
}
2016-09-11T21:59:07.017-0100: 433,400: Total time for which application threads were stopped: 0,0189563 seconds, Stopping threads took: 0,0000311 seconds
{Heap before GC invocations=260 (full 12):
 par new generation   total 109248K, used 109248K [0x00000007a0000000, 0x00000007a8000000, 0x00000007a8000000)
  eden space 87424K, 100% used [0x00000007a0000000, 0x00000007a5560000, 0x00000007a5560000)
  from space 21824K, 100% used [0x00000007a5560000, 0x00000007a6ab0000, 0x00000007a6ab0000)
  to   space 21824K,   0% used [0x00000007a6ab0000, 0x00000007a6ab0000, 0x00000007a8000000)
 concurrent mark-sweep generation total 393216K, used 174087K [0x00000007a8000000, 0x00000007c0000000, 0x00000007c0000000)
 Metaspace       used 46725K, capacity 47732K, committed 48204K, reserved 1091584K
  class space    used 5078K, capacity 5374K, committed 5496K, reserved 1048576K
2016-09-11T21:59:07.188-0100: 433,572: [GC (Allocation Failure) 2016-09-11T21:59:07.188-0100: 433,572: [ParNew
Desired survivor size 20112992 bytes, new threshold 8 (max 8)
- age   1:    1975240 bytes,    1975240 total
- age   2:   10768048 bytes,   12743288 total
- age   3:     173512 bytes,   12916800 total
- age   4:       2792 bytes,   12919592 total
- age   5:    5375096 bytes,   18294688 total
: 109248K->21824K(109248K), 0,0149190 secs] 283335K->196139K(502464K), 0,0150400 secs] [Times: user=0,04 sys=0,00, real=0,02 secs] 
Heap after GC invocations=261 (full 12):
 par new generation   total 109248K, used 21824K [0x00000007a0000000, 0x00000007a8000000, 0x00000007a8000000)
  eden space 87424K,   0% used [0x00000007a0000000, 0x00000007a0000000, 0x00000007a5560000)
  from space 21824K, 100% used [0x00000007a6ab0000, 0x00000007a8000000, 0x00000007a8000000)
  to   space 21824K,   0% used [0x00000007a5560000, 0x00000007a5560000, 0x00000007a6ab0000)
 concurrent mark-sweep generation total 393216K, used 174315K [0x00000007a8000000, 0x00000007c0000000, 0x00000007c0000000)
 Metaspace       used 46725K, capacity 47732K, committed 48204K, reserved 1091584K
  class space    used 5078K, capacity 5374K, committed 5496K, reserved 1048576K
}
2016-09-11T21:59:07.203-0100: 433,587: Total time for which application threads were stopped: 0,0154901 seconds, Stopping threads took: 0,0000369 seconds
{Heap before GC invocations=261 (full 12):
 par new generation   total 109248K, used 109248K [0x00000007a0000000, 0x00000007a8000000, 0x00000007a8000000)
  eden space 87424K, 100% used [0x00000007a0000000, 0x00000007a5560000, 0x00000007a5560000)
  from space 21824K, 100% used [0x00000007a6ab0000, 0x00000007a8000000, 0x00000007a8000000)
  to   space 21824K,   0% used [0x00000007a5560000, 0x00000007a5560000, 0x00000007a6ab0000)
 concurrent mark-sweep generation total 393216K, used 174315K [0x00000007a8000000, 0x00000007c0000000, 0x00000007c0000000)
 Metaspace       used 46729K, capacity 47732K, committed 48204K, reserved 1091584K
  class space    used 5078K, capacity 5374K, committed 5496K, reserved 1048576K
2016-09-11T21:59:07.584-0100: 433,968: [GC (Allocation Failure) 2016-09-11T21:59:07.585-0100: 433,968: [ParNew
Desired survivor size 20112992 bytes, new threshold 8 (max 8)
- age   1:    4566736 bytes,    4566736 total
- age   2:     379664 bytes,    4946400 total
- age   3:    8333928 bytes,   13280328 total
- age   4:     173512 bytes,   13453840 total
- age   5:       2792 bytes,   13456632 total
- age   6:    5327728 bytes,   18784360 total
: 109248K->21824K(109248K), 0,0154082 secs] 283563K->198601K(502464K), 0,0154956 secs] [Times: user=0,05 sys=0,00, real=0,02 secs] 
Heap after GC invocations=262 (full 12):
 par new generation   total 109248K, used 21824K [0x00000007a0000000, 0x00000007a8000000, 0x00000007a8000000)
  eden space 87424K,   0% used [0x00000007a0000000, 0x00000007a0000000, 0x00000007a5560000)
  from space 21824K, 100% used [0x00000007a5560000, 0x00000007a6ab0000, 0x00000007a6ab0000)
  to   space 21824K,   0% used [0x00000007a6ab0000, 0x00000007a6ab0000, 0x00000007a8000000)
 concurrent mark-sweep generation total 393216K, used 176777K [0x00000007a8000000, 0x00000007c0000000, 0x00000007c0000000)
 Metaspace       used 46729K, capacity 47732K, committed 48204K, reserved 1091584K
  class space    used 5078K, capacity 5374K, committed 5496K, reserved 1048576K
}
2016-09-11T21:59:07.600-0100: 433,984: Total time for which application threads were stopped: 0,0158488 seconds, Stopping threads took: 0,0000461 seconds
{Heap before GC invocations=262 (full 12):
 par new generation   total 109248K, used 109248K [0x00000007a0000000, 0x00000007a8000000, 0x00000007a8000000)
  eden space 87424K, 100% used [0x00000007a0000000, 0x00000007a5560000, 0x00000007a5560000)
  from space 21824K, 100% used [0x00000007a5560000, 0x00000007a6ab0000, 0x00000007a6ab0000)
  to   space 21824K,   0% used [0x00000007a6ab0000, 0x00000007a6ab0000, 0x00000007a8000000)
 concurrent mark-sweep generation total 393216K, used 176777K [0x00000007a8000000, 0x00000007c0000000, 0x00000007c0000000)
 Metaspace       used 46733K, capacity 47732K, committed 48204K, reserved 1091584K
  class space    used 5078K, capacity 5374K, committed 5496K, reserved 1048576K
2016-09-11T21:59:07.792-0100: 434,175: [GC (Allocation Failure) 2016-09-11T21:59:07.792-0100: 434,176: [ParNew
Desired survivor size 20112992 bytes, new threshold 8 (max 8)
- age   1:    3002296 bytes,    3002296 total
- age   2:    3395600 bytes,    6397896 total
- age   3:     374384 bytes,    6772280 total
- age   4:    8051864 bytes,   14824144 total
- age   5:     173512 bytes,   14997656 total
- age   6:         88 bytes,   14997744 total
- age   7:    4934488 bytes,   19932232 total
: 109248K->21824K(109248K), 0,0147316 secs] 286025K->199837K(502464K), 0,0148438 secs] [Times: user=0,05 sys=0,00, real=0,01 secs] 
Heap after GC invocations=263 (full 12):
 par new generation   total 109248K, used 21824K [0x00000007a0000000, 0x00000007a8000000, 0x00000007a8000000)
  eden space 87424K,   0% used [0x00000007a0000000, 0x00000007a0000000, 0x00000007a5560000)
  from space 21824K, 100% used [0x00000007a6ab0000, 0x00000007a8000000, 0x00000007a8000000)
  to   space 21824K,   0% used [0x00000007a5560000, 0x00000007a5560000, 0x00000007a6ab0000)
 concurrent mark-sweep generation total 393216K, used 178013K [0x00000007a8000000, 0x00000007c0000000, 0x00000007c0000000)
 Metaspace       used 46733K, capacity 47732K, committed 48204K, reserved 1091584K
  class space    used 5078K, capacity 5374K, committed 5496K, reserved 1048576K
}
2016-09-11T21:59:07.807-0100: 434,190: Total time for which application threads were stopped: 0,0152529 seconds, Stopping threads took: 0,0000488 seconds
{Heap before GC invocations=263 (full 12):
 par new generation   total 109248K, used 109248K [0x00000007a0000000, 0x00000007a8000000, 0x00000007a8000000)
  eden space 87424K, 100% used [0x00000007a0000000, 0x00000007a5560000, 0x00000007a5560000)
  from space 21824K, 100% used [0x00000007a6ab0000, 0x00000007a8000000, 0x00000007a8000000)
  to   space 21824K,   0% used [0x00000007a5560000, 0x00000007a5560000, 0x00000007a6ab0000)
 concurrent mark-sweep generation total 393216K, used 178013K [0x00000007a8000000, 0x00000007c0000000, 0x00000007c0000000)
 Metaspace       used 46750K, capacity 47732K, committed 48204K, reserved 1091584K
  class space    used 5078K, capacity 5374K, committed 5496K, reserved 1048576K
2016-09-11T21:59:08.096-0100: 434,480: [GC (Allocation Failure) 2016-09-11T21:59:08.096-0100: 434,480: [ParNew
Desired survivor size 20112992 bytes, new threshold 8 (max 8)
- age   1:    4555288 bytes,    4555288 total
- age   2:    2250072 bytes,    6805360 total
- age   3:    3395192 bytes,   10200552 total
- age   4:     374384 bytes,   10574936 total
- age   5:    7230456 bytes,   17805392 total
- age   6:     173464 bytes,   17978856 total
- age   7:         88 bytes,   17978944 total
- age   8:    4353992 bytes,   22332936 total
: 109248K->21824K(109248K), 0,0244254 secs] 287261K->211491K(502464K), 0,0245660 secs] [Times: user=0,08 sys=0,00, real=0,03 secs] 
Heap after GC invocations=264 (full 12):
 par new generation   total 109248K, used 21824K [0x00000007a0000000, 0x00000007a8000000, 0x00000007a8000000)
  eden space 87424K,   0% used [0x00000007a0000000, 0x00000007a0000000, 0x00000007a5560000)
  from space 21824K, 100% used [0x00000007a5560000, 0x00000007a6ab0000, 0x00000007a6ab0000)
  to   space 21824K,   0% used [0x00000007a6ab0000, 0x00000007a6ab0000, 0x00000007a8000000)
 concurrent mark-sweep generation total 393216K, used 189667K [0x00000007a8000000, 0x00000007c0000000, 0x00000007c0000000)
 Metaspace       used 46750K, capacity 47732K, committed 48204K, reserved 1091584K
  class space    used 5078K, capacity 5374K, committed 5496K, reserved 1048576K
}
2016-09-11T21:59:08.121-0100: 434,504: Total time for which application threads were stopped: 0,0249699 seconds, Stopping threads took: 0,0000344 seconds
2016-09-11T21:59:08.233-0100: 434,617: Total time for which application threads were stopped: 0,0003203 seconds, Stopping threads took: 0,0000901 seconds
2016-09-11T21:59:08.234-0100: 434,617: Total time for which application threads were stopped: 0,0003190 seconds, Stopping threads took: 0,0000983 seconds
2016-09-11T21:59:08.234-0100: 434,618: Total time for which application threads were stopped: 0,0002935 seconds, Stopping threads took: 0,0000941 seconds
{Heap before GC invocations=264 (full 12):
 par new generation   total 109248K, used 108952K [0x00000007a0000000, 0x00000007a8000000, 0x00000007a8000000)
  eden space 87424K,  99% used [0x00000007a0000000, 0x00000007a5516088, 0x00000007a5560000)
  from space 21824K, 100% used [0x00000007a5560000, 0x00000007a6ab0000, 0x00000007a6ab0000)
  to   space 21824K,   0% used [0x00000007a6ab0000, 0x00000007a6ab0000, 0x00000007a8000000)
 concurrent mark-sweep generation total 393216K, used 189667K [0x00000007a8000000, 0x00000007c0000000, 0x00000007c0000000)
 Metaspace       used 46751K, capacity 47732K, committed 48204K, reserved 1091584K
  class space    used 5078K, capacity 5374K, committed 5496K, reserved 1048576K
2016-09-11T21:59:08.325-0100: 434,709: [GC (Allocation Failure) 2016-09-11T21:59:08.325-0100: 434,709: [ParNew
Desired survivor size 20112992 bytes, new threshold 8 (max 8)
- age   1:    3910184 bytes,    3910184 total
- age   2:    4399000 bytes,    8309184 total
- age   3:    2231192 bytes,   10540376 total
- age   4:    3076824 bytes,   13617200 total
- age   5:     374384 bytes,   13991584 total
- age   6:    4777176 bytes,   18768760 total
- age   7:     173200 bytes,   18941960 total
- age   8:         40 bytes,   18942000 total
: 108952K->21824K(109248K), 0,0936835 secs] 298619K->219287K(502464K), 0,0937849 secs] [Times: user=0,12 sys=0,00, real=0,09 secs] 
Heap after GC invocations=265 (full 12):
 par new generation   total 109248K, used 21824K [0x00000007a0000000, 0x00000007a8000000, 0x00000007a8000000)
  eden space 87424K,   0% used [0x00000007a0000000, 0x00000007a0000000, 0x00000007a5560000)
  from space 21824K, 100% used [0x00000007a6ab0000, 0x00000007a8000000, 0x00000007a8000000)
  to   space 21824K,   0% used [0x00000007a5560000, 0x00000007a5560000, 0x00000007a6ab0000)
 concurrent mark-sweep generation total 393216K, used 197463K [0x00000007a8000000, 0x00000007c0000000, 0x00000007c0000000)
 Metaspace       used 46751K, capacity 47732K, committed 48204K, reserved 1091584K
  class space    used 5078K, capacity 5374K, committed 5496K, reserved 1048576K
}
2016-09-11T21:59:08.419-0100: 434,803: Total time for which application threads were stopped: 0,0943899 seconds, Stopping threads took: 0,0001580 seconds
2016-09-11T21:59:08.423-0100: 434,807: [GC (CMS Initial Mark) [1 CMS-initial-mark: 197463K(393216K)] 228099K(502464K), 0,0064118 secs] [Times: user=0,02 sys=0,00, real=0,00 secs] 
2016-09-11T21:59:08.429-0100: 434,813: Total time for which application threads were stopped: 0,0068553 seconds, Stopping threads took: 0,0000985 seconds
2016-09-11T21:59:08.430-0100: 434,813: [CMS-concurrent-mark-start]
2016-09-11T21:59:08.480-0100: 434,863: Total time for which application threads were stopped: 0,0003105 seconds, Stopping threads took: 0,0000859 seconds
2016-09-11T21:59:08.504-0100: 434,887: [CMS-concurrent-mark: 0,073/0,074 secs] [Times: user=0,22 sys=0,00, real=0,07 secs] 
2016-09-11T21:59:08.504-0100: 434,887: [CMS-concurrent-preclean-start]
2016-09-11T21:59:08.506-0100: 434,890: [CMS-concurrent-preclean: 0,002/0,002 secs] [Times: user=0,00 sys=0,00, real=0,00 secs] 
2016-09-11T21:59:08.506-0100: 434,890: [CMS-concurrent-abortable-preclean-start]
{Heap before GC invocations=265 (full 13):
 par new generation   total 109248K, used 109248K [0x00000007a0000000, 0x00000007a8000000, 0x00000007a8000000)
  eden space 87424K, 100% used [0x00000007a0000000, 0x00000007a5560000, 0x00000007a5560000)
  from space 21824K, 100% used [0x00000007a6ab0000, 0x00000007a8000000, 0x00000007a8000000)
  to   space 21824K,   0% used [0x00000007a5560000, 0x00000007a5560000, 0x00000007a6ab0000)
 concurrent mark-sweep generation total 393216K, used 197463K [0x00000007a8000000, 0x00000007c0000000, 0x00000007c0000000)
 Metaspace       used 46753K, capacity 47796K, committed 48204K, reserved 1091584K
  class space    used 5078K, capacity 5374K, committed 5496K, reserved 1048576K
2016-09-11T21:59:08.704-0100: 435,087: [GC (Allocation Failure) 2016-09-11T21:59:08.704-0100: 435,087: [ParNew
Desired survivor size 20112992 bytes, new threshold 8 (max 8)
- age   1:    1647424 bytes,    1647424 total
- age   2:    2151728 bytes,    3799152 total
- age   3:    4291696 bytes,    8090848 total
- age   4:    2231192 bytes,   10322040 total
- age   5:    3076672 bytes,   13398712 total
- age   6:     374384 bytes,   13773096 total
- age   7:    4777176 bytes,   18550272 total
- age   8:     173200 bytes,   18723472 total
: 109248K->21824K(109248K), 0,0154427 secs] 306711K->220867K(502464K), 0,0155287 secs] [Times: user=0,04 sys=0,00, real=0,01 secs] 
Heap after GC invocations=266 (full 13):
 par new generation   total 109248K, used 21824K [0x00000007a0000000, 0x00000007a8000000, 0x00000007a8000000)
  eden space 87424K,   0% used [0x00000007a0000000, 0x00000007a0000000, 0x00000007a5560000)
  from space 21824K, 100% used [0x00000007a5560000, 0x00000007a6ab0000, 0x00000007a6ab0000)
  to   space 21824K,   0% used [0x00000007a6ab0000, 0x00000007a6ab0000, 0x00000007a8000000)
 concurrent mark-sweep generation total 393216K, used 199043K [0x00000007a8000000, 0x00000007c0000000, 0x00000007c0000000)
 Metaspace       used 46753K, capacity 47796K, committed 48204K, reserved 1091584K
  class space    used 5078K, capacity 5374K, committed 5496K, reserved 1048576K
}
2016-09-11T21:59:08.719-0100: 435,103: Total time for which application threads were stopped: 0,0158661 seconds, Stopping threads took: 0,0000307 seconds
2016-09-11T21:59:08.932-0100: 435,316: Total time for which application threads were stopped: 0,0014413 seconds, Stopping threads took: 0,0011987 seconds
2016-09-11T21:59:08.933-0100: 435,316: [CMS-concurrent-abortable-preclean: 0,289/0,426 secs] [Times: user=0,80 sys=0,02, real=0,43 secs] 
2016-09-11T21:59:08.934-0100: 435,318: [GC (CMS Final Remark) [YG occupancy: 104849 K (109248 K)]{Heap before GC invocations=266 (full 13):
 par new generation   total 109248K, used 104849K [0x00000007a0000000, 0x00000007a8000000, 0x00000007a8000000)
  eden space 87424K,  94% used [0x00000007a0000000, 0x00000007a5114598, 0x00000007a5560000)
  from space 21824K, 100% used [0x00000007a5560000, 0x00000007a6ab0000, 0x00000007a6ab0000)
  to   space 21824K,   0% used [0x00000007a6ab0000, 0x00000007a6ab0000, 0x00000007a8000000)
 concurrent mark-sweep generation total 393216K, used 199043K [0x00000007a8000000, 0x00000007c0000000, 0x00000007c0000000)
 Metaspace       used 46764K, capacity 47796K, committed 48204K, reserved 1091584K
  class space    used 5078K, capacity 5374K, committed 5496K, reserved 1048576K
2016-09-11T21:59:08.934-0100: 435,318: [GC (CMS Final Remark) 2016-09-11T21:59:08.934-0100: 435,318: [ParNew
Desired survivor size 20112992 bytes, new threshold 8 (max 8)
- age   1:    2822096 bytes,    2822096 total
- age   2:    1074760 bytes,    3896856 total
- age   3:    1645088 bytes,    5541944 total
- age   4:    4291536 bytes,    9833480 total
- age   5:    2231192 bytes,   12064672 total
- age   6:    3076672 bytes,   15141344 total
- age   7:     374384 bytes,   15515728 total
- age   8:    4777144 bytes,   20292872 total
: 104849K->21824K(109248K), 0,0228833 secs] 303892K->222331K(502464K), 0,0229963 secs] [Times: user=0,05 sys=0,00, real=0,02 secs] 
Heap after GC invocations=267 (full 13):
 par new generation   total 109248K, used 21824K [0x00000007a0000000, 0x00000007a8000000, 0x00000007a8000000)
  eden space 87424K,   0% used [0x00000007a0000000, 0x00000007a0000000, 0x00000007a5560000)
  from space 21824K, 100% used [0x00000007a6ab0000, 0x00000007a8000000, 0x00000007a8000000)
  to   space 21824K,   0% used [0x00000007a5560000, 0x00000007a5560000, 0x00000007a6ab0000)
 concurrent mark-sweep generation total 393216K, used 200507K [0x00000007a8000000, 0x00000007c0000000, 0x00000007c0000000)
 Metaspace       used 46764K, capacity 47796K, committed 48204K, reserved 1091584K
  class space    used 5078K, capacity 5374K, committed 5496K, reserved 1048576K
}
2016-09-11T21:59:08.957-0100: 435,341: [Rescan (parallel) , 0,0097780 secs]2016-09-11T21:59:08.967-0100: 435,351: [weak refs processing, 0,0098124 secs]2016-09-11T21:59:08.977-0100: 435,361: [class unloading, 0,0147983 secs]2016-09-11T21:59:08.992-0100: 435,375: [scrub symbol table, 0,0106940 secs]2016-09-11T21:59:09.002-0100: 435,386: [scrub string table, 0,0015204 secs][1 CMS-remark: 200507K(393216K)] 222331K(502464K), 0,0701452 secs] [Times: user=0,12 sys=0,00, real=0,07 secs] 
2016-09-11T21:59:09.004-0100: 435,388: Total time for which application threads were stopped: 0,0714791 seconds, Stopping threads took: 0,0010465 seconds
2016-09-11T21:59:09.004-0100: 435,388: [CMS-concurrent-sweep-start]
2016-09-11T21:59:09.006-0100: 435,390: Total time for which application threads were stopped: 0,0003004 seconds, Stopping threads took: 0,0000490 seconds
2016-09-11T21:59:09.007-0100: 435,391: Total time for which application threads were stopped: 0,0003048 seconds, Stopping threads took: 0,0000534 seconds
2016-09-11T21:59:09.470-0100: 435,854: [CMS-concurrent-sweep: 0,465/0,466 secs] [Times: user=0,47 sys=0,08, real=0,47 secs] 
2016-09-11T21:59:09.470-0100: 435,854: [CMS-concurrent-reset-start]
2016-09-11T21:59:09.471-0100: 435,855: [CMS-concurrent-reset: 0,001/0,001 secs] [Times: user=0,01 sys=0,00, real=0,00 secs] 
{Heap before GC invocations=267 (full 13):
 par new generation   total 109248K, used 109248K [0x00000007a0000000, 0x00000007a8000000, 0x00000007a8000000)
  eden space 87424K, 100% used [0x00000007a0000000, 0x00000007a5560000, 0x00000007a5560000)
  from space 21824K, 100% used [0x00000007a6ab0000, 0x00000007a8000000, 0x00000007a8000000)
  to   space 21824K,   0% used [0x00000007a5560000, 0x00000007a5560000, 0x00000007a6ab0000)
 concurrent mark-sweep generation total 393216K, used 87444K [0x00000007a8000000, 0x00000007c0000000, 0x00000007c0000000)
 Metaspace       used 46786K, capacity 47796K, committed 48204K, reserved 1091584K
  class space    used 5078K, capacity 5374K, committed 5496K, reserved 1048576K
2016-09-11T21:59:09.570-0100: 435,953: [GC (Allocation Failure) 2016-09-11T21:59:09.570-0100: 435,953: [ParNew
Desired survivor size 20112992 bytes, new threshold 7 (max 8)
- age   1:    9144656 bytes,    9144656 total
- age   2:    1933776 bytes,   11078432 total
- age   3:     633456 bytes,   11711888 total
- age   4:    1644960 bytes,   13356848 total
- age   5:    3565624 bytes,   16922472 total
- age   6:    1962952 bytes,   18885424 total
- age   7:    3070888 bytes,   21956312 total
- age   8:     374384 bytes,   22330696 total
: 109248K->21824K(109248K), 0,0220874 secs] 196692K->120496K(502464K), 0,0221910 secs] [Times: user=0,08 sys=0,01, real=0,02 secs] 
Heap after GC invocations=268 (full 13):
 par new generation   total 109248K, used 21824K [0x00000007a0000000, 0x00000007a8000000, 0x00000007a8000000)
  eden space 87424K,   0% used [0x00000007a0000000, 0x00000007a0000000, 0x00000007a5560000)
  from space 21824K, 100% used [0x00000007a5560000, 0x00000007a6ab0000, 0x00000007a6ab0000)
  to   space 21824K,   0% used [0x00000007a6ab0000, 0x00000007a6ab0000, 0x00000007a8000000)
 concurrent mark-sweep generation total 393216K, used 98672K [0x00000007a8000000, 0x00000007c0000000, 0x00000007c0000000)
 Metaspace       used 46786K, capacity 47796K, committed 48204K, reserved 1091584K
  class space    used 5078K, capacity 5374K, committed 5496K, reserved 1048576K
}
2016-09-11T21:59:09.592-0100: 435,976: Total time for which application threads were stopped: 0,0227127 seconds, Stopping threads took: 0,0000550 seconds
{Heap before GC invocations=268 (full 13):
 par new generation   total 109248K, used 109248K [0x00000007a0000000, 0x00000007a8000000, 0x00000007a8000000)
  eden space 87424K, 100% used [0x00000007a0000000, 0x00000007a5560000, 0x00000007a5560000)
  from space 21824K, 100% used [0x00000007a5560000, 0x00000007a6ab0000, 0x00000007a6ab0000)
  to   space 21824K,   0% used [0x00000007a6ab0000, 0x00000007a6ab0000, 0x00000007a8000000)
 concurrent mark-sweep generation total 393216K, used 98672K [0x00000007a8000000, 0x00000007c0000000, 0x00000007c0000000)
 Metaspace       used 46806K, capacity 47796K, committed 48204K, reserved 1091584K
  class space    used 5078K, capacity 5374K, committed 5496K, reserved 1048576K
2016-09-11T21:59:09.832-0100: 436,216: [GC (Allocation Failure) 2016-09-11T21:59:09.832-0100: 436,216: [ParNew
Desired survivor size 20112992 bytes, new threshold 7 (max 8)
- age   1:    3450072 bytes,    3450072 total
- age   2:    7123600 bytes,   10573672 total
- age   3:    1923536 bytes,   12497208 total
- age   4:     633456 bytes,   13130664 total
- age   5:    1644856 bytes,   14775520 total
- age   6:    3564880 bytes,   18340400 total
- age   7:    1962952 bytes,   20303352 total
: 109248K->21824K(109248K), 0,0143048 secs] 207920K->124570K(502464K), 0,0144132 secs] [Times: user=0,05 sys=0,01, real=0,01 secs] 
Heap after GC invocations=269 (full 13):
 par new generation   total 109248K, used 21824K [0x00000007a0000000, 0x00000007a8000000, 0x00000007a8000000)
  eden space 87424K,   0% used [0x00000007a0000000, 0x00000007a0000000, 0x00000007a5560000)
  from space 21824K, 100% used [0x00000007a6ab0000, 0x00000007a8000000, 0x00000007a8000000)
  to   space 21824K,   0% used [0x00000007a5560000, 0x00000007a5560000, 0x00000007a6ab0000)
 concurrent mark-sweep generation total 393216K, used 102746K [0x00000007a8000000, 0x00000007c0000000, 0x00000007c0000000)
 Metaspace       used 46806K, capacity 47796K, committed 48204K, reserved 1091584K
  class space    used 5078K, capacity 5374K, committed 5496K, reserved 1048576K
}
2016-09-11T21:59:09.846-0100: 436,230: Total time for which application threads were stopped: 0,0148388 seconds, Stopping threads took: 0,0000337 seconds
{Heap before GC invocations=269 (full 13):
 par new generation   total 109248K, used 109248K [0x00000007a0000000, 0x00000007a8000000, 0x00000007a8000000)
  eden space 87424K, 100% used [0x00000007a0000000, 0x00000007a5560000, 0x00000007a5560000)
  from space 21824K, 100% used [0x00000007a6ab0000, 0x00000007a8000000, 0x00000007a8000000)
  to   space 21824K,   0% used [0x00000007a5560000, 0x00000007a5560000, 0x00000007a6ab0000)
 concurrent mark-sweep generation total 393216K, used 102746K [0x00000007a8000000, 0x00000007c0000000, 0x00000007c0000000)
 Metaspace       used 46806K, capacity 47796K, committed 48204K, reserved 1091584K
  class space    used 5078K, capacity 5374K, committed 5496K, reserved 1048576K
2016-09-11T21:59:09.982-0100: 436,365: [GC (Allocation Failure) 2016-09-11T21:59:09.982-0100: 436,365: [ParNew
Desired survivor size 20112992 bytes, new threshold 7 (max 8)
- age   1:    2870248 bytes,    2870248 total
- age   2:    3314016 bytes,    6184264 total
- age   3:    7122888 bytes,   13307152 total
- age   4:    1923536 bytes,   15230688 total
- age   5:     633456 bytes,   15864144 total
- age   6:    1644856 bytes,   17509000 total
- age   7:    3564880 bytes,   21073880 total
: 109248K->21824K(109248K), 0,0157749 secs] 211994K->127060K(502464K), 0,0158901 secs] [Times: user=0,05 sys=0,00, real=0,01 secs] 
Heap after GC invocations=270 (full 13):
 par new generation   total 109248K, used 21824K [0x00000007a0000000, 0x00000007a8000000, 0x00000007a8000000)
  eden space 87424K,   0% used [0x00000007a0000000, 0x00000007a0000000, 0x00000007a5560000)
  from space 21824K, 100% used [0x00000007a5560000, 0x00000007a6ab0000, 0x00000007a6ab0000)
  to   space 21824K,   0% used [0x00000007a6ab0000, 0x00000007a6ab0000, 0x00000007a8000000)
 concurrent mark-sweep generation total 393216K, used 105236K [0x00000007a8000000, 0x00000007c0000000, 0x00000007c0000000)
 Metaspace       used 46806K, capacity 47796K, committed 48204K, reserved 1091584K
  class space    used 5078K, capacity 5374K, committed 5496K, reserved 1048576K
}
2016-09-11T21:59:09.998-0100: 436,381: Total time for which application threads were stopped: 0,0162581 seconds, Stopping threads took: 0,0000293 seconds
2016-09-11T21:59:10.079-0100: 436,463: Total time for which application threads were stopped: 0,0002685 seconds, Stopping threads took: 0,0000315 seconds
{Heap before GC invocations=270 (full 13):
 par new generation   total 109248K, used 109248K [0x00000007a0000000, 0x00000007a8000000, 0x00000007a8000000)
  eden space 87424K, 100% used [0x00000007a0000000, 0x00000007a5560000, 0x00000007a5560000)
  from space 21824K, 100% used [0x00000007a5560000, 0x00000007a6ab0000, 0x00000007a6ab0000)
  to   space 21824K,   0% used [0x00000007a6ab0000, 0x00000007a6ab0000, 0x00000007a8000000)
 concurrent mark-sweep generation total 393216K, used 105236K [0x00000007a8000000, 0x00000007c0000000, 0x00000007c0000000)
 Metaspace       used 46827K, capacity 47924K, committed 48460K, reserved 1091584K
  class space    used 5078K, capacity 5374K, committed 5496K, reserved 1048576K
2016-09-11T21:59:10.291-0100: 436,675: [GC (Allocation Failure) 2016-09-11T21:59:10.291-0100: 436,675: [ParNew
Desired survivor size 20112992 bytes, new threshold 7 (max 8)
- age   1:    5533688 bytes,    5533688 total
- age   2:     637120 bytes,    6170808 total
- age   3:    3153200 bytes,    9324008 total
- age   4:    7107224 bytes,   16431232 total
- age   5:    1923120 bytes,   18354352 total
- age   6:     633456 bytes,   18987808 total
- age   7:    1644856 bytes,   20632664 total
: 109248K->21824K(109248K), 0,0273300 secs] 214484K->134756K(502464K), 0,0274226 secs] [Times: user=0,08 sys=0,01, real=0,02 secs] 
Heap after GC invocations=271 (full 13):
 par new generation   total 109248K, used 21824K [0x00000007a0000000, 0x00000007a8000000, 0x00000007a8000000)
  eden space 87424K,   0% used [0x00000007a0000000, 0x00000007a0000000, 0x00000007a5560000)
  from space 21824K, 100% used [0x00000007a6ab0000, 0x00000007a8000000, 0x00000007a8000000)
  to   space 21824K,   0% used [0x00000007a5560000, 0x00000007a5560000, 0x00000007a6ab0000)
 concurrent mark-sweep generation total 393216K, used 112932K [0x00000007a8000000, 0x00000007c0000000, 0x00000007c0000000)
 Metaspace       used 46827K, capacity 47924K, committed 48460K, reserved 1091584K
  class space    used 5078K, capacity 5374K, committed 5496K, reserved 1048576K
}
2016-09-11T21:59:10.318-0100: 436,702: Total time for which application threads were stopped: 0,0277969 seconds, Stopping threads took: 0,0000294 seconds
{Heap before GC invocations=271 (full 13):
 par new generation   total 109248K, used 109248K [0x00000007a0000000, 0x00000007a8000000, 0x00000007a8000000)
  eden space 87424K, 100% used [0x00000007a0000000, 0x00000007a5560000, 0x00000007a5560000)
  from space 21824K, 100% used [0x00000007a6ab0000, 0x00000007a8000000, 0x00000007a8000000)
  to   space 21824K,   0% used [0x00000007a5560000, 0x00000007a5560000, 0x00000007a6ab0000)
 concurrent mark-sweep generation total 393216K, used 112932K [0x00000007a8000000, 0x00000007c0000000, 0x00000007c0000000)
 Metaspace       used 46830K, capacity 47924K, committed 48460K, reserved 1091584K
  class space    used 5078K, capacity 5374K, committed 5496K, reserved 1048576K
2016-09-11T21:59:10.440-0100: 436,824: [GC (Allocation Failure) 2016-09-11T21:59:10.440-0100: 436,824: [ParNew
Desired survivor size 20112992 bytes, new threshold 6 (max 8)
- age   1:    3642672 bytes,    3642672 total
- age   2:    5345608 bytes,    8988280 total
- age   3:     607616 bytes,    9595896 total
- age   4:    3150320 bytes,   12746216 total
- age   5:    6897168 bytes,   19643384 total
- age   6:    1876432 bytes,   21519816 total
- age   7:     627288 bytes,   22147104 total
: 109248K->21824K(109248K), 0,0241148 secs] 222180K->138351K(502464K), 0,0242634 secs] [Times: user=0,06 sys=0,00, real=0,02 secs] 
Heap after GC invocations=272 (full 13):
 par new generation   total 109248K, used 21824K [0x00000007a0000000, 0x00000007a8000000, 0x00000007a8000000)
  eden space 87424K,   0% used [0x00000007a0000000, 0x00000007a0000000, 0x00000007a5560000)
  from space 21824K, 100% used [0x00000007a5560000, 0x00000007a6ab0000, 0x00000007a6ab0000)
  to   space 21824K,   0% used [0x00000007a6ab0000, 0x00000007a6ab0000, 0x00000007a8000000)
 concurrent mark-sweep generation total 393216K, used 116527K [0x00000007a8000000, 0x00000007c0000000, 0x00000007c0000000)
 Metaspace       used 46830K, capacity 47924K, committed 48460K, reserved 1091584K
  class space    used 5078K, capacity 5374K, committed 5496K, reserved 1048576K
}
2016-09-11T21:59:10.464-0100: 436,848: Total time for which application threads were stopped: 0,0246956 seconds, Stopping threads took: 0,0000376 seconds
2016-09-11T21:59:10.523-0100: 436,907: Total time for which application threads were stopped: 0,0002477 seconds, Stopping threads took: 0,0000372 seconds
{Heap before GC invocations=272 (full 13):
 par new generation   total 109248K, used 109214K [0x00000007a0000000, 0x00000007a8000000, 0x00000007a8000000)
  eden space 87424K,  99% used [0x00000007a0000000, 0x00000007a5557a88, 0x00000007a5560000)
  from space 21824K, 100% used [0x00000007a5560000, 0x00000007a6ab0000, 0x00000007a6ab0000)
  to   space 21824K,   0% used [0x00000007a6ab0000, 0x00000007a6ab0000, 0x00000007a8000000)
 concurrent mark-sweep generation total 393216K, used 116527K [0x00000007a8000000, 0x00000007c0000000, 0x00000007c0000000)
 Metaspace       used 46841K, capacity 47924K, committed 48460K, reserved 1091584K
  class space    used 5078K, capacity 5374K, committed 5496K, reserved 1048576K
2016-09-11T21:59:10.750-0100: 437,133: [GC (Allocation Failure) 2016-09-11T21:59:10.750-0100: 437,134: [ParNew
Desired survivor size 20112992 bytes, new threshold 6 (max 8)
- age   1:    6658840 bytes,    6658840 total
- age   2:    1315144 bytes,    7973984 total
- age   3:    3874736 bytes,   11848720 total
- age   4:     607616 bytes,   12456336 total
- age   5:    3150320 bytes,   15606656 total
- age   6:    6735760 bytes,   22342416 total
: 109214K->21824K(109248K), 0,0262633 secs] 225742K->148585K(502464K), 0,0263463 secs] [Times: user=0,08 sys=0,00, real=0,02 secs] 
Heap after GC invocations=273 (full 13):
 par new generation   total 109248K, used 21824K [0x00000007a0000000, 0x00000007a8000000, 0x00000007a8000000)
  eden space 87424K,   0% used [0x00000007a0000000, 0x00000007a0000000, 0x00000007a5560000)
  from space 21824K, 100% used [0x00000007a6ab0000, 0x00000007a8000000, 0x00000007a8000000)
  to   space 21824K,   0% used [0x00000007a5560000, 0x00000007a5560000, 0x00000007a6ab0000)
 concurrent mark-sweep generation total 393216K, used 126761K [0x00000007a8000000, 0x00000007c0000000, 0x00000007c0000000)
 Metaspace       used 46841K, capacity 47924K, committed 48460K, reserved 1091584K
  class space    used 5078K, capacity 5374K, committed 5496K, reserved 1048576K
}
2016-09-11T21:59:10.776-0100: 437,160: Total time for which application threads were stopped: 0,0266947 seconds, Stopping threads took: 0,0000290 seconds
{Heap before GC invocations=273 (full 13):
 par new generation   total 109248K, used 109248K [0x00000007a0000000, 0x00000007a8000000, 0x00000007a8000000)
  eden space 87424K, 100% used [0x00000007a0000000, 0x00000007a5560000, 0x00000007a5560000)
  from space 21824K, 100% used [0x00000007a6ab0000, 0x00000007a8000000, 0x00000007a8000000)
  to   space 21824K,   0% used [0x00000007a5560000, 0x00000007a5560000, 0x00000007a6ab0000)
 concurrent mark-sweep generation total 393216K, used 126761K [0x00000007a8000000, 0x00000007c0000000, 0x00000007c0000000)
 Metaspace       used 46841K, capacity 47924K, committed 48460K, reserved 1091584K
  class space    used 5078K, capacity 5374K, committed 5496K, reserved 1048576K
2016-09-11T21:59:10.921-0100: 437,305: [GC (Allocation Failure) 2016-09-11T21:59:10.965-0100: 437,349: [ParNew
Desired survivor size 20112992 bytes, new threshold 6 (max 8)
- age   1:    6922624 bytes,    6922624 total
- age   2:    5759760 bytes,   12682384 total
- age   3:    1315104 bytes,   13997488 total
- age   4:    3874656 bytes,   17872144 total
- age   5:     607616 bytes,   18479760 total
- age   6:    3150320 bytes,   21630080 total
: 109248K->21824K(109248K), 0,0242958 secs] 236009K->157493K(502464K), 0,0682176 secs] [Times: user=0,08 sys=0,00, real=0,06 secs] 
Heap after GC invocations=274 (full 13):
 par new generation   total 109248K, used 21824K [0x00000007a0000000, 0x00000007a8000000, 0x00000007a8000000)
  eden space 87424K,   0% used [0x00000007a0000000, 0x00000007a0000000, 0x00000007a5560000)
  from space 21824K, 100% used [0x00000007a5560000, 0x00000007a6ab0000, 0x00000007a6ab0000)
  to   space 21824K,   0% used [0x00000007a6ab0000, 0x00000007a6ab0000, 0x00000007a8000000)
 concurrent mark-sweep generation total 393216K, used 135669K [0x00000007a8000000, 0x00000007c0000000, 0x00000007c0000000)
 Metaspace       used 46841K, capacity 47924K, committed 48460K, reserved 1091584K
  class space    used 5078K, capacity 5374K, committed 5496K, reserved 1048576K
}
2016-09-11T21:59:10.989-0100: 437,373: Total time for which application threads were stopped: 0,0685203 seconds, Stopping threads took: 0,0000278 seconds
{Heap before GC invocations=274 (full 13):
 par new generation   total 109248K, used 109248K [0x00000007a0000000, 0x00000007a8000000, 0x00000007a8000000)
  eden space 87424K, 100% used [0x00000007a0000000, 0x00000007a5560000, 0x00000007a5560000)
  from space 21824K, 100% used [0x00000007a5560000, 0x00000007a6ab0000, 0x00000007a6ab0000)
  to   space 21824K,   0% used [0x00000007a6ab0000, 0x00000007a6ab0000, 0x00000007a8000000)
 concurrent mark-sweep generation total 393216K, used 135669K [0x00000007a8000000, 0x00000007c0000000, 0x00000007c0000000)
 Metaspace       used 46841K, capacity 47924K, committed 48460K, reserved 1091584K
  class space    used 5078K, capacity 5374K, committed 5496K, reserved 1048576K
2016-09-11T21:59:11.134-0100: 437,518: [GC (Allocation Failure) 2016-09-11T21:59:11.134-0100: 437,518: [ParNew
Desired survivor size 20112992 bytes, new threshold 8 (max 8)
- age   1:    1194320 bytes,    1194320 total
- age   2:    4721232 bytes,    5915552 total
- age   3:    5432544 bytes,   11348096 total
- age   4:    1315104 bytes,   12663200 total
- age   5:    3874656 bytes,   16537856 total
- age   6:     607616 bytes,   17145472 total
: 109248K->21824K(109248K), 0,0147002 secs] 244917K->161078K(502464K), 0,0147818 secs] [Times: user=0,05 sys=0,00, real=0,01 secs] 
Heap after GC invocations=275 (full 13):
 par new generation   total 109248K, used 21824K [0x00000007a0000000, 0x00000007a8000000, 0x00000007a8000000)
  eden space 87424K,   0% used [0x00000007a0000000, 0x00000007a0000000, 0x00000007a5560000)
  from space 21824K, 100% used [0x00000007a6ab0000, 0x00000007a8000000, 0x00000007a8000000)
  to   space 21824K,   0% used [0x00000007a5560000, 0x00000007a5560000, 0x00000007a6ab0000)
 concurrent mark-sweep generation total 393216K, used 139254K [0x00000007a8000000, 0x00000007c0000000, 0x00000007c0000000)
 Metaspace       used 46841K, capacity 47924K, committed 48460K, reserved 1091584K
  class space    used 5078K, capacity 5374K, committed 5496K, reserved 1048576K
}
2016-09-11T21:59:11.149-0100: 437,533: Total time for which application threads were stopped: 0,0150961 seconds, Stopping threads took: 0,0000304 seconds
{Heap before GC invocations=275 (full 13):
 par new generation   total 109248K, used 109248K [0x00000007a0000000, 0x00000007a8000000, 0x00000007a8000000)
  eden space 87424K, 100% used [0x00000007a0000000, 0x00000007a5560000, 0x00000007a5560000)
  from space 21824K, 100% used [0x00000007a6ab0000, 0x00000007a8000000, 0x00000007a8000000)
  to   space 21824K,   0% used [0x00000007a5560000, 0x00000007a5560000, 0x00000007a6ab0000)
 concurrent mark-sweep generation total 393216K, used 139254K [0x00000007a8000000, 0x00000007c0000000, 0x00000007c0000000)
 Metaspace       used 46846K, capacity 47924K, committed 48460K, reserved 1091584K
  class space    used 5078K, capacity 5374K, committed 5496K, reserved 1048576K
2016-09-11T21:59:11.373-0100: 437,757: [GC (Allocation Failure) 2016-09-11T21:59:11.373-0100: 437,757: [ParNew
Desired survivor size 20112992 bytes, new threshold 6 (max 8)
- age   1:    9227616 bytes,    9227616 total
- age   2:     579832 bytes,    9807448 total
- age   3:    2681776 bytes,   12489224 total
- age   4:    4272920 bytes,   16762144 total
- age   5:    1315104 bytes,   18077248 total
- age   6:    3662488 bytes,   21739736 total
- age   7:     607616 bytes,   22347352 total
: 109248K->21824K(109248K), 0,0194913 secs] 248502K->163754K(502464K), 0,0196105 secs] [Times: user=0,07 sys=0,00, real=0,02 secs] 
Heap after GC invocations=276 (full 13):
 par new generation   total 109248K, used 21824K [0x00000007a0000000, 0x00000007a8000000, 0x00000007a8000000)
  eden space 87424K,   0% used [0x00000007a0000000, 0x00000007a0000000, 0x00000007a5560000)
  from space 21824K, 100% used [0x00000007a5560000, 0x00000007a6ab0000, 0x00000007a6ab0000)
  to   space 21824K,   0% used [0x00000007a6ab0000, 0x00000007a6ab0000, 0x00000007a8000000)
 concurrent mark-sweep generation total 393216K, used 141930K [0x00000007a8000000, 0x00000007c0000000, 0x00000007c0000000)
 Metaspace       used 46846K, capacity 47924K, committed 48460K, reserved 1091584K
  class space    used 5078K, capacity 5374K, committed 5496K, reserved 1048576K
}
2016-09-11T21:59:11.393-0100: 437,777: Total time for which application threads were stopped: 0,0199768 seconds, Stopping threads took: 0,0000344 seconds
{Heap before GC invocations=276 (full 13):
 par new generation   total 109248K, used 109248K [0x00000007a0000000, 0x00000007a8000000, 0x00000007a8000000)
  eden space 87424K, 100% used [0x00000007a0000000, 0x00000007a5560000, 0x00000007a5560000)
  from space 21824K, 100% used [0x00000007a5560000, 0x00000007a6ab0000, 0x00000007a6ab0000)
  to   space 21824K,   0% used [0x00000007a6ab0000, 0x00000007a6ab0000, 0x00000007a8000000)
 concurrent mark-sweep generation total 393216K, used 141930K [0x00000007a8000000, 0x00000007c0000000, 0x00000007c0000000)
 Metaspace       used 46846K, capacity 47924K, committed 48460K, reserved 1091584K
  class space    used 5078K, capacity 5374K, committed 5496K, reserved 1048576K
2016-09-11T21:59:11.512-0100: 437,896: [GC (Allocation Failure) 2016-09-11T21:59:11.512-0100: 437,896: [ParNew
Desired survivor size 20112992 bytes, new threshold 8 (max 8)
- age   1:    1020976 bytes,    1020976 total
- age   2:    9035232 bytes,   10056208 total
- age   3:     579792 bytes,   10636000 total
- age   4:    2681776 bytes,   13317776 total
- age   5:    4272920 bytes,   17590696 total
- age   6:    1315104 bytes,   18905800 total
: 109248K->21824K(109248K), 0,0228662 secs] 251178K->167946K(502464K), 0,0229544 secs] [Times: user=0,07 sys=0,00, real=0,02 secs] 
Heap after GC invocations=277 (full 13):
 par new generation   total 109248K, used 21824K [0x00000007a0000000, 0x00000007a8000000, 0x00000007a8000000)
  eden space 87424K,   0% used [0x00000007a0000000, 0x00000007a0000000, 0x00000007a5560000)
  from space 21824K, 100% used [0x00000007a6ab0000, 0x00000007a8000000, 0x00000007a8000000)
  to   space 21824K,   0% used [0x00000007a5560000, 0x00000007a5560000, 0x00000007a6ab0000)
 concurrent mark-sweep generation total 393216K, used 146122K [0x00000007a8000000, 0x00000007c0000000, 0x00000007c0000000)
 Metaspace       used 46846K, capacity 47924K, committed 48460K, reserved 1091584K
  class space    used 5078K, capacity 5374K, committed 5496K, reserved 1048576K
}
2016-09-11T21:59:11.535-0100: 437,919: Total time for which application threads were stopped: 0,0233304 seconds, Stopping threads took: 0,0000345 seconds
{Heap before GC invocations=277 (full 13):
 par new generation   total 109248K, used 109248K [0x00000007a0000000, 0x00000007a8000000, 0x00000007a8000000)
  eden space 87424K, 100% used [0x00000007a0000000, 0x00000007a5560000, 0x00000007a5560000)
  from space 21824K, 100% used [0x00000007a6ab0000, 0x00000007a8000000, 0x00000007a8000000)
  to   space 21824K,   0% used [0x00000007a5560000, 0x00000007a5560000, 0x00000007a6ab0000)
 concurrent mark-sweep generation total 393216K, used 146122K [0x00000007a8000000, 0x00000007c0000000, 0x00000007c0000000)
 Metaspace       used 46846K, capacity 47924K, committed 48460K, reserved 1091584K
  class space    used 5078K, capacity 5374K, committed 5496K, reserved 1048576K
2016-09-11T21:59:11.636-0100: 438,020: [GC (Allocation Failure) 2016-09-11T21:59:11.636-0100: 438,020: [ParNew
Desired survivor size 20112992 bytes, new threshold 8 (max 8)
- age   1:    1028264 bytes,    1028264 total
- age   2:     174248 bytes,    1202512 total
- age   3:    9002048 bytes,   10204560 total
- age   4:     579792 bytes,   10784352 total
- age   5:    2681776 bytes,   13466128 total
- age   6:    4272920 bytes,   17739048 total
- age   7:    1315104 bytes,   19054152 total
: 109248K->21824K(109248K), 0,0121829 secs] 255370K->167946K(502464K), 0,0122826 secs] [Times: user=0,04 sys=0,00, real=0,01 secs] 
Heap after GC invocations=278 (full 13):
 par new generation   total 109248K, used 21824K [0x00000007a0000000, 0x00000007a8000000, 0x00000007a8000000)
  eden space 87424K,   0% used [0x00000007a0000000, 0x00000007a0000000, 0x00000007a5560000)
  from space 21824K, 100% used [0x00000007a5560000, 0x00000007a6ab0000, 0x00000007a6ab0000)
  to   space 21824K,   0% used [0x00000007a6ab0000, 0x00000007a6ab0000, 0x00000007a8000000)
 concurrent mark-sweep generation total 393216K, used 146122K [0x00000007a8000000, 0x00000007c0000000, 0x00000007c0000000)
 Metaspace       used 46846K, capacity 47924K, committed 48460K, reserved 1091584K
  class space    used 5078K, capacity 5374K, committed 5496K, reserved 1048576K
}
2016-09-11T21:59:11.649-0100: 438,033: Total time for which application threads were stopped: 0,0126118 seconds, Stopping threads took: 0,0000314 seconds
{Heap before GC invocations=278 (full 13):
 par new generation   total 109248K, used 109248K [0x00000007a0000000, 0x00000007a8000000, 0x00000007a8000000)
  eden space 87424K, 100% used [0x00000007a0000000, 0x00000007a5560000, 0x00000007a5560000)
  from space 21824K, 100% used [0x00000007a5560000, 0x00000007a6ab0000, 0x00000007a6ab0000)
  to   space 21824K,   0% used [0x00000007a6ab0000, 0x00000007a6ab0000, 0x00000007a8000000)
 concurrent mark-sweep generation total 393216K, used 146122K [0x00000007a8000000, 0x00000007c0000000, 0x00000007c0000000)
 Metaspace       used 46857K, capacity 47924K, committed 48460K, reserved 1091584K
  class space    used 5078K, capacity 5374K, committed 5496K, reserved 1048576K
2016-09-11T21:59:11.858-0100: 438,242: [GC (Allocation Failure) 2016-09-11T21:59:11.858-0100: 438,242: [ParNew
Desired survivor size 20112992 bytes, new threshold 8 (max 8)
- age   1:    5273376 bytes,    5273376 total
- age   2:      28992 bytes,    5302368 total
- age   3:       1400 bytes,    5303768 total
- age   4:    5557496 bytes,   10861264 total
- age   5:     579792 bytes,   11441056 total
- age   6:    2681776 bytes,   14122832 total
- age   7:    4272920 bytes,   18395752 total
- age   8:     937528 bytes,   19333280 total
: 109248K->21824K(109248K), 0,0219947 secs] 255370K->169071K(502464K), 0,0220733 secs] [Times: user=0,06 sys=0,00, real=0,03 secs] 
Heap after GC invocations=279 (full 13):
 par new generation   total 109248K, used 21824K [0x00000007a0000000, 0x00000007a8000000, 0x00000007a8000000)
  eden space 87424K,   0% used [0x00000007a0000000, 0x00000007a0000000, 0x00000007a5560000)
  from space 21824K, 100% used [0x00000007a6ab0000, 0x00000007a8000000, 0x00000007a8000000)
  to   space 21824K,   0% used [0x00000007a5560000, 0x00000007a5560000, 0x00000007a6ab0000)
 concurrent mark-sweep generation total 393216K, used 147247K [0x00000007a8000000, 0x00000007c0000000, 0x00000007c0000000)
 Metaspace       used 46857K, capacity 47924K, committed 48460K, reserved 1091584K
  class space    used 5078K, capacity 5374K, committed 5496K, reserved 1048576K
}
2016-09-11T21:59:11.881-0100: 438,264: Total time for which application threads were stopped: 0,0223993 seconds, Stopping threads took: 0,0000330 seconds
{Heap before GC invocations=279 (full 13):
 par new generation   total 109248K, used 109248K [0x00000007a0000000, 0x00000007a8000000, 0x00000007a8000000)
  eden space 87424K, 100% used [0x00000007a0000000, 0x00000007a5560000, 0x00000007a5560000)
  from space 21824K, 100% used [0x00000007a6ab0000, 0x00000007a8000000, 0x00000007a8000000)
  to   space 21824K,   0% used [0x00000007a5560000, 0x00000007a5560000, 0x00000007a6ab0000)
 concurrent mark-sweep generation total 393216K, used 147247K [0x00000007a8000000, 0x00000007c0000000, 0x00000007c0000000)
 Metaspace       used 46857K, capacity 47924K, committed 48460K, reserved 1091584K
  class space    used 5078K, capacity 5374K, committed 5496K, reserved 1048576K
2016-09-11T21:59:12.022-0100: 438,406: [GC (Allocation Failure) 2016-09-11T21:59:12.022-0100: 438,406: [ParNew
Desired survivor size 20112992 bytes, new threshold 8 (max 8)
- age   1:    1128472 bytes,    1128472 total
- age   2:    4813104 bytes,    5941576 total
- age   3:      28872 bytes,    5970448 total
- age   4:        344 bytes,    5970792 total
- age   5:    5114560 bytes,   11085352 total
- age   6:     579792 bytes,   11665144 total
- age   7:    2560608 bytes,   14225752 total
- age   8:    3911184 bytes,   18136936 total
: 109248K->21824K(109248K), 0,0272802 secs] 256495K->171048K(502464K), 0,0273924 secs] [Times: user=0,05 sys=0,00, real=0,02 secs] 
Heap after GC invocations=280 (full 13):
 par new generation   total 109248K, used 21824K [0x00000007a0000000, 0x00000007a8000000, 0x00000007a8000000)
  eden space 87424K,   0% used [0x00000007a0000000, 0x00000007a0000000, 0x00000007a5560000)
  from space 21824K, 100% used [0x00000007a5560000, 0x00000007a6ab0000, 0x00000007a6ab0000)
  to   space 21824K,   0% used [0x00000007a6ab0000, 0x00000007a6ab0000, 0x00000007a8000000)
 concurrent mark-sweep generation total 393216K, used 149224K [0x00000007a8000000, 0x00000007c0000000, 0x00000007c0000000)
 Metaspace       used 46857K, capacity 47924K, committed 48460K, reserved 1091584K
  class space    used 5078K, capacity 5374K, committed 5496K, reserved 1048576K
}
2016-09-11T21:59:12.049-0100: 438,433: Total time for which application threads were stopped: 0,0277171 seconds, Stopping threads took: 0,0000327 seconds
{Heap before GC invocations=280 (full 13):
 par new generation   total 109248K, used 109248K [0x00000007a0000000, 0x00000007a8000000, 0x00000007a8000000)
  eden space 87424K, 100% used [0x00000007a0000000, 0x00000007a5560000, 0x00000007a5560000)
  from space 21824K, 100% used [0x00000007a5560000, 0x00000007a6ab0000, 0x00000007a6ab0000)
  to   space 21824K,   0% used [0x00000007a6ab0000, 0x00000007a6ab0000, 0x00000007a8000000)
 concurrent mark-sweep generation total 393216K, used 149224K [0x00000007a8000000, 0x00000007c0000000, 0x00000007c0000000)
 Metaspace       used 46870K, capacity 47924K, committed 48460K, reserved 1091584K
  class space    used 5078K, capacity 5374K, committed 5496K, reserved 1048576K
2016-09-11T21:59:12.419-0100: 438,803: [GC (Allocation Failure) 2016-09-11T21:59:12.420-0100: 438,804: [ParNew
Desired survivor size 20112992 bytes, new threshold 7 (max 8)
- age   1:   12285464 bytes,   12285464 total
- age   2:      24976 bytes,   12310440 total
- age   3:    2106952 bytes,   14417392 total
- age   4:      28872 bytes,   14446264 total
- age   5:        344 bytes,   14446608 total
- age   6:    5114560 bytes,   19561168 total
- age   7:     579792 bytes,   20140960 total
- age   8:    2198264 bytes,   22339224 total
: 109248K->21824K(109248K), 0,0243035 secs] 258472K->177973K(502464K), 0,0251552 secs] [Times: user=0,08 sys=0,00, real=0,03 secs] 
Heap after GC invocations=281 (full 13):
 par new generation   total 109248K, used 21824K [0x00000007a0000000, 0x00000007a8000000, 0x00000007a8000000)
  eden space 87424K,   0% used [0x00000007a0000000, 0x00000007a0000000, 0x00000007a5560000)
  from space 21824K, 100% used [0x00000007a6ab0000, 0x00000007a8000000, 0x00000007a8000000)
  to   space 21824K,   0% used [0x00000007a5560000, 0x00000007a5560000, 0x00000007a6ab0000)
 concurrent mark-sweep generation total 393216K, used 156149K [0x00000007a8000000, 0x00000007c0000000, 0x00000007c0000000)
 Metaspace       used 46870K, capacity 47924K, committed 48460K, reserved 1091584K
  class space    used 5078K, capacity 5374K, committed 5496K, reserved 1048576K
}
2016-09-11T21:59:12.444-0100: 438,828: Total time for which application threads were stopped: 0,0255918 seconds, Stopping threads took: 0,0000354 seconds
{Heap before GC invocations=281 (full 13):
 par new generation   total 109248K, used 109248K [0x00000007a0000000, 0x00000007a8000000, 0x00000007a8000000)
  eden space 87424K, 100% used [0x00000007a0000000, 0x00000007a5560000, 0x00000007a5560000)
  from space 21824K, 100% used [0x00000007a6ab0000, 0x00000007a8000000, 0x00000007a8000000)
  to   space 21824K,   0% used [0x00000007a5560000, 0x00000007a5560000, 0x00000007a6ab0000)
 concurrent mark-sweep generation total 393216K, used 156149K [0x00000007a8000000, 0x00000007c0000000, 0x00000007c0000000)
 Metaspace       used 46870K, capacity 47924K, committed 48460K, reserved 1091584K
  class space    used 5078K, capacity 5374K, committed 5496K, reserved 1048576K
2016-09-11T21:59:12.587-0100: 438,971: [GC (Allocation Failure) 2016-09-11T21:59:12.587-0100: 438,971: [ParNew
Desired survivor size 20112992 bytes, new threshold 7 (max 8)
- age   1:    4798336 bytes,    4798336 total
- age   2:    9038696 bytes,   13837032 total
- age   3:      24936 bytes,   13861968 total
- age   4:    2103888 bytes,   15965856 total
- age   5:      28872 bytes,   15994728 total
- age   6:        232 bytes,   15994960 total
- age   7:    4658576 bytes,   20653536 total
: 109248K->21824K(109248K), 0,0227557 secs] 265397K->185164K(502464K), 0,0228392 secs] [Times: user=0,08 sys=0,00, real=0,03 secs] 
Heap after GC invocations=282 (full 13):
 par new generation   total 109248K, used 21824K [0x00000007a0000000, 0x00000007a8000000, 0x00000007a8000000)
  eden space 87424K,   0% used [0x00000007a0000000, 0x00000007a0000000, 0x00000007a5560000)
  from space 21824K, 100% used [0x00000007a5560000, 0x00000007a6ab0000, 0x00000007a6ab0000)
  to   space 21824K,   0% used [0x00000007a6ab0000, 0x00000007a6ab0000, 0x00000007a8000000)
 concurrent mark-sweep generation total 393216K, used 163340K [0x00000007a8000000, 0x00000007c0000000, 0x00000007c0000000)
 Metaspace       used 46870K, capacity 47924K, committed 48460K, reserved 1091584K
  class space    used 5078K, capacity 5374K, committed 5496K, reserved 1048576K
}
2016-09-11T21:59:12.610-0100: 438,994: Total time for which application threads were stopped: 0,0231429 seconds, Stopping threads took: 0,0000325 seconds
{Heap before GC invocations=282 (full 13):
 par new generation   total 109248K, used 109248K [0x00000007a0000000, 0x00000007a8000000, 0x00000007a8000000)
  eden space 87424K, 100% used [0x00000007a0000000, 0x00000007a5560000, 0x00000007a5560000)
  from space 21824K, 100% used [0x00000007a5560000, 0x00000007a6ab0000, 0x00000007a6ab0000)
  to   space 21824K,   0% used [0x00000007a6ab0000, 0x00000007a6ab0000, 0x00000007a8000000)
 concurrent mark-sweep generation total 393216K, used 163340K [0x00000007a8000000, 0x00000007c0000000, 0x00000007c0000000)
 Metaspace       used 46870K, capacity 47924K, committed 48460K, reserved 1091584K
  class space    used 5078K, capacity 5374K, committed 5496K, reserved 1048576K
2016-09-11T21:59:12.731-0100: 439,115: [GC (Allocation Failure) 2016-09-11T21:59:12.731-0100: 439,115: [ParNew
Desired survivor size 20112992 bytes, new threshold 8 (max 8)
- age   1:    2672192 bytes,    2672192 total
- age   2:    2674864 bytes,    5347056 total
- age   3:    9005536 bytes,   14352592 total
- age   4:      24936 bytes,   14377528 total
- age   5:    2103888 bytes,   16481416 total
- age   6:      28872 bytes,   16510288 total
- age   7:        232 bytes,   16510520 total
: 109248K->21824K(109248K), 0,0137340 secs] 272588K->189812K(502464K), 0,0138297 secs] [Times: user=0,04 sys=0,00, real=0,01 secs] 
Heap after GC invocations=283 (full 13):
 par new generation   total 109248K, used 21824K [0x00000007a0000000, 0x00000007a8000000, 0x00000007a8000000)
  eden space 87424K,   0% used [0x00000007a0000000, 0x00000007a0000000, 0x00000007a5560000)
  from space 21824K, 100% used [0x00000007a6ab0000, 0x00000007a8000000, 0x00000007a8000000)
  to   space 21824K,   0% used [0x00000007a5560000, 0x00000007a5560000, 0x00000007a6ab0000)
 concurrent mark-sweep generation total 393216K, used 167988K [0x00000007a8000000, 0x00000007c0000000, 0x00000007c0000000)
 Metaspace       used 46870K, capacity 47924K, committed 48460K, reserved 1091584K
  class space    used 5078K, capacity 5374K, committed 5496K, reserved 1048576K
}
2016-09-11T21:59:12.745-0100: 439,129: Total time for which application threads were stopped: 0,0141546 seconds, Stopping threads took: 0,0000300 seconds
{Heap before GC invocations=283 (full 13):
 par new generation   total 109248K, used 109248K [0x00000007a0000000, 0x00000007a8000000, 0x00000007a8000000)
  eden space 87424K, 100% used [0x00000007a0000000, 0x00000007a5560000, 0x00000007a5560000)
  from space 21824K, 100% used [0x00000007a6ab0000, 0x00000007a8000000, 0x00000007a8000000)
  to   space 21824K,   0% used [0x00000007a5560000, 0x00000007a5560000, 0x00000007a6ab0000)
 concurrent mark-sweep generation total 393216K, used 167988K [0x00000007a8000000, 0x00000007c0000000, 0x00000007c0000000)
 Metaspace       used 46890K, capacity 47928K, committed 48460K, reserved 1091584K
  class space    used 5078K, capacity 5374K, committed 5496K, reserved 1048576K
2016-09-11T21:59:13.021-0100: 439,405: [GC (Allocation Failure) 2016-09-11T21:59:13.021-0100: 439,405: [ParNew
Desired survivor size 20112992 bytes, new threshold 6 (max 8)
- age   1:    9478792 bytes,    9478792 total
- age   2:    1194544 bytes,   10673336 total
- age   3:    2441808 bytes,   13115144 total
- age   4:    6303448 bytes,   19418592 total
- age   5:      24936 bytes,   19443528 total
- age   6:    2103256 bytes,   21546784 total
- age   7:      28872 bytes,   21575656 total
- age   8:        232 bytes,   21575888 total
: 109248K->21824K(109248K), 0,0241382 secs] 277236K->195069K(502464K), 0,0242358 secs] [Times: user=0,08 sys=0,00, real=0,02 secs] 
Heap after GC invocations=284 (full 13):
 par new generation   total 109248K, used 21824K [0x00000007a0000000, 0x00000007a8000000, 0x00000007a8000000)
  eden space 87424K,   0% used [0x00000007a0000000, 0x00000007a0000000, 0x00000007a5560000)
  from space 21824K, 100% used [0x00000007a5560000, 0x00000007a6ab0000, 0x00000007a6ab0000)
  to   space 21824K,   0% used [0x00000007a6ab0000, 0x00000007a6ab0000, 0x00000007a8000000)
 concurrent mark-sweep generation total 393216K, used 173245K [0x00000007a8000000, 0x00000007c0000000, 0x00000007c0000000)
 Metaspace       used 46890K, capacity 47928K, committed 48460K, reserved 1091584K
  class space    used 5078K, capacity 5374K, committed 5496K, reserved 1048576K
}
2016-09-11T21:59:13.045-0100: 439,429: Total time for which application threads were stopped: 0,0246590 seconds, Stopping threads took: 0,0000344 seconds
{Heap before GC invocations=284 (full 13):
 par new generation   total 109248K, used 109248K [0x00000007a0000000, 0x00000007a8000000, 0x00000007a8000000)
  eden space 87424K, 100% used [0x00000007a0000000, 0x00000007a5560000, 0x00000007a5560000)
  from space 21824K, 100% used [0x00000007a5560000, 0x00000007a6ab0000, 0x00000007a6ab0000)
  to   space 21824K,   0% used [0x00000007a6ab0000, 0x00000007a6ab0000, 0x00000007a8000000)
 concurrent mark-sweep generation total 393216K, used 173245K [0x00000007a8000000, 0x00000007c0000000, 0x00000007c0000000)
 Metaspace       used 46890K, capacity 47928K, committed 48460K, reserved 1091584K
  class space    used 5078K, capacity 5374K, committed 5496K, reserved 1048576K
2016-09-11T21:59:13.202-0100: 439,586: [GC (Allocation Failure) 2016-09-11T21:59:13.202-0100: 439,586: [ParNew
Desired survivor size 20112992 bytes, new threshold 8 (max 8)
- age   1:    2818304 bytes,    2818304 total
- age   2:    6411896 bytes,    9230200 total
- age   3:    1194464 bytes,   10424664 total
- age   4:    2429728 bytes,   12854392 total
- age   5:    5984040 bytes,   18838432 total
- age   6:      24936 bytes,   18863368 total
: 109248K->21824K(109248K), 0,0189467 secs] 282493K->199409K(502464K), 0,0190460 secs] [Times: user=0,05 sys=0,00, real=0,02 secs] 
Heap after GC invocations=285 (full 13):
 par new generation   total 109248K, used 21824K [0x00000007a0000000, 0x00000007a8000000, 0x00000007a8000000)
  eden space 87424K,   0% used [0x00000007a0000000, 0x00000007a0000000, 0x00000007a5560000)
  from space 21824K, 100% used [0x00000007a6ab0000, 0x00000007a8000000, 0x00000007a8000000)
  to   space 21824K,   0% used [0x00000007a5560000, 0x00000007a5560000, 0x00000007a6ab0000)
 concurrent mark-sweep generation total 393216K, used 177585K [0x00000007a8000000, 0x00000007c0000000, 0x00000007c0000000)
 Metaspace       used 46890K, capacity 47928K, committed 48460K, reserved 1091584K
  class space    used 5078K, capacity 5374K, committed 5496K, reserved 1048576K
}
2016-09-11T21:59:13.221-0100: 439,605: Total time for which application threads were stopped: 0,0193897 seconds, Stopping threads took: 0,0000312 seconds
{Heap before GC invocations=285 (full 13):
 par new generation   total 109248K, used 109248K [0x00000007a0000000, 0x00000007a8000000, 0x00000007a8000000)
  eden space 87424K, 100% used [0x00000007a0000000, 0x00000007a5560000, 0x00000007a5560000)
  from space 21824K, 100% used [0x00000007a6ab0000, 0x00000007a8000000, 0x00000007a8000000)
  to   space 21824K,   0% used [0x00000007a5560000, 0x00000007a5560000, 0x00000007a6ab0000)
 concurrent mark-sweep generation total 393216K, used 177585K [0x00000007a8000000, 0x00000007c0000000, 0x00000007c0000000)
 Metaspace       used 46892K, capacity 47928K, committed 48460K, reserved 1091584K
  class space    used 5078K, capacity 5374K, committed 5496K, reserved 1048576K
2016-09-11T21:59:13.692-0100: 440,076: [GC (Allocation Failure) 2016-09-11T21:59:13.692-0100: 440,076: [ParNew
Desired survivor size 20112992 bytes, new threshold 6 (max 8)
- age   1:    5476984 bytes,    5476984 total
- age   2:    2268296 bytes,    7745280 total
- age   3:    6228384 bytes,   13973664 total
- age   4:     748016 bytes,   14721680 total
- age   5:    1803696 bytes,   16525376 total
- age   6:    5792656 bytes,   22318032 total
- age   7:      24936 bytes,   22342968 total
: 109248K->21824K(109248K), 0,0322020 secs] 286833K->208951K(502464K), 0,0323014 secs] [Times: user=0,09 sys=0,00, real=0,03 secs] 
Heap after GC invocations=286 (full 13):
 par new generation   total 109248K, used 21824K [0x00000007a0000000, 0x00000007a8000000, 0x00000007a8000000)
  eden space 87424K,   0% used [0x00000007a0000000, 0x00000007a0000000, 0x00000007a5560000)
  from space 21824K, 100% used [0x00000007a5560000, 0x00000007a6ab0000, 0x00000007a6ab0000)
  to   space 21824K,   0% used [0x00000007a6ab0000, 0x00000007a6ab0000, 0x00000007a8000000)
 concurrent mark-sweep generation total 393216K, used 187127K [0x00000007a8000000, 0x00000007c0000000, 0x00000007c0000000)
 Metaspace       used 46892K, capacity 47928K, committed 48460K, reserved 1091584K
  class space    used 5078K, capacity 5374K, committed 5496K, reserved 1048576K
}
2016-09-11T21:59:13.725-0100: 440,109: Total time for which application threads were stopped: 0,0332390 seconds, Stopping threads took: 0,0000419 seconds
{Heap before GC invocations=286 (full 13):
 par new generation   total 109248K, used 109248K [0x00000007a0000000, 0x00000007a8000000, 0x00000007a8000000)
  eden space 87424K, 100% used [0x00000007a0000000, 0x00000007a5560000, 0x00000007a5560000)
  from space 21824K, 100% used [0x00000007a5560000, 0x00000007a6ab0000, 0x00000007a6ab0000)
  to   space 21824K,   0% used [0x00000007a6ab0000, 0x00000007a6ab0000, 0x00000007a8000000)
 concurrent mark-sweep generation total 393216K, used 187127K [0x00000007a8000000, 0x00000007c0000000, 0x00000007c0000000)
 Metaspace       used 46892K, capacity 47928K, committed 48460K, reserved 1091584K
  class space    used 5078K, capacity 5374K, committed 5496K, reserved 1048576K
2016-09-11T21:59:13.921-0100: 440,305: [GC (Allocation Failure) 2016-09-11T21:59:13.921-0100: 440,305: [ParNew
Desired survivor size 20112992 bytes, new threshold 8 (max 8)
- age   1:    3887800 bytes,    3887800 total
- age   2:    4515952 bytes,    8403752 total
- age   3:    2268296 bytes,   10672048 total
- age   4:    6228344 bytes,   16900392 total
- age   5:     691216 bytes,   17591608 total
- age   6:    1514136 bytes,   19105744 total
: 109248K->21824K(109248K), 0,0223170 secs] 296375K->216261K(502464K), 0,0224343 secs] [Times: user=0,07 sys=0,00, real=0,02 secs] 
Heap after GC invocations=287 (full 13):
 par new generation   total 109248K, used 21824K [0x00000007a0000000, 0x00000007a8000000, 0x00000007a8000000)
  eden space 87424K,   0% used [0x00000007a0000000, 0x00000007a0000000, 0x00000007a5560000)
  from space 21824K, 100% used [0x00000007a6ab0000, 0x00000007a8000000, 0x00000007a8000000)
  to   space 21824K,   0% used [0x00000007a5560000, 0x00000007a5560000, 0x00000007a6ab0000)
 concurrent mark-sweep generation total 393216K, used 194437K [0x00000007a8000000, 0x00000007c0000000, 0x00000007c0000000)
 Metaspace       used 46892K, capacity 47928K, committed 48460K, reserved 1091584K
  class space    used 5078K, capacity 5374K, committed 5496K, reserved 1048576K
}
2016-09-11T21:59:13.944-0100: 440,328: Total time for which application threads were stopped: 0,0228091 seconds, Stopping threads took: 0,0000330 seconds
2016-09-11T21:59:13.988-0100: 440,372: Total time for which application threads were stopped: 0,0002602 seconds, Stopping threads took: 0,0000317 seconds
{Heap before GC invocations=287 (full 13):
 par new generation   total 109248K, used 109248K [0x00000007a0000000, 0x00000007a8000000, 0x00000007a8000000)
  eden space 87424K, 100% used [0x00000007a0000000, 0x00000007a5560000, 0x00000007a5560000)
  from space 21824K, 100% used [0x00000007a6ab0000, 0x00000007a8000000, 0x00000007a8000000)
  to   space 21824K,   0% used [0x00000007a5560000, 0x00000007a5560000, 0x00000007a6ab0000)
 concurrent mark-sweep generation total 393216K, used 194437K [0x00000007a8000000, 0x00000007c0000000, 0x00000007c0000000)
 Metaspace       used 46896K, capacity 47928K, committed 48460K, reserved 1091584K
  class space    used 5078K, capacity 5374K, committed 5496K, reserved 1048576K
2016-09-11T21:59:14.187-0100: 440,571: [GC (Allocation Failure) 2016-09-11T21:59:14.187-0100: 440,571: [ParNew
Desired survivor size 20112992 bytes, new threshold 6 (max 8)
- age   1:    6104040 bytes,    6104040 total
- age   2:     917856 bytes,    7021896 total
- age   3:    4220336 bytes,   11242232 total
- age   4:    2268296 bytes,   13510528 total
- age   5:    6222040 bytes,   19732568 total
- age   6:     691216 bytes,   20423784 total
- age   7:    1514136 bytes,   21937920 total
: 109248K->21824K(109248K), 0,0141933 secs] 303685K->217617K(502464K), 0,0142749 secs] [Times: user=0,05 sys=0,00, real=0,02 secs] 
Heap after GC invocations=288 (full 13):
 par new generation   total 109248K, used 21824K [0x00000007a0000000, 0x00000007a8000000, 0x00000007a8000000)
  eden space 87424K,   0% used [0x00000007a0000000, 0x00000007a0000000, 0x00000007a5560000)
  from space 21824K, 100% used [0x00000007a5560000, 0x00000007a6ab0000, 0x00000007a6ab0000)
  to   space 21824K,   0% used [0x00000007a6ab0000, 0x00000007a6ab0000, 0x00000007a8000000)
 concurrent mark-sweep generation total 393216K, used 195793K [0x00000007a8000000, 0x00000007c0000000, 0x00000007c0000000)
 Metaspace       used 46896K, capacity 47928K, committed 48460K, reserved 1091584K
  class space    used 5078K, capacity 5374K, committed 5496K, reserved 1048576K
}
2016-09-11T21:59:14.201-0100: 440,585: Total time for which application threads were stopped: 0,0145932 seconds, Stopping threads took: 0,0000304 seconds
{Heap before GC invocations=288 (full 13):
 par new generation   total 109248K, used 109248K [0x00000007a0000000, 0x00000007a8000000, 0x00000007a8000000)
  eden space 87424K, 100% used [0x00000007a0000000, 0x00000007a5560000, 0x00000007a5560000)
  from space 21824K, 100% used [0x00000007a5560000, 0x00000007a6ab0000, 0x00000007a6ab0000)
  to   space 21824K,   0% used [0x00000007a6ab0000, 0x00000007a6ab0000, 0x00000007a8000000)
 concurrent mark-sweep generation total 393216K, used 195793K [0x00000007a8000000, 0x00000007c0000000, 0x00000007c0000000)
 Metaspace       used 46908K, capacity 47928K, committed 48460K, reserved 1091584K
  class space    used 5078K, capacity 5374K, committed 5496K, reserved 1048576K
2016-09-11T21:59:14.467-0100: 440,851: [GC (Allocation Failure) 2016-09-11T21:59:14.467-0100: 440,851: [ParNew
Desired survivor size 20112992 bytes, new threshold 6 (max 8)
- age   1:    5351112 bytes,    5351112 total
- age   2:    3041352 bytes,    8392464 total
- age   3:     917672 bytes,    9310136 total
- age   4:    4220184 bytes,   13530320 total
- age   5:    2268296 bytes,   15798616 total
- age   6:    6042144 bytes,   21840760 total
: 109248K->21824K(109248K), 0,0174023 secs] 305041K->221573K(502464K), 0,0175246 secs] [Times: user=0,06 sys=0,00, real=0,02 secs] 
Heap after GC invocations=289 (full 13):
 par new generation   total 109248K, used 21824K [0x00000007a0000000, 0x00000007a8000000, 0x00000007a8000000)
  eden space 87424K,   0% used [0x00000007a0000000, 0x00000007a0000000, 0x00000007a5560000)
  from space 21824K, 100% used [0x00000007a6ab0000, 0x00000007a8000000, 0x00000007a8000000)
  to   space 21824K,   0% used [0x00000007a5560000, 0x00000007a5560000, 0x00000007a6ab0000)
 concurrent mark-sweep generation total 393216K, used 199749K [0x00000007a8000000, 0x00000007c0000000, 0x00000007c0000000)
 Metaspace       used 46908K, capacity 47928K, committed 48460K, reserved 1091584K
  class space    used 5078K, capacity 5374K, committed 5496K, reserved 1048576K
}
2016-09-11T21:59:14.484-0100: 440,868: Total time for which application threads were stopped: 0,0178996 seconds, Stopping threads took: 0,0000328 seconds
2016-09-11T21:59:14.485-0100: 440,869: [GC (CMS Initial Mark) [1 CMS-initial-mark: 199749K(393216K)] 222043K(502464K), 0,0044625 secs] [Times: user=0,01 sys=0,00, real=0,00 secs] 
2016-09-11T21:59:14.489-0100: 440,873: Total time for which application threads were stopped: 0,0048057 seconds, Stopping threads took: 0,0000776 seconds
2016-09-11T21:59:14.489-0100: 440,873: [CMS-concurrent-mark-start]
2016-09-11T21:59:14.571-0100: 440,955: [CMS-concurrent-mark: 0,082/0,082 secs] [Times: user=0,20 sys=0,02, real=0,09 secs] 
2016-09-11T21:59:14.572-0100: 440,956: [CMS-concurrent-preclean-start]
2016-09-11T21:59:14.574-0100: 440,958: [CMS-concurrent-preclean: 0,002/0,002 secs] [Times: user=0,00 sys=0,00, real=0,00 secs] 
2016-09-11T21:59:14.574-0100: 440,958: [CMS-concurrent-abortable-preclean-start]
{Heap before GC invocations=289 (full 14):
 par new generation   total 109248K, used 109248K [0x00000007a0000000, 0x00000007a8000000, 0x00000007a8000000)
  eden space 87424K, 100% used [0x00000007a0000000, 0x00000007a5560000, 0x00000007a5560000)
  from space 21824K, 100% used [0x00000007a6ab0000, 0x00000007a8000000, 0x00000007a8000000)
  to   space 21824K,   0% used [0x00000007a5560000, 0x00000007a5560000, 0x00000007a6ab0000)
 concurrent mark-sweep generation total 393216K, used 199749K [0x00000007a8000000, 0x00000007c0000000, 0x00000007c0000000)
 Metaspace       used 46913K, capacity 47928K, committed 48460K, reserved 1091584K
  class space    used 5078K, capacity 5374K, committed 5496K, reserved 1048576K
2016-09-11T21:59:14.724-0100: 441,108: [GC (Allocation Failure) 2016-09-11T21:59:14.724-0100: 441,108: [ParNew2016-09-11T21:59:14.750-0100: 441,134: [CMS-concurrent-abortable-preclean: 0,076/0,176 secs] [Times: user=0,40 sys=0,01, real=0,18 secs] 

Desired survivor size 20112992 bytes, new threshold 5 (max 8)
- age   1:    7938824 bytes,    7938824 total
- age   2:    4832360 bytes,   12771184 total
- age   3:    2930640 bytes,   15701824 total
- age   4:     599824 bytes,   16301648 total
- age   5:    3934952 bytes,   20236600 total
- age   6:    1744488 bytes,   21981088 total
: 109248K->21824K(109248K), 0,0286016 secs] 308997K->231393K(502464K), 0,0286865 secs] [Times: user=0,09 sys=0,00, real=0,03 secs] 
Heap after GC invocations=290 (full 14):
 par new generation   total 109248K, used 21824K [0x00000007a0000000, 0x00000007a8000000, 0x00000007a8000000)
  eden space 87424K,   0% used [0x00000007a0000000, 0x00000007a0000000, 0x00000007a5560000)
  from space 21824K, 100% used [0x00000007a5560000, 0x00000007a6ab0000, 0x00000007a6ab0000)
  to   space 21824K,   0% used [0x00000007a6ab0000, 0x00000007a6ab0000, 0x00000007a8000000)
 concurrent mark-sweep generation total 393216K, used 209569K [0x00000007a8000000, 0x00000007c0000000, 0x00000007c0000000)
 Metaspace       used 46913K, capacity 47928K, committed 48460K, reserved 1091584K
  class space    used 5078K, capacity 5374K, committed 5496K, reserved 1048576K
}
2016-09-11T21:59:14.753-0100: 441,137: Total time for which application threads were stopped: 0,0290210 seconds, Stopping threads took: 0,0000494 seconds
2016-09-11T21:59:14.753-0100: 441,137: [GC (CMS Final Remark) [YG occupancy: 22738 K (109248 K)]{Heap before GC invocations=290 (full 14):
 par new generation   total 109248K, used 22738K [0x00000007a0000000, 0x00000007a8000000, 0x00000007a8000000)
  eden space 87424K,   1% used [0x00000007a0000000, 0x00000007a00e4b30, 0x00000007a5560000)
  from space 21824K, 100% used [0x00000007a5560000, 0x00000007a6ab0000, 0x00000007a6ab0000)
  to   space 21824K,   0% used [0x00000007a6ab0000, 0x00000007a6ab0000, 0x00000007a8000000)
 concurrent mark-sweep generation total 393216K, used 209569K [0x00000007a8000000, 0x00000007c0000000, 0x00000007c0000000)
 Metaspace       used 46913K, capacity 47928K, committed 48460K, reserved 1091584K
  class space    used 5078K, capacity 5374K, committed 5496K, reserved 1048576K
2016-09-11T21:59:14.753-0100: 441,137: [GC (CMS Final Remark) 2016-09-11T21:59:14.753-0100: 441,137: [ParNew
Desired survivor size 20112992 bytes, new threshold 8 (max 8)
- age   1:        144 bytes,        144 total
- age   2:    7297056 bytes,    7297200 total
- age   3:    4725528 bytes,   12022728 total
- age   4:    2816784 bytes,   14839512 total
- age   5:     477600 bytes,   15317112 total
: 22738K->21824K(109248K), 0,0259894 secs] 232308K->238084K(502464K), 0,0260504 secs] [Times: user=0,06 sys=0,01, real=0,02 secs] 
Heap after GC invocations=291 (full 14):
 par new generation   total 109248K, used 21824K [0x00000007a0000000, 0x00000007a8000000, 0x00000007a8000000)
  eden space 87424K,   0% used [0x00000007a0000000, 0x00000007a0000000, 0x00000007a5560000)
  from space 21824K, 100% used [0x00000007a6ab0000, 0x00000007a8000000, 0x00000007a8000000)
  to   space 21824K,   0% used [0x00000007a5560000, 0x00000007a5560000, 0x00000007a6ab0000)
 concurrent mark-sweep generation total 393216K, used 216260K [0x00000007a8000000, 0x00000007c0000000, 0x00000007c0000000)
 Metaspace       used 46913K, capacity 47928K, committed 48460K, reserved 1091584K
  class space    used 5078K, capacity 5374K, committed 5496K, reserved 1048576K
}
2016-09-11T21:59:14.779-0100: 441,164: [Rescan (parallel) , 0,0097152 secs]2016-09-11T21:59:14.789-0100: 441,173: [weak refs processing, 0,0068219 secs]2016-09-11T21:59:14.796-0100: 441,180: [class unloading, 0,0176603 secs]2016-09-11T21:59:14.814-0100: 441,198: [scrub symbol table, 0,0118721 secs]2016-09-11T21:59:14.826-0100: 441,210: [scrub string table, 0,0007697 secs][1 CMS-remark: 216260K(393216K)] 238084K(502464K), 0,0733485 secs] [Times: user=0,15 sys=0,01, real=0,07 secs] 
2016-09-11T21:59:14.827-0100: 441,211: Total time for which application threads were stopped: 0,0736532 seconds, Stopping threads took: 0,0000792 seconds
2016-09-11T21:59:14.827-0100: 441,211: [CMS-concurrent-sweep-start]
2016-09-11T21:59:15.015-0100: 441,399: [CMS-concurrent-sweep: 0,188/0,188 secs] [Times: user=0,38 sys=0,01, real=0,19 secs] 
2016-09-11T21:59:15.015-0100: 441,399: [CMS-concurrent-reset-start]
2016-09-11T21:59:15.016-0100: 441,400: [CMS-concurrent-reset: 0,001/0,001 secs] [Times: user=0,00 sys=0,00, real=0,00 secs] 
{Heap before GC invocations=291 (full 14):
 par new generation   total 109248K, used 109248K [0x00000007a0000000, 0x00000007a8000000, 0x00000007a8000000)
  eden space 87424K, 100% used [0x00000007a0000000, 0x00000007a5560000, 0x00000007a5560000)
  from space 21824K, 100% used [0x00000007a6ab0000, 0x00000007a8000000, 0x00000007a8000000)
  to   space 21824K,   0% used [0x00000007a5560000, 0x00000007a5560000, 0x00000007a6ab0000)
 concurrent mark-sweep generation total 393216K, used 96789K [0x00000007a8000000, 0x00000007c0000000, 0x00000007c0000000)
 Metaspace       used 46917K, capacity 47928K, committed 48460K, reserved 1091584K
  class space    used 5078K, capacity 5374K, committed 5496K, reserved 1048576K
2016-09-11T21:59:15.410-0100: 441,794: [GC (Allocation Failure) 2016-09-11T21:59:15.410-0100: 441,794: [ParNew
Desired survivor size 20112992 bytes, new threshold 5 (max 8)
- age   1:   10561512 bytes,   10561512 total
- age   3:    4664840 bytes,   15226352 total
- age   4:    3832416 bytes,   19058768 total
- age   5:    2805888 bytes,   21864656 total
- age   6:     475800 bytes,   22340456 total
: 109248K->21824K(109248K), 0,0976235 secs] 206037K->121539K(502464K), 0,0980958 secs] [Times: user=0,17 sys=0,01, real=0,09 secs] 
Heap after GC invocations=292 (full 14):
 par new generation   total 109248K, used 21824K [0x00000007a0000000, 0x00000007a8000000, 0x00000007a8000000)
  eden space 87424K,   0% used [0x00000007a0000000, 0x00000007a0000000, 0x00000007a5560000)
  from space 21824K, 100% used [0x00000007a5560000, 0x00000007a6ab0000, 0x00000007a6ab0000)
  to   space 21824K,   0% used [0x00000007a6ab0000, 0x00000007a6ab0000, 0x00000007a8000000)
 concurrent mark-sweep generation total 393216K, used 99715K [0x00000007a8000000, 0x00000007c0000000, 0x00000007c0000000)
 Metaspace       used 46917K, capacity 47928K, committed 48460K, reserved 1091584K
  class space    used 5078K, capacity 5374K, committed 5496K, reserved 1048576K
}
2016-09-11T21:59:15.508-0100: 441,892: Total time for which application threads were stopped: 0,0985921 seconds, Stopping threads took: 0,0000400 seconds
{Heap before GC invocations=292 (full 14):
 par new generation   total 109248K, used 109248K [0x00000007a0000000, 0x00000007a8000000, 0x00000007a8000000)
  eden space 87424K, 100% used [0x00000007a0000000, 0x00000007a5560000, 0x00000007a5560000)
  from space 21824K, 100% used [0x00000007a5560000, 0x00000007a6ab0000, 0x00000007a6ab0000)
  to   space 21824K,   0% used [0x00000007a6ab0000, 0x00000007a6ab0000, 0x00000007a8000000)
 concurrent mark-sweep generation total 393216K, used 99715K [0x00000007a8000000, 0x00000007c0000000, 0x00000007c0000000)
 Metaspace       used 46917K, capacity 47928K, committed 48460K, reserved 1091584K
  class space    used 5078K, capacity 5374K, committed 5496K, reserved 1048576K
2016-09-11T21:59:15.730-0100: 442,114: [GC (Allocation Failure) 2016-09-11T21:59:15.730-0100: 442,114: [ParNew
Desired survivor size 20112992 bytes, new threshold 5 (max 8)
- age   1:    3327000 bytes,    3327000 total
- age   2:    8646776 bytes,   11973776 total
- age   4:    4631112 bytes,   16604888 total
- age   5:    3803376 bytes,   20408264 total
: 109248K->21824K(109248K), 0,0323708 secs] 208963K->126883K(502464K), 0,0324615 secs] [Times: user=0,08 sys=0,00, real=0,03 secs] 
Heap after GC invocations=293 (full 14):
 par new generation   total 109248K, used 21824K [0x00000007a0000000, 0x00000007a8000000, 0x00000007a8000000)
  eden space 87424K,   0% used [0x00000007a0000000, 0x00000007a0000000, 0x00000007a5560000)
  from space 21824K, 100% used [0x00000007a6ab0000, 0x00000007a8000000, 0x00000007a8000000)
  to   space 21824K,   0% used [0x00000007a5560000, 0x00000007a5560000, 0x00000007a6ab0000)
 concurrent mark-sweep generation total 393216K, used 105059K [0x00000007a8000000, 0x00000007c0000000, 0x00000007c0000000)
 Metaspace       used 46917K, capacity 47928K, committed 48460K, reserved 1091584K
  class space    used 5078K, capacity 5374K, committed 5496K, reserved 1048576K
}
2016-09-11T21:59:15.762-0100: 442,147: Total time for which application threads were stopped: 0,0328545 seconds, Stopping threads took: 0,0000331 seconds
2016-09-11T21:59:16.125-0100: 442,509: Total time for which application threads were stopped: 0,0003256 seconds, Stopping threads took: 0,0000392 seconds
2016-09-11T21:59:16.126-0100: 442,510: Total time for which application threads were stopped: 0,0006542 seconds, Stopping threads took: 0,0000219 seconds
{Heap before GC invocations=293 (full 14):
 par new generation   total 109248K, used 109248K [0x00000007a0000000, 0x00000007a8000000, 0x00000007a8000000)
  eden space 87424K, 100% used [0x00000007a0000000, 0x00000007a5560000, 0x00000007a5560000)
  from space 21824K, 100% used [0x00000007a6ab0000, 0x00000007a8000000, 0x00000007a8000000)
  to   space 21824K,   0% used [0x00000007a5560000, 0x00000007a5560000, 0x00000007a6ab0000)
 concurrent mark-sweep generation total 393216K, used 105059K [0x00000007a8000000, 0x00000007c0000000, 0x00000007c0000000)
 Metaspace       used 46937K, capacity 47928K, committed 48460K, reserved 1091584K
  class space    used 5078K, capacity 5374K, committed 5496K, reserved 1048576K
2016-09-11T21:59:16.293-0100: 442,677: [GC (Allocation Failure) 2016-09-11T21:59:16.293-0100: 442,677: [ParNew
Desired survivor size 20112992 bytes, new threshold 5 (max 8)
- age   1:    6931512 bytes,    6931512 total
- age   2:    3154168 bytes,   10085680 total
- age   3:    6562912 bytes,   16648592 total
- age   5:    4579224 bytes,   21227816 total
: 109248K->21824K(109248K), 0,0283045 secs] 214307K->135651K(502464K), 0,0284192 secs] [Times: user=0,07 sys=0,00, real=0,03 secs] 
Heap after GC invocations=294 (full 14):
 par new generation   total 109248K, used 21824K [0x00000007a0000000, 0x00000007a8000000, 0x00000007a8000000)
  eden space 87424K,   0% used [0x00000007a0000000, 0x00000007a0000000, 0x00000007a5560000)
  from space 21824K, 100% used [0x00000007a5560000, 0x00000007a6ab0000, 0x00000007a6ab0000)
  to   space 21824K,   0% used [0x00000007a6ab0000, 0x00000007a6ab0000, 0x00000007a8000000)
 concurrent mark-sweep generation total 393216K, used 113827K [0x00000007a8000000, 0x00000007c0000000, 0x00000007c0000000)
 Metaspace       used 46937K, capacity 47928K, committed 48460K, reserved 1091584K
  class space    used 5078K, capacity 5374K, committed 5496K, reserved 1048576K
}
2016-09-11T21:59:16.321-0100: 442,705: Total time for which application threads were stopped: 0,0288897 seconds, Stopping threads took: 0,0000584 seconds
{Heap before GC invocations=294 (full 14):
 par new generation   total 109248K, used 109248K [0x00000007a0000000, 0x00000007a8000000, 0x00000007a8000000)
  eden space 87424K, 100% used [0x00000007a0000000, 0x00000007a5560000, 0x00000007a5560000)
  from space 21824K, 100% used [0x00000007a5560000, 0x00000007a6ab0000, 0x00000007a6ab0000)
  to   space 21824K,   0% used [0x00000007a6ab0000, 0x00000007a6ab0000, 0x00000007a8000000)
 concurrent mark-sweep generation total 393216K, used 113827K [0x00000007a8000000, 0x00000007c0000000, 0x00000007c0000000)
 Metaspace       used 46961K, capacity 47928K, committed 48460K, reserved 1091584K
  class space    used 5078K, capacity 5374K, committed 5496K, reserved 1048576K
2016-09-11T21:59:16.785-0100: 443,169: [GC (Allocation Failure) 2016-09-11T21:59:16.785-0100: 443,169: [ParNew
Desired survivor size 20112992 bytes, new threshold 4 (max 8)
- age   1:    7642808 bytes,    7642808 total
- age   2:    5110528 bytes,   12753336 total
- age   3:    3154168 bytes,   15907504 total
- age   4:    6437536 bytes,   22345040 total
: 109248K->21824K(109248K), 0,0367506 secs] 223075K->151985K(502464K), 0,0368352 secs] [Times: user=0,11 sys=0,01, real=0,04 secs] 
Heap after GC invocations=295 (full 14):
 par new generation   total 109248K, used 21824K [0x00000007a0000000, 0x00000007a8000000, 0x00000007a8000000)
  eden space 87424K,   0% used [0x00000007a0000000, 0x00000007a0000000, 0x00000007a5560000)
  from space 21824K, 100% used [0x00000007a6ab0000, 0x00000007a8000000, 0x00000007a8000000)
  to   space 21824K,   0% used [0x00000007a5560000, 0x00000007a5560000, 0x00000007a6ab0000)
 concurrent mark-sweep generation total 393216K, used 130161K [0x00000007a8000000, 0x00000007c0000000, 0x00000007c0000000)
 Metaspace       used 46961K, capacity 47928K, committed 48460K, reserved 1091584K
  class space    used 5078K, capacity 5374K, committed 5496K, reserved 1048576K
}
2016-09-11T21:59:16.822-0100: 443,206: Total time for which application threads were stopped: 0,0372107 seconds, Stopping threads took: 0,0000319 seconds
{Heap before GC invocations=295 (full 14):
 par new generation   total 109248K, used 109248K [0x00000007a0000000, 0x00000007a8000000, 0x00000007a8000000)
  eden space 87424K, 100% used [0x00000007a0000000, 0x00000007a5560000, 0x00000007a5560000)
  from space 21824K, 100% used [0x00000007a6ab0000, 0x00000007a8000000, 0x00000007a8000000)
  to   space 21824K,   0% used [0x00000007a5560000, 0x00000007a5560000, 0x00000007a6ab0000)
 concurrent mark-sweep generation total 393216K, used 130161K [0x00000007a8000000, 0x00000007c0000000, 0x00000007c0000000)
 Metaspace       used 46961K, capacity 47928K, committed 48460K, reserved 1091584K
  class space    used 5078K, capacity 5374K, committed 5496K, reserved 1048576K
2016-09-11T21:59:17.025-0100: 443,409: [GC (Allocation Failure) 2016-09-11T21:59:17.025-0100: 443,409: [ParNew
Desired survivor size 20112992 bytes, new threshold 4 (max 8)
- age   1:    8139296 bytes,    8139296 total
- age   2:    5338776 bytes,   13478072 total
- age   3:    5101304 bytes,   18579376 total
- age   4:    3154168 bytes,   21733544 total
: 109248K->21824K(109248K), 0,0244356 secs] 239409K->162526K(502464K), 0,0245474 secs] [Times: user=0,07 sys=0,01, real=0,02 secs] 
Heap after GC invocations=296 (full 14):
 par new generation   total 109248K, used 21824K [0x00000007a0000000, 0x00000007a8000000, 0x00000007a8000000)
  eden space 87424K,   0% used [0x00000007a0000000, 0x00000007a0000000, 0x00000007a5560000)
  from space 21824K, 100% used [0x00000007a5560000, 0x00000007a6ab0000, 0x00000007a6ab0000)
  to   space 21824K,   0% used [0x00000007a6ab0000, 0x00000007a6ab0000, 0x00000007a8000000)
 concurrent mark-sweep generation total 393216K, used 140702K [0x00000007a8000000, 0x00000007c0000000, 0x00000007c0000000)
 Metaspace       used 46961K, capacity 47928K, committed 48460K, reserved 1091584K
  class space    used 5078K, capacity 5374K, committed 5496K, reserved 1048576K
}
2016-09-11T21:59:17.049-0100: 443,433: Total time for which application threads were stopped: 0,0249012 seconds, Stopping threads took: 0,0000304 seconds
{Heap before GC invocations=296 (full 14):
 par new generation   total 109248K, used 109248K [0x00000007a0000000, 0x00000007a8000000, 0x00000007a8000000)
  eden space 87424K, 100% used [0x00000007a0000000, 0x00000007a5560000, 0x00000007a5560000)
  from space 21824K, 100% used [0x00000007a5560000, 0x00000007a6ab0000, 0x00000007a6ab0000)
  to   space 21824K,   0% used [0x00000007a6ab0000, 0x00000007a6ab0000, 0x00000007a8000000)
 concurrent mark-sweep generation total 393216K, used 140702K [0x00000007a8000000, 0x00000007c0000000, 0x00000007c0000000)
 Metaspace       used 46968K, capacity 47992K, committed 48460K, reserved 1091584K
  class space    used 5078K, capacity 5374K, committed 5496K, reserved 1048576K
2016-09-11T21:59:17.377-0100: 443,761: [GC (Allocation Failure) 2016-09-11T21:59:17.377-0100: 443,761: [ParNew
Desired survivor size 20112992 bytes, new threshold 8 (max 8)
- age   1:    7569080 bytes,    7569080 total
- age   2:    4832656 bytes,   12401736 total
- age   3:    2312496 bytes,   14714232 total
- age   4:    4955320 bytes,   19669552 total
: 109248K->21824K(109248K), 0,0227638 secs] 249950K->177569K(502464K), 0,0228512 secs] [Times: user=0,07 sys=0,00, real=0,03 secs] 
Heap after GC invocations=297 (full 14):
 par new generation   total 109248K, used 21824K [0x00000007a0000000, 0x00000007a8000000, 0x00000007a8000000)
  eden space 87424K,   0% used [0x00000007a0000000, 0x00000007a0000000, 0x00000007a5560000)
  from space 21824K, 100% used [0x00000007a6ab0000, 0x00000007a8000000, 0x00000007a8000000)
  to   space 21824K,   0% used [0x00000007a5560000, 0x00000007a5560000, 0x00000007a6ab0000)
 concurrent mark-sweep generation total 393216K, used 155745K [0x00000007a8000000, 0x00000007c0000000, 0x00000007c0000000)
 Metaspace       used 46968K, capacity 47992K, committed 48460K, reserved 1091584K
  class space    used 5078K, capacity 5374K, committed 5496K, reserved 1048576K
}
2016-09-11T21:59:17.400-0100: 443,784: Total time for which application threads were stopped: 0,0231776 seconds, Stopping threads took: 0,0000298 seconds
{Heap before GC invocations=297 (full 14):
 par new generation   total 109248K, used 109248K [0x00000007a0000000, 0x00000007a8000000, 0x00000007a8000000)
  eden space 87424K, 100% used [0x00000007a0000000, 0x00000007a5560000, 0x00000007a5560000)
  from space 21824K, 100% used [0x00000007a6ab0000, 0x00000007a8000000, 0x00000007a8000000)
  to   space 21824K,   0% used [0x00000007a5560000, 0x00000007a5560000, 0x00000007a6ab0000)
 concurrent mark-sweep generation total 393216K, used 155745K [0x00000007a8000000, 0x00000007c0000000, 0x00000007c0000000)
 Metaspace       used 46968K, capacity 47992K, committed 48460K, reserved 1091584K
  class space    used 5078K, capacity 5374K, committed 5496K, reserved 1048576K
2016-09-11T21:59:17.589-0100: 443,974: [GC (Allocation Failure) 2016-09-11T21:59:17.590-0100: 443,974: [ParNew
Desired survivor size 20112992 bytes, new threshold 5 (max 8)
- age   1:    7124008 bytes,    7124008 total
- age   2:    5609608 bytes,   12733616 total
- age   3:    3438280 bytes,   16171896 total
- age   4:    2078480 bytes,   18250376 total
- age   5:    4093232 bytes,   22343608 total
: 109248K->21824K(109248K), 0,0364910 secs] 264993K->189311K(502464K), 0,0368591 secs] [Times: user=0,10 sys=0,01, real=0,04 secs] 
Heap after GC invocations=298 (full 14):
 par new generation   total 109248K, used 21824K [0x00000007a0000000, 0x00000007a8000000, 0x00000007a8000000)
  eden space 87424K,   0% used [0x00000007a0000000, 0x00000007a0000000, 0x00000007a5560000)
  from space 21824K, 100% used [0x00000007a5560000, 0x00000007a6ab0000, 0x00000007a6ab0000)
  to   space 21824K,   0% used [0x00000007a6ab0000, 0x00000007a6ab0000, 0x00000007a8000000)
 concurrent mark-sweep generation total 393216K, used 167487K [0x00000007a8000000, 0x00000007c0000000, 0x00000007c0000000)
 Metaspace       used 46968K, capacity 47992K, committed 48460K, reserved 1091584K
  class space    used 5078K, capacity 5374K, committed 5496K, reserved 1048576K
}
2016-09-11T21:59:17.626-0100: 444,011: Total time for which application threads were stopped: 0,0371702 seconds, Stopping threads took: 0,0000314 seconds
{Heap before GC invocations=298 (full 14):
 par new generation   total 109248K, used 109248K [0x00000007a0000000, 0x00000007a8000000, 0x00000007a8000000)
  eden space 87424K, 100% used [0x00000007a0000000, 0x00000007a5560000, 0x00000007a5560000)
  from space 21824K, 100% used [0x00000007a5560000, 0x00000007a6ab0000, 0x00000007a6ab0000)
  to   space 21824K,   0% used [0x00000007a6ab0000, 0x00000007a6ab0000, 0x00000007a8000000)
 concurrent mark-sweep generation total 393216K, used 167487K [0x00000007a8000000, 0x00000007c0000000, 0x00000007c0000000)
 Metaspace       used 46968K, capacity 47992K, committed 48460K, reserved 1091584K
  class space    used 5078K, capacity 5374K, committed 5496K, reserved 1048576K
2016-09-11T21:59:17.779-0100: 444,163: [GC (Allocation Failure) 2016-09-11T21:59:17.779-0100: 444,163: [ParNew
Desired survivor size 20112992 bytes, new threshold 8 (max 8)
- age   1:    1877128 bytes,    1877128 total
- age   2:    4117984 bytes,    5995112 total
- age   3:    5381280 bytes,   11376392 total
- age   4:    1909056 bytes,   13285448 total
- age   5:    1708552 bytes,   14994000 total
: 109248K->21824K(109248K), 0,0228649 secs] 276735K->199669K(502464K), 0,0229672 secs] [Times: user=0,06 sys=0,00, real=0,03 secs] 
Heap after GC invocations=299 (full 14):
 par new generation   total 109248K, used 21824K [0x00000007a0000000, 0x00000007a8000000, 0x00000007a8000000)
  eden space 87424K,   0% used [0x00000007a0000000, 0x00000007a0000000, 0x00000007a5560000)
  from space 21824K, 100% used [0x00000007a6ab0000, 0x00000007a8000000, 0x00000007a8000000)
  to   space 21824K,   0% used [0x00000007a5560000, 0x00000007a5560000, 0x00000007a6ab0000)
 concurrent mark-sweep generation total 393216K, used 177845K [0x00000007a8000000, 0x00000007c0000000, 0x00000007c0000000)
 Metaspace       used 46968K, capacity 47992K, committed 48460K, reserved 1091584K
  class space    used 5078K, capacity 5374K, committed 5496K, reserved 1048576K
}
2016-09-11T21:59:17.802-0100: 444,186: Total time for which application threads were stopped: 0,0232750 seconds, Stopping threads took: 0,0000285 seconds
{Heap before GC invocations=299 (full 14):
 par new generation   total 109248K, used 109248K [0x00000007a0000000, 0x00000007a8000000, 0x00000007a8000000)
  eden space 87424K, 100% used [0x00000007a0000000, 0x00000007a5560000, 0x00000007a5560000)
  from space 21824K, 100% used [0x00000007a6ab0000, 0x00000007a8000000, 0x00000007a8000000)
  to   space 21824K,   0% used [0x00000007a5560000, 0x00000007a5560000, 0x00000007a6ab0000)
 concurrent mark-sweep generation total 393216K, used 177845K [0x00000007a8000000, 0x00000007c0000000, 0x00000007c0000000)
 Metaspace       used 46968K, capacity 47992K, committed 48460K, reserved 1091584K
  class space    used 5078K, capacity 5374K, committed 5496K, reserved 1048576K
2016-09-11T21:59:17.954-0100: 444,339: [GC (Allocation Failure) 2016-09-11T21:59:17.955-0100: 444,339: [ParNew
Desired survivor size 20112992 bytes, new threshold 8 (max 8)
- age   1:    5681584 bytes,    5681584 total
- age   2:     733032 bytes,    6414616 total
- age   3:    3614584 bytes,   10029200 total
- age   4:    5381280 bytes,   15410480 total
- age   5:    1909056 bytes,   17319536 total
- age   6:    1708552 bytes,   19028088 total
: 109248K->21824K(109248K), 0,0240865 secs] 287093K->201300K(502464K), 0,0241613 secs] [Times: user=0,05 sys=0,00, real=0,02 secs] 
Heap after GC invocations=300 (full 14):
 par new generation   total 109248K, used 21824K [0x00000007a0000000, 0x00000007a8000000, 0x00000007a8000000)
  eden space 87424K,   0% used [0x00000007a0000000, 0x00000007a0000000, 0x00000007a5560000)
  from space 21824K, 100% used [0x00000007a5560000, 0x00000007a6ab0000, 0x00000007a6ab0000)
  to   space 21824K,   0% used [0x00000007a6ab0000, 0x00000007a6ab0000, 0x00000007a8000000)
 concurrent mark-sweep generation total 393216K, used 179476K [0x00000007a8000000, 0x00000007c0000000, 0x00000007c0000000)
 Metaspace       used 46968K, capacity 47992K, committed 48460K, reserved 1091584K
  class space    used 5078K, capacity 5374K, committed 5496K, reserved 1048576K
}
2016-09-11T21:59:17.979-0100: 444,363: Total time for which application threads were stopped: 0,0244689 seconds, Stopping threads took: 0,0000302 seconds
{Heap before GC invocations=300 (full 14):
 par new generation   total 109248K, used 109248K [0x00000007a0000000, 0x00000007a8000000, 0x00000007a8000000)
  eden space 87424K, 100% used [0x00000007a0000000, 0x00000007a5560000, 0x00000007a5560000)
  from space 21824K, 100% used [0x00000007a5560000, 0x00000007a6ab0000, 0x00000007a6ab0000)
  to   space 21824K,   0% used [0x00000007a6ab0000, 0x00000007a6ab0000, 0x00000007a8000000)
 concurrent mark-sweep generation total 393216K, used 179476K [0x00000007a8000000, 0x00000007c0000000, 0x00000007c0000000)
 Metaspace       used 46968K, capacity 47992K, committed 48460K, reserved 1091584K
  class space    used 5078K, capacity 5374K, committed 5496K, reserved 1048576K
2016-09-11T21:59:18.149-0100: 444,533: [GC (Allocation Failure) 2016-09-11T21:59:18.149-0100: 444,533: [ParNew
Desired survivor size 20112992 bytes, new threshold 8 (max 8)
- age   1:     343392 bytes,     343392 total
- age   2:    4124184 bytes,    4467576 total
- age   3:     732848 bytes,    5200424 total
- age   4:    3614584 bytes,    8815008 total
- age   5:    5381280 bytes,   14196288 total
- age   6:    1909056 bytes,   16105344 total
- age   7:    1708552 bytes,   17813896 total
: 109248K->21824K(109248K), 0,0167698 secs] 288724K->201300K(502464K), 0,0168774 secs] [Times: user=0,04 sys=0,00, real=0,02 secs] 
Heap after GC invocations=301 (full 14):
 par new generation   total 109248K, used 21824K [0x00000007a0000000, 0x00000007a8000000, 0x00000007a8000000)
  eden space 87424K,   0% used [0x00000007a0000000, 0x00000007a0000000, 0x00000007a5560000)
  from space 21824K, 100% used [0x00000007a6ab0000, 0x00000007a8000000, 0x00000007a8000000)
  to   space 21824K,   0% used [0x00000007a5560000, 0x00000007a5560000, 0x00000007a6ab0000)
 concurrent mark-sweep generation total 393216K, used 179476K [0x00000007a8000000, 0x00000007c0000000, 0x00000007c0000000)
 Metaspace       used 46968K, capacity 47992K, committed 48460K, reserved 1091584K
  class space    used 5078K, capacity 5374K, committed 5496K, reserved 1048576K
}
2016-09-11T21:59:18.166-0100: 444,550: Total time for which application threads were stopped: 0,0172020 seconds, Stopping threads took: 0,0000302 seconds
{Heap before GC invocations=301 (full 14):
 par new generation   total 109248K, used 109248K [0x00000007a0000000, 0x00000007a8000000, 0x00000007a8000000)
  eden space 87424K, 100% used [0x00000007a0000000, 0x00000007a5560000, 0x00000007a5560000)
  from space 21824K, 100% used [0x00000007a6ab0000, 0x00000007a8000000, 0x00000007a8000000)
  to   space 21824K,   0% used [0x00000007a5560000, 0x00000007a5560000, 0x00000007a6ab0000)
 concurrent mark-sweep generation total 393216K, used 179476K [0x00000007a8000000, 0x00000007c0000000, 0x00000007c0000000)
 Metaspace       used 46968K, capacity 47992K, committed 48460K, reserved 1091584K
  class space    used 5078K, capacity 5374K, committed 5496K, reserved 1048576K
2016-09-11T21:59:18.333-0100: 444,717: [GC (Allocation Failure) 2016-09-11T21:59:18.333-0100: 444,717: [ParNew
Desired survivor size 20112992 bytes, new threshold 8 (max 8)
- age   1:    2559248 bytes,    2559248 total
- age   2:      94568 bytes,    2653816 total
- age   3:    3405160 bytes,    6058976 total
- age   4:     423496 bytes,    6482472 total
- age   5:    3603040 bytes,   10085512 total
- age   6:    5379088 bytes,   15464600 total
- age   7:    1781528 bytes,   17246128 total
- age   8:    1693048 bytes,   18939176 total
: 109248K->21824K(109248K), 0,0189676 secs] 288724K->202264K(502464K), 0,0190486 secs] [Times: user=0,04 sys=0,00, real=0,02 secs] 
Heap after GC invocations=302 (full 14):
 par new generation   total 109248K, used 21824K [0x00000007a0000000, 0x00000007a8000000, 0x00000007a8000000)
  eden space 87424K,   0% used [0x00000007a0000000, 0x00000007a0000000, 0x00000007a5560000)
  from space 21824K, 100% used [0x00000007a5560000, 0x00000007a6ab0000, 0x00000007a6ab0000)
  to   space 21824K,   0% used [0x00000007a6ab0000, 0x00000007a6ab0000, 0x00000007a8000000)
 concurrent mark-sweep generation total 393216K, used 180440K [0x00000007a8000000, 0x00000007c0000000, 0x00000007c0000000)
 Metaspace       used 46968K, capacity 47992K, committed 48460K, reserved 1091584K
  class space    used 5078K, capacity 5374K, committed 5496K, reserved 1048576K
}
2016-09-11T21:59:18.352-0100: 444,736: Total time for which application threads were stopped: 0,0193505 seconds, Stopping threads took: 0,0000287 seconds
{Heap before GC invocations=302 (full 14):
 par new generation   total 109248K, used 109248K [0x00000007a0000000, 0x00000007a8000000, 0x00000007a8000000)
  eden space 87424K, 100% used [0x00000007a0000000, 0x00000007a5560000, 0x00000007a5560000)
  from space 21824K, 100% used [0x00000007a5560000, 0x00000007a6ab0000, 0x00000007a6ab0000)
  to   space 21824K,   0% used [0x00000007a6ab0000, 0x00000007a6ab0000, 0x00000007a8000000)
 concurrent mark-sweep generation total 393216K, used 180440K [0x00000007a8000000, 0x00000007c0000000, 0x00000007c0000000)
 Metaspace       used 46968K, capacity 47992K, committed 48460K, reserved 1091584K
  class space    used 5078K, capacity 5374K, committed 5496K, reserved 1048576K
2016-09-11T21:59:18.522-0100: 444,906: [GC (Allocation Failure) 2016-09-11T21:59:18.522-0100: 444,906: [ParNew
Desired survivor size 20112992 bytes, new threshold 8 (max 8)
- age   1:     909288 bytes,     909288 total
- age   2:    1439320 bytes,    2348608 total
- age   3:      94568 bytes,    2443176 total
- age   4:    1562792 bytes,    4005968 total
- age   5:     422456 bytes,    4428424 total
- age   6:    3603040 bytes,    8031464 total
- age   7:    5379088 bytes,   13410552 total
- age   8:    1781528 bytes,   15192080 total
: 109248K->21824K(109248K), 0,0156971 secs] 289688K->208352K(502464K), 0,0158011 secs] [Times: user=0,04 sys=0,00, real=0,01 secs] 
Heap after GC invocations=303 (full 14):
 par new generation   total 109248K, used 21824K [0x00000007a0000000, 0x00000007a8000000, 0x00000007a8000000)
  eden space 87424K,   0% used [0x00000007a0000000, 0x00000007a0000000, 0x00000007a5560000)
  from space 21824K, 100% used [0x00000007a6ab0000, 0x00000007a8000000, 0x00000007a8000000)
  to   space 21824K,   0% used [0x00000007a5560000, 0x00000007a5560000, 0x00000007a6ab0000)
 concurrent mark-sweep generation total 393216K, used 186528K [0x00000007a8000000, 0x00000007c0000000, 0x00000007c0000000)
 Metaspace       used 46968K, capacity 47992K, committed 48460K, reserved 1091584K
  class space    used 5078K, capacity 5374K, committed 5496K, reserved 1048576K
}
2016-09-11T21:59:18.538-0100: 444,922: Total time for which application threads were stopped: 0,0161423 seconds, Stopping threads took: 0,0000312 seconds
{Heap before GC invocations=303 (full 14):
 par new generation   total 109248K, used 109248K [0x00000007a0000000, 0x00000007a8000000, 0x00000007a8000000)
  eden space 87424K, 100% used [0x00000007a0000000, 0x00000007a5560000, 0x00000007a5560000)
  from space 21824K, 100% used [0x00000007a6ab0000, 0x00000007a8000000, 0x00000007a8000000)
  to   space 21824K,   0% used [0x00000007a5560000, 0x00000007a5560000, 0x00000007a6ab0000)
 concurrent mark-sweep generation total 393216K, used 186528K [0x00000007a8000000, 0x00000007c0000000, 0x00000007c0000000)
 Metaspace       used 46968K, capacity 47992K, committed 48460K, reserved 1091584K
  class space    used 5078K, capacity 5374K, committed 5496K, reserved 1048576K
2016-09-11T21:59:18.716-0100: 445,100: [GC (Allocation Failure) 2016-09-11T21:59:18.716-0100: 445,100: [ParNew
Desired survivor size 20112992 bytes, new threshold 8 (max 8)
- age   1:    2214152 bytes,    2214152 total
- age   2:     888688 bytes,    3102840 total
- age   3:    1439320 bytes,    4542160 total
- age   4:      94568 bytes,    4636728 total
- age   5:    1562792 bytes,    6199520 total
- age   6:     422456 bytes,    6621976 total
- age   7:    3603040 bytes,   10225016 total
- age   8:    5379088 bytes,   15604104 total
: 109248K->20213K(109248K), 0,0162793 secs] 295776K->208569K(502464K), 0,0164116 secs] [Times: user=0,03 sys=0,00, real=0,02 secs] 
Heap after GC invocations=304 (full 14):
 par new generation   total 109248K, used 20213K [0x00000007a0000000, 0x00000007a8000000, 0x00000007a8000000)
  eden space 87424K,   0% used [0x00000007a0000000, 0x00000007a0000000, 0x00000007a5560000)
  from space 21824K,  92% used [0x00000007a5560000, 0x00000007a691d6c0, 0x00000007a6ab0000)
  to   space 21824K,   0% used [0x00000007a6ab0000, 0x00000007a6ab0000, 0x00000007a8000000)
 concurrent mark-sweep generation total 393216K, used 188355K [0x00000007a8000000, 0x00000007c0000000, 0x00000007c0000000)
 Metaspace       used 46968K, capacity 47992K, committed 48460K, reserved 1091584K
  class space    used 5078K, capacity 5374K, committed 5496K, reserved 1048576K
}
2016-09-11T21:59:18.732-0100: 445,116: Total time for which application threads were stopped: 0,0168942 seconds, Stopping threads took: 0,0000325 seconds
{Heap before GC invocations=304 (full 14):
 par new generation   total 109248K, used 107637K [0x00000007a0000000, 0x00000007a8000000, 0x00000007a8000000)
  eden space 87424K, 100% used [0x00000007a0000000, 0x00000007a5560000, 0x00000007a5560000)
  from space 21824K,  92% used [0x00000007a5560000, 0x00000007a691d6c0, 0x00000007a6ab0000)
  to   space 21824K,   0% used [0x00000007a6ab0000, 0x00000007a6ab0000, 0x00000007a8000000)
 concurrent mark-sweep generation total 393216K, used 188355K [0x00000007a8000000, 0x00000007c0000000, 0x00000007c0000000)
 Metaspace       used 46968K, capacity 47992K, committed 48460K, reserved 1091584K
  class space    used 5078K, capacity 5374K, committed 5496K, reserved 1048576K
2016-09-11T21:59:18.895-0100: 445,280: [GC (Allocation Failure) 2016-09-11T21:59:18.896-0100: 445,280: [ParNew
Desired survivor size 20112992 bytes, new threshold 8 (max 8)
- age   1:      85320 bytes,      85320 total
- age   2:    2178624 bytes,    2263944 total
- age   3:     886512 bytes,    3150456 total
- age   4:    1439320 bytes,    4589776 total
- age   5:      94568 bytes,    4684344 total
- age   6:    1562336 bytes,    6246680 total
- age   7:     422456 bytes,    6669136 total
- age   8:    3603040 bytes,   10272176 total
: 107637K->14421K(109248K), 0,0141381 secs] 295993K->208040K(502464K), 0,0148353 secs] [Times: user=0,04 sys=0,00, real=0,02 secs] 
Heap after GC invocations=305 (full 14):
 par new generation   total 109248K, used 14421K [0x00000007a0000000, 0x00000007a8000000, 0x00000007a8000000)
  eden space 87424K,   0% used [0x00000007a0000000, 0x00000007a0000000, 0x00000007a5560000)
  from space 21824K,  66% used [0x00000007a6ab0000, 0x00000007a78c57e0, 0x00000007a8000000)
  to   space 21824K,   0% used [0x00000007a5560000, 0x00000007a5560000, 0x00000007a6ab0000)
 concurrent mark-sweep generation total 393216K, used 193619K [0x00000007a8000000, 0x00000007c0000000, 0x00000007c0000000)
 Metaspace       used 46968K, capacity 47992K, committed 48460K, reserved 1091584K
  class space    used 5078K, capacity 5374K, committed 5496K, reserved 1048576K
}
2016-09-11T21:59:18.911-0100: 445,295: Total time for which application threads were stopped: 0,0155018 seconds, Stopping threads took: 0,0000322 seconds
{Heap before GC invocations=305 (full 14):
 par new generation   total 109248K, used 101845K [0x00000007a0000000, 0x00000007a8000000, 0x00000007a8000000)
  eden space 87424K, 100% used [0x00000007a0000000, 0x00000007a5560000, 0x00000007a5560000)
  from space 21824K,  66% used [0x00000007a6ab0000, 0x00000007a78c57e0, 0x00000007a8000000)
  to   space 21824K,   0% used [0x00000007a5560000, 0x00000007a5560000, 0x00000007a6ab0000)
 concurrent mark-sweep generation total 393216K, used 193619K [0x00000007a8000000, 0x00000007c0000000, 0x00000007c0000000)
 Metaspace       used 46968K, capacity 47992K, committed 48460K, reserved 1091584K
  class space    used 5078K, capacity 5374K, committed 5496K, reserved 1048576K
2016-09-11T21:59:19.116-0100: 445,500: [GC (Allocation Failure) 2016-09-11T21:59:19.116-0100: 445,500: [ParNew
Desired survivor size 20112992 bytes, new threshold 8 (max 8)
- age   1:    3596000 bytes,    3596000 total
- age   2:      84560 bytes,    3680560 total
- age   3:    1747768 bytes,    5428328 total
- age   4:     884016 bytes,    6312344 total
- age   5:    1439320 bytes,    7751664 total
- age   6:      94568 bytes,    7846232 total
- age   7:    1562224 bytes,    9408456 total
- age   8:     422456 bytes,    9830912 total
: 101845K->13099K(109248K), 0,0238779 secs] 295464K->210304K(502464K), 0,0239606 secs] [Times: user=0,03 sys=0,01, real=0,03 secs] 
Heap after GC invocations=306 (full 14):
 par new generation   total 109248K, used 13099K [0x00000007a0000000, 0x00000007a8000000, 0x00000007a8000000)
  eden space 87424K,   0% used [0x00000007a0000000, 0x00000007a0000000, 0x00000007a5560000)
  from space 21824K,  60% used [0x00000007a5560000, 0x00000007a622ae90, 0x00000007a6ab0000)
  to   space 21824K,   0% used [0x00000007a6ab0000, 0x00000007a6ab0000, 0x00000007a8000000)
 concurrent mark-sweep generation total 393216K, used 197204K [0x00000007a8000000, 0x00000007c0000000, 0x00000007c0000000)
 Metaspace       used 46968K, capacity 47992K, committed 48460K, reserved 1091584K
  class space    used 5078K, capacity 5374K, committed 5496K, reserved 1048576K
}
2016-09-11T21:59:19.140-0100: 445,524: Total time for which application threads were stopped: 0,0242963 seconds, Stopping threads took: 0,0000274 seconds
2016-09-11T21:59:19.140-0100: 445,524: [GC (CMS Initial Mark) [1 CMS-initial-mark: 197204K(393216K)] 212020K(502464K), 0,0020790 secs] [Times: user=0,00 sys=0,00, real=0,00 secs] 
2016-09-11T21:59:19.142-0100: 445,527: Total time for which application threads were stopped: 0,0023946 seconds, Stopping threads took: 0,0000884 seconds
2016-09-11T21:59:19.142-0100: 445,527: [CMS-concurrent-mark-start]
2016-09-11T21:59:19.217-0100: 445,602: [CMS-concurrent-mark: 0,075/0,075 secs] [Times: user=0,18 sys=0,00, real=0,07 secs] 
2016-09-11T21:59:19.217-0100: 445,602: [CMS-concurrent-preclean-start]
2016-09-11T21:59:19.219-0100: 445,603: [CMS-concurrent-preclean: 0,002/0,002 secs] [Times: user=0,00 sys=0,00, real=0,00 secs] 
2016-09-11T21:59:19.219-0100: 445,603: [CMS-concurrent-abortable-preclean-start]
{Heap before GC invocations=306 (full 15):
 par new generation   total 109248K, used 100523K [0x00000007a0000000, 0x00000007a8000000, 0x00000007a8000000)
  eden space 87424K, 100% used [0x00000007a0000000, 0x00000007a5560000, 0x00000007a5560000)
  from space 21824K,  60% used [0x00000007a5560000, 0x00000007a622ae90, 0x00000007a6ab0000)
  to   space 21824K,   0% used [0x00000007a6ab0000, 0x00000007a6ab0000, 0x00000007a8000000)
 concurrent mark-sweep generation total 393216K, used 197204K [0x00000007a8000000, 0x00000007c0000000, 0x00000007c0000000)
 Metaspace       used 46968K, capacity 47992K, committed 48460K, reserved 1091584K
  class space    used 5078K, capacity 5374K, committed 5496K, reserved 1048576K
2016-09-11T21:59:19.393-0100: 445,777: [GC (Allocation Failure) 2016-09-11T21:59:19.393-0100: 445,777: [ParNew
Desired survivor size 20112992 bytes, new threshold 8 (max 8)
- age   1:        264 bytes,        264 total
- age   2:    3586464 bytes,    3586728 total
- age   3:      84560 bytes,    3671288 total
- age   4:      94744 bytes,    3766032 total
- age   5:      53288 bytes,    3819320 total
- age   6:    1439320 bytes,    5258640 total
- age   7:      94568 bytes,    5353208 total
- age   8:    1562224 bytes,    6915432 total
: 100523K->10111K(109248K), 0,0076164 secs] 297728K->207736K(502464K), 0,0077100 secs] [Times: user=0,01 sys=0,00, real=0,01 secs] 
Heap after GC invocations=307 (full 15):
 par new generation   total 109248K, used 10111K [0x00000007a0000000, 0x00000007a8000000, 0x00000007a8000000)
  eden space 87424K,   0% used [0x00000007a0000000, 0x00000007a0000000, 0x00000007a5560000)
  from space 21824K,  46% used [0x00000007a6ab0000, 0x00000007a748fdc0, 0x00000007a8000000)
  to   space 21824K,   0% used [0x00000007a5560000, 0x00000007a5560000, 0x00000007a6ab0000)
 concurrent mark-sweep generation total 393216K, used 197625K [0x00000007a8000000, 0x00000007c0000000, 0x00000007c0000000)
 Metaspace       used 46968K, capacity 47992K, committed 48460K, reserved 1091584K
  class space    used 5078K, capacity 5374K, committed 5496K, reserved 1048576K
}
2016-09-11T21:59:19.401-0100: 445,785: Total time for which application threads were stopped: 0,0081108 seconds, Stopping threads took: 0,0000376 seconds
2016-09-11T21:59:19.551-0100: 445,936: [CMS-concurrent-abortable-preclean: 0,086/0,332 secs] [Times: user=0,41 sys=0,00, real=0,34 secs] 
2016-09-11T21:59:19.552-0100: 445,936: [GC (CMS Final Remark) [YG occupancy: 55076 K (109248 K)]{Heap before GC invocations=307 (full 15):
 par new generation   total 109248K, used 55076K [0x00000007a0000000, 0x00000007a8000000, 0x00000007a8000000)
  eden space 87424K,  51% used [0x00000007a0000000, 0x00000007a2be94c0, 0x00000007a5560000)
  from space 21824K,  46% used [0x00000007a6ab0000, 0x00000007a748fdc0, 0x00000007a8000000)
  to   space 21824K,   0% used [0x00000007a5560000, 0x00000007a5560000, 0x00000007a6ab0000)
 concurrent mark-sweep generation total 393216K, used 197625K [0x00000007a8000000, 0x00000007c0000000, 0x00000007c0000000)
 Metaspace       used 46968K, capacity 47992K, committed 48460K, reserved 1091584K
  class space    used 5078K, capacity 5374K, committed 5496K, reserved 1048576K
2016-09-11T21:59:19.552-0100: 445,936: [GC (CMS Final Remark) 2016-09-11T21:59:19.552-0100: 445,936: [ParNew
Desired survivor size 20112992 bytes, new threshold 8 (max 8)
- age   1:    4806720 bytes,    4806720 total
- age   3:    3203712 bytes,    8010432 total
- age   4:      84560 bytes,    8094992 total
- age   5:      94744 bytes,    8189736 total
- age   6:      53288 bytes,    8243024 total
- age   7:    1439320 bytes,    9682344 total
- age   8:      94568 bytes,    9776912 total
: 55076K->12338K(109248K), 0,0094493 secs] 252701K->211497K(502464K), 0,0095425 secs] [Times: user=0,02 sys=0,00, real=0,01 secs] 
Heap after GC invocations=308 (full 15):
 par new generation   total 109248K, used 12338K [0x00000007a0000000, 0x00000007a8000000, 0x00000007a8000000)
  eden space 87424K,   0% used [0x00000007a0000000, 0x00000007a0000000, 0x00000007a5560000)
  from space 21824K,  56% used [0x00000007a5560000, 0x00000007a616c9b0, 0x00000007a6ab0000)
  to   space 21824K,   0% used [0x00000007a6ab0000, 0x00000007a6ab0000, 0x00000007a8000000)
 concurrent mark-sweep generation total 393216K, used 199159K [0x00000007a8000000, 0x00000007c0000000, 0x00000007c0000000)
 Metaspace       used 46968K, capacity 47992K, committed 48460K, reserved 1091584K
  class space    used 5078K, capacity 5374K, committed 5496K, reserved 1048576K
}
2016-09-11T21:59:19.561-0100: 445,946: [Rescan (parallel) , 0,0029356 secs]2016-09-11T21:59:19.564-0100: 445,949: [weak refs processing, 0,0200135 secs]2016-09-11T21:59:19.584-0100: 445,969: [class unloading, 0,0208852 secs]2016-09-11T21:59:19.605-0100: 445,990: [scrub symbol table, 0,0132733 secs]2016-09-11T21:59:19.619-0100: 446,003: [scrub string table, 0,0017233 secs][1 CMS-remark: 199159K(393216K)] 211497K(502464K), 0,0690108 secs] [Times: user=0,09 sys=0,01, real=0,07 secs] 
2016-09-11T21:59:19.621-0100: 446,005: Total time for which application threads were stopped: 0,0693521 seconds, Stopping threads took: 0,0000332 seconds
2016-09-11T21:59:19.621-0100: 446,005: [CMS-concurrent-sweep-start]
2016-09-11T21:59:19.627-0100: 446,012: Total time for which application threads were stopped: 0,0007152 seconds, Stopping threads took: 0,0000727 seconds
2016-09-11T21:59:19.822-0100: 446,207: [CMS-concurrent-sweep: 0,200/0,201 secs] [Times: user=0,29 sys=0,03, real=0,20 secs] 
2016-09-11T21:59:19.822-0100: 446,207: [CMS-concurrent-reset-start]
2016-09-11T21:59:19.823-0100: 446,208: [CMS-concurrent-reset: 0,001/0,001 secs] [Times: user=0,00 sys=0,00, real=0,00 secs] 
{Heap before GC invocations=308 (full 15):
 par new generation   total 109248K, used 99762K [0x00000007a0000000, 0x00000007a8000000, 0x00000007a8000000)
  eden space 87424K, 100% used [0x00000007a0000000, 0x00000007a5560000, 0x00000007a5560000)
  from space 21824K,  56% used [0x00000007a5560000, 0x00000007a616c9b0, 0x00000007a6ab0000)
  to   space 21824K,   0% used [0x00000007a6ab0000, 0x00000007a6ab0000, 0x00000007a8000000)
 concurrent mark-sweep generation total 393216K, used 103560K [0x00000007a8000000, 0x00000007c0000000, 0x00000007c0000000)
 Metaspace       used 46969K, capacity 47992K, committed 48460K, reserved 1091584K
  class space    used 5078K, capacity 5374K, committed 5496K, reserved 1048576K
2016-09-11T21:59:19.954-0100: 446,339: [GC (Allocation Failure) 2016-09-11T21:59:19.954-0100: 446,339: [ParNew
Desired survivor size 20112992 bytes, new threshold 4 (max 8)
- age   1:   12752720 bytes,   12752720 total
- age   2:    4746712 bytes,   17499432 total
- age   4:    3199384 bytes,   20698816 total
- age   5:      82576 bytes,   20781392 total
- age   6:      62856 bytes,   20844248 total
- age   7:      38752 bytes,   20883000 total
- age   8:    1439200 bytes,   22322200 total
: 99762K->21824K(109248K), 0,0419184 secs] 203323K->132236K(502464K), 0,0420270 secs] [Times: user=0,07 sys=0,00, real=0,04 secs] 
Heap after GC invocations=309 (full 15):
 par new generation   total 109248K, used 21824K [0x00000007a0000000, 0x00000007a8000000, 0x00000007a8000000)
  eden space 87424K,   0% used [0x00000007a0000000, 0x00000007a0000000, 0x00000007a5560000)
  from space 21824K, 100% used [0x00000007a6ab0000, 0x00000007a8000000, 0x00000007a8000000)
  to   space 21824K,   0% used [0x00000007a5560000, 0x00000007a5560000, 0x00000007a6ab0000)
 concurrent mark-sweep generation total 393216K, used 110412K [0x00000007a8000000, 0x00000007c0000000, 0x00000007c0000000)
 Metaspace       used 46969K, capacity 47992K, committed 48460K, reserved 1091584K
  class space    used 5078K, capacity 5374K, committed 5496K, reserved 1048576K
}
2016-09-11T21:59:19.996-0100: 446,381: Total time for which application threads were stopped: 0,0425306 seconds, Stopping threads took: 0,0000549 seconds
2016-09-11T21:59:20.000-0100: 446,384: Total time for which application threads were stopped: 0,0010067 seconds, Stopping threads took: 0,0007855 seconds
2016-09-11T21:59:20.010-0100: 446,394: Total time for which application threads were stopped: 0,0004293 seconds, Stopping threads took: 0,0001793 seconds
2016-09-11T21:59:20.010-0100: 446,394: Total time for which application threads were stopped: 0,0002083 seconds, Stopping threads took: 0,0000578 seconds
2016-09-11T21:59:20.010-0100: 446,395: Total time for which application threads were stopped: 0,0002313 seconds, Stopping threads took: 0,0000710 seconds
{Heap before GC invocations=309 (full 15):
 par new generation   total 109248K, used 109248K [0x00000007a0000000, 0x00000007a8000000, 0x00000007a8000000)
  eden space 87424K, 100% used [0x00000007a0000000, 0x00000007a5560000, 0x00000007a5560000)
  from space 21824K, 100% used [0x00000007a6ab0000, 0x00000007a8000000, 0x00000007a8000000)
  to   space 21824K,   0% used [0x00000007a5560000, 0x00000007a5560000, 0x00000007a6ab0000)
 concurrent mark-sweep generation total 393216K, used 110412K [0x00000007a8000000, 0x00000007c0000000, 0x00000007c0000000)
 Metaspace       used 46974K, capacity 47992K, committed 48460K, reserved 1091584K
  class space    used 5078K, capacity 5374K, committed 5496K, reserved 1048576K
2016-09-11T21:59:20.251-0100: 446,635: [GC (Allocation Failure) 2016-09-11T21:59:20.251-0100: 446,635: [ParNew
Desired survivor size 20112992 bytes, new threshold 8 (max 8)
- age   1:    1045296 bytes,    1045296 total
- age   2:    9206304 bytes,   10251600 total
- age   3:    3517376 bytes,   13768976 total
: 109248K->21824K(109248K), 0,0175427 secs] 219660K->147368K(502464K), 0,0176351 secs] [Times: user=0,05 sys=0,00, real=0,01 secs] 
Heap after GC invocations=310 (full 15):
 par new generation   total 109248K, used 21824K [0x00000007a0000000, 0x00000007a8000000, 0x00000007a8000000)
  eden space 87424K,   0% used [0x00000007a0000000, 0x00000007a0000000, 0x00000007a5560000)
  from space 21824K, 100% used [0x00000007a5560000, 0x00000007a6ab0000, 0x00000007a6ab0000)
  to   space 21824K,   0% used [0x00000007a6ab0000, 0x00000007a6ab0000, 0x00000007a8000000)
 concurrent mark-sweep generation total 393216K, used 125544K [0x00000007a8000000, 0x00000007c0000000, 0x00000007c0000000)
 Metaspace       used 46974K, capacity 47992K, committed 48460K, reserved 1091584K
  class space    used 5078K, capacity 5374K, committed 5496K, reserved 1048576K
}
2016-09-11T21:59:20.269-0100: 446,653: Total time for which application threads were stopped: 0,0180520 seconds, Stopping threads took: 0,0000320 seconds
{Heap before GC invocations=310 (full 15):
 par new generation   total 109248K, used 109248K [0x00000007a0000000, 0x00000007a8000000, 0x00000007a8000000)
  eden space 87424K, 100% used [0x00000007a0000000, 0x00000007a5560000, 0x00000007a5560000)
  from space 21824K, 100% used [0x00000007a5560000, 0x00000007a6ab0000, 0x00000007a6ab0000)
  to   space 21824K,   0% used [0x00000007a6ab0000, 0x00000007a6ab0000, 0x00000007a8000000)
 concurrent mark-sweep generation total 393216K, used 125544K [0x00000007a8000000, 0x00000007c0000000, 0x00000007c0000000)
 Metaspace       used 46974K, capacity 47992K, committed 48460K, reserved 1091584K
  class space    used 5078K, capacity 5374K, committed 5496K, reserved 1048576K
2016-09-11T21:59:20.415-0100: 446,799: [GC (Allocation Failure) 2016-09-11T21:59:20.415-0100: 446,799: [ParNew
Desired survivor size 20112992 bytes, new threshold 8 (max 8)
- age   1:       1176 bytes,       1176 total
- age   2:     990112 bytes,     991288 total
- age   3:    9206200 bytes,   10197488 total
- age   4:    3517376 bytes,   13714864 total
: 109248K->17900K(109248K), 0,0069291 secs] 234792K->143445K(502464K), 0,0070339 secs] [Times: user=0,02 sys=0,00, real=0,01 secs] 
Heap after GC invocations=311 (full 15):
 par new generation   total 109248K, used 17900K [0x00000007a0000000, 0x00000007a8000000, 0x00000007a8000000)
  eden space 87424K,   0% used [0x00000007a0000000, 0x00000007a0000000, 0x00000007a5560000)
  from space 21824K,  82% used [0x00000007a6ab0000, 0x00000007a7c2b1c0, 0x00000007a8000000)
  to   space 21824K,   0% used [0x00000007a5560000, 0x00000007a5560000, 0x00000007a6ab0000)
 concurrent mark-sweep generation total 393216K, used 125544K [0x00000007a8000000, 0x00000007c0000000, 0x00000007c0000000)
 Metaspace       used 46974K, capacity 47992K, committed 48460K, reserved 1091584K
  class space    used 5078K, capacity 5374K, committed 5496K, reserved 1048576K
}
2016-09-11T21:59:20.422-0100: 446,807: Total time for which application threads were stopped: 0,0073846 seconds, Stopping threads took: 0,0000306 seconds
{Heap before GC invocations=311 (full 15):
 par new generation   total 109248K, used 105324K [0x00000007a0000000, 0x00000007a8000000, 0x00000007a8000000)
  eden space 87424K, 100% used [0x00000007a0000000, 0x00000007a5560000, 0x00000007a5560000)
  from space 21824K,  82% used [0x00000007a6ab0000, 0x00000007a7c2b1c0, 0x00000007a8000000)
  to   space 21824K,   0% used [0x00000007a5560000, 0x00000007a5560000, 0x00000007a6ab0000)
 concurrent mark-sweep generation total 393216K, used 125544K [0x00000007a8000000, 0x00000007c0000000, 0x00000007c0000000)
 Metaspace       used 46974K, capacity 47992K, committed 48460K, reserved 1091584K
  class space    used 5078K, capacity 5374K, committed 5496K, reserved 1048576K
2016-09-11T21:59:20.566-0100: 446,950: [GC (Allocation Failure) 2016-09-11T21:59:20.566-0100: 446,950: [ParNew
Desired survivor size 20112992 bytes, new threshold 8 (max 8)
- age   1:        528 bytes,        528 total
- age   2:        112 bytes,        640 total
- age   3:     990112 bytes,     990752 total
- age   4:    9206200 bytes,   10196952 total
- age   5:    3517376 bytes,   13714328 total
: 105324K->17528K(109248K), 0,0075222 secs] 230869K->143073K(502464K), 0,0076018 secs] [Times: user=0,02 sys=0,01, real=0,01 secs] 
Heap after GC invocations=312 (full 15):
 par new generation   total 109248K, used 17528K [0x00000007a0000000, 0x00000007a8000000, 0x00000007a8000000)
  eden space 87424K,   0% used [0x00000007a0000000, 0x00000007a0000000, 0x00000007a5560000)
  from space 21824K,  80% used [0x00000007a5560000, 0x00000007a667e2b0, 0x00000007a6ab0000)
  to   space 21824K,   0% used [0x00000007a6ab0000, 0x00000007a6ab0000, 0x00000007a8000000)
 concurrent mark-sweep generation total 393216K, used 125544K [0x00000007a8000000, 0x00000007c0000000, 0x00000007c0000000)
 Metaspace       used 46974K, capacity 47992K, committed 48460K, reserved 1091584K
  class space    used 5078K, capacity 5374K, committed 5496K, reserved 1048576K
}
2016-09-11T21:59:20.573-0100: 446,958: Total time for which application threads were stopped: 0,0079043 seconds, Stopping threads took: 0,0000301 seconds
{Heap before GC invocations=312 (full 15):
 par new generation   total 109248K, used 104952K [0x00000007a0000000, 0x00000007a8000000, 0x00000007a8000000)
  eden space 87424K, 100% used [0x00000007a0000000, 0x00000007a5560000, 0x00000007a5560000)
  from space 21824K,  80% used [0x00000007a5560000, 0x00000007a667e2b0, 0x00000007a6ab0000)
  to   space 21824K,   0% used [0x00000007a6ab0000, 0x00000007a6ab0000, 0x00000007a8000000)
 concurrent mark-sweep generation total 393216K, used 125544K [0x00000007a8000000, 0x00000007c0000000, 0x00000007c0000000)
 Metaspace       used 46974K, capacity 47992K, committed 48460K, reserved 1091584K
  class space    used 5078K, capacity 5374K, committed 5496K, reserved 1048576K
2016-09-11T21:59:20.726-0100: 447,110: [GC (Allocation Failure) 2016-09-11T21:59:20.726-0100: 447,110: [ParNew
Desired survivor size 20112992 bytes, new threshold 8 (max 8)
- age   1:    3469096 bytes,    3469096 total
- age   3:        112 bytes,    3469208 total
- age   4:     653224 bytes,    4122432 total
- age   5:    9206200 bytes,   13328632 total
- age   6:    3517376 bytes,   16846008 total
: 104952K->20325K(109248K), 0,0109025 secs] 230497K->145870K(502464K), 0,0109945 secs] [Times: user=0,02 sys=0,00, real=0,01 secs] 
Heap after GC invocations=313 (full 15):
 par new generation   total 109248K, used 20325K [0x00000007a0000000, 0x00000007a8000000, 0x00000007a8000000)
  eden space 87424K,   0% used [0x00000007a0000000, 0x00000007a0000000, 0x00000007a5560000)
  from space 21824K,  93% used [0x00000007a6ab0000, 0x00000007a7e896a0, 0x00000007a8000000)
  to   space 21824K,   0% used [0x00000007a5560000, 0x00000007a5560000, 0x00000007a6ab0000)
 concurrent mark-sweep generation total 393216K, used 125544K [0x00000007a8000000, 0x00000007c0000000, 0x00000007c0000000)
 Metaspace       used 46974K, capacity 47992K, committed 48460K, reserved 1091584K
  class space    used 5078K, capacity 5374K, committed 5496K, reserved 1048576K
}
2016-09-11T21:59:20.737-0100: 447,121: Total time for which application threads were stopped: 0,0112997 seconds, Stopping threads took: 0,0000307 seconds
{Heap before GC invocations=313 (full 15):
 par new generation   total 109248K, used 107749K [0x00000007a0000000, 0x00000007a8000000, 0x00000007a8000000)
  eden space 87424K, 100% used [0x00000007a0000000, 0x00000007a5560000, 0x00000007a5560000)
  from space 21824K,  93% used [0x00000007a6ab0000, 0x00000007a7e896a0, 0x00000007a8000000)
  to   space 21824K,   0% used [0x00000007a5560000, 0x00000007a5560000, 0x00000007a6ab0000)
 concurrent mark-sweep generation total 393216K, used 125544K [0x00000007a8000000, 0x00000007c0000000, 0x00000007c0000000)
 Metaspace       used 46974K, capacity 47992K, committed 48460K, reserved 1091584K
  class space    used 5078K, capacity 5374K, committed 5496K, reserved 1048576K
2016-09-11T21:59:20.882-0100: 447,267: [GC (Allocation Failure) 2016-09-11T21:59:20.883-0100: 447,267: [ParNew
Desired survivor size 20112992 bytes, new threshold 8 (max 8)
- age   1:    1077536 bytes,    1077536 total
- age   2:    2993504 bytes,    4071040 total
- age   4:        112 bytes,    4071152 total
- age   5:     622096 bytes,    4693248 total
- age   6:    9206160 bytes,   13899408 total
- age   7:    3517376 bytes,   17416784 total
: 107749K->21824K(109248K), 0,0091121 secs] 233294K->147514K(502464K), 0,0091871 secs] [Times: user=0,03 sys=0,00, real=0,01 secs] 
Heap after GC invocations=314 (full 15):
 par new generation   total 109248K, used 21824K [0x00000007a0000000, 0x00000007a8000000, 0x00000007a8000000)
  eden space 87424K,   0% used [0x00000007a0000000, 0x00000007a0000000, 0x00000007a5560000)
  from space 21824K, 100% used [0x00000007a5560000, 0x00000007a6ab0000, 0x00000007a6ab0000)
  to   space 21824K,   0% used [0x00000007a6ab0000, 0x00000007a6ab0000, 0x00000007a8000000)
 concurrent mark-sweep generation total 393216K, used 125690K [0x00000007a8000000, 0x00000007c0000000, 0x00000007c0000000)
 Metaspace       used 46974K, capacity 47992K, committed 48460K, reserved 1091584K
  class space    used 5078K, capacity 5374K, committed 5496K, reserved 1048576K
}
2016-09-11T21:59:20.892-0100: 447,276: Total time for which application threads were stopped: 0,0095101 seconds, Stopping threads took: 0,0000329 seconds
2016-09-11T21:59:20.985-0100: 447,369: Total time for which application threads were stopped: 0,0002496 seconds, Stopping threads took: 0,0000286 seconds
2016-09-11T21:59:20.986-0100: 447,370: Total time for which application threads were stopped: 0,0002107 seconds, Stopping threads took: 0,0000317 seconds
2016-09-11T21:59:20.986-0100: 447,370: Total time for which application threads were stopped: 0,0001528 seconds, Stopping threads took: 0,0000130 seconds
2016-09-11T21:59:20.986-0100: 447,370: Total time for which application threads were stopped: 0,0001581 seconds, Stopping threads took: 0,0000113 seconds
{Heap before GC invocations=314 (full 15):
 par new generation   total 109248K, used 109248K [0x00000007a0000000, 0x00000007a8000000, 0x00000007a8000000)
  eden space 87424K, 100% used [0x00000007a0000000, 0x00000007a5560000, 0x00000007a5560000)
  from space 21824K, 100% used [0x00000007a5560000, 0x00000007a6ab0000, 0x00000007a6ab0000)
  to   space 21824K,   0% used [0x00000007a6ab0000, 0x00000007a6ab0000, 0x00000007a8000000)
 concurrent mark-sweep generation total 393216K, used 125690K [0x00000007a8000000, 0x00000007c0000000, 0x00000007c0000000)
 Metaspace       used 46975K, capacity 47992K, committed 48460K, reserved 1091584K
  class space    used 5078K, capacity 5374K, committed 5496K, reserved 1048576K
2016-09-11T21:59:21.230-0100: 447,615: [GC (Allocation Failure) 2016-09-11T21:59:21.231-0100: 447,615: [ParNew
Desired survivor size 20112992 bytes, new threshold 8 (max 8)
- age   1:   11207864 bytes,   11207864 total
- age   2:     616768 bytes,   11824632 total
- age   3:     616664 bytes,   12441296 total
- age   5:        112 bytes,   12441408 total
- age   6:     622096 bytes,   13063504 total
- age   7:    5850960 bytes,   18914464 total
- age   8:    3430344 bytes,   22344808 total
: 109248K->21824K(109248K), 0,0171438 secs] 234938K->153027K(502464K), 0,0172387 secs] [Times: user=0,06 sys=0,00, real=0,01 secs] 
Heap after GC invocations=315 (full 15):
 par new generation   total 109248K, used 21824K [0x00000007a0000000, 0x00000007a8000000, 0x00000007a8000000)
  eden space 87424K,   0% used [0x00000007a0000000, 0x00000007a0000000, 0x00000007a5560000)
  from space 21824K, 100% used [0x00000007a6ab0000, 0x00000007a8000000, 0x00000007a8000000)
  to   space 21824K,   0% used [0x00000007a5560000, 0x00000007a5560000, 0x00000007a6ab0000)
 concurrent mark-sweep generation total 393216K, used 131203K [0x00000007a8000000, 0x00000007c0000000, 0x00000007c0000000)
 Metaspace       used 46975K, capacity 47992K, committed 48460K, reserved 1091584K
  class space    used 5078K, capacity 5374K, committed 5496K, reserved 1048576K
}
2016-09-11T21:59:21.248-0100: 447,632: Total time for which application threads were stopped: 0,0175203 seconds, Stopping threads took: 0,0000262 seconds
{Heap before GC invocations=315 (full 15):
 par new generation   total 109248K, used 109248K [0x00000007a0000000, 0x00000007a8000000, 0x00000007a8000000)
  eden space 87424K, 100% used [0x00000007a0000000, 0x00000007a5560000, 0x00000007a5560000)
  from space 21824K, 100% used [0x00000007a6ab0000, 0x00000007a8000000, 0x00000007a8000000)
  to   space 21824K,   0% used [0x00000007a5560000, 0x00000007a5560000, 0x00000007a6ab0000)
 concurrent mark-sweep generation total 393216K, used 131203K [0x00000007a8000000, 0x00000007c0000000, 0x00000007c0000000)
 Metaspace       used 46975K, capacity 47992K, committed 48460K, reserved 1091584K
  class space    used 5078K, capacity 5374K, committed 5496K, reserved 1048576K
2016-09-11T21:59:21.364-0100: 447,748: [GC (Allocation Failure) 2016-09-11T21:59:21.364-0100: 447,748: [ParNew
Desired survivor size 20112992 bytes, new threshold 8 (max 8)
- age   1:    3372272 bytes,    3372272 total
- age   2:    9650424 bytes,   13022696 total
- age   3:     329128 bytes,   13351824 total
- age   4:     311136 bytes,   13662960 total
- age   6:        112 bytes,   13663072 total
- age   7:     175536 bytes,   13838608 total
- age   8:    5779624 bytes,   19618232 total
: 109248K->21824K(109248K), 0,0188046 secs] 240451K->159668K(502464K), 0,0188876 secs] [Times: user=0,06 sys=0,00, real=0,02 secs] 
Heap after GC invocations=316 (full 15):
 par new generation   total 109248K, used 21824K [0x00000007a0000000, 0x00000007a8000000, 0x00000007a8000000)
  eden space 87424K,   0% used [0x00000007a0000000, 0x00000007a0000000, 0x00000007a5560000)
  from space 21824K, 100% used [0x00000007a5560000, 0x00000007a6ab0000, 0x00000007a6ab0000)
  to   space 21824K,   0% used [0x00000007a6ab0000, 0x00000007a6ab0000, 0x00000007a8000000)
 concurrent mark-sweep generation total 393216K, used 137844K [0x00000007a8000000, 0x00000007c0000000, 0x00000007c0000000)
 Metaspace       used 46975K, capacity 47992K, committed 48460K, reserved 1091584K
  class space    used 5078K, capacity 5374K, committed 5496K, reserved 1048576K
}
2016-09-11T21:59:21.383-0100: 447,767: Total time for which application threads were stopped: 0,0192141 seconds, Stopping threads took: 0,0000302 seconds
2016-09-11T21:59:21.456-0100: 447,840: Total time for which application threads were stopped: 0,0002103 seconds, Stopping threads took: 0,0000272 seconds
2016-09-11T21:59:21.456-0100: 447,840: Total time for which application threads were stopped: 0,0001153 seconds, Stopping threads took: 0,0000157 seconds
2016-09-11T21:59:21.456-0100: 447,841: Total time for which application threads were stopped: 0,0001125 seconds, Stopping threads took: 0,0000145 seconds
{Heap before GC invocations=316 (full 15):
 par new generation   total 109248K, used 109248K [0x00000007a0000000, 0x00000007a8000000, 0x00000007a8000000)
  eden space 87424K, 100% used [0x00000007a0000000, 0x00000007a5560000, 0x00000007a5560000)
  from space 21824K, 100% used [0x00000007a5560000, 0x00000007a6ab0000, 0x00000007a6ab0000)
  to   space 21824K,   0% used [0x00000007a6ab0000, 0x00000007a6ab0000, 0x00000007a8000000)
 concurrent mark-sweep generation total 393216K, used 137844K [0x00000007a8000000, 0x00000007c0000000, 0x00000007c0000000)
 Metaspace       used 46975K, capacity 47992K, committed 48460K, reserved 1091584K
  class space    used 5078K, capacity 5374K, committed 5496K, reserved 1048576K
2016-09-11T21:59:21.746-0100: 448,130: [GC (Allocation Failure) 2016-09-11T21:59:21.747-0100: 448,132: [ParNew
Desired survivor size 20112992 bytes, new threshold 8 (max 8)
- age   1:    7531488 bytes,    7531488 total
- age   2:    1591656 bytes,    9123144 total
- age   3:    8576856 bytes,   17700000 total
- age   4:     329128 bytes,   18029128 total
- age   5:     311136 bytes,   18340264 total
- age   7:        112 bytes,   18340376 total
- age   8:     175536 bytes,   18515912 total
: 109248K->21824K(109248K), 0,0176549 secs] 247092K->167097K(502464K), 0,0190853 secs] [Times: user=0,05 sys=0,00, real=0,02 secs] 
Heap after GC invocations=317 (full 15):
 par new generation   total 109248K, used 21824K [0x00000007a0000000, 0x00000007a8000000, 0x00000007a8000000)
  eden space 87424K,   0% used [0x00000007a0000000, 0x00000007a0000000, 0x00000007a5560000)
  from space 21824K, 100% used [0x00000007a6ab0000, 0x00000007a8000000, 0x00000007a8000000)
  to   space 21824K,   0% used [0x00000007a5560000, 0x00000007a5560000, 0x00000007a6ab0000)
 concurrent mark-sweep generation total 393216K, used 145273K [0x00000007a8000000, 0x00000007c0000000, 0x00000007c0000000)
 Metaspace       used 46975K, capacity 47992K, committed 48460K, reserved 1091584K
  class space    used 5078K, capacity 5374K, committed 5496K, reserved 1048576K
}
2016-09-11T21:59:21.765-0100: 448,150: Total time for which application threads were stopped: 0,0194731 seconds, Stopping threads took: 0,0000315 seconds
{Heap before GC invocations=317 (full 15):
 par new generation   total 109248K, used 109248K [0x00000007a0000000, 0x00000007a8000000, 0x00000007a8000000)
  eden space 87424K, 100% used [0x00000007a0000000, 0x00000007a5560000, 0x00000007a5560000)
  from space 21824K, 100% used [0x00000007a6ab0000, 0x00000007a8000000, 0x00000007a8000000)
  to   space 21824K,   0% used [0x00000007a5560000, 0x00000007a5560000, 0x00000007a6ab0000)
 concurrent mark-sweep generation total 393216K, used 145273K [0x00000007a8000000, 0x00000007c0000000, 0x00000007c0000000)
 Metaspace       used 46977K, capacity 47992K, committed 48460K, reserved 1091584K
  class space    used 5078K, capacity 5374K, committed 5496K, reserved 1048576K
2016-09-11T21:59:22.385-0100: 448,770: [GC (Allocation Failure) 2016-09-11T21:59:22.385-0100: 448,770: [ParNew
Desired survivor size 20112992 bytes, new threshold 4 (max 8)
- age   1:    6671664 bytes,    6671664 total
- age   2:    5316416 bytes,   11988080 total
- age   3:    1341080 bytes,   13329160 total
- age   4:    8346552 bytes,   21675712 total
- age   5:     329128 bytes,   22004840 total
- age   6:     311136 bytes,   22315976 total
- age   8:        112 bytes,   22316088 total
: 109248K->21824K(109248K), 0,0270655 secs] 254521K->174876K(502464K), 0,0271527 secs] [Times: user=0,08 sys=0,00, real=0,03 secs] 
Heap after GC invocations=318 (full 15):
 par new generation   total 109248K, used 21824K [0x00000007a0000000, 0x00000007a8000000, 0x00000007a8000000)
  eden space 87424K,   0% used [0x00000007a0000000, 0x00000007a0000000, 0x00000007a5560000)
  from space 21824K, 100% used [0x00000007a5560000, 0x00000007a6ab0000, 0x00000007a6ab0000)
  to   space 21824K,   0% used [0x00000007a6ab0000, 0x00000007a6ab0000, 0x00000007a8000000)
 concurrent mark-sweep generation total 393216K, used 153052K [0x00000007a8000000, 0x00000007c0000000, 0x00000007c0000000)
 Metaspace       used 46977K, capacity 47992K, committed 48460K, reserved 1091584K
  class space    used 5078K, capacity 5374K, committed 5496K, reserved 1048576K
}
2016-09-11T21:59:22.413-0100: 448,797: Total time for which application threads were stopped: 0,0274678 seconds, Stopping threads took: 0,0000302 seconds
{Heap before GC invocations=318 (full 15):
 par new generation   total 109248K, used 109244K [0x00000007a0000000, 0x00000007a8000000, 0x00000007a8000000)
  eden space 87424K,  99% used [0x00000007a0000000, 0x00000007a555f3e8, 0x00000007a5560000)
  from space 21824K, 100% used [0x00000007a5560000, 0x00000007a6ab0000, 0x00000007a6ab0000)
  to   space 21824K,   0% used [0x00000007a6ab0000, 0x00000007a6ab0000, 0x00000007a8000000)
 concurrent mark-sweep generation total 393216K, used 153052K [0x00000007a8000000, 0x00000007c0000000, 0x00000007c0000000)
 Metaspace       used 46977K, capacity 47992K, committed 48460K, reserved 1091584K
  class space    used 5078K, capacity 5374K, committed 5496K, reserved 1048576K
2016-09-11T21:59:22.522-0100: 448,906: [GC (Allocation Failure) 2016-09-11T21:59:22.522-0100: 448,906: [ParNew
Desired survivor size 20112992 bytes, new threshold 8 (max 8)
- age   1:    2362800 bytes,    2362800 total
- age   2:    5957968 bytes,    8320768 total
- age   3:    5314184 bytes,   13634952 total
- age   4:    1338968 bytes,   14973920 total
: 109244K->21824K(109248K), 0,0267573 secs] 262297K->186615K(502464K), 0,0268539 secs] [Times: user=0,07 sys=0,00, real=0,02 secs] 
Heap after GC invocations=319 (full 15):
 par new generation   total 109248K, used 21824K [0x00000007a0000000, 0x00000007a8000000, 0x00000007a8000000)
  eden space 87424K,   0% used [0x00000007a0000000, 0x00000007a0000000, 0x00000007a5560000)
  from space 21824K, 100% used [0x00000007a6ab0000, 0x00000007a8000000, 0x00000007a8000000)
  to   space 21824K,   0% used [0x00000007a5560000, 0x00000007a5560000, 0x00000007a6ab0000)
 concurrent mark-sweep generation total 393216K, used 164791K [0x00000007a8000000, 0x00000007c0000000, 0x00000007c0000000)
 Metaspace       used 46977K, capacity 47992K, committed 48460K, reserved 1091584K
  class space    used 5078K, capacity 5374K, committed 5496K, reserved 1048576K
}
2016-09-11T21:59:22.549-0100: 448,933: Total time for which application threads were stopped: 0,0272657 seconds, Stopping threads took: 0,0001292 seconds
2016-09-11T21:59:22.574-0100: 448,958: Total time for which application threads were stopped: 0,0020609 seconds, Stopping threads took: 0,0018097 seconds
2016-09-11T21:59:22.578-0100: 448,962: Total time for which application threads were stopped: 0,0002633 seconds, Stopping threads took: 0,0000337 seconds
2016-09-11T21:59:22.591-0100: 448,975: Total time for which application threads were stopped: 0,0054463 seconds, Stopping threads took: 0,0052191 seconds
2016-09-11T21:59:22.595-0100: 448,979: Total time for which application threads were stopped: 0,0002489 seconds, Stopping threads took: 0,0000564 seconds
2016-09-11T21:59:22.595-0100: 448,980: Total time for which application threads were stopped: 0,0001957 seconds, Stopping threads took: 0,0000851 seconds
{Heap before GC invocations=319 (full 15):
 par new generation   total 109248K, used 109248K [0x00000007a0000000, 0x00000007a8000000, 0x00000007a8000000)
  eden space 87424K, 100% used [0x00000007a0000000, 0x00000007a5560000, 0x00000007a5560000)
  from space 21824K, 100% used [0x00000007a6ab0000, 0x00000007a8000000, 0x00000007a8000000)
  to   space 21824K,   0% used [0x00000007a5560000, 0x00000007a5560000, 0x00000007a6ab0000)
 concurrent mark-sweep generation total 393216K, used 164791K [0x00000007a8000000, 0x00000007c0000000, 0x00000007c0000000)
 Metaspace       used 46980K, capacity 47992K, committed 48460K, reserved 1091584K
  class space    used 5078K, capacity 5374K, committed 5496K, reserved 1048576K
2016-09-11T21:59:22.692-0100: 449,076: [GC (Allocation Failure) 2016-09-11T21:59:22.692-0100: 449,076: [ParNew
Desired survivor size 20112992 bytes, new threshold 8 (max 8)
- age   1:    1768048 bytes,    1768048 total
- age   2:    2151680 bytes,    3919728 total
- age   3:    5957832 bytes,    9877560 total
- age   4:    5314184 bytes,   15191744 total
- age   5:    1338968 bytes,   16530712 total
: 109248K->21443K(109248K), 0,0119533 secs] 274039K->186234K(502464K), 0,0120514 secs] [Times: user=0,04 sys=0,00, real=0,01 secs] 
Heap after GC invocations=320 (full 15):
 par new generation   total 109248K, used 21443K [0x00000007a0000000, 0x00000007a8000000, 0x00000007a8000000)
  eden space 87424K,   0% used [0x00000007a0000000, 0x00000007a0000000, 0x00000007a5560000)
  from space 21824K,  98% used [0x00000007a5560000, 0x00000007a6a50dc0, 0x00000007a6ab0000)
  to   space 21824K,   0% used [0x00000007a6ab0000, 0x00000007a6ab0000, 0x00000007a8000000)
 concurrent mark-sweep generation total 393216K, used 164791K [0x00000007a8000000, 0x00000007c0000000, 0x00000007c0000000)
 Metaspace       used 46980K, capacity 47992K, committed 48460K, reserved 1091584K
  class space    used 5078K, capacity 5374K, committed 5496K, reserved 1048576K
}
2016-09-11T21:59:22.704-0100: 449,088: Total time for which application threads were stopped: 0,0123972 seconds, Stopping threads took: 0,0000374 seconds
2016-09-11T21:59:22.781-0100: 449,165: Total time for which application threads were stopped: 0,0001955 seconds, Stopping threads took: 0,0000311 seconds
2016-09-11T21:59:23.082-0100: 449,466: Total time for which application threads were stopped: 0,0002960 seconds, Stopping threads took: 0,0000291 seconds
2016-09-11T21:59:23.082-0100: 449,466: Total time for which application threads were stopped: 0,0001880 seconds, Stopping threads took: 0,0000349 seconds
2016-09-11T21:59:23.086-0100: 449,471: Total time for which application threads were stopped: 0,0004300 seconds, Stopping threads took: 0,0001402 seconds
2016-09-11T21:59:23.107-0100: 449,491: Total time for which application threads were stopped: 0,0003043 seconds, Stopping threads took: 0,0000338 seconds
{Heap before GC invocations=320 (full 15):
 par new generation   total 109248K, used 108867K [0x00000007a0000000, 0x00000007a8000000, 0x00000007a8000000)
  eden space 87424K, 100% used [0x00000007a0000000, 0x00000007a5560000, 0x00000007a5560000)
  from space 21824K,  98% used [0x00000007a5560000, 0x00000007a6a50dc0, 0x00000007a6ab0000)
  to   space 21824K,   0% used [0x00000007a6ab0000, 0x00000007a6ab0000, 0x00000007a8000000)
 concurrent mark-sweep generation total 393216K, used 164791K [0x00000007a8000000, 0x00000007c0000000, 0x00000007c0000000)
 Metaspace       used 47008K, capacity 47992K, committed 48460K, reserved 1091584K
  class space    used 5078K, capacity 5374K, committed 5496K, reserved 1048576K
2016-09-11T21:59:23.647-0100: 450,031: [GC (Allocation Failure) 2016-09-11T21:59:23.647-0100: 450,031: [ParNew
Desired survivor size 20112992 bytes, new threshold 8 (max 8)
- age   1:    3274272 bytes,    3274272 total
- age   2:    1161192 bytes,    4435464 total
- age   3:    2016424 bytes,    6451888 total
- age   4:    5180936 bytes,   11632824 total
- age   5:    3141208 bytes,   14774032 total
- age   6:    1338968 bytes,   16113000 total
: 108867K->19651K(109248K), 0,0226222 secs] 273658K->184443K(502464K), 0,0227254 secs] [Times: user=0,04 sys=0,00, real=0,03 secs] 
Heap after GC invocations=321 (full 15):
 par new generation   total 109248K, used 19651K [0x00000007a0000000, 0x00000007a8000000, 0x00000007a8000000)
  eden space 87424K,   0% used [0x00000007a0000000, 0x00000007a0000000, 0x00000007a5560000)
  from space 21824K,  90% used [0x00000007a6ab0000, 0x00000007a7de0f68, 0x00000007a8000000)
  to   space 21824K,   0% used [0x00000007a5560000, 0x00000007a5560000, 0x00000007a6ab0000)
 concurrent mark-sweep generation total 393216K, used 164791K [0x00000007a8000000, 0x00000007c0000000, 0x00000007c0000000)
 Metaspace       used 47008K, capacity 47992K, committed 48460K, reserved 1091584K
  class space    used 5078K, capacity 5374K, committed 5496K, reserved 1048576K
}
2016-09-11T21:59:23.670-0100: 450,054: Total time for which application threads were stopped: 0,0231952 seconds, Stopping threads took: 0,0000588 seconds
2016-09-11T21:59:23.679-0100: 450,064: Total time for which application threads were stopped: 0,0003006 seconds, Stopping threads took: 0,0000302 seconds
2016-09-11T21:59:23.679-0100: 450,064: Total time for which application threads were stopped: 0,0001967 seconds, Stopping threads took: 0,0000171 seconds
2016-09-11T21:59:23.680-0100: 450,064: Total time for which application threads were stopped: 0,0001561 seconds, Stopping threads took: 0,0000142 seconds
2016-09-11T21:59:29.694-0100: 456,078: Total time for which application threads were stopped: 0,0003093 seconds, Stopping threads took: 0,0000497 seconds
2016-09-11T21:59:41.725-0100: 468,110: Total time for which application threads were stopped: 0,0002672 seconds, Stopping threads took: 0,0000476 seconds
2016-09-11T21:59:53.751-0100: 480,136: Total time for which application threads were stopped: 0,0003198 seconds, Stopping threads took: 0,0000531 seconds
2016-09-11T21:59:55.594-0100: 481,979: Total time for which application threads were stopped: 0,0002453 seconds, Stopping threads took: 0,0000276 seconds
2016-09-11T21:59:55.597-0100: 481,983: Total time for which application threads were stopped: 0,0002213 seconds, Stopping threads took: 0,0000235 seconds
2016-09-11T21:59:56.598-0100: 482,983: Total time for which application threads were stopped: 0,0002155 seconds, Stopping threads took: 0,0000342 seconds
2016-09-11T22:00:06.638-0100: 493,024: Total time for which application threads were stopped: 0,0003356 seconds, Stopping threads took: 0,0000562 seconds
2016-09-11T22:00:08.265-0100: 494,651: Total time for which application threads were stopped: 0,0003149 seconds, Stopping threads took: 0,0000937 seconds
2016-09-11T22:00:08.266-0100: 494,651: Total time for which application threads were stopped: 0,0002094 seconds, Stopping threads took: 0,0000470 seconds
2016-09-11T22:00:08.266-0100: 494,652: Total time for which application threads were stopped: 0,0001571 seconds, Stopping threads took: 0,0000425 seconds
2016-09-11T22:00:14.275-0100: 500,661: Total time for which application threads were stopped: 0,0003311 seconds, Stopping threads took: 0,0000558 seconds
2016-09-11T22:00:18.278-0100: 504,664: Total time for which application threads were stopped: 0,0002324 seconds, Stopping threads took: 0,0000313 seconds
2016-09-11T22:00:24.284-0100: 510,671: Total time for which application threads were stopped: 0,0003471 seconds, Stopping threads took: 0,0000536 seconds
2016-09-11T22:00:28.301-0100: 514,688: Total time for which application threads were stopped: 0,0003314 seconds, Stopping threads took: 0,0000544 seconds
2016-09-11T22:00:42.338-0100: 528,724: Total time for which application threads were stopped: 0,0001945 seconds, Stopping threads took: 0,0000309 seconds
2016-09-11T22:02:06.551-0100: 612,940: Total time for which application threads were stopped: 0,0006084 seconds, Stopping threads took: 0,0000827 seconds
{Heap before GC invocations=321 (full 15):
 par new generation   total 109248K, used 107075K [0x00000007a0000000, 0x00000007a8000000, 0x00000007a8000000)
  eden space 87424K, 100% used [0x00000007a0000000, 0x00000007a5560000, 0x00000007a5560000)
  from space 21824K,  90% used [0x00000007a6ab0000, 0x00000007a7de0f68, 0x00000007a8000000)
  to   space 21824K,   0% used [0x00000007a5560000, 0x00000007a5560000, 0x00000007a6ab0000)
 concurrent mark-sweep generation total 393216K, used 164791K [0x00000007a8000000, 0x00000007c0000000, 0x00000007c0000000)
 Metaspace       used 47075K, capacity 48056K, committed 48460K, reserved 1091584K
  class space    used 5085K, capacity 5374K, committed 5496K, reserved 1048576K
2016-09-11T22:02:06.882-0100: 613,271: [GC (Allocation Failure) 2016-09-11T22:02:06.882-0100: 613,272: [ParNew
Desired survivor size 20112992 bytes, new threshold 7 (max 8)
- age   1:    5147080 bytes,    5147080 total
- age   2:    3007504 bytes,    8154584 total
- age   3:    1077536 bytes,    9232120 total
- age   4:    2016128 bytes,   11248248 total
- age   5:    5179384 bytes,   16427632 total
- age   6:    3141136 bytes,   19568768 total
- age   7:    1338968 bytes,   20907736 total
: 107075K->21824K(109248K), 0,1001913 secs] 271867K->189636K(502464K), 0,1003712 secs] [Times: user=0,09 sys=0,12, real=0,10 secs] 
Heap after GC invocations=322 (full 15):
 par new generation   total 109248K, used 21824K [0x00000007a0000000, 0x00000007a8000000, 0x00000007a8000000)
  eden space 87424K,   0% used [0x00000007a0000000, 0x00000007a0000000, 0x00000007a5560000)
  from space 21824K, 100% used [0x00000007a5560000, 0x00000007a6ab0000, 0x00000007a6ab0000)
  to   space 21824K,   0% used [0x00000007a6ab0000, 0x00000007a6ab0000, 0x00000007a8000000)
 concurrent mark-sweep generation total 393216K, used 167812K [0x00000007a8000000, 0x00000007c0000000, 0x00000007c0000000)
 Metaspace       used 47075K, capacity 48056K, committed 48460K, reserved 1091584K
  class space    used 5085K, capacity 5374K, committed 5496K, reserved 1048576K
}
2016-09-11T22:02:06.982-0100: 613,372: Total time for which application threads were stopped: 0,1205046 seconds, Stopping threads took: 0,0000312 seconds
2016-09-11T22:02:07.241-0100: 613,631: Total time for which application threads were stopped: 0,0002810 seconds, Stopping threads took: 0,0000614 seconds
2016-09-11T22:02:07.242-0100: 613,632: Total time for which application threads were stopped: 0,0002752 seconds, Stopping threads took: 0,0000500 seconds
2016-09-11T22:02:07.242-0100: 613,632: Total time for which application threads were stopped: 0,0001807 seconds, Stopping threads took: 0,0000712 seconds
2016-09-11T22:02:07.242-0100: 613,632: Total time for which application threads were stopped: 0,0001796 seconds, Stopping threads took: 0,0000783 seconds
{Heap before GC invocations=322 (full 15):
 par new generation   total 109248K, used 109248K [0x00000007a0000000, 0x00000007a8000000, 0x00000007a8000000)
  eden space 87424K, 100% used [0x00000007a0000000, 0x00000007a5560000, 0x00000007a5560000)
  from space 21824K, 100% used [0x00000007a5560000, 0x00000007a6ab0000, 0x00000007a6ab0000)
  to   space 21824K,   0% used [0x00000007a6ab0000, 0x00000007a6ab0000, 0x00000007a8000000)
 concurrent mark-sweep generation total 393216K, used 167812K [0x00000007a8000000, 0x00000007c0000000, 0x00000007c0000000)
 Metaspace       used 47090K, capacity 48056K, committed 48460K, reserved 1091584K
  class space    used 5085K, capacity 5374K, committed 5496K, reserved 1048576K
2016-09-11T22:02:07.268-0100: 613,658: [GC (Allocation Failure) 2016-09-11T22:02:07.268-0100: 613,658: [ParNew
Desired survivor size 20112992 bytes, new threshold 8 (max 8)
- age   1:    1022576 bytes,    1022576 total
- age   2:    1975376 bytes,    2997952 total
- age   3:    3004784 bytes,    6002736 total
- age   4:    1076680 bytes,    7079416 total
- age   5:    2016128 bytes,    9095544 total
- age   6:    5178592 bytes,   14274136 total
- age   7:    3140504 bytes,   17414640 total
: 109248K->21824K(109248K), 0,0321045 secs] 277060K->191501K(502464K), 0,0322191 secs] [Times: user=0,06 sys=0,02, real=0,04 secs] 
Heap after GC invocations=323 (full 15):
 par new generation   total 109248K, used 21824K [0x00000007a0000000, 0x00000007a8000000, 0x00000007a8000000)
  eden space 87424K,   0% used [0x00000007a0000000, 0x00000007a0000000, 0x00000007a5560000)
  from space 21824K, 100% used [0x00000007a6ab0000, 0x00000007a8000000, 0x00000007a8000000)
  to   space 21824K,   0% used [0x00000007a5560000, 0x00000007a5560000, 0x00000007a6ab0000)
 concurrent mark-sweep generation total 393216K, used 169677K [0x00000007a8000000, 0x00000007c0000000, 0x00000007c0000000)
 Metaspace       used 47090K, capacity 48056K, committed 48460K, reserved 1091584K
  class space    used 5085K, capacity 5374K, committed 5496K, reserved 1048576K
}
2016-09-11T22:02:07.303-0100: 613,693: Total time for which application threads were stopped: 0,0349577 seconds, Stopping threads took: 0,0000381 seconds
2016-09-11T22:02:07.365-0100: 613,754: Total time for which application threads were stopped: 0,0003139 seconds, Stopping threads took: 0,0000528 seconds
2016-09-11T22:02:07.365-0100: 613,755: Total time for which application threads were stopped: 0,0001900 seconds, Stopping threads took: 0,0000365 seconds
2016-09-11T22:02:07.365-0100: 613,755: Total time for which application threads were stopped: 0,0001489 seconds, Stopping threads took: 0,0000126 seconds
2016-09-11T22:02:07.365-0100: 613,755: Total time for which application threads were stopped: 0,0001587 seconds, Stopping threads took: 0,0000272 seconds
2016-09-11T22:02:07.366-0100: 613,755: Total time for which application threads were stopped: 0,0001410 seconds, Stopping threads took: 0,0000120 seconds
2016-09-11T22:02:07.369-0100: 613,759: Total time for which application threads were stopped: 0,0003717 seconds, Stopping threads took: 0,0001424 seconds
2016-09-11T22:02:07.369-0100: 613,759: Total time for which application threads were stopped: 0,0002062 seconds, Stopping threads took: 0,0000381 seconds
2016-09-11T22:02:07.369-0100: 613,759: Total time for which application threads were stopped: 0,0001968 seconds, Stopping threads took: 0,0000333 seconds
2016-09-11T22:02:07.444-0100: 613,833: Total time for which application threads were stopped: 0,0002757 seconds, Stopping threads took: 0,0000380 seconds
2016-09-11T22:02:08.449-0100: 614,839: Total time for which application threads were stopped: 0,0003475 seconds, Stopping threads took: 0,0000652 seconds
2016-09-11T22:02:40.274-0100: 646,665: Total time for which application threads were stopped: 0,0003550 seconds, Stopping threads took: 0,0000546 seconds
2016-09-11T22:02:40.317-0100: 646,708: Total time for which application threads were stopped: 0,0003142 seconds, Stopping threads took: 0,0000418 seconds
2016-09-11T22:02:40.322-0100: 646,713: Total time for which application threads were stopped: 0,0002638 seconds, Stopping threads took: 0,0000379 seconds
2016-09-11T22:02:40.324-0100: 646,714: Total time for which application threads were stopped: 0,0003201 seconds, Stopping threads took: 0,0000915 seconds
2016-09-11T22:02:40.324-0100: 646,715: Total time for which application threads were stopped: 0,0001786 seconds, Stopping threads took: 0,0000507 seconds
2016-09-11T22:02:41.329-0100: 647,720: Total time for which application threads were stopped: 0,0003201 seconds, Stopping threads took: 0,0000363 seconds
2016-09-11T22:02:48.359-0100: 654,750: Total time for which application threads were stopped: 0,0002857 seconds, Stopping threads took: 0,0000542 seconds
2016-09-11T22:02:48.359-0100: 654,750: Total time for which application threads were stopped: 0,0002395 seconds, Stopping threads took: 0,0000340 seconds
2016-09-11T22:02:48.360-0100: 654,751: Total time for which application threads were stopped: 0,0002976 seconds, Stopping threads took: 0,0000702 seconds
2016-09-11T22:02:48.360-0100: 654,751: Total time for which application threads were stopped: 0,0001823 seconds, Stopping threads took: 0,0000184 seconds
2016-09-11T22:03:23.373-0100: 689,766: Total time for which application threads were stopped: 0,0008281 seconds, Stopping threads took: 0,0001675 seconds
2016-09-11T22:03:23.396-0100: 689,788: Total time for which application threads were stopped: 0,0002744 seconds, Stopping threads took: 0,0000724 seconds
2016-09-11T22:06:27.846-0100: 874,244: Total time for which application threads were stopped: 0,0004524 seconds, Stopping threads took: 0,0001236 seconds
2016-09-11T22:08:13.152-0100: 979,554: Total time for which application threads were stopped: 0,0003973 seconds, Stopping threads took: 0,0000536 seconds
2016-09-11T22:16:14.737-0100: 1461,154: Total time for which application threads were stopped: 0,0042432 seconds, Stopping threads took: 0,0001587 seconds
2016-09-11T22:16:14.787-0100: 1461,204: Total time for which application threads were stopped: 0,0003304 seconds, Stopping threads took: 0,0000295 seconds
2016-09-11T22:16:14.787-0100: 1461,205: Total time for which application threads were stopped: 0,0001706 seconds, Stopping threads took: 0,0000336 seconds
2016-09-11T22:16:14.787-0100: 1461,205: Total time for which application threads were stopped: 0,0001445 seconds, Stopping threads took: 0,0000364 seconds
2016-09-11T22:16:14.788-0100: 1461,205: Total time for which application threads were stopped: 0,0001642 seconds, Stopping threads took: 0,0000494 seconds
2016-09-11T22:16:14.788-0100: 1461,205: Total time for which application threads were stopped: 0,0001949 seconds, Stopping threads took: 0,0000351 seconds
2016-09-11T22:16:14.789-0100: 1461,206: Total time for which application threads were stopped: 0,0006537 seconds, Stopping threads took: 0,0000501 seconds
2016-09-11T22:16:14.790-0100: 1461,207: Total time for which application threads were stopped: 0,0003297 seconds, Stopping threads took: 0,0000265 seconds
2016-09-11T22:16:14.792-0100: 1461,210: Total time for which application threads were stopped: 0,0008333 seconds, Stopping threads took: 0,0000914 seconds
2016-09-11T22:16:14.801-0100: 1461,219: Total time for which application threads were stopped: 0,0007355 seconds, Stopping threads took: 0,0000411 seconds
2016-09-11T22:16:15.803-0100: 1462,221: Total time for which application threads were stopped: 0,0004014 seconds, Stopping threads took: 0,0000738 seconds
2016-09-11T22:16:20.173-0100: 1466,591: Total time for which application threads were stopped: 0,0002367 seconds, Stopping threads took: 0,0000394 seconds
2016-09-11T22:16:21.174-0100: 1467,591: Total time for which application threads were stopped: 0,0004555 seconds, Stopping threads took: 0,0000350 seconds
2016-09-11T22:16:58.875-0100: 1505,293: Total time for which application threads were stopped: 0,0003477 seconds, Stopping threads took: 0,0000724 seconds
2016-09-11T22:16:59.877-0100: 1506,295: Total time for which application threads were stopped: 0,0003241 seconds, Stopping threads took: 0,0000532 seconds
2016-09-11T22:17:01.525-0100: 1507,944: Total time for which application threads were stopped: 0,0003418 seconds, Stopping threads took: 0,0000296 seconds
2016-09-11T22:17:01.526-0100: 1507,945: Total time for which application threads were stopped: 0,0002009 seconds, Stopping threads took: 0,0000166 seconds
2016-09-11T22:17:01.527-0100: 1507,946: Total time for which application threads were stopped: 0,0002460 seconds, Stopping threads took: 0,0000249 seconds
2016-09-11T22:17:01.549-0100: 1507,968: Total time for which application threads were stopped: 0,0002662 seconds, Stopping threads took: 0,0000337 seconds
2016-09-11T22:17:01.553-0100: 1507,971: Total time for which application threads were stopped: 0,0002440 seconds, Stopping threads took: 0,0000305 seconds
2016-09-11T22:17:01.558-0100: 1507,977: Total time for which application threads were stopped: 0,0002349 seconds, Stopping threads took: 0,0000258 seconds
2016-09-11T22:17:01.558-0100: 1507,977: Total time for which application threads were stopped: 0,0002088 seconds, Stopping threads took: 0,0000172 seconds
2016-09-11T22:17:01.558-0100: 1507,977: Total time for which application threads were stopped: 0,0001955 seconds, Stopping threads took: 0,0000147 seconds
2016-09-11T22:17:01.559-0100: 1507,977: Total time for which application threads were stopped: 0,0001986 seconds, Stopping threads took: 0,0000152 seconds
2016-09-11T22:17:01.559-0100: 1507,978: Total time for which application threads were stopped: 0,0002367 seconds, Stopping threads took: 0,0000173 seconds
2016-09-11T22:17:01.559-0100: 1507,978: Total time for which application threads were stopped: 0,0002294 seconds, Stopping threads took: 0,0000157 seconds
2016-09-11T22:17:01.560-0100: 1507,979: Total time for which application threads were stopped: 0,0003280 seconds, Stopping threads took: 0,0000464 seconds
2016-09-11T22:17:01.560-0100: 1507,979: Total time for which application threads were stopped: 0,0003122 seconds, Stopping threads took: 0,0000956 seconds
2016-09-11T22:17:01.561-0100: 1507,980: Total time for which application threads were stopped: 0,0002935 seconds, Stopping threads took: 0,0000799 seconds
2016-09-11T22:17:02.562-0100: 1508,981: Total time for which application threads were stopped: 0,0003839 seconds, Stopping threads took: 0,0000616 seconds
2016-09-11T22:17:03.879-0100: 1510,298: Total time for which application threads were stopped: 0,0005698 seconds, Stopping threads took: 0,0000365 seconds
2016-09-11T22:17:21.925-0100: 1528,345: Total time for which application threads were stopped: 0,0003989 seconds, Stopping threads took: 0,0000555 seconds
2016-09-11T22:17:28.278-0100: 1534,698: Total time for which application threads were stopped: 0,0002070 seconds, Stopping threads took: 0,0000555 seconds
2016-09-11T22:17:47.725-0100: 1554,145: Total time for which application threads were stopped: 0,0002628 seconds, Stopping threads took: 0,0000532 seconds
2016-09-11T22:17:47.730-0100: 1554,150: Total time for which application threads were stopped: 0,0003276 seconds, Stopping threads took: 0,0000502 seconds
2016-09-11T22:17:47.742-0100: 1554,162: Total time for which application threads were stopped: 0,0003611 seconds, Stopping threads took: 0,0000559 seconds
2016-09-11T22:17:47.742-0100: 1554,163: Total time for which application threads were stopped: 0,0002391 seconds, Stopping threads took: 0,0000182 seconds
2016-09-11T22:17:47.743-0100: 1554,164: Total time for which application threads were stopped: 0,0002721 seconds, Stopping threads took: 0,0000476 seconds
2016-09-11T22:17:47.752-0100: 1554,173: Total time for which application threads were stopped: 0,0003347 seconds, Stopping threads took: 0,0000344 seconds
2016-09-11T22:17:47.762-0100: 1554,182: Total time for which application threads were stopped: 0,0003027 seconds, Stopping threads took: 0,0000338 seconds
2016-09-11T22:17:47.770-0100: 1554,190: Total time for which application threads were stopped: 0,0003368 seconds, Stopping threads took: 0,0000353 seconds
2016-09-11T22:17:47.770-0100: 1554,191: Total time for which application threads were stopped: 0,0002302 seconds, Stopping threads took: 0,0000150 seconds
2016-09-11T22:17:47.772-0100: 1554,193: Total time for which application threads were stopped: 0,0003214 seconds, Stopping threads took: 0,0000319 seconds
2016-09-11T22:18:28.933-0100: 1595,355: Total time for which application threads were stopped: 0,0034203 seconds, Stopping threads took: 0,0006860 seconds
2016-09-11T22:19:08.960-0100: 1635,383: Total time for which application threads were stopped: 0,0003188 seconds, Stopping threads took: 0,0000559 seconds
2016-09-11T22:19:54.086-0100: 1680,510: Total time for which application threads were stopped: 0,0002432 seconds, Stopping threads took: 0,0000400 seconds
2016-09-11T22:19:56.661-0100: 1683,086: Total time for which application threads were stopped: 0,0004884 seconds, Stopping threads took: 0,0000259 seconds
2016-09-11T22:19:56.667-0100: 1683,091: Total time for which application threads were stopped: 0,0006968 seconds, Stopping threads took: 0,0000749 seconds
2016-09-11T22:19:56.667-0100: 1683,092: Total time for which application threads were stopped: 0,0003290 seconds, Stopping threads took: 0,0000458 seconds
2016-09-11T22:19:56.668-0100: 1683,093: Total time for which application threads were stopped: 0,0002563 seconds, Stopping threads took: 0,0000550 seconds
2016-09-11T22:19:56.688-0100: 1683,113: Total time for which application threads were stopped: 0,0003164 seconds, Stopping threads took: 0,0000547 seconds
2016-09-11T22:19:56.689-0100: 1683,113: Total time for which application threads were stopped: 0,0002960 seconds, Stopping threads took: 0,0000436 seconds
2016-09-11T22:19:56.691-0100: 1683,115: Total time for which application threads were stopped: 0,0004982 seconds, Stopping threads took: 0,0001544 seconds
2016-09-11T22:19:56.706-0100: 1683,131: Total time for which application threads were stopped: 0,0007342 seconds, Stopping threads took: 0,0001578 seconds
2016-09-11T22:19:56.707-0100: 1683,132: Total time for which application threads were stopped: 0,0008731 seconds, Stopping threads took: 0,0001197 seconds
2016-09-11T22:19:57.709-0100: 1684,134: Total time for which application threads were stopped: 0,0001856 seconds, Stopping threads took: 0,0000297 seconds
2016-09-11T22:20:01.723-0100: 1688,148: Total time for which application threads were stopped: 0,0002692 seconds, Stopping threads took: 0,0000864 seconds
2016-09-11T22:21:10.929-0100: 1757,356: Total time for which application threads were stopped: 0,0021118 seconds, Stopping threads took: 0,0005377 seconds
2016-09-11T22:21:49.989-0100: 1796,417: Total time for which application threads were stopped: 0,0004053 seconds, Stopping threads took: 0,0000769 seconds
2016-09-11T22:21:51.998-0100: 1798,426: Total time for which application threads were stopped: 0,0004167 seconds, Stopping threads took: 0,0000726 seconds
2016-09-11T22:22:03.035-0100: 1809,464: Total time for which application threads were stopped: 0,0004063 seconds, Stopping threads took: 0,0000814 seconds
2016-09-11T22:23:03.462-0100: 1869,892: Total time for which application threads were stopped: 0,0008525 seconds, Stopping threads took: 0,0001337 seconds
2016-09-11T22:23:04.465-0100: 1870,895: Total time for which application threads were stopped: 0,0003559 seconds, Stopping threads took: 0,0000611 seconds
2016-09-11T22:23:09.472-0100: 1875,903: Total time for which application threads were stopped: 0,0004547 seconds, Stopping threads took: 0,0000567 seconds
2016-09-11T22:23:14.481-0100: 1880,912: Total time for which application threads were stopped: 0,0003974 seconds, Stopping threads took: 0,0000540 seconds
2016-09-11T22:23:40.550-0100: 1906,981: Total time for which application threads were stopped: 0,0010647 seconds, Stopping threads took: 0,0001612 seconds
2016-09-11T22:24:21.676-0100: 1948,109: Total time for which application threads were stopped: 0,0034634 seconds, Stopping threads took: 0,0007503 seconds
2016-09-11T22:24:22.680-0100: 1949,113: Total time for which application threads were stopped: 0,0003084 seconds, Stopping threads took: 0,0000355 seconds
2016-09-11T22:24:33.714-0100: 1960,148: Total time for which application threads were stopped: 0,0004412 seconds, Stopping threads took: 0,0000827 seconds
2016-09-11T22:24:35.721-0100: 1962,154: Total time for which application threads were stopped: 0,0002275 seconds, Stopping threads took: 0,0000466 seconds
2016-09-11T22:25:14.172-0100: 2000,607: Total time for which application threads were stopped: 0,0005585 seconds, Stopping threads took: 0,0000759 seconds
2016-09-11T22:25:15.174-0100: 2001,609: Total time for which application threads were stopped: 0,0004667 seconds, Stopping threads took: 0,0000831 seconds
2016-09-11T22:25:22.197-0100: 2008,632: Total time for which application threads were stopped: 0,0003283 seconds, Stopping threads took: 0,0000950 seconds
2016-09-11T22:25:23.199-0100: 2009,634: Total time for which application threads were stopped: 0,0003008 seconds, Stopping threads took: 0,0000513 seconds
2016-09-11T22:25:40.550-0100: 2026,985: Total time for which application threads were stopped: 0,0035089 seconds, Stopping threads took: 0,0006871 seconds
2016-09-11T22:25:41.552-0100: 2027,988: Total time for which application threads were stopped: 0,0003722 seconds, Stopping threads took: 0,0000575 seconds
2016-09-11T22:26:04.200-0100: 2050,637: Total time for which application threads were stopped: 0,0222200 seconds, Stopping threads took: 0,0000546 seconds
2016-09-11T22:26:04.223-0100: 2050,659: Total time for which application threads were stopped: 0,0001999 seconds, Stopping threads took: 0,0000368 seconds
2016-09-11T22:26:24.236-0100: 2070,673: Total time for which application threads were stopped: 0,0003454 seconds, Stopping threads took: 0,0001118 seconds
2016-09-11T22:26:39.661-0100: 2086,099: Total time for which application threads were stopped: 0,0014263 seconds, Stopping threads took: 0,0010281 seconds
2016-09-11T22:26:39.664-0100: 2086,102: Total time for which application threads were stopped: 0,0002871 seconds, Stopping threads took: 0,0000338 seconds
2016-09-11T22:26:39.677-0100: 2086,114: Total time for which application threads were stopped: 0,0003202 seconds, Stopping threads took: 0,0000565 seconds
2016-09-11T22:26:39.677-0100: 2086,115: Total time for which application threads were stopped: 0,0002893 seconds, Stopping threads took: 0,0000484 seconds
2016-09-11T22:26:39.678-0100: 2086,116: Total time for which application threads were stopped: 0,0002671 seconds, Stopping threads took: 0,0000431 seconds
2016-09-11T22:26:39.679-0100: 2086,116: Total time for which application threads were stopped: 0,0002231 seconds, Stopping threads took: 0,0000371 seconds
2016-09-11T22:26:39.679-0100: 2086,116: Total time for which application threads were stopped: 0,0001958 seconds, Stopping threads took: 0,0000355 seconds
2016-09-11T22:26:39.679-0100: 2086,117: Total time for which application threads were stopped: 0,0001955 seconds, Stopping threads took: 0,0000322 seconds
2016-09-11T22:26:39.680-0100: 2086,117: Total time for which application threads were stopped: 0,0001873 seconds, Stopping threads took: 0,0000321 seconds
2016-09-11T22:26:39.680-0100: 2086,117: Total time for which application threads were stopped: 0,0001981 seconds, Stopping threads took: 0,0000543 seconds
2016-09-11T22:26:39.680-0100: 2086,118: Total time for which application threads were stopped: 0,0001715 seconds, Stopping threads took: 0,0000307 seconds
2016-09-11T22:26:40.681-0100: 2087,119: Total time for which application threads were stopped: 0,0003777 seconds, Stopping threads took: 0,0001164 seconds
2016-09-11T22:26:42.685-0100: 2089,123: Total time for which application threads were stopped: 0,0004712 seconds, Stopping threads took: 0,0000436 seconds
2016-09-11T22:27:24.284-0100: 2130,722: Total time for which application threads were stopped: 0,0004503 seconds, Stopping threads took: 0,0001253 seconds
2016-09-11T22:27:24.284-0100: 2130,723: Total time for which application threads were stopped: 0,0002315 seconds, Stopping threads took: 0,0000538 seconds
2016-09-11T22:28:23.469-0100: 2189,910: Total time for which application threads were stopped: 0,0004313 seconds, Stopping threads took: 0,0000554 seconds
2016-09-11T22:28:48.532-0100: 2214,974: Total time for which application threads were stopped: 0,0037805 seconds, Stopping threads took: 0,0008652 seconds
2016-09-11T22:28:48.556-0100: 2214,997: Total time for which application threads were stopped: 0,0003140 seconds, Stopping threads took: 0,0000430 seconds
2016-09-11T22:28:48.558-0100: 2214,999: Total time for which application threads were stopped: 0,0007545 seconds, Stopping threads took: 0,0002110 seconds
2016-09-11T22:28:49.560-0100: 2216,002: Total time for which application threads were stopped: 0,0006343 seconds, Stopping threads took: 0,0000905 seconds
2016-09-11T22:29:04.355-0100: 2230,797: Total time for which application threads were stopped: 0,0003932 seconds, Stopping threads took: 0,0001687 seconds
2016-09-11T22:29:09.368-0100: 2235,810: Total time for which application threads were stopped: 0,0004048 seconds, Stopping threads took: 0,0000935 seconds
2016-09-11T22:30:06.480-0100: 2292,924: Total time for which application threads were stopped: 0,0003496 seconds, Stopping threads took: 0,0000849 seconds
2016-09-11T22:31:25.147-0100: 2371,593: Total time for which application threads were stopped: 0,0022398 seconds, Stopping threads took: 0,0004381 seconds
2016-09-11T22:31:26.149-0100: 2372,596: Total time for which application threads were stopped: 0,0005080 seconds, Stopping threads took: 0,0000804 seconds
2016-09-11T22:32:06.235-0100: 2412,683: Total time for which application threads were stopped: 0,0005946 seconds, Stopping threads took: 0,0001423 seconds
2016-09-11T22:32:10.243-0100: 2416,691: Total time for which application threads were stopped: 0,0005606 seconds, Stopping threads took: 0,0000859 seconds
2016-09-11T22:32:13.211-0100: 2419,659: Total time for which application threads were stopped: 0,0003979 seconds, Stopping threads took: 0,0000476 seconds
2016-09-11T22:32:14.216-0100: 2420,664: Total time for which application threads were stopped: 0,0002611 seconds, Stopping threads took: 0,0000434 seconds
2016-09-11T22:32:21.230-0100: 2427,678: Total time for which application threads were stopped: 0,0003251 seconds, Stopping threads took: 0,0000458 seconds
2016-09-11T22:32:50.285-0100: 2456,734: Total time for which application threads were stopped: 0,0002796 seconds, Stopping threads took: 0,0000610 seconds
2016-09-11T22:33:04.462-0100: 2470,911: Total time for which application threads were stopped: 0,0012045 seconds, Stopping threads took: 0,0003638 seconds
2016-09-11T22:34:10.623-0100: 2537,075: Total time for which application threads were stopped: 0,0006849 seconds, Stopping threads took: 0,0001567 seconds
2016-09-11T22:34:40.691-0100: 2567,144: Total time for which application threads were stopped: 0,0003991 seconds, Stopping threads took: 0,0001073 seconds
2016-09-11T22:34:50.712-0100: 2577,166: Total time for which application threads were stopped: 0,0007084 seconds, Stopping threads took: 0,0000761 seconds
2016-09-11T22:38:15.249-0100: 2781,708: Total time for which application threads were stopped: 0,0033465 seconds, Stopping threads took: 0,0006674 seconds
2016-09-11T22:39:49.457-0100: 2875,920: Total time for which application threads were stopped: 0,0007139 seconds, Stopping threads took: 0,0000501 seconds
2016-09-11T22:39:49.459-0100: 2875,921: Total time for which application threads were stopped: 0,0003655 seconds, Stopping threads took: 0,0000582 seconds
2016-09-11T22:39:49.459-0100: 2875,922: Total time for which application threads were stopped: 0,0001826 seconds, Stopping threads took: 0,0000684 seconds
2016-09-11T22:39:49.459-0100: 2875,922: Total time for which application threads were stopped: 0,0001664 seconds, Stopping threads took: 0,0000580 seconds
{Heap before GC invocations=323 (full 15):
 par new generation   total 109248K, used 109248K [0x00000007a0000000, 0x00000007a8000000, 0x00000007a8000000)
  eden space 87424K, 100% used [0x00000007a0000000, 0x00000007a5560000, 0x00000007a5560000)
  from space 21824K, 100% used [0x00000007a6ab0000, 0x00000007a8000000, 0x00000007a8000000)
  to   space 21824K,   0% used [0x00000007a5560000, 0x00000007a5560000, 0x00000007a6ab0000)
 concurrent mark-sweep generation total 393216K, used 169677K [0x00000007a8000000, 0x00000007c0000000, 0x00000007c0000000)
 Metaspace       used 47539K, capacity 48476K, committed 48972K, reserved 1093632K
  class space    used 5105K, capacity 5406K, committed 5496K, reserved 1048576K
2016-09-11T22:39:49.505-0100: 2875,967: [GC (Allocation Failure) 2016-09-11T22:39:49.544-0100: 2876,006: [ParNew
Desired survivor size 20112992 bytes, new threshold 8 (max 8)
- age   1:    2403680 bytes,    2403680 total
- age   2:     495280 bytes,    2898960 total
- age   3:    1849672 bytes,    4748632 total
- age   4:    2929096 bytes,    7677728 total
- age   5:    1063256 bytes,    8740984 total
- age   6:    2015552 bytes,   10756536 total
- age   7:    4967392 bytes,   15723928 total
- age   8:    2220920 bytes,   17944848 total
: 109248K->21824K(109248K), 0,2112100 secs] 278925K->194143K(502464K), 0,2502549 secs] [Times: user=0,08 sys=0,24, real=0,25 secs] 
Heap after GC invocations=324 (full 15):
 par new generation   total 109248K, used 21824K [0x00000007a0000000, 0x00000007a8000000, 0x00000007a8000000)
  eden space 87424K,   0% used [0x00000007a0000000, 0x00000007a0000000, 0x00000007a5560000)
  from space 21824K, 100% used [0x00000007a5560000, 0x00000007a6ab0000, 0x00000007a6ab0000)
  to   space 21824K,   0% used [0x00000007a6ab0000, 0x00000007a6ab0000, 0x00000007a8000000)
 concurrent mark-sweep generation total 393216K, used 172319K [0x00000007a8000000, 0x00000007c0000000, 0x00000007c0000000)
 Metaspace       used 47539K, capacity 48476K, committed 48972K, reserved 1093632K
  class space    used 5105K, capacity 5406K, committed 5496K, reserved 1048576K
}
2016-09-11T22:39:49.755-0100: 2876,218: Total time for which application threads were stopped: 0,2752376 seconds, Stopping threads took: 0,0000635 seconds
2016-09-11T22:39:49.807-0100: 2876,269: Total time for which application threads were stopped: 0,0003263 seconds, Stopping threads took: 0,0000893 seconds
2016-09-11T22:39:49.807-0100: 2876,270: Total time for which application threads were stopped: 0,0003027 seconds, Stopping threads took: 0,0001443 seconds
2016-09-11T22:39:49.808-0100: 2876,270: Total time for which application threads were stopped: 0,0005917 seconds, Stopping threads took: 0,0000586 seconds
2016-09-11T22:39:49.814-0100: 2876,277: Total time for which application threads were stopped: 0,0004212 seconds, Stopping threads took: 0,0000780 seconds
2016-09-11T22:40:17.871-0100: 2904,335: Total time for which application threads were stopped: 0,0006913 seconds, Stopping threads took: 0,0000435 seconds
2016-09-11T22:40:23.612-0100: 2910,075: Total time for which application threads were stopped: 0,0004540 seconds, Stopping threads took: 0,0001591 seconds
2016-09-11T22:40:23.618-0100: 2910,081: Total time for which application threads were stopped: 0,0004211 seconds, Stopping threads took: 0,0000801 seconds
2016-09-11T22:40:23.714-0100: 2910,177: Total time for which application threads were stopped: 0,0002842 seconds, Stopping threads took: 0,0000279 seconds
2016-09-11T22:40:23.720-0100: 2910,183: Total time for which application threads were stopped: 0,0002953 seconds, Stopping threads took: 0,0000288 seconds
2016-09-11T22:40:23.720-0100: 2910,184: Total time for which application threads were stopped: 0,0001467 seconds, Stopping threads took: 0,0000169 seconds
2016-09-11T22:40:23.721-0100: 2910,185: Total time for which application threads were stopped: 0,0002048 seconds, Stopping threads took: 0,0000217 seconds
2016-09-11T22:40:23.721-0100: 2910,185: Total time for which application threads were stopped: 0,0001476 seconds, Stopping threads took: 0,0000151 seconds
2016-09-11T22:40:23.722-0100: 2910,186: Total time for which application threads were stopped: 0,0001659 seconds, Stopping threads took: 0,0000163 seconds
2016-09-11T22:40:23.722-0100: 2910,186: Total time for which application threads were stopped: 0,0001372 seconds, Stopping threads took: 0,0000119 seconds
2016-09-11T22:40:23.723-0100: 2910,186: Total time for which application threads were stopped: 0,0001824 seconds, Stopping threads took: 0,0000177 seconds
2016-09-11T22:40:23.724-0100: 2910,188: Total time for which application threads were stopped: 0,0003490 seconds, Stopping threads took: 0,0001190 seconds
2016-09-11T22:40:23.725-0100: 2910,189: Total time for which application threads were stopped: 0,0002206 seconds, Stopping threads took: 0,0000383 seconds
2016-09-11T22:40:23.725-0100: 2910,189: Total time for which application threads were stopped: 0,0001211 seconds, Stopping threads took: 0,0000155 seconds
2016-09-11T22:40:23.726-0100: 2910,190: Total time for which application threads were stopped: 0,0001341 seconds, Stopping threads took: 0,0000112 seconds
2016-09-11T22:40:23.726-0100: 2910,190: Total time for which application threads were stopped: 0,0001138 seconds, Stopping threads took: 0,0000110 seconds
2016-09-11T22:40:23.727-0100: 2910,190: Total time for which application threads were stopped: 0,0001663 seconds, Stopping threads took: 0,0000170 seconds
2016-09-11T22:40:23.830-0100: 2910,294: Total time for which application threads were stopped: 0,0002377 seconds, Stopping threads took: 0,0000289 seconds
2016-09-11T22:40:23.831-0100: 2910,295: Total time for which application threads were stopped: 0,0002086 seconds, Stopping threads took: 0,0000154 seconds
2016-09-11T22:40:24.835-0100: 2911,299: Total time for which application threads were stopped: 0,0002341 seconds, Stopping threads took: 0,0000317 seconds
2016-09-11T22:40:29.770-0100: 2916,234: Total time for which application threads were stopped: 0,0002426 seconds, Stopping threads took: 0,0000348 seconds
2016-09-11T22:40:29.770-0100: 2916,234: Total time for which application threads were stopped: 0,0001561 seconds, Stopping threads took: 0,0000170 seconds
2016-09-11T22:40:29.771-0100: 2916,234: Total time for which application threads were stopped: 0,0002257 seconds, Stopping threads took: 0,0000356 seconds
2016-09-11T22:40:34.772-0100: 2921,236: Total time for which application threads were stopped: 0,0003280 seconds, Stopping threads took: 0,0000554 seconds
2016-09-11T22:41:04.790-0100: 2951,254: Total time for which application threads were stopped: 0,0002843 seconds, Stopping threads took: 0,0000471 seconds
2016-09-11T22:41:05.791-0100: 2952,255: Total time for which application threads were stopped: 0,0003695 seconds, Stopping threads took: 0,0000753 seconds
2016-09-11T22:41:49.815-0100: 2996,281: Total time for which application threads were stopped: 0,0016411 seconds, Stopping threads took: 0,0009889 seconds
2016-09-11T22:41:49.815-0100: 2996,282: Total time for which application threads were stopped: 0,0002407 seconds, Stopping threads took: 0,0000252 seconds
2016-09-11T22:44:17.433-0100: 3143,904: Total time for which application threads were stopped: 0,0012942 seconds, Stopping threads took: 0,0000852 seconds
2016-09-11T22:44:17.436-0100: 3143,907: Total time for which application threads were stopped: 0,0005726 seconds, Stopping threads took: 0,0002076 seconds
2016-09-11T22:44:17.438-0100: 3143,908: Total time for which application threads were stopped: 0,0006218 seconds, Stopping threads took: 0,0001147 seconds
2016-09-11T22:44:17.444-0100: 3143,914: Total time for which application threads were stopped: 0,0028667 seconds, Stopping threads took: 0,0001160 seconds
2016-09-11T22:44:17.483-0100: 3143,954: Total time for which application threads were stopped: 0,0002929 seconds, Stopping threads took: 0,0000256 seconds
2016-09-11T22:44:17.496-0100: 3143,967: Total time for which application threads were stopped: 0,0006073 seconds, Stopping threads took: 0,0000411 seconds
2016-09-11T22:44:17.500-0100: 3143,971: Total time for which application threads were stopped: 0,0003867 seconds, Stopping threads took: 0,0001478 seconds
2016-09-11T22:45:11.619-0100: 3198,091: Total time for which application threads were stopped: 0,0002043 seconds, Stopping threads took: 0,0000341 seconds
2016-09-11T22:45:26.157-0100: 3212,629: Total time for which application threads were stopped: 0,0003584 seconds, Stopping threads took: 0,0000417 seconds
2016-09-11T22:45:26.157-0100: 3212,630: Total time for which application threads were stopped: 0,0001582 seconds, Stopping threads took: 0,0000131 seconds
2016-09-11T22:45:27.158-0100: 3213,630: Total time for which application threads were stopped: 0,0002334 seconds, Stopping threads took: 0,0000324 seconds
2016-09-11T22:51:30.968-0100: 3577,453: Total time for which application threads were stopped: 0,0031793 seconds, Stopping threads took: 0,0004495 seconds
2016-09-11T22:52:01.022-0100: 3607,507: Total time for which application threads were stopped: 0,0004610 seconds, Stopping threads took: 0,0000567 seconds
2016-09-11T23:13:21.569-0100: 4888,092: Total time for which application threads were stopped: 0,0072723 seconds, Stopping threads took: 0,0008824 seconds
2016-09-11T23:17:32.209-0100: 5138,740: Total time for which application threads were stopped: 0,0037926 seconds, Stopping threads took: 0,0006110 seconds
2016-09-11T23:18:10.314-0100: 5176,846: Total time for which application threads were stopped: 0,0411584 seconds, Stopping threads took: 0,0000566 seconds
2016-09-12T00:10:55.762-0100: 5676,797: Total time for which application threads were stopped: 0,9032150 seconds, Stopping threads took: 0,0151948 seconds
2016-09-12T00:10:55.765-0100: 5676,801: Total time for which application threads were stopped: 0,0003630 seconds, Stopping threads took: 0,0000619 seconds
2016-09-12T00:10:56.787-0100: 5677,822: Total time for which application threads were stopped: 0,0196206 seconds, Stopping threads took: 0,0193668 seconds
2016-09-12T00:10:59.855-0100: 5680,890: Total time for which application threads were stopped: 0,2220965 seconds, Stopping threads took: 0,0000321 seconds
2016-09-12T00:11:00.855-0100: 5681,891: Total time for which application threads were stopped: 0,0006388 seconds, Stopping threads took: 0,0001117 seconds
2016-09-12T00:11:01.749-0100: 5682,785: Total time for which application threads were stopped: 0,3182221 seconds, Stopping threads took: 0,3178668 seconds
2016-09-12T00:11:02.146-0100: 5683,181: Total time for which application threads were stopped: 0,3928163 seconds, Stopping threads took: 0,3924139 seconds
2016-09-12T00:11:02.146-0100: 5683,182: Total time for which application threads were stopped: 0,0003327 seconds, Stopping threads took: 0,0000431 seconds
{Heap before GC invocations=324 (full 15):
 par new generation   total 109248K, used 109248K [0x00000007a0000000, 0x00000007a8000000, 0x00000007a8000000)
  eden space 87424K, 100% used [0x00000007a0000000, 0x00000007a5560000, 0x00000007a5560000)
  from space 21824K, 100% used [0x00000007a5560000, 0x00000007a6ab0000, 0x00000007a6ab0000)
  to   space 21824K,   0% used [0x00000007a6ab0000, 0x00000007a6ab0000, 0x00000007a8000000)
 concurrent mark-sweep generation total 393216K, used 172319K [0x00000007a8000000, 0x00000007c0000000, 0x00000007c0000000)
 Metaspace       used 47608K, capacity 48540K, committed 48972K, reserved 1093632K
  class space    used 5107K, capacity 5406K, committed 5496K, reserved 1048576K
2016-09-12T00:11:03.352-0100: 5684,388: [GC (Allocation Failure) 2016-09-12T00:11:05.036-0100: 5686,072: [ParNew
Desired survivor size 20112992 bytes, new threshold 8 (max 8)
- age   1:    1461200 bytes,    1461200 total
- age   2:    1830368 bytes,    3291568 total
- age   3:     494568 bytes,    3786136 total
- age   4:    1829936 bytes,    5616072 total
- age   5:    2842272 bytes,    8458344 total
- age   6:    1061976 bytes,    9520320 total
- age   7:     303584 bytes,    9823904 total
- age   8:    4582968 bytes,   14406872 total
: 109248K->21824K(109248K), 6,3242852 secs] 281567K->196765K(502464K), 8,0082871 secs] [Times: user=0,54 sys=0,15, real=8,01 secs] 
Heap after GC invocations=325 (full 15):
 par new generation   total 109248K, used 21824K [0x00000007a0000000, 0x00000007a8000000, 0x00000007a8000000)
  eden space 87424K,   0% used [0x00000007a0000000, 0x00000007a0000000, 0x00000007a5560000)
  from space 21824K, 100% used [0x00000007a6ab0000, 0x00000007a8000000, 0x00000007a8000000)
  to   space 21824K,   0% used [0x00000007a5560000, 0x00000007a5560000, 0x00000007a6ab0000)
 concurrent mark-sweep generation total 393216K, used 174941K [0x00000007a8000000, 0x00000007c0000000, 0x00000007c0000000)
 Metaspace       used 47608K, capacity 48540K, committed 48972K, reserved 1093632K
  class space    used 5107K, capacity 5406K, committed 5496K, reserved 1048576K
}
2016-09-12T00:11:11.361-0100: 5692,396: Total time for which application threads were stopped: 9,2059599 seconds, Stopping threads took: 0,2715519 seconds
2016-09-12T00:11:11.607-0100: 5692,643: Total time for which application threads were stopped: 0,2192061 seconds, Stopping threads took: 0,2186705 seconds
2016-09-12T00:11:11.608-0100: 5692,644: Total time for which application threads were stopped: 0,0006488 seconds, Stopping threads took: 0,0002083 seconds
2016-09-12T00:11:11.610-0100: 5692,645: Total time for which application threads were stopped: 0,0007125 seconds, Stopping threads took: 0,0002322 seconds
2016-09-12T00:11:11.655-0100: 5692,691: Total time for which application threads were stopped: 0,0004106 seconds, Stopping threads took: 0,0000521 seconds
2016-09-12T00:11:16.985-0100: 5698,021: Total time for which application threads were stopped: 0,0004679 seconds, Stopping threads took: 0,0000725 seconds
2016-09-12T00:11:17.966-0100: 5699,002: Total time for which application threads were stopped: 0,2381381 seconds, Stopping threads took: 0,0000930 seconds
2016-09-12T00:11:18.967-0100: 5700,003: Total time for which application threads were stopped: 0,0004628 seconds, Stopping threads took: 0,0000538 seconds
2016-09-12T00:11:19.968-0100: 5701,004: Total time for which application threads were stopped: 0,0005172 seconds, Stopping threads took: 0,0000595 seconds
2016-09-12T00:11:28.727-0100: 5709,764: Total time for which application threads were stopped: 0,0006289 seconds, Stopping threads took: 0,0000863 seconds
2016-09-12T00:11:29.729-0100: 5710,766: Total time for which application threads were stopped: 0,0006874 seconds, Stopping threads took: 0,0000680 seconds
2016-09-12T00:11:31.734-0100: 5712,770: Total time for which application threads were stopped: 0,0007975 seconds, Stopping threads took: 0,0002047 seconds
2016-09-12T00:11:41.761-0100: 5722,798: Total time for which application threads were stopped: 0,0054078 seconds, Stopping threads took: 0,0014131 seconds
2016-09-12T00:11:44.769-0100: 5725,806: Total time for which application threads were stopped: 0,0007293 seconds, Stopping threads took: 0,0001515 seconds
2016-09-12T00:11:45.770-0100: 5726,807: Total time for which application threads were stopped: 0,0005973 seconds, Stopping threads took: 0,0001516 seconds
2016-09-12T00:11:52.782-0100: 5733,819: Total time for which application threads were stopped: 0,0006685 seconds, Stopping threads took: 0,0001512 seconds
2016-09-12T00:11:54.791-0100: 5735,828: Total time for which application threads were stopped: 0,0006608 seconds, Stopping threads took: 0,0001279 seconds
2016-09-12T00:13:08.993-0100: 5810,033: Total time for which application threads were stopped: 0,0036243 seconds, Stopping threads took: 0,0005045 seconds
2016-09-12T00:13:09.306-0100: 5810,345: Total time for which application threads were stopped: 0,0379031 seconds, Stopping threads took: 0,0000324 seconds
2016-09-12T00:13:09.309-0100: 5810,348: Total time for which application threads were stopped: 0,0003258 seconds, Stopping threads took: 0,0000430 seconds
2016-09-12T00:13:10.311-0100: 5811,350: Total time for which application threads were stopped: 0,0004058 seconds, Stopping threads took: 0,0000519 seconds
2016-09-12T00:13:11.312-0100: 5812,351: Total time for which application threads were stopped: 0,0004862 seconds, Stopping threads took: 0,0000416 seconds
2016-09-12T00:13:12.761-0100: 5813,801: Total time for which application threads were stopped: 0,0004002 seconds, Stopping threads took: 0,0000330 seconds
2016-09-12T00:13:13.762-0100: 5814,802: Total time for which application threads were stopped: 0,0008125 seconds, Stopping threads took: 0,0002115 seconds
2016-09-12T00:13:13.891-0100: 5814,930: Total time for which application threads were stopped: 0,0902041 seconds, Stopping threads took: 0,0899424 seconds
2016-09-12T00:13:13.891-0100: 5814,930: Total time for which application threads were stopped: 0,0002846 seconds, Stopping threads took: 0,0000368 seconds
2016-09-12T00:13:14.892-0100: 5815,931: Total time for which application threads were stopped: 0,0003717 seconds, Stopping threads took: 0,0000414 seconds
2016-09-12T00:13:35.940-0100: 5836,980: Total time for which application threads were stopped: 0,0004201 seconds, Stopping threads took: 0,0000592 seconds
2016-09-12T00:13:36.400-0100: 5837,440: Total time for which application threads were stopped: 0,0003253 seconds, Stopping threads took: 0,0000394 seconds
2016-09-12T00:13:36.582-0100: 5837,622: Total time for which application threads were stopped: 0,0003391 seconds, Stopping threads took: 0,0000303 seconds
2016-09-12T00:13:36.584-0100: 5837,624: Total time for which application threads were stopped: 0,0002909 seconds, Stopping threads took: 0,0000343 seconds
2016-09-12T00:13:39.598-0100: 5840,638: Total time for which application threads were stopped: 0,0006055 seconds, Stopping threads took: 0,0003674 seconds
2016-09-12T00:13:47.791-0100: 5848,832: Total time for which application threads were stopped: 0,0003004 seconds, Stopping threads took: 0,0000594 seconds
2016-09-12T00:13:47.819-0100: 5848,860: Total time for which application threads were stopped: 0,0002343 seconds, Stopping threads took: 0,0000277 seconds
2016-09-12T00:13:47.820-0100: 5848,860: Total time for which application threads were stopped: 0,0001823 seconds, Stopping threads took: 0,0000404 seconds
2016-09-12T00:13:49.824-0100: 5850,864: Total time for which application threads were stopped: 0,0002351 seconds, Stopping threads took: 0,0000483 seconds
2016-09-12T00:13:51.829-0100: 5852,869: Total time for which application threads were stopped: 0,0002480 seconds, Stopping threads took: 0,0000312 seconds
2016-09-12T00:13:56.445-0100: 5857,486: Total time for which application threads were stopped: 0,0003460 seconds, Stopping threads took: 0,0000329 seconds
2016-09-12T00:13:56.446-0100: 5857,486: Total time for which application threads were stopped: 0,0002265 seconds, Stopping threads took: 0,0000196 seconds
2016-09-12T00:13:56.446-0100: 5857,487: Total time for which application threads were stopped: 0,0002139 seconds, Stopping threads took: 0,0000184 seconds
2016-09-12T00:13:56.447-0100: 5857,487: Total time for which application threads were stopped: 0,0002103 seconds, Stopping threads took: 0,0000180 seconds
2016-09-12T00:13:59.449-0100: 5860,490: Total time for which application threads were stopped: 0,0004765 seconds, Stopping threads took: 0,0000906 seconds
2016-09-12T00:19:09.207-0100: 5978,424: Total time for which application threads were stopped: 0,0005836 seconds, Stopping threads took: 0,0000766 seconds
2016-09-12T00:19:09.208-0100: 5978,425: Total time for which application threads were stopped: 0,0002339 seconds, Stopping threads took: 0,0000459 seconds
2016-09-12T00:19:12.041-0100: 5981,258: Total time for which application threads were stopped: 0,0005907 seconds, Stopping threads took: 0,0000417 seconds
2016-09-12T00:19:12.042-0100: 5981,259: Total time for which application threads were stopped: 0,0006801 seconds, Stopping threads took: 0,0004304 seconds
2016-09-12T00:19:13.030-0100: 5982,247: Total time for which application threads were stopped: 0,0006250 seconds, Stopping threads took: 0,0001313 seconds
2016-09-12T00:19:13.273-0100: 5982,490: Total time for which application threads were stopped: 0,2427881 seconds, Stopping threads took: 0,0000863 seconds
2016-09-12T00:19:13.274-0100: 5982,491: Total time for which application threads were stopped: 0,8280991 seconds, Stopping threads took: 0,0001876 seconds
2016-09-12T00:19:14.102-0100: 5983,319: Total time for which application threads were stopped: 0,0006999 seconds, Stopping threads took: 0,0001571 seconds
2016-09-12T00:19:14.258-0100: 5983,475: Total time for which application threads were stopped: 0,0003996 seconds, Stopping threads took: 0,0000674 seconds
2016-09-12T00:19:14.626-0100: 5983,842: Total time for which application threads were stopped: 0,0007751 seconds, Stopping threads took: 0,0000897 seconds
2016-09-12T00:19:20.648-0100: 5989,865: Total time for which application threads were stopped: 0,0006506 seconds, Stopping threads took: 0,0001059 seconds
2016-09-12T00:19:45.709-0100: 6014,927: Total time for which application threads were stopped: 0,0008896 seconds, Stopping threads took: 0,0002766 seconds
2016-09-12T00:19:46.725-0100: 6015,942: Total time for which application threads were stopped: 0,2526007 seconds, Stopping threads took: 0,2521075 seconds
2016-09-12T00:20:00.767-0100: 6029,985: Total time for which application threads were stopped: 0,0009851 seconds, Stopping threads took: 0,0001140 seconds
2016-09-12T00:20:01.697-0100: 6030,915: Total time for which application threads were stopped: 0,0005371 seconds, Stopping threads took: 0,0000911 seconds
2016-09-12T00:20:22.743-0100: 6051,962: Total time for which application threads were stopped: 0,0005911 seconds, Stopping threads took: 0,0000681 seconds
2016-09-12T00:20:26.748-0100: 6055,967: Total time for which application threads were stopped: 0,0006052 seconds, Stopping threads took: 0,0000390 seconds
2016-09-12T00:20:27.143-0100: 6056,362: Total time for which application threads were stopped: 0,0004114 seconds, Stopping threads took: 0,0000505 seconds
2016-09-12T00:20:27.144-0100: 6056,363: Total time for which application threads were stopped: 0,0002130 seconds, Stopping threads took: 0,0000184 seconds
2016-09-12T00:20:28.147-0100: 6057,366: Total time for which application threads were stopped: 0,0003703 seconds, Stopping threads took: 0,0000367 seconds
2016-09-12T00:20:28.777-0100: 6057,996: Total time for which application threads were stopped: 0,0004081 seconds, Stopping threads took: 0,0000769 seconds
2016-09-12T00:20:28.778-0100: 6057,997: Total time for which application threads were stopped: 0,0002540 seconds, Stopping threads took: 0,0000299 seconds
2016-09-12T00:20:30.483-0100: 6059,702: Total time for which application threads were stopped: 0,0005025 seconds, Stopping threads took: 0,0000844 seconds
2016-09-12T00:20:30.483-0100: 6059,702: Total time for which application threads were stopped: 0,0002535 seconds, Stopping threads took: 0,0000264 seconds
2016-09-12T00:20:32.271-0100: 6061,490: Total time for which application threads were stopped: 0,0012612 seconds, Stopping threads took: 0,0003842 seconds
2016-09-12T00:20:32.271-0100: 6061,491: Total time for which application threads were stopped: 0,0003359 seconds, Stopping threads took: 0,0000228 seconds
2016-09-12T00:20:36.324-0100: 6065,543: Total time for which application threads were stopped: 0,0053090 seconds, Stopping threads took: 0,0000362 seconds
2016-09-12T00:20:37.328-0100: 6066,547: Total time for which application threads were stopped: 0,0002865 seconds, Stopping threads took: 0,0000439 seconds
2016-09-12T00:20:40.334-0100: 6069,553: Total time for which application threads were stopped: 0,0004548 seconds, Stopping threads took: 0,0001013 seconds
2016-09-12T00:20:44.348-0100: 6073,568: Total time for which application threads were stopped: 0,0005206 seconds, Stopping threads took: 0,0001160 seconds
2016-09-12T00:20:44.940-0100: 6074,160: Total time for which application threads were stopped: 0,0003168 seconds, Stopping threads took: 0,0000575 seconds
2016-09-12T00:20:45.941-0100: 6075,160: Total time for which application threads were stopped: 0,0004113 seconds, Stopping threads took: 0,0000535 seconds
2016-09-12T00:20:46.843-0100: 6076,062: Total time for which application threads were stopped: 0,0004251 seconds, Stopping threads took: 0,0000356 seconds
2016-09-12T00:20:48.945-0100: 6078,165: Total time for which application threads were stopped: 0,0593620 seconds, Stopping threads took: 0,0591335 seconds
2016-09-12T00:20:49.946-0100: 6079,166: Total time for which application threads were stopped: 0,0004246 seconds, Stopping threads took: 0,0000475 seconds
{Heap before GC invocations=325 (full 15):
 par new generation   total 109248K, used 109207K [0x00000007a0000000, 0x00000007a8000000, 0x00000007a8000000)
  eden space 87424K,  99% used [0x00000007a0000000, 0x00000007a5555f90, 0x00000007a5560000)
  from space 21824K, 100% used [0x00000007a6ab0000, 0x00000007a8000000, 0x00000007a8000000)
  to   space 21824K,   0% used [0x00000007a5560000, 0x00000007a5560000, 0x00000007a6ab0000)
 concurrent mark-sweep generation total 393216K, used 174941K [0x00000007a8000000, 0x00000007c0000000, 0x00000007c0000000)
 Metaspace       used 47805K, capacity 48758K, committed 49228K, reserved 1093632K
  class space    used 5122K, capacity 5409K, committed 5496K, reserved 1048576K
2016-09-12T00:20:52.112-0100: 6081,331: [GC (Allocation Failure) 2016-09-12T00:20:52.173-0100: 6081,393: [ParNew
Desired survivor size 20112992 bytes, new threshold 8 (max 8)
- age   1:    3188568 bytes,    3188568 total
- age   2:    1075832 bytes,    4264400 total
- age   3:    1825888 bytes,    6090288 total
- age   4:     493704 bytes,    6583992 total
- age   5:    1828104 bytes,    8412096 total
- age   6:    2842272 bytes,   11254368 total
- age   7:    1061976 bytes,   12316344 total
- age   8:     303584 bytes,   12619928 total
: 109207K->17203K(109248K), 0,6902208 secs] 284149K->196676K(502464K), 0,8168048 secs] [Times: user=0,06 sys=0,13, real=0,81 secs] 
Heap after GC invocations=326 (full 15):
 par new generation   total 109248K, used 17203K [0x00000007a0000000, 0x00000007a8000000, 0x00000007a8000000)
  eden space 87424K,   0% used [0x00000007a0000000, 0x00000007a0000000, 0x00000007a5560000)
  from space 21824K,  78% used [0x00000007a5560000, 0x00000007a662cc20, 0x00000007a6ab0000)
  to   space 21824K,   0% used [0x00000007a6ab0000, 0x00000007a6ab0000, 0x00000007a8000000)
 concurrent mark-sweep generation total 393216K, used 179473K [0x00000007a8000000, 0x00000007c0000000, 0x00000007c0000000)
 Metaspace       used 47805K, capacity 48758K, committed 49228K, reserved 1093632K
  class space    used 5122K, capacity 5409K, committed 5496K, reserved 1048576K
}
2016-09-12T00:20:52.929-0100: 6082,148: Total time for which application threads were stopped: 0,9973785 seconds, Stopping threads took: 0,0156203 seconds
2016-09-12T00:20:53.933-0100: 6083,153: Total time for which application threads were stopped: 0,0003654 seconds, Stopping threads took: 0,0000609 seconds
2016-09-12T00:20:56.941-0100: 6086,161: Total time for which application threads were stopped: 0,0003102 seconds, Stopping threads took: 0,0000503 seconds
2016-09-12T00:20:57.977-0100: 6087,197: Total time for which application threads were stopped: 0,0326893 seconds, Stopping threads took: 0,0323287 seconds
2016-09-12T00:20:58.994-0100: 6088,214: Total time for which application threads were stopped: 0,0116610 seconds, Stopping threads took: 0,0113621 seconds
2016-09-12T00:20:59.999-0100: 6089,219: Total time for which application threads were stopped: 0,0003389 seconds, Stopping threads took: 0,0000523 seconds
{Heap before GC invocations=326 (full 15):
 par new generation   total 109248K, used 104141K [0x00000007a0000000, 0x00000007a8000000, 0x00000007a8000000)
  eden space 87424K,  99% used [0x00000007a0000000, 0x00000007a54e6908, 0x00000007a5560000)
  from space 21824K,  78% used [0x00000007a5560000, 0x00000007a662cc20, 0x00000007a6ab0000)
  to   space 21824K,   0% used [0x00000007a6ab0000, 0x00000007a6ab0000, 0x00000007a8000000)
 concurrent mark-sweep generation total 393216K, used 179473K [0x00000007a8000000, 0x00000007c0000000, 0x00000007c0000000)
 Metaspace       used 47896K, capacity 48952K, committed 49228K, reserved 1093632K
  class space    used 5123K, capacity 5410K, committed 5496K, reserved 1048576K
2016-09-12T00:21:01.875-0100: 6091,095: [GC (Allocation Failure) 2016-09-12T00:21:01.906-0100: 6091,126: [ParNew
Desired survivor size 20112992 bytes, new threshold 8 (max 8)
- age   1:    3249296 bytes,    3249296 total
- age   2:     912760 bytes,    4162056 total
- age   3:    1071072 bytes,    5233128 total
- age   4:    1824848 bytes,    7057976 total
- age   5:     493704 bytes,    7551680 total
- age   6:    1828104 bytes,    9379784 total
- age   7:    2842272 bytes,   12222056 total
- age   8:    1061976 bytes,   13284032 total
: 104141K->15449K(109248K), 0,0181297 secs] 283615K->195250K(502464K), 0,0500816 secs] [Times: user=0,04 sys=0,02, real=0,05 secs] 
Heap after GC invocations=327 (full 15):
 par new generation   total 109248K, used 15449K [0x00000007a0000000, 0x00000007a8000000, 0x00000007a8000000)
  eden space 87424K,   0% used [0x00000007a0000000, 0x00000007a0000000, 0x00000007a5560000)
  from space 21824K,  70% used [0x00000007a6ab0000, 0x00000007a79c6728, 0x00000007a8000000)
  to   space 21824K,   0% used [0x00000007a5560000, 0x00000007a5560000, 0x00000007a6ab0000)
 concurrent mark-sweep generation total 393216K, used 179800K [0x00000007a8000000, 0x00000007c0000000, 0x00000007c0000000)
 Metaspace       used 47896K, capacity 48952K, committed 49228K, reserved 1093632K
  class space    used 5123K, capacity 5410K, committed 5496K, reserved 1048576K
}
2016-09-12T00:21:01.925-0100: 6091,145: Total time for which application threads were stopped: 0,0504930 seconds, Stopping threads took: 0,0000734 seconds
2016-09-12T00:21:03.050-0100: 6092,270: Total time for which application threads were stopped: 0,1211760 seconds, Stopping threads took: 0,1208573 seconds
2016-09-12T00:21:03.679-0100: 6092,899: Total time for which application threads were stopped: 0,0004939 seconds, Stopping threads took: 0,0000321 seconds
2016-09-12T00:21:03.683-0100: 6092,903: Total time for which application threads were stopped: 0,0005383 seconds, Stopping threads took: 0,0000751 seconds
2016-09-12T00:21:04.683-0100: 6093,903: Total time for which application threads were stopped: 0,0004500 seconds, Stopping threads took: 0,0001084 seconds
2016-09-12T00:21:05.218-0100: 6094,438: Total time for which application threads were stopped: 0,0009333 seconds, Stopping threads took: 0,0000574 seconds
2016-09-12T00:21:05.687-0100: 6094,907: Total time for which application threads were stopped: 0,0002832 seconds, Stopping threads took: 0,0000550 seconds
2016-09-12T00:21:05.687-0100: 6094,907: Total time for which application threads were stopped: 0,0001293 seconds, Stopping threads took: 0,0000240 seconds
2016-09-12T00:21:05.689-0100: 6094,909: Total time for which application threads were stopped: 0,0002811 seconds, Stopping threads took: 0,0000225 seconds
2016-09-12T00:21:06.697-0100: 6095,917: Total time for which application threads were stopped: 0,0079490 seconds, Stopping threads took: 0,0077300 seconds
{Heap before GC invocations=327 (full 15):
 par new generation   total 109248K, used 102873K [0x00000007a0000000, 0x00000007a8000000, 0x00000007a8000000)
  eden space 87424K, 100% used [0x00000007a0000000, 0x00000007a5560000, 0x00000007a5560000)
  from space 21824K,  70% used [0x00000007a6ab0000, 0x00000007a79c6728, 0x00000007a8000000)
  to   space 21824K,   0% used [0x00000007a5560000, 0x00000007a5560000, 0x00000007a6ab0000)
 concurrent mark-sweep generation total 393216K, used 179800K [0x00000007a8000000, 0x00000007c0000000, 0x00000007c0000000)
 Metaspace       used 47938K, capacity 48964K, committed 49228K, reserved 1093632K
  class space    used 5123K, capacity 5410K, committed 5496K, reserved 1048576K
2016-09-12T00:21:06.758-0100: 6095,978: [GC (Allocation Failure) 2016-09-12T00:21:06.804-0100: 6096,024: [ParNew
Desired survivor size 20112992 bytes, new threshold 8 (max 8)
- age   1:    2502864 bytes,    2502864 total
- age   2:      15464 bytes,    2518328 total
- age   3:     850008 bytes,    3368336 total
- age   4:    1070896 bytes,    4439232 total
- age   5:    1821160 bytes,    6260392 total
- age   6:     493672 bytes,    6754064 total
- age   7:    1822840 bytes,    8576904 total
- age   8:    2813504 bytes,   11390408 total
: 102873K->17310K(109248K), 0,0169786 secs] 282674K->198148K(502464K), 0,0637467 secs] [Times: user=0,04 sys=0,00, real=0,07 secs] 
