Java HotSpot(TM) 64-Bit Server VM (25.91-b14) for bsd-amd64 JRE (1.8.0_91-b14), built on Apr  1 2016 01:03:00 by "java_re" with gcc 4.2.1 (Based on Apple Inc. build 5658) (LLVM build 2336.11.00)
Memory: 4k page, physical 4194304k(315908k free)

/proc/meminfo:

CommandLine flags: -XX:CMSInitiatingOccupancyFraction=50 -XX:CMSMaxAbortablePrecleanTime=6000 -XX:+CMSParallelRemarkEnabled -XX:+CMSScavengeBeforeRemark -XX:ConcGCThreads=4 -XX:InitialHeapSize=536870912 -XX:MaxHeapSize=536870912 -XX:MaxTenuringThreshold=8 -XX:NewRatio=3 -XX:OldPLABSize=16 -XX:OnOutOfMemoryError=/Applications/MAMP/htdocs/science/solr/bin/oom_solr.sh 8983 /Applications/MAMP/htdocs/science/solr/example/techproducts/solr/../logs -XX:ParallelGCThreads=4 -XX:+ParallelRefProcEnabled -XX:PretenureSizeThreshold=67108864 -XX:+PrintGC -XX:+PrintGCApplicationStoppedTime -XX:+PrintGCDateStamps -XX:+PrintGCDetails -XX:+PrintGCTimeStamps -XX:+PrintHeapAtGC -XX:+PrintTenuringDistribution -XX:SurvivorRatio=4 -XX:TargetSurvivorRatio=90 -XX:ThreadStackSize=256 -XX:+UseCMSInitiatingOccupancyOnly -XX:+UseCompressedClassPointers -XX:+UseCompressedOops -XX:+UseConcMarkSweepGC -XX:+UseParNewGC 
2016-09-07T20:01:27.588-0100: 0,221: Total time for which application threads were stopped: 0,0000901 seconds, Stopping threads took: 0,0000116 seconds
2016-09-07T20:01:27.715-0100: 0,347: Total time for which application threads were stopped: 0,0001263 seconds, Stopping threads took: 0,0000135 seconds
2016-09-07T20:01:28.468-0100: 1,101: Total time for which application threads were stopped: 0,0001842 seconds, Stopping threads took: 0,0000140 seconds
2016-09-07T20:01:28.546-0100: 1,179: Total time for which application threads were stopped: 0,0001655 seconds, Stopping threads took: 0,0000165 seconds
2016-09-07T20:01:28.573-0100: 1,205: Total time for which application threads were stopped: 0,0002354 seconds, Stopping threads took: 0,0000209 seconds
2016-09-07T20:01:28.824-0100: 1,457: Total time for which application threads were stopped: 0,0002273 seconds, Stopping threads took: 0,0000153 seconds
2016-09-07T20:01:29.720-0100: 2,353: Total time for which application threads were stopped: 0,0002416 seconds, Stopping threads took: 0,0000155 seconds
2016-09-07T20:01:29.721-0100: 2,354: Total time for which application threads were stopped: 0,0001765 seconds, Stopping threads took: 0,0000196 seconds
2016-09-07T20:01:29.724-0100: 2,357: Total time for which application threads were stopped: 0,0001894 seconds, Stopping threads took: 0,0000154 seconds
2016-09-07T20:01:29.733-0100: 2,366: Total time for which application threads were stopped: 0,0002118 seconds, Stopping threads took: 0,0000230 seconds
2016-09-07T20:01:30.737-0100: 3,370: Total time for which application threads were stopped: 0,0002464 seconds, Stopping threads took: 0,0000391 seconds
2016-09-07T20:01:31.535-0100: 4,168: Total time for which application threads were stopped: 0,0003086 seconds, Stopping threads took: 0,0000332 seconds
2016-09-07T20:01:33.205-0100: 5,838: Total time for which application threads were stopped: 0,0000681 seconds, Stopping threads took: 0,0000152 seconds
2016-09-07T20:01:33.236-0100: 5,868: Total time for which application threads were stopped: 0,0000726 seconds, Stopping threads took: 0,0000189 seconds
2016-09-07T20:01:33.286-0100: 5,919: Total time for which application threads were stopped: 0,0002252 seconds, Stopping threads took: 0,0000161 seconds
2016-09-07T20:01:33.339-0100: 5,972: Total time for which application threads were stopped: 0,0000919 seconds, Stopping threads took: 0,0000180 seconds
2016-09-07T20:01:33.374-0100: 6,006: Total time for which application threads were stopped: 0,0002615 seconds, Stopping threads took: 0,0000195 seconds
2016-09-07T20:01:33.653-0100: 6,285: Total time for which application threads were stopped: 0,0002426 seconds, Stopping threads took: 0,0000176 seconds
{Heap before GC invocations=0 (full 0):
 par new generation   total 109248K, used 87424K [0x00000007a0000000, 0x00000007a8000000, 0x00000007a8000000)
  eden space 87424K, 100% used [0x00000007a0000000, 0x00000007a5560000, 0x00000007a5560000)
  from space 21824K,   0% used [0x00000007a5560000, 0x00000007a5560000, 0x00000007a6ab0000)
  to   space 21824K,   0% used [0x00000007a6ab0000, 0x00000007a6ab0000, 0x00000007a8000000)
 concurrent mark-sweep generation total 393216K, used 0K [0x00000007a8000000, 0x00000007c0000000, 0x00000007c0000000)
 Metaspace       used 19002K, capacity 19322K, committed 19584K, reserved 1067008K
  class space    used 2238K, capacity 2371K, committed 2432K, reserved 1048576K
2016-09-07T20:01:33.654-0100: 6,287: [GC (Allocation Failure) 2016-09-07T20:01:33.654-0100: 6,287: [ParNew
Desired survivor size 20112992 bytes, new threshold 8 (max 8)
- age   1:   11814728 bytes,   11814728 total
: 87424K->11654K(109248K), 0,0142585 secs] 87424K->11654K(502464K), 0,0143346 secs] [Times: user=0,04 sys=0,02, real=0,01 secs] 
Heap after GC invocations=1 (full 0):
 par new generation   total 109248K, used 11654K [0x00000007a0000000, 0x00000007a8000000, 0x00000007a8000000)
  eden space 87424K,   0% used [0x00000007a0000000, 0x00000007a0000000, 0x00000007a5560000)
  from space 21824K,  53% used [0x00000007a6ab0000, 0x00000007a7611ac0, 0x00000007a8000000)
  to   space 21824K,   0% used [0x00000007a5560000, 0x00000007a5560000, 0x00000007a6ab0000)
 concurrent mark-sweep generation total 393216K, used 0K [0x00000007a8000000, 0x00000007c0000000, 0x00000007c0000000)
 Metaspace       used 19002K, capacity 19322K, committed 19584K, reserved 1067008K
  class space    used 2238K, capacity 2371K, committed 2432K, reserved 1048576K
}
2016-09-07T20:01:33.668-0100: 6,301: Total time for which application threads were stopped: 0,0145394 seconds, Stopping threads took: 0,0000155 seconds
2016-09-07T20:01:33.669-0100: 6,301: Total time for which application threads were stopped: 0,0000867 seconds, Stopping threads took: 0,0000364 seconds
2016-09-07T20:01:33.669-0100: 6,302: Total time for which application threads were stopped: 0,0000791 seconds, Stopping threads took: 0,0000351 seconds
2016-09-07T20:01:33.669-0100: 6,302: Total time for which application threads were stopped: 0,0000748 seconds, Stopping threads took: 0,0000460 seconds
2016-09-07T20:01:33.669-0100: 6,302: Total time for which application threads were stopped: 0,0000689 seconds, Stopping threads took: 0,0000331 seconds
2016-09-07T20:01:33.669-0100: 6,302: Total time for which application threads were stopped: 0,0000814 seconds, Stopping threads took: 0,0000496 seconds
2016-09-07T20:01:33.689-0100: 6,321: Total time for which application threads were stopped: 0,0001347 seconds, Stopping threads took: 0,0000456 seconds
2016-09-07T20:01:33.689-0100: 6,322: Total time for which application threads were stopped: 0,0000750 seconds, Stopping threads took: 0,0000257 seconds
2016-09-07T20:01:33.689-0100: 6,322: Total time for which application threads were stopped: 0,0000606 seconds, Stopping threads took: 0,0000249 seconds
2016-09-07T20:01:33.689-0100: 6,322: Total time for which application threads were stopped: 0,0000611 seconds, Stopping threads took: 0,0000212 seconds
2016-09-07T20:01:33.689-0100: 6,322: Total time for which application threads were stopped: 0,0000566 seconds, Stopping threads took: 0,0000225 seconds
2016-09-07T20:01:33.878-0100: 6,511: Total time for which application threads were stopped: 0,0001172 seconds, Stopping threads took: 0,0000468 seconds
2016-09-07T20:01:33.878-0100: 6,511: Total time for which application threads were stopped: 0,0000852 seconds, Stopping threads took: 0,0000172 seconds
2016-09-07T20:01:33.882-0100: 6,515: Total time for which application threads were stopped: 0,0000936 seconds, Stopping threads took: 0,0000215 seconds
2016-09-07T20:01:33.883-0100: 6,516: Total time for which application threads were stopped: 0,0000734 seconds, Stopping threads took: 0,0000156 seconds
2016-09-07T20:01:33.884-0100: 6,517: Total time for which application threads were stopped: 0,0000724 seconds, Stopping threads took: 0,0000151 seconds
2016-09-07T20:01:33.885-0100: 6,518: Total time for which application threads were stopped: 0,0000540 seconds, Stopping threads took: 0,0000134 seconds
2016-09-07T20:01:33.887-0100: 6,520: Total time for which application threads were stopped: 0,0000948 seconds, Stopping threads took: 0,0000198 seconds
2016-09-07T20:01:33.887-0100: 6,520: Total time for which application threads were stopped: 0,0000992 seconds, Stopping threads took: 0,0000355 seconds
2016-09-07T20:01:33.890-0100: 6,523: Total time for which application threads were stopped: 0,0000716 seconds, Stopping threads took: 0,0000185 seconds
2016-09-07T20:01:33.890-0100: 6,523: Total time for which application threads were stopped: 0,0000466 seconds, Stopping threads took: 0,0000134 seconds
2016-09-07T20:01:33.898-0100: 6,531: Total time for which application threads were stopped: 0,0001154 seconds, Stopping threads took: 0,0000387 seconds
2016-09-07T20:01:33.898-0100: 6,531: Total time for which application threads were stopped: 0,0000493 seconds, Stopping threads took: 0,0000121 seconds
2016-09-07T20:01:33.898-0100: 6,531: Total time for which application threads were stopped: 0,0000926 seconds, Stopping threads took: 0,0000069 seconds
2016-09-07T20:01:33.898-0100: 6,531: Total time for which application threads were stopped: 0,0000343 seconds, Stopping threads took: 0,0000046 seconds
2016-09-07T20:01:33.904-0100: 6,537: Total time for which application threads were stopped: 0,0000901 seconds, Stopping threads took: 0,0000233 seconds
2016-09-07T20:01:33.904-0100: 6,537: Total time for which application threads were stopped: 0,0000543 seconds, Stopping threads took: 0,0000097 seconds
2016-09-07T20:01:33.904-0100: 6,537: Total time for which application threads were stopped: 0,0000540 seconds, Stopping threads took: 0,0000220 seconds
2016-09-07T20:01:33.904-0100: 6,537: Total time for which application threads were stopped: 0,0000412 seconds, Stopping threads took: 0,0000083 seconds
2016-09-07T20:01:33.904-0100: 6,537: Total time for which application threads were stopped: 0,0000512 seconds, Stopping threads took: 0,0000214 seconds
2016-09-07T20:01:33.911-0100: 6,544: Total time for which application threads were stopped: 0,0000745 seconds, Stopping threads took: 0,0000199 seconds
2016-09-07T20:01:33.911-0100: 6,544: Total time for which application threads were stopped: 0,0000463 seconds, Stopping threads took: 0,0000133 seconds
2016-09-07T20:01:33.913-0100: 6,545: Total time for which application threads were stopped: 0,0001087 seconds, Stopping threads took: 0,0000425 seconds
2016-09-07T20:01:33.913-0100: 6,546: Total time for which application threads were stopped: 0,0000764 seconds, Stopping threads took: 0,0000292 seconds
2016-09-07T20:01:33.913-0100: 6,546: Total time for which application threads were stopped: 0,0000622 seconds, Stopping threads took: 0,0000117 seconds
2016-09-07T20:01:33.913-0100: 6,546: Total time for which application threads were stopped: 0,0000539 seconds, Stopping threads took: 0,0000102 seconds
2016-09-07T20:01:33.913-0100: 6,546: Total time for which application threads were stopped: 0,0000463 seconds, Stopping threads took: 0,0000117 seconds
2016-09-07T20:01:33.914-0100: 6,547: Total time for which application threads were stopped: 0,0000336 seconds, Stopping threads took: 0,0000070 seconds
2016-09-07T20:01:33.914-0100: 6,547: Total time for which application threads were stopped: 0,0000358 seconds, Stopping threads took: 0,0000086 seconds
2016-09-07T20:01:33.914-0100: 6,547: Total time for which application threads were stopped: 0,0000318 seconds, Stopping threads took: 0,0000065 seconds
2016-09-07T20:01:33.914-0100: 6,547: Total time for which application threads were stopped: 0,0000361 seconds, Stopping threads took: 0,0000075 seconds
2016-09-07T20:01:33.914-0100: 6,547: Total time for which application threads were stopped: 0,0000346 seconds, Stopping threads took: 0,0000069 seconds
2016-09-07T20:01:33.915-0100: 6,548: Total time for which application threads were stopped: 0,0000706 seconds, Stopping threads took: 0,0000317 seconds
2016-09-07T20:01:33.915-0100: 6,548: Total time for which application threads were stopped: 0,0000456 seconds, Stopping threads took: 0,0000090 seconds
2016-09-07T20:01:33.915-0100: 6,548: Total time for which application threads were stopped: 0,0001130 seconds, Stopping threads took: 0,0000828 seconds
2016-09-07T20:01:33.915-0100: 6,548: Total time for which application threads were stopped: 0,0000491 seconds, Stopping threads took: 0,0000102 seconds
2016-09-07T20:01:33.915-0100: 6,548: Total time for which application threads were stopped: 0,0000735 seconds, Stopping threads took: 0,0000449 seconds
2016-09-07T20:01:33.915-0100: 6,548: Total time for which application threads were stopped: 0,0000696 seconds, Stopping threads took: 0,0000414 seconds
2016-09-07T20:01:33.915-0100: 6,548: Total time for which application threads were stopped: 0,0000675 seconds, Stopping threads took: 0,0000403 seconds
2016-09-07T20:01:33.916-0100: 6,549: Total time for which application threads were stopped: 0,0000660 seconds, Stopping threads took: 0,0000397 seconds
2016-09-07T20:01:33.916-0100: 6,549: Total time for which application threads were stopped: 0,0000430 seconds, Stopping threads took: 0,0000090 seconds
2016-09-07T20:01:33.916-0100: 6,549: Total time for which application threads were stopped: 0,0000680 seconds, Stopping threads took: 0,0000109 seconds
2016-09-07T20:01:33.916-0100: 6,549: Total time for which application threads were stopped: 0,0000421 seconds, Stopping threads took: 0,0000089 seconds
2016-09-07T20:01:33.916-0100: 6,549: Total time for which application threads were stopped: 0,0000605 seconds, Stopping threads took: 0,0000250 seconds
2016-09-07T20:01:33.917-0100: 6,550: Total time for which application threads were stopped: 0,0000736 seconds, Stopping threads took: 0,0000341 seconds
2016-09-07T20:01:33.917-0100: 6,550: Total time for which application threads were stopped: 0,0000373 seconds, Stopping threads took: 0,0000083 seconds
2016-09-07T20:01:33.917-0100: 6,550: Total time for which application threads were stopped: 0,0000468 seconds, Stopping threads took: 0,0000071 seconds
2016-09-07T20:01:33.917-0100: 6,550: Total time for which application threads were stopped: 0,0000348 seconds, Stopping threads took: 0,0000066 seconds
2016-09-07T20:01:33.917-0100: 6,550: Total time for which application threads were stopped: 0,0000380 seconds, Stopping threads took: 0,0000075 seconds
2016-09-07T20:01:33.917-0100: 6,550: Total time for which application threads were stopped: 0,0000339 seconds, Stopping threads took: 0,0000064 seconds
2016-09-07T20:01:33.922-0100: 6,555: Total time for which application threads were stopped: 0,0001089 seconds, Stopping threads took: 0,0000466 seconds
2016-09-07T20:01:33.922-0100: 6,555: Total time for which application threads were stopped: 0,0000469 seconds, Stopping threads took: 0,0000089 seconds
2016-09-07T20:01:33.922-0100: 6,555: Total time for which application threads were stopped: 0,0000363 seconds, Stopping threads took: 0,0000052 seconds
2016-09-07T20:01:33.922-0100: 6,555: Total time for which application threads were stopped: 0,0000406 seconds, Stopping threads took: 0,0000061 seconds
2016-09-07T20:01:33.922-0100: 6,555: Total time for which application threads were stopped: 0,0000355 seconds, Stopping threads took: 0,0000051 seconds
2016-09-07T20:01:33.928-0100: 6,561: Total time for which application threads were stopped: 0,0000997 seconds, Stopping threads took: 0,0000371 seconds
2016-09-07T20:01:33.929-0100: 6,561: Total time for which application threads were stopped: 0,0000531 seconds, Stopping threads took: 0,0000103 seconds
2016-09-07T20:01:33.929-0100: 6,562: Total time for which application threads were stopped: 0,0000579 seconds, Stopping threads took: 0,0000225 seconds
2016-09-07T20:01:33.929-0100: 6,562: Total time for which application threads were stopped: 0,0000396 seconds, Stopping threads took: 0,0000068 seconds
2016-09-07T20:01:33.929-0100: 6,562: Total time for which application threads were stopped: 0,0000420 seconds, Stopping threads took: 0,0000073 seconds
2016-09-07T20:01:33.932-0100: 6,565: Total time for which application threads were stopped: 0,0000919 seconds, Stopping threads took: 0,0000219 seconds
2016-09-07T20:01:33.932-0100: 6,565: Total time for which application threads were stopped: 0,0000611 seconds, Stopping threads took: 0,0000122 seconds
2016-09-07T20:01:33.934-0100: 6,567: Total time for which application threads were stopped: 0,0000677 seconds, Stopping threads took: 0,0000196 seconds
2016-09-07T20:01:33.934-0100: 6,567: Total time for which application threads were stopped: 0,0000469 seconds, Stopping threads took: 0,0000104 seconds
2016-09-07T20:01:33.936-0100: 6,569: Total time for which application threads were stopped: 0,0000758 seconds, Stopping threads took: 0,0000186 seconds
2016-09-07T20:01:33.937-0100: 6,570: Total time for which application threads were stopped: 0,0000599 seconds, Stopping threads took: 0,0000118 seconds
2016-09-07T20:01:34.085-0100: 6,718: Total time for which application threads were stopped: 0,0001188 seconds, Stopping threads took: 0,0000186 seconds
2016-09-07T20:01:34.085-0100: 6,718: Total time for which application threads were stopped: 0,0000464 seconds, Stopping threads took: 0,0000110 seconds
2016-09-07T20:01:34.161-0100: 6,794: Total time for which application threads were stopped: 0,0002984 seconds, Stopping threads took: 0,0000207 seconds
2016-09-07T20:01:34.342-0100: 6,975: Total time for which application threads were stopped: 0,0002137 seconds, Stopping threads took: 0,0000273 seconds
2016-09-07T20:01:34.485-0100: 7,118: Total time for which application threads were stopped: 0,0000825 seconds, Stopping threads took: 0,0000183 seconds
2016-09-07T20:01:35.007-0100: 7,640: Total time for which application threads were stopped: 0,0000850 seconds, Stopping threads took: 0,0000181 seconds
2016-09-07T20:01:35.144-0100: 7,777: Total time for which application threads were stopped: 0,0000790 seconds, Stopping threads took: 0,0000193 seconds
2016-09-07T20:01:35.166-0100: 7,799: Total time for which application threads were stopped: 0,0000942 seconds, Stopping threads took: 0,0000174 seconds
2016-09-07T20:01:35.177-0100: 7,810: Total time for which application threads were stopped: 0,0000873 seconds, Stopping threads took: 0,0000187 seconds
2016-09-07T20:01:35.186-0100: 7,819: Total time for which application threads were stopped: 0,0000994 seconds, Stopping threads took: 0,0000272 seconds
2016-09-07T20:01:35.195-0100: 7,828: Total time for which application threads were stopped: 0,0001417 seconds, Stopping threads took: 0,0000138 seconds
2016-09-07T20:01:35.197-0100: 7,830: Total time for which application threads were stopped: 0,0000811 seconds, Stopping threads took: 0,0000145 seconds
2016-09-07T20:01:35.318-0100: 7,951: Total time for which application threads were stopped: 0,0001636 seconds, Stopping threads took: 0,0000469 seconds
2016-09-07T20:01:35.452-0100: 8,085: Total time for which application threads were stopped: 0,0001466 seconds, Stopping threads took: 0,0000227 seconds
2016-09-07T20:01:35.498-0100: 8,131: Total time for which application threads were stopped: 0,0002797 seconds, Stopping threads took: 0,0000224 seconds
2016-09-07T20:01:35.572-0100: 8,205: Total time for which application threads were stopped: 0,0003985 seconds, Stopping threads took: 0,0000213 seconds
2016-09-07T20:01:35.624-0100: 8,257: Total time for which application threads were stopped: 0,0001404 seconds, Stopping threads took: 0,0000193 seconds
2016-09-07T20:01:35.668-0100: 8,301: [GC (CMS Initial Mark) [1 CMS-initial-mark: 0K(393216K)] 81226K(502464K), 0,0126743 secs] [Times: user=0,05 sys=0,00, real=0,02 secs] 
2016-09-07T20:01:35.681-0100: 8,314: Total time for which application threads were stopped: 0,0128268 seconds, Stopping threads took: 0,0000269 seconds
2016-09-07T20:01:35.681-0100: 8,314: [CMS-concurrent-mark-start]
2016-09-07T20:01:35.681-0100: 8,314: [CMS-concurrent-mark: 0,000/0,000 secs] [Times: user=0,00 sys=0,00, real=0,00 secs] 
2016-09-07T20:01:35.681-0100: 8,314: [CMS-concurrent-preclean-start]
2016-09-07T20:01:35.682-0100: 8,315: [CMS-concurrent-preclean: 0,001/0,001 secs] [Times: user=0,00 sys=0,00, real=0,00 secs] 
2016-09-07T20:01:35.682-0100: 8,315: [CMS-concurrent-abortable-preclean-start]
2016-09-07T20:01:35.737-0100: 8,370: Total time for which application threads were stopped: 0,0001522 seconds, Stopping threads took: 0,0000232 seconds
2016-09-07T20:01:35.894-0100: 8,527: Total time for which application threads were stopped: 0,0003450 seconds, Stopping threads took: 0,0000206 seconds
2016-09-07T20:01:36.029-0100: 8,662: Total time for which application threads were stopped: 0,0001354 seconds, Stopping threads took: 0,0000229 seconds
{Heap before GC invocations=1 (full 1):
 par new generation   total 109248K, used 99078K [0x00000007a0000000, 0x00000007a8000000, 0x00000007a8000000)
  eden space 87424K, 100% used [0x00000007a0000000, 0x00000007a5560000, 0x00000007a5560000)
  from space 21824K,  53% used [0x00000007a6ab0000, 0x00000007a7611ac0, 0x00000007a8000000)
  to   space 21824K,   0% used [0x00000007a5560000, 0x00000007a5560000, 0x00000007a6ab0000)
 concurrent mark-sweep generation total 393216K, used 0K [0x00000007a8000000, 0x00000007c0000000, 0x00000007c0000000)
 Metaspace       used 22787K, capacity 23206K, committed 23416K, reserved 1069056K
  class space    used 2697K, capacity 2861K, committed 2964K, reserved 1048576K
2016-09-07T20:01:36.044-0100: 8,677: [GC (Allocation Failure) 2016-09-07T20:01:36.044-0100: 8,677: [ParNew
Desired survivor size 20112992 bytes, new threshold 8 (max 8)
- age   1:    4751112 bytes,    4751112 total
- age   2:    5377616 bytes,   10128728 total
: 99078K->14006K(109248K), 0,0157639 secs] 99078K->14006K(502464K), 0,0158485 secs] [Times: user=0,05 sys=0,01, real=0,02 secs] 
Heap after GC invocations=2 (full 1):
 par new generation   total 109248K, used 14006K [0x00000007a0000000, 0x00000007a8000000, 0x00000007a8000000)
  eden space 87424K,   0% used [0x00000007a0000000, 0x00000007a0000000, 0x00000007a5560000)
  from space 21824K,  64% used [0x00000007a5560000, 0x00000007a630d800, 0x00000007a6ab0000)
  to   space 21824K,   0% used [0x00000007a6ab0000, 0x00000007a6ab0000, 0x00000007a8000000)
 concurrent mark-sweep generation total 393216K, used 0K [0x00000007a8000000, 0x00000007c0000000, 0x00000007c0000000)
 Metaspace       used 22787K, capacity 23206K, committed 23416K, reserved 1069056K
  class space    used 2697K, capacity 2861K, committed 2964K, reserved 1048576K
}
2016-09-07T20:01:36.060-0100: 8,693: Total time for which application threads were stopped: 0,0160705 seconds, Stopping threads took: 0,0000231 seconds
2016-09-07T20:01:36.063-0100: 8,696: Total time for which application threads were stopped: 0,0002625 seconds, Stopping threads took: 0,0000698 seconds
2016-09-07T20:01:36.070-0100: 8,703: Total time for which application threads were stopped: 0,0001295 seconds, Stopping threads took: 0,0000435 seconds
2016-09-07T20:01:36.073-0100: 8,706: Total time for which application threads were stopped: 0,0001616 seconds, Stopping threads took: 0,0000237 seconds
2016-09-07T20:01:36.193-0100: 8,826: Total time for which application threads were stopped: 0,0001266 seconds, Stopping threads took: 0,0000348 seconds
2016-09-07T20:01:36.350-0100: 8,983: [CMS-concurrent-abortable-preclean: 0,256/0,667 secs] [Times: user=1,08 sys=0,04, real=0,67 secs] 
2016-09-07T20:01:36.350-0100: 8,983: [GC (CMS Final Remark) [YG occupancy: 65484 K (109248 K)]{Heap before GC invocations=2 (full 1):
 par new generation   total 109248K, used 65484K [0x00000007a0000000, 0x00000007a8000000, 0x00000007a8000000)
  eden space 87424K,  58% used [0x00000007a0000000, 0x00000007a3245a98, 0x00000007a5560000)
  from space 21824K,  64% used [0x00000007a5560000, 0x00000007a630d800, 0x00000007a6ab0000)
  to   space 21824K,   0% used [0x00000007a6ab0000, 0x00000007a6ab0000, 0x00000007a8000000)
 concurrent mark-sweep generation total 393216K, used 0K [0x00000007a8000000, 0x00000007c0000000, 0x00000007c0000000)
 Metaspace       used 23272K, capacity 23698K, committed 23876K, reserved 1071104K
  class space    used 2756K, capacity 2895K, committed 2964K, reserved 1048576K
2016-09-07T20:01:36.350-0100: 8,983: [GC (CMS Final Remark) 2016-09-07T20:01:36.350-0100: 8,983: [ParNew
Desired survivor size 20112992 bytes, new threshold 8 (max 8)
- age   1:     636664 bytes,     636664 total
- age   2:    2171936 bytes,    2808600 total
- age   3:    5373240 bytes,    8181840 total
: 65484K->10919K(109248K), 0,0115538 secs] 65484K->10919K(502464K), 0,0116313 secs] [Times: user=0,04 sys=0,00, real=0,01 secs] 
Heap after GC invocations=3 (full 1):
 par new generation   total 109248K, used 10919K [0x00000007a0000000, 0x00000007a8000000, 0x00000007a8000000)
  eden space 87424K,   0% used [0x00000007a0000000, 0x00000007a0000000, 0x00000007a5560000)
  from space 21824K,  50% used [0x00000007a6ab0000, 0x00000007a7559fc0, 0x00000007a8000000)
  to   space 21824K,   0% used [0x00000007a5560000, 0x00000007a5560000, 0x00000007a6ab0000)
 concurrent mark-sweep generation total 393216K, used 0K [0x00000007a8000000, 0x00000007c0000000, 0x00000007c0000000)
 Metaspace       used 23272K, capacity 23698K, committed 23876K, reserved 1071104K
  class space    used 2756K, capacity 2895K, committed 2964K, reserved 1048576K
}
2016-09-07T20:01:36.362-0100: 8,995: [Rescan (parallel) , 0,0038161 secs]2016-09-07T20:01:36.366-0100: 8,999: [weak refs processing, 0,0007181 secs]2016-09-07T20:01:36.366-0100: 8,999: [class unloading, 0,0034779 secs]2016-09-07T20:01:36.370-0100: 9,003: [scrub symbol table, 0,0032429 secs]2016-09-07T20:01:36.373-0100: 9,006: [scrub string table, 0,0003265 secs][1 CMS-remark: 0K(393216K)] 10919K(502464K), 0,0244063 secs] [Times: user=0,06 sys=0,00, real=0,02 secs] 
2016-09-07T20:01:36.375-0100: 9,008: Total time for which application threads were stopped: 0,0245699 seconds, Stopping threads took: 0,0000298 seconds
2016-09-07T20:01:36.375-0100: 9,008: [CMS-concurrent-sweep-start]
2016-09-07T20:01:36.375-0100: 9,008: [CMS-concurrent-sweep: 0,000/0,000 secs] [Times: user=0,00 sys=0,00, real=0,00 secs] 
2016-09-07T20:01:36.375-0100: 9,008: [CMS-concurrent-reset-start]
2016-09-07T20:01:36.376-0100: 9,009: Total time for which application threads were stopped: 0,0001050 seconds, Stopping threads took: 0,0000211 seconds
2016-09-07T20:01:36.376-0100: 9,009: Total time for which application threads were stopped: 0,0001032 seconds, Stopping threads took: 0,0000205 seconds
2016-09-07T20:01:36.378-0100: 9,011: [CMS-concurrent-reset: 0,003/0,003 secs] [Times: user=0,00 sys=0,00, real=0,00 secs] 
2016-09-07T20:01:36.443-0100: 9,076: Total time for which application threads were stopped: 0,0001500 seconds, Stopping threads took: 0,0000548 seconds
{Heap before GC invocations=3 (full 1):
 par new generation   total 109248K, used 98343K [0x00000007a0000000, 0x00000007a8000000, 0x00000007a8000000)
  eden space 87424K, 100% used [0x00000007a0000000, 0x00000007a5560000, 0x00000007a5560000)
  from space 21824K,  50% used [0x00000007a6ab0000, 0x00000007a7559fc0, 0x00000007a8000000)
  to   space 21824K,   0% used [0x00000007a5560000, 0x00000007a5560000, 0x00000007a6ab0000)
 concurrent mark-sweep generation total 393216K, used 0K [0x00000007a8000000, 0x00000007c0000000, 0x00000007c0000000)
 Metaspace       used 24055K, capacity 24496K, committed 24772K, reserved 1071104K
  class space    used 2862K, capacity 3028K, committed 3092K, reserved 1048576K
2016-09-07T20:01:36.749-0100: 9,381: [GC (Allocation Failure) 2016-09-07T20:01:36.749-0100: 9,382: [ParNew
Desired survivor size 20112992 bytes, new threshold 8 (max 8)
- age   1:     802744 bytes,     802744 total
- age   2:     260224 bytes,    1062968 total
- age   3:    2142048 bytes,    3205016 total
- age   4:    5365928 bytes,    8570944 total
: 98343K->10902K(109248K), 0,0108555 secs] 98343K->10902K(502464K), 0,0109248 secs] [Times: user=0,04 sys=0,00, real=0,01 secs] 
Heap after GC invocations=4 (full 1):
 par new generation   total 109248K, used 10902K [0x00000007a0000000, 0x00000007a8000000, 0x00000007a8000000)
  eden space 87424K,   0% used [0x00000007a0000000, 0x00000007a0000000, 0x00000007a5560000)
  from space 21824K,  49% used [0x00000007a5560000, 0x00000007a6005b90, 0x00000007a6ab0000)
  to   space 21824K,   0% used [0x00000007a6ab0000, 0x00000007a6ab0000, 0x00000007a8000000)
 concurrent mark-sweep generation total 393216K, used 0K [0x00000007a8000000, 0x00000007c0000000, 0x00000007c0000000)
 Metaspace       used 24055K, capacity 24496K, committed 24772K, reserved 1071104K
  class space    used 2862K, capacity 3028K, committed 3092K, reserved 1048576K
}
2016-09-07T20:01:36.760-0100: 9,392: Total time for which application threads were stopped: 0,0111261 seconds, Stopping threads took: 0,0000172 seconds
2016-09-07T20:01:36.954-0100: 9,587: Total time for which application threads were stopped: 0,0003126 seconds, Stopping threads took: 0,0000182 seconds
2016-09-07T20:01:37.030-0100: 9,663: Total time for which application threads were stopped: 0,0001886 seconds, Stopping threads took: 0,0000729 seconds
2016-09-07T20:01:37.221-0100: 9,854: Total time for which application threads were stopped: 0,0003986 seconds, Stopping threads took: 0,0000213 seconds
2016-09-07T20:01:37.247-0100: 9,880: Total time for which application threads were stopped: 0,0003313 seconds, Stopping threads took: 0,0000165 seconds
2016-09-07T20:01:37.408-0100: 10,041: Total time for which application threads were stopped: 0,0001427 seconds, Stopping threads took: 0,0000410 seconds
2016-09-07T20:01:37.409-0100: 10,042: Total time for which application threads were stopped: 0,0001279 seconds, Stopping threads took: 0,0000154 seconds
2016-09-07T20:01:37.409-0100: 10,042: Total time for which application threads were stopped: 0,0001019 seconds, Stopping threads took: 0,0000295 seconds
2016-09-07T20:01:37.445-0100: 10,078: Total time for which application threads were stopped: 0,0000870 seconds, Stopping threads took: 0,0000199 seconds
2016-09-07T20:01:38.029-0100: 10,662: Total time for which application threads were stopped: 0,0001450 seconds, Stopping threads took: 0,0000205 seconds
2016-09-07T20:01:38.491-0100: 11,124: Total time for which application threads were stopped: 0,0001742 seconds, Stopping threads took: 0,0000229 seconds
2016-09-07T20:01:38.492-0100: 11,125: Total time for which application threads were stopped: 0,0001033 seconds, Stopping threads took: 0,0000414 seconds
2016-09-07T20:01:38.534-0100: 11,167: Total time for which application threads were stopped: 0,0001624 seconds, Stopping threads took: 0,0000216 seconds
2016-09-07T20:01:38.535-0100: 11,168: Total time for which application threads were stopped: 0,0002237 seconds, Stopping threads took: 0,0000452 seconds
2016-09-07T20:01:38.537-0100: 11,170: Total time for which application threads were stopped: 0,0001531 seconds, Stopping threads took: 0,0000431 seconds
2016-09-07T20:01:38.538-0100: 11,171: Total time for which application threads were stopped: 0,0001193 seconds, Stopping threads took: 0,0000408 seconds
2016-09-07T20:01:38.539-0100: 11,172: Total time for which application threads were stopped: 0,0001189 seconds, Stopping threads took: 0,0000432 seconds
2016-09-07T20:01:38.542-0100: 11,175: Total time for which application threads were stopped: 0,0001033 seconds, Stopping threads took: 0,0000238 seconds
2016-09-07T20:01:38.543-0100: 11,176: Total time for which application threads were stopped: 0,0000911 seconds, Stopping threads took: 0,0000176 seconds
2016-09-07T20:01:38.544-0100: 11,177: Total time for which application threads were stopped: 0,0000580 seconds, Stopping threads took: 0,0000131 seconds
2016-09-07T20:01:38.547-0100: 11,180: Total time for which application threads were stopped: 0,0000961 seconds, Stopping threads took: 0,0000215 seconds
2016-09-07T20:01:38.548-0100: 11,181: Total time for which application threads were stopped: 0,0001064 seconds, Stopping threads took: 0,0000188 seconds
2016-09-07T20:01:38.550-0100: 11,183: Total time for which application threads were stopped: 0,0001495 seconds, Stopping threads took: 0,0000231 seconds
2016-09-07T20:01:38.556-0100: 11,189: Total time for which application threads were stopped: 0,0001036 seconds, Stopping threads took: 0,0000239 seconds
2016-09-07T20:01:38.556-0100: 11,189: Total time for which application threads were stopped: 0,0000712 seconds, Stopping threads took: 0,0000141 seconds
2016-09-07T20:01:38.558-0100: 11,191: Total time for which application threads were stopped: 0,0001136 seconds, Stopping threads took: 0,0000235 seconds
{Heap before GC invocations=4 (full 1):
 par new generation   total 109248K, used 98326K [0x00000007a0000000, 0x00000007a8000000, 0x00000007a8000000)
  eden space 87424K, 100% used [0x00000007a0000000, 0x00000007a5560000, 0x00000007a5560000)
  from space 21824K,  49% used [0x00000007a5560000, 0x00000007a6005b90, 0x00000007a6ab0000)
  to   space 21824K,   0% used [0x00000007a6ab0000, 0x00000007a6ab0000, 0x00000007a8000000)
 concurrent mark-sweep generation total 393216K, used 0K [0x00000007a8000000, 0x00000007c0000000, 0x00000007c0000000)
 Metaspace       used 29522K, capacity 30020K, committed 30276K, reserved 1075200K
  class space    used 3510K, capacity 3694K, committed 3732K, reserved 1048576K
2016-09-07T20:01:38.582-0100: 11,215: [GC (Allocation Failure) 2016-09-07T20:01:38.582-0100: 11,215: [ParNew
Desired survivor size 20112992 bytes, new threshold 8 (max 8)
- age   1:   10651416 bytes,   10651416 total
- age   2:     236680 bytes,   10888096 total
- age   3:     249376 bytes,   11137472 total
- age   4:    1377248 bytes,   12514720 total
- age   5:    5323808 bytes,   17838528 total
: 98326K->19092K(109248K), 0,0199639 secs] 98326K->19092K(502464K), 0,0200774 secs] [Times: user=0,06 sys=0,00, real=0,02 secs] 
Heap after GC invocations=5 (full 1):
 par new generation   total 109248K, used 19092K [0x00000007a0000000, 0x00000007a8000000, 0x00000007a8000000)
  eden space 87424K,   0% used [0x00000007a0000000, 0x00000007a0000000, 0x00000007a5560000)
  from space 21824K,  87% used [0x00000007a6ab0000, 0x00000007a7d55090, 0x00000007a8000000)
  to   space 21824K,   0% used [0x00000007a5560000, 0x00000007a5560000, 0x00000007a6ab0000)
 concurrent mark-sweep generation total 393216K, used 0K [0x00000007a8000000, 0x00000007c0000000, 0x00000007c0000000)
 Metaspace       used 29522K, capacity 30020K, committed 30276K, reserved 1075200K
  class space    used 3510K, capacity 3694K, committed 3732K, reserved 1048576K
}
2016-09-07T20:01:38.602-0100: 11,235: Total time for which application threads were stopped: 0,0203095 seconds, Stopping threads took: 0,0000433 seconds
2016-09-07T20:01:38.602-0100: 11,235: Total time for which application threads were stopped: 0,0001393 seconds, Stopping threads took: 0,0000518 seconds
2016-09-07T20:01:38.604-0100: 11,237: Total time for which application threads were stopped: 0,0001218 seconds, Stopping threads took: 0,0000438 seconds
2016-09-07T20:01:38.619-0100: 11,252: Total time for which application threads were stopped: 0,0005834 seconds, Stopping threads took: 0,0000247 seconds
2016-09-07T20:01:38.647-0100: 11,280: Total time for which application threads were stopped: 0,0001443 seconds, Stopping threads took: 0,0000285 seconds
2016-09-07T20:01:38.673-0100: 11,306: Total time for which application threads were stopped: 0,0001075 seconds, Stopping threads took: 0,0000223 seconds
2016-09-07T20:01:38.776-0100: 11,409: Total time for which application threads were stopped: 0,0001234 seconds, Stopping threads took: 0,0000272 seconds
2016-09-07T20:01:38.831-0100: 11,464: Total time for which application threads were stopped: 0,0006175 seconds, Stopping threads took: 0,0000223 seconds
2016-09-07T20:01:39.111-0100: 11,744: Total time for which application threads were stopped: 0,0000895 seconds, Stopping threads took: 0,0000218 seconds
2016-09-07T20:01:39.111-0100: 11,744: Total time for which application threads were stopped: 0,0000563 seconds, Stopping threads took: 0,0000136 seconds
2016-09-07T20:01:39.111-0100: 11,744: Total time for which application threads were stopped: 0,0000460 seconds, Stopping threads took: 0,0000099 seconds
2016-09-07T20:01:39.119-0100: 11,752: Total time for which application threads were stopped: 0,0000742 seconds, Stopping threads took: 0,0000184 seconds
2016-09-07T20:01:39.119-0100: 11,752: Total time for which application threads were stopped: 0,0000544 seconds, Stopping threads took: 0,0000121 seconds
2016-09-07T20:01:39.153-0100: 11,786: Total time for which application threads were stopped: 0,0005887 seconds, Stopping threads took: 0,0005156 seconds
2016-09-07T20:01:39.153-0100: 11,786: Total time for which application threads were stopped: 0,0000553 seconds, Stopping threads took: 0,0000131 seconds
2016-09-07T20:01:39.170-0100: 11,803: Total time for which application threads were stopped: 0,0000920 seconds, Stopping threads took: 0,0000178 seconds
2016-09-07T20:01:39.289-0100: 11,922: Total time for which application threads were stopped: 0,0001009 seconds, Stopping threads took: 0,0000393 seconds
2016-09-07T20:01:39.313-0100: 11,946: Total time for which application threads were stopped: 0,0001288 seconds, Stopping threads took: 0,0000388 seconds
2016-09-07T20:01:39.339-0100: 11,972: Total time for which application threads were stopped: 0,0001015 seconds, Stopping threads took: 0,0000224 seconds
2016-09-07T20:01:39.355-0100: 11,988: Total time for which application threads were stopped: 0,0001291 seconds, Stopping threads took: 0,0000267 seconds
2016-09-07T20:01:39.357-0100: 11,990: Total time for which application threads were stopped: 0,0000756 seconds, Stopping threads took: 0,0000158 seconds
2016-09-07T20:01:39.358-0100: 11,991: Total time for which application threads were stopped: 0,0000607 seconds, Stopping threads took: 0,0000115 seconds
2016-09-07T20:01:39.361-0100: 11,994: Total time for which application threads were stopped: 0,0001320 seconds, Stopping threads took: 0,0000251 seconds
2016-09-07T20:01:39.361-0100: 11,994: Total time for which application threads were stopped: 0,0000740 seconds, Stopping threads took: 0,0000356 seconds
2016-09-07T20:01:39.361-0100: 11,994: Total time for which application threads were stopped: 0,0001159 seconds, Stopping threads took: 0,0000814 seconds
2016-09-07T20:01:39.362-0100: 11,995: Total time for which application threads were stopped: 0,0000936 seconds, Stopping threads took: 0,0000203 seconds
2016-09-07T20:01:39.366-0100: 11,999: Total time for which application threads were stopped: 0,0001275 seconds, Stopping threads took: 0,0000562 seconds
2016-09-07T20:01:39.366-0100: 11,999: Total time for which application threads were stopped: 0,0000620 seconds, Stopping threads took: 0,0000264 seconds
2016-09-07T20:01:39.366-0100: 11,999: Total time for which application threads were stopped: 0,0000599 seconds, Stopping threads took: 0,0000265 seconds
2016-09-07T20:01:39.381-0100: 12,014: Total time for which application threads were stopped: 0,0001128 seconds, Stopping threads took: 0,0000430 seconds
2016-09-07T20:01:39.387-0100: 12,020: Total time for which application threads were stopped: 0,0000859 seconds, Stopping threads took: 0,0000185 seconds
2016-09-07T20:01:39.408-0100: 12,041: Total time for which application threads were stopped: 0,0001208 seconds, Stopping threads took: 0,0000414 seconds
2016-09-07T20:01:39.409-0100: 12,042: Total time for which application threads were stopped: 0,0000653 seconds, Stopping threads took: 0,0000188 seconds
2016-09-07T20:01:39.409-0100: 12,042: Total time for which application threads were stopped: 0,0001057 seconds, Stopping threads took: 0,0000506 seconds
2016-09-07T20:01:39.410-0100: 12,043: Total time for which application threads were stopped: 0,0000775 seconds, Stopping threads took: 0,0000176 seconds
2016-09-07T20:01:39.411-0100: 12,044: Total time for which application threads were stopped: 0,0000925 seconds, Stopping threads took: 0,0000182 seconds
2016-09-07T20:01:39.412-0100: 12,045: Total time for which application threads were stopped: 0,0000792 seconds, Stopping threads took: 0,0000308 seconds
2016-09-07T20:01:39.413-0100: 12,046: Total time for which application threads were stopped: 0,0001047 seconds, Stopping threads took: 0,0000228 seconds
2016-09-07T20:01:39.414-0100: 12,047: Total time for which application threads were stopped: 0,0000768 seconds, Stopping threads took: 0,0000187 seconds
2016-09-07T20:01:39.415-0100: 12,048: Total time for which application threads were stopped: 0,0000727 seconds, Stopping threads took: 0,0000195 seconds
2016-09-07T20:01:39.416-0100: 12,049: Total time for which application threads were stopped: 0,0000788 seconds, Stopping threads took: 0,0000347 seconds
2016-09-07T20:01:39.417-0100: 12,050: Total time for which application threads were stopped: 0,0000554 seconds, Stopping threads took: 0,0000130 seconds
2016-09-07T20:01:39.422-0100: 12,055: Total time for which application threads were stopped: 0,0000689 seconds, Stopping threads took: 0,0000184 seconds
2016-09-07T20:01:39.427-0100: 12,061: Total time for which application threads were stopped: 0,0001238 seconds, Stopping threads took: 0,0000618 seconds
2016-09-07T20:01:39.430-0100: 12,063: Total time for which application threads were stopped: 0,0001411 seconds, Stopping threads took: 0,0000500 seconds
2016-09-07T20:01:39.436-0100: 12,070: Total time for which application threads were stopped: 0,0000986 seconds, Stopping threads took: 0,0000208 seconds
2016-09-07T20:01:39.438-0100: 12,071: Total time for which application threads were stopped: 0,0001485 seconds, Stopping threads took: 0,0000173 seconds
2016-09-07T20:01:39.593-0100: 12,226: Total time for which application threads were stopped: 0,0001119 seconds, Stopping threads took: 0,0000210 seconds
2016-09-07T20:01:39.593-0100: 12,226: Total time for which application threads were stopped: 0,0000439 seconds, Stopping threads took: 0,0000095 seconds
2016-09-07T20:01:39.593-0100: 12,226: Total time for which application threads were stopped: 0,0000440 seconds, Stopping threads took: 0,0000096 seconds
2016-09-07T20:01:39.610-0100: 12,243: Total time for which application threads were stopped: 0,0000756 seconds, Stopping threads took: 0,0000180 seconds
2016-09-07T20:01:39.612-0100: 12,245: Total time for which application threads were stopped: 0,0000716 seconds, Stopping threads took: 0,0000186 seconds
2016-09-07T20:01:39.614-0100: 12,247: Total time for which application threads were stopped: 0,0001009 seconds, Stopping threads took: 0,0000172 seconds
2016-09-07T20:01:39.614-0100: 12,247: Total time for which application threads were stopped: 0,0000728 seconds, Stopping threads took: 0,0000230 seconds
2016-09-07T20:01:39.679-0100: 12,312: Total time for which application threads were stopped: 0,0001022 seconds, Stopping threads took: 0,0000175 seconds
2016-09-07T20:01:39.689-0100: 12,322: Total time for which application threads were stopped: 0,0001304 seconds, Stopping threads took: 0,0000421 seconds
2016-09-07T20:01:39.689-0100: 12,322: Total time for which application threads were stopped: 0,0000630 seconds, Stopping threads took: 0,0000150 seconds
2016-09-07T20:01:39.690-0100: 12,323: Total time for which application threads were stopped: 0,0000593 seconds, Stopping threads took: 0,0000159 seconds
2016-09-07T20:01:39.691-0100: 12,324: Total time for which application threads were stopped: 0,0000897 seconds, Stopping threads took: 0,0000182 seconds
2016-09-07T20:01:39.691-0100: 12,324: Total time for which application threads were stopped: 0,0000597 seconds, Stopping threads took: 0,0000132 seconds
2016-09-07T20:01:39.710-0100: 12,343: Total time for which application threads were stopped: 0,0003871 seconds, Stopping threads took: 0,0000191 seconds
2016-09-07T20:01:39.714-0100: 12,347: Total time for which application threads were stopped: 0,0000645 seconds, Stopping threads took: 0,0000134 seconds
2016-09-07T20:01:39.766-0100: 12,399: Total time for which application threads were stopped: 0,0001096 seconds, Stopping threads took: 0,0000161 seconds
2016-09-07T20:01:39.768-0100: 12,401: Total time for which application threads were stopped: 0,0001005 seconds, Stopping threads took: 0,0000288 seconds
2016-09-07T20:01:48.695-0100: 21,329: Total time for which application threads were stopped: 0,0005663 seconds, Stopping threads took: 0,0000227 seconds
2016-09-07T20:01:48.854-0100: 21,487: Total time for which application threads were stopped: 0,0004216 seconds, Stopping threads took: 0,0000217 seconds
2016-09-07T20:01:49.046-0100: 21,679: Total time for which application threads were stopped: 0,0002149 seconds, Stopping threads took: 0,0000578 seconds
2016-09-07T20:01:49.225-0100: 21,859: Total time for which application threads were stopped: 0,0004340 seconds, Stopping threads took: 0,0000193 seconds
{Heap before GC invocations=5 (full 1):
 par new generation   total 109248K, used 106516K [0x00000007a0000000, 0x00000007a8000000, 0x00000007a8000000)
  eden space 87424K, 100% used [0x00000007a0000000, 0x00000007a5560000, 0x00000007a5560000)
  from space 21824K,  87% used [0x00000007a6ab0000, 0x00000007a7d55090, 0x00000007a8000000)
  to   space 21824K,   0% used [0x00000007a5560000, 0x00000007a5560000, 0x00000007a6ab0000)
 concurrent mark-sweep generation total 393216K, used 0K [0x00000007a8000000, 0x00000007c0000000, 0x00000007c0000000)
 Metaspace       used 35646K, capacity 36150K, committed 36548K, reserved 1081344K
  class space    used 4158K, capacity 4353K, committed 4372K, reserved 1048576K
2016-09-07T20:01:49.464-0100: 22,098: [GC (Allocation Failure) 2016-09-07T20:01:49.478-0100: 22,111: [ParNew
Desired survivor size 20112992 bytes, new threshold 6 (max 8)
- age   1:    7738488 bytes,    7738488 total
- age   2:    8019120 bytes,   15757608 total
- age   3:     190016 bytes,   15947624 total
- age   4:     241744 bytes,   16189368 total
- age   5:    1345744 bytes,   17535112 total
- age   6:    4812456 bytes,   22347568 total
: 106516K->21824K(109248K), 0,0428231 secs] 106516K->26510K(502464K), 0,0566113 secs] [Times: user=0,14 sys=0,02, real=0,06 secs] 
Heap after GC invocations=6 (full 1):
 par new generation   total 109248K, used 21824K [0x00000007a0000000, 0x00000007a8000000, 0x00000007a8000000)
  eden space 87424K,   0% used [0x00000007a0000000, 0x00000007a0000000, 0x00000007a5560000)
  from space 21824K, 100% used [0x00000007a5560000, 0x00000007a6ab0000, 0x00000007a6ab0000)
  to   space 21824K,   0% used [0x00000007a6ab0000, 0x00000007a6ab0000, 0x00000007a8000000)
 concurrent mark-sweep generation total 393216K, used 4686K [0x00000007a8000000, 0x00000007c0000000, 0x00000007c0000000)
 Metaspace       used 35646K, capacity 36150K, committed 36548K, reserved 1081344K
  class space    used 4158K, capacity 4353K, committed 4372K, reserved 1048576K
}
2016-09-07T20:01:49.521-0100: 22,154: Total time for which application threads were stopped: 0,0568298 seconds, Stopping threads took: 0,0000222 seconds
2016-09-07T20:01:49.523-0100: 22,156: Total time for which application threads were stopped: 0,0001369 seconds, Stopping threads took: 0,0000431 seconds
2016-09-07T20:01:49.628-0100: 22,262: Total time for which application threads were stopped: 0,0001025 seconds, Stopping threads took: 0,0000237 seconds
2016-09-07T20:01:49.632-0100: 22,265: Total time for which application threads were stopped: 0,0001210 seconds, Stopping threads took: 0,0000211 seconds
2016-09-07T20:01:49.633-0100: 22,266: Total time for which application threads were stopped: 0,0000630 seconds, Stopping threads took: 0,0000159 seconds
2016-09-07T20:01:49.640-0100: 22,273: Total time for which application threads were stopped: 0,0000989 seconds, Stopping threads took: 0,0000214 seconds
2016-09-07T20:01:49.640-0100: 22,274: Total time for which application threads were stopped: 0,0000698 seconds, Stopping threads took: 0,0000383 seconds
2016-09-07T20:01:49.678-0100: 22,311: Total time for which application threads were stopped: 0,0001018 seconds, Stopping threads took: 0,0000228 seconds
2016-09-07T20:01:49.684-0100: 22,317: Total time for which application threads were stopped: 0,0000784 seconds, Stopping threads took: 0,0000173 seconds
2016-09-07T20:01:49.687-0100: 22,320: Total time for which application threads were stopped: 0,0000914 seconds, Stopping threads took: 0,0000195 seconds
2016-09-07T20:01:50.689-0100: 23,323: Total time for which application threads were stopped: 0,0001735 seconds, Stopping threads took: 0,0000450 seconds
2016-09-07T20:01:58.320-0100: 30,953: Total time for which application threads were stopped: 0,0001673 seconds, Stopping threads took: 0,0000431 seconds
2016-09-07T20:01:58.320-0100: 30,954: Total time for which application threads were stopped: 0,0000892 seconds, Stopping threads took: 0,0000194 seconds
2016-09-07T20:01:58.321-0100: 30,954: Total time for which application threads were stopped: 0,0001157 seconds, Stopping threads took: 0,0000486 seconds
2016-09-07T20:01:58.321-0100: 30,955: Total time for which application threads were stopped: 0,0000670 seconds, Stopping threads took: 0,0000104 seconds
2016-09-07T20:01:58.321-0100: 30,955: Total time for which application threads were stopped: 0,0001878 seconds, Stopping threads took: 0,0000175 seconds
2016-09-07T20:01:58.356-0100: 30,990: Total time for which application threads were stopped: 0,0001297 seconds, Stopping threads took: 0,0000238 seconds
2016-09-07T20:01:58.357-0100: 30,990: Total time for which application threads were stopped: 0,0000842 seconds, Stopping threads took: 0,0000375 seconds
2016-09-07T20:01:58.377-0100: 31,011: Total time for which application threads were stopped: 0,0001403 seconds, Stopping threads took: 0,0000390 seconds
2016-09-07T20:01:58.377-0100: 31,011: Total time for which application threads were stopped: 0,0000763 seconds, Stopping threads took: 0,0000213 seconds
2016-09-07T20:01:59.379-0100: 32,013: Total time for which application threads were stopped: 0,0005542 seconds, Stopping threads took: 0,0001998 seconds
2016-09-07T20:02:03.380-0100: 36,014: Total time for which application threads were stopped: 0,0002390 seconds, Stopping threads took: 0,0000470 seconds
2016-09-07T20:02:04.118-0100: 36,769: Total time for which application threads were stopped: 0,0172353 seconds, Stopping threads took: 0,0000245 seconds
2016-09-07T20:02:04.144-0100: 36,777: Total time for which application threads were stopped: 0,0001063 seconds, Stopping threads took: 0,0000221 seconds
2016-09-07T20:02:04.144-0100: 36,778: Total time for which application threads were stopped: 0,0000801 seconds, Stopping threads took: 0,0000156 seconds
2016-09-07T20:02:04.144-0100: 36,778: Total time for which application threads were stopped: 0,0001065 seconds, Stopping threads took: 0,0000372 seconds
2016-09-07T20:02:04.145-0100: 36,778: Total time for which application threads were stopped: 0,0001520 seconds, Stopping threads took: 0,0000875 seconds
2016-09-07T20:02:04.145-0100: 36,778: Total time for which application threads were stopped: 0,0001327 seconds, Stopping threads took: 0,0000823 seconds
2016-09-07T20:02:04.145-0100: 36,779: Total time for which application threads were stopped: 0,0000802 seconds, Stopping threads took: 0,0000327 seconds
2016-09-07T20:02:04.145-0100: 36,779: Total time for which application threads were stopped: 0,0000793 seconds, Stopping threads took: 0,0000280 seconds
2016-09-07T20:02:04.145-0100: 36,779: Total time for which application threads were stopped: 0,0000840 seconds, Stopping threads took: 0,0000352 seconds
2016-09-07T20:02:04.150-0100: 36,783: Total time for which application threads were stopped: 0,0002483 seconds, Stopping threads took: 0,0000815 seconds
2016-09-07T20:02:04.151-0100: 36,784: Total time for which application threads were stopped: 0,0001276 seconds, Stopping threads took: 0,0000206 seconds
2016-09-07T20:02:04.195-0100: 36,829: Total time for which application threads were stopped: 0,0002488 seconds, Stopping threads took: 0,0001471 seconds
2016-09-07T20:02:04.232-0100: 36,865: Total time for which application threads were stopped: 0,0001193 seconds, Stopping threads took: 0,0000485 seconds
2016-09-07T20:02:04.232-0100: 36,865: Total time for which application threads were stopped: 0,0000910 seconds, Stopping threads took: 0,0000395 seconds
2016-09-07T20:02:04.238-0100: 36,872: Total time for which application threads were stopped: 0,0001073 seconds, Stopping threads took: 0,0000388 seconds
2016-09-07T20:02:04.239-0100: 36,872: Total time for which application threads were stopped: 0,0000606 seconds, Stopping threads took: 0,0000243 seconds
2016-09-07T20:02:04.239-0100: 36,872: Total time for which application threads were stopped: 0,0000510 seconds, Stopping threads took: 0,0000104 seconds
2016-09-07T20:02:05.244-0100: 37,878: Total time for which application threads were stopped: 0,0002496 seconds, Stopping threads took: 0,0000721 seconds
2016-09-07T20:02:06.106-0100: 38,739: Total time for which application threads were stopped: 0,0001543 seconds, Stopping threads took: 0,0000598 seconds
2016-09-07T20:02:06.107-0100: 38,741: Total time for which application threads were stopped: 0,0001397 seconds, Stopping threads took: 0,0000600 seconds
2016-09-07T20:02:06.107-0100: 38,741: Total time for which application threads were stopped: 0,0001044 seconds, Stopping threads took: 0,0000379 seconds
2016-09-07T20:02:06.108-0100: 38,741: Total time for which application threads were stopped: 0,0000815 seconds, Stopping threads took: 0,0000156 seconds
2016-09-07T20:02:06.108-0100: 38,742: Total time for which application threads were stopped: 0,0001441 seconds, Stopping threads took: 0,0000295 seconds
2016-09-07T20:02:06.121-0100: 38,754: Total time for which application threads were stopped: 0,0003306 seconds, Stopping threads took: 0,0000463 seconds
2016-09-07T20:02:06.121-0100: 38,755: Total time for which application threads were stopped: 0,0001462 seconds, Stopping threads took: 0,0000294 seconds
2016-09-07T20:02:06.132-0100: 38,765: Total time for which application threads were stopped: 0,0001149 seconds, Stopping threads took: 0,0000230 seconds
2016-09-07T20:02:06.132-0100: 38,766: Total time for which application threads were stopped: 0,0000868 seconds, Stopping threads took: 0,0000251 seconds
2016-09-07T20:02:08.750-0100: 41,384: Total time for which application threads were stopped: 0,0005627 seconds, Stopping threads took: 0,0000342 seconds
2016-09-07T20:02:08.756-0100: 41,389: Total time for which application threads were stopped: 0,0001078 seconds, Stopping threads took: 0,0000277 seconds
2016-09-07T20:02:08.756-0100: 41,390: Total time for which application threads were stopped: 0,0000687 seconds, Stopping threads took: 0,0000087 seconds
2016-09-07T20:02:08.765-0100: 41,399: Total time for which application threads were stopped: 0,0001353 seconds, Stopping threads took: 0,0000532 seconds
2016-09-07T20:02:08.765-0100: 41,399: Total time for which application threads were stopped: 0,0000821 seconds, Stopping threads took: 0,0000288 seconds
2016-09-07T20:02:09.768-0100: 42,402: Total time for which application threads were stopped: 0,0001444 seconds, Stopping threads took: 0,0000306 seconds
2016-09-07T20:02:10.440-0100: 43,074: Total time for which application threads were stopped: 0,0001417 seconds, Stopping threads took: 0,0000623 seconds
2016-09-07T20:02:10.466-0100: 43,100: Total time for which application threads were stopped: 0,0003215 seconds, Stopping threads took: 0,0000994 seconds
2016-09-07T20:02:10.466-0100: 43,100: Total time for which application threads were stopped: 0,0001643 seconds, Stopping threads took: 0,0000153 seconds
2016-09-07T20:02:10.470-0100: 43,104: Total time for which application threads were stopped: 0,0001375 seconds, Stopping threads took: 0,0000283 seconds
2016-09-07T20:02:10.476-0100: 43,109: Total time for which application threads were stopped: 0,0002023 seconds, Stopping threads took: 0,0000543 seconds
2016-09-07T20:02:10.476-0100: 43,109: Total time for which application threads were stopped: 0,0000801 seconds, Stopping threads took: 0,0000108 seconds
2016-09-07T20:02:10.480-0100: 43,114: Total time for which application threads were stopped: 0,0001257 seconds, Stopping threads took: 0,0000481 seconds
2016-09-07T20:02:10.480-0100: 43,114: Total time for which application threads were stopped: 0,0002307 seconds, Stopping threads took: 0,0001265 seconds
2016-09-07T20:02:12.595-0100: 45,229: Total time for which application threads were stopped: 0,0001546 seconds, Stopping threads took: 0,0000620 seconds
2016-09-07T20:02:12.596-0100: 45,229: Total time for which application threads were stopped: 0,0000727 seconds, Stopping threads took: 0,0000109 seconds
2016-09-07T20:02:12.603-0100: 45,237: Total time for which application threads were stopped: 0,0002147 seconds, Stopping threads took: 0,0000465 seconds
2016-09-07T20:02:12.604-0100: 45,237: Total time for which application threads were stopped: 0,0001136 seconds, Stopping threads took: 0,0000224 seconds
2016-09-07T20:02:12.604-0100: 45,237: Total time for which application threads were stopped: 0,0001489 seconds, Stopping threads took: 0,0000368 seconds
2016-09-07T20:02:13.608-0100: 46,242: Total time for which application threads were stopped: 0,0001647 seconds, Stopping threads took: 0,0000439 seconds
2016-09-07T20:02:14.613-0100: 47,247: Total time for which application threads were stopped: 0,0001978 seconds, Stopping threads took: 0,0000433 seconds
2016-09-07T20:02:37.684-0100: 70,318: Total time for which application threads were stopped: 0,0002279 seconds, Stopping threads took: 0,0000428 seconds
2016-09-07T20:02:59.737-0100: 92,372: Total time for which application threads were stopped: 0,0002209 seconds, Stopping threads took: 0,0000485 seconds
2016-09-07T20:03:10.476-0100: 103,111: Total time for which application threads were stopped: 0,0001225 seconds, Stopping threads took: 0,0000284 seconds
2016-09-07T20:03:12.608-0100: 105,243: Total time for which application threads were stopped: 0,0001870 seconds, Stopping threads took: 0,0000856 seconds
2016-09-07T20:03:43.956-0100: 136,592: Total time for which application threads were stopped: 0,0001347 seconds, Stopping threads took: 0,0000457 seconds
2016-09-07T20:03:43.958-0100: 136,594: Total time for which application threads were stopped: 0,0001136 seconds, Stopping threads took: 0,0000183 seconds
2016-09-07T20:03:43.990-0100: 136,626: Total time for which application threads were stopped: 0,0001249 seconds, Stopping threads took: 0,0000301 seconds
2016-09-07T20:03:43.990-0100: 136,626: Total time for which application threads were stopped: 0,0000809 seconds, Stopping threads took: 0,0000191 seconds
2016-09-07T20:03:43.990-0100: 136,626: Total time for which application threads were stopped: 0,0000507 seconds, Stopping threads took: 0,0000099 seconds
2016-09-07T20:03:43.990-0100: 136,626: Total time for which application threads were stopped: 0,0000635 seconds, Stopping threads took: 0,0000127 seconds
2016-09-07T20:03:43.991-0100: 136,626: Total time for which application threads were stopped: 0,0000477 seconds, Stopping threads took: 0,0000084 seconds
2016-09-07T20:03:43.991-0100: 136,627: Total time for which application threads were stopped: 0,0000465 seconds, Stopping threads took: 0,0000082 seconds
2016-09-07T20:03:43.991-0100: 136,627: Total time for which application threads were stopped: 0,0000486 seconds, Stopping threads took: 0,0000088 seconds
2016-09-07T20:03:43.991-0100: 136,627: Total time for which application threads were stopped: 0,0000503 seconds, Stopping threads took: 0,0000092 seconds
2016-09-07T20:03:43.991-0100: 136,627: Total time for which application threads were stopped: 0,0000471 seconds, Stopping threads took: 0,0000085 seconds
2016-09-07T20:03:43.991-0100: 136,627: Total time for which application threads were stopped: 0,0000498 seconds, Stopping threads took: 0,0000081 seconds
2016-09-07T20:03:43.991-0100: 136,627: Total time for which application threads were stopped: 0,0000464 seconds, Stopping threads took: 0,0000082 seconds
2016-09-07T20:03:43.991-0100: 136,627: Total time for which application threads were stopped: 0,0000486 seconds, Stopping threads took: 0,0000088 seconds
2016-09-07T20:03:43.992-0100: 136,627: Total time for which application threads were stopped: 0,0000501 seconds, Stopping threads took: 0,0000096 seconds
2016-09-07T20:03:43.992-0100: 136,628: Total time for which application threads were stopped: 0,0000641 seconds, Stopping threads took: 0,0000212 seconds
2016-09-07T20:03:43.992-0100: 136,628: Total time for which application threads were stopped: 0,0000530 seconds, Stopping threads took: 0,0000102 seconds
2016-09-07T20:03:43.992-0100: 136,628: Total time for which application threads were stopped: 0,0000678 seconds, Stopping threads took: 0,0000278 seconds
2016-09-07T20:03:43.992-0100: 136,628: Total time for which application threads were stopped: 0,0000527 seconds, Stopping threads took: 0,0000098 seconds
2016-09-07T20:03:43.993-0100: 136,629: Total time for which application threads were stopped: 0,0001132 seconds, Stopping threads took: 0,0000725 seconds
2016-09-07T20:03:43.993-0100: 136,629: Total time for which application threads were stopped: 0,0001665 seconds, Stopping threads took: 0,0000294 seconds
2016-09-07T20:03:43.995-0100: 136,631: Total time for which application threads were stopped: 0,0001685 seconds, Stopping threads took: 0,0000842 seconds
2016-09-07T20:03:44.004-0100: 136,640: Total time for which application threads were stopped: 0,0001400 seconds, Stopping threads took: 0,0000345 seconds
2016-09-07T20:03:44.005-0100: 136,640: Total time for which application threads were stopped: 0,0000602 seconds, Stopping threads took: 0,0000230 seconds
2016-09-07T20:03:44.005-0100: 136,641: Total time for which application threads were stopped: 0,0000563 seconds, Stopping threads took: 0,0000224 seconds
2016-09-07T20:03:44.005-0100: 136,641: Total time for which application threads were stopped: 0,0000555 seconds, Stopping threads took: 0,0000221 seconds
2016-09-07T20:03:44.005-0100: 136,641: Total time for which application threads were stopped: 0,0000563 seconds, Stopping threads took: 0,0000225 seconds
2016-09-07T20:03:44.005-0100: 136,641: Total time for which application threads were stopped: 0,0000570 seconds, Stopping threads took: 0,0000238 seconds
2016-09-07T20:03:44.005-0100: 136,641: Total time for which application threads were stopped: 0,0000863 seconds, Stopping threads took: 0,0000219 seconds
2016-09-07T20:03:44.005-0100: 136,641: Total time for which application threads were stopped: 0,0000551 seconds, Stopping threads took: 0,0000215 seconds
2016-09-07T20:03:44.005-0100: 136,641: Total time for which application threads were stopped: 0,0000554 seconds, Stopping threads took: 0,0000216 seconds
2016-09-07T20:03:44.007-0100: 136,643: Total time for which application threads were stopped: 0,0015505 seconds, Stopping threads took: 0,0014812 seconds
2016-09-07T20:03:44.007-0100: 136,643: Total time for which application threads were stopped: 0,0000856 seconds, Stopping threads took: 0,0000337 seconds
2016-09-07T20:03:44.007-0100: 136,643: Total time for which application threads were stopped: 0,0000737 seconds, Stopping threads took: 0,0000325 seconds
2016-09-07T20:03:44.007-0100: 136,643: Total time for which application threads were stopped: 0,0000492 seconds, Stopping threads took: 0,0000074 seconds
2016-09-07T20:03:44.007-0100: 136,643: Total time for which application threads were stopped: 0,0000407 seconds, Stopping threads took: 0,0000072 seconds
2016-09-07T20:03:44.008-0100: 136,643: Total time for which application threads were stopped: 0,0000415 seconds, Stopping threads took: 0,0000071 seconds
2016-09-07T20:03:44.008-0100: 136,643: Total time for which application threads were stopped: 0,0000404 seconds, Stopping threads took: 0,0000069 seconds
2016-09-07T20:03:44.008-0100: 136,644: Total time for which application threads were stopped: 0,0000382 seconds, Stopping threads took: 0,0000068 seconds
2016-09-07T20:03:44.008-0100: 136,644: Total time for which application threads were stopped: 0,0000380 seconds, Stopping threads took: 0,0000065 seconds
2016-09-07T20:03:44.008-0100: 136,644: Total time for which application threads were stopped: 0,0000406 seconds, Stopping threads took: 0,0000070 seconds
2016-09-07T20:03:44.008-0100: 136,644: Total time for which application threads were stopped: 0,0000380 seconds, Stopping threads took: 0,0000066 seconds
2016-09-07T20:03:44.008-0100: 136,644: Total time for which application threads were stopped: 0,0000570 seconds, Stopping threads took: 0,0000064 seconds
2016-09-07T20:03:44.008-0100: 136,644: Total time for which application threads were stopped: 0,0000636 seconds, Stopping threads took: 0,0000074 seconds
2016-09-07T20:03:44.008-0100: 136,644: Total time for which application threads were stopped: 0,0000398 seconds, Stopping threads took: 0,0000067 seconds
2016-09-07T20:03:44.024-0100: 136,660: Total time for which application threads were stopped: 0,0001520 seconds, Stopping threads took: 0,0000272 seconds
2016-09-07T20:03:44.025-0100: 136,660: Total time for which application threads were stopped: 0,0001000 seconds, Stopping threads took: 0,0000151 seconds
2016-09-07T20:03:44.026-0100: 136,662: Total time for which application threads were stopped: 0,0000764 seconds, Stopping threads took: 0,0000112 seconds
2016-09-07T20:03:44.036-0100: 136,671: Total time for which application threads were stopped: 0,0001093 seconds, Stopping threads took: 0,0000410 seconds
2016-09-07T20:03:44.036-0100: 136,672: Total time for which application threads were stopped: 0,0000624 seconds, Stopping threads took: 0,0000275 seconds
2016-09-07T20:03:44.037-0100: 136,672: Total time for which application threads were stopped: 0,0000802 seconds, Stopping threads took: 0,0000314 seconds
2016-09-07T20:03:44.090-0100: 136,726: Total time for which application threads were stopped: 0,0001861 seconds, Stopping threads took: 0,0000215 seconds
2016-09-07T20:03:44.090-0100: 136,726: Total time for which application threads were stopped: 0,0000855 seconds, Stopping threads took: 0,0000424 seconds
2016-09-07T20:03:44.091-0100: 136,726: Total time for which application threads were stopped: 0,0000728 seconds, Stopping threads took: 0,0000121 seconds
2016-09-07T20:03:44.103-0100: 136,739: Total time for which application threads were stopped: 0,0001701 seconds, Stopping threads took: 0,0000158 seconds
2016-09-07T20:03:44.103-0100: 136,739: Total time for which application threads were stopped: 0,0000576 seconds, Stopping threads took: 0,0000159 seconds
2016-09-07T20:03:44.103-0100: 136,739: Total time for which application threads were stopped: 0,0000606 seconds, Stopping threads took: 0,0000108 seconds
2016-09-07T20:03:44.104-0100: 136,739: Total time for which application threads were stopped: 0,0000505 seconds, Stopping threads took: 0,0000150 seconds
2016-09-07T20:03:44.105-0100: 136,741: Total time for which application threads were stopped: 0,0000607 seconds, Stopping threads took: 0,0000104 seconds
2016-09-07T20:03:44.105-0100: 136,741: Total time for which application threads were stopped: 0,0000504 seconds, Stopping threads took: 0,0000106 seconds
2016-09-07T20:03:44.105-0100: 136,741: Total time for which application threads were stopped: 0,0000414 seconds, Stopping threads took: 0,0000063 seconds
2016-09-07T20:03:44.105-0100: 136,741: Total time for which application threads were stopped: 0,0000464 seconds, Stopping threads took: 0,0000094 seconds
2016-09-07T20:03:44.110-0100: 136,746: Total time for which application threads were stopped: 0,0000858 seconds, Stopping threads took: 0,0000159 seconds
2016-09-07T20:03:44.110-0100: 136,746: Total time for which application threads were stopped: 0,0000589 seconds, Stopping threads took: 0,0000107 seconds
2016-09-07T20:03:44.110-0100: 136,746: Total time for which application threads were stopped: 0,0000368 seconds, Stopping threads took: 0,0000062 seconds
2016-09-07T20:03:44.124-0100: 136,760: Total time for which application threads were stopped: 0,0002046 seconds, Stopping threads took: 0,0000654 seconds
2016-09-07T20:03:44.129-0100: 136,765: Total time for which application threads were stopped: 0,0000850 seconds, Stopping threads took: 0,0000158 seconds
2016-09-07T20:03:44.129-0100: 136,765: Total time for which application threads were stopped: 0,0000467 seconds, Stopping threads took: 0,0000086 seconds
2016-09-07T20:03:44.131-0100: 136,767: Total time for which application threads were stopped: 0,0001034 seconds, Stopping threads took: 0,0000306 seconds
2016-09-07T20:03:44.131-0100: 136,767: Total time for which application threads were stopped: 0,0000791 seconds, Stopping threads took: 0,0000322 seconds
2016-09-07T20:03:44.131-0100: 136,767: Total time for which application threads were stopped: 0,0000776 seconds, Stopping threads took: 0,0000396 seconds
2016-09-07T20:03:44.147-0100: 136,783: Total time for which application threads were stopped: 0,0004207 seconds, Stopping threads took: 0,0000160 seconds
2016-09-07T20:03:44.149-0100: 136,785: Total time for which application threads were stopped: 0,0000704 seconds, Stopping threads took: 0,0000110 seconds
2016-09-07T20:03:44.149-0100: 136,785: Total time for which application threads were stopped: 0,0000591 seconds, Stopping threads took: 0,0000110 seconds
{Heap before GC invocations=6 (full 1):
 par new generation   total 109248K, used 109248K [0x00000007a0000000, 0x00000007a8000000, 0x00000007a8000000)
  eden space 87424K, 100% used [0x00000007a0000000, 0x00000007a5560000, 0x00000007a5560000)
  from space 21824K, 100% used [0x00000007a5560000, 0x00000007a6ab0000, 0x00000007a6ab0000)
  to   space 21824K,   0% used [0x00000007a6ab0000, 0x00000007a6ab0000, 0x00000007a8000000)
 concurrent mark-sweep generation total 393216K, used 4686K [0x00000007a8000000, 0x00000007c0000000, 0x00000007c0000000)
 Metaspace       used 37180K, capacity 37698K, committed 37956K, reserved 1083392K
  class space    used 4298K, capacity 4483K, committed 4500K, reserved 1048576K
2016-09-07T20:03:44.629-0100: 137,265: [GC (Allocation Failure) 2016-09-07T20:03:44.629-0100: 137,265: [ParNew
Desired survivor size 20112992 bytes, new threshold 8 (max 8)
- age   1:    4471024 bytes,    4471024 total
- age   2:    6288416 bytes,   10759440 total
- age   3:    5757448 bytes,   16516888 total
- age   4:     189896 bytes,   16706784 total
- age   5:     240352 bytes,   16947136 total
- age   6:    1342504 bytes,   18289640 total
: 109248K->21824K(109248K), 0,0650751 secs] 113934K->31869K(502464K), 0,0651787 secs] [Times: user=0,11 sys=0,12, real=0,07 secs] 
Heap after GC invocations=7 (full 1):
 par new generation   total 109248K, used 21824K [0x00000007a0000000, 0x00000007a8000000, 0x00000007a8000000)
  eden space 87424K,   0% used [0x00000007a0000000, 0x00000007a0000000, 0x00000007a5560000)
  from space 21824K, 100% used [0x00000007a6ab0000, 0x00000007a8000000, 0x00000007a8000000)
  to   space 21824K,   0% used [0x00000007a5560000, 0x00000007a5560000, 0x00000007a6ab0000)
 concurrent mark-sweep generation total 393216K, used 10045K [0x00000007a8000000, 0x00000007c0000000, 0x00000007c0000000)
 Metaspace       used 37180K, capacity 37698K, committed 37956K, reserved 1083392K
  class space    used 4298K, capacity 4483K, committed 4500K, reserved 1048576K
}
2016-09-07T20:03:44.695-0100: 137,331: Total time for which application threads were stopped: 0,0654100 seconds, Stopping threads took: 0,0000169 seconds
2016-09-07T20:03:44.695-0100: 137,331: Total time for which application threads were stopped: 0,0001032 seconds, Stopping threads took: 0,0000412 seconds
2016-09-07T20:03:44.695-0100: 137,331: Total time for which application threads were stopped: 0,0000845 seconds, Stopping threads took: 0,0000321 seconds
2016-09-07T20:03:44.695-0100: 137,331: Total time for which application threads were stopped: 0,0000858 seconds, Stopping threads took: 0,0000427 seconds
2016-09-07T20:03:44.696-0100: 137,331: Total time for which application threads were stopped: 0,0000791 seconds, Stopping threads took: 0,0000433 seconds
2016-09-07T20:03:44.696-0100: 137,332: Total time for which application threads were stopped: 0,0000684 seconds, Stopping threads took: 0,0000253 seconds
2016-09-07T20:03:44.696-0100: 137,332: Total time for which application threads were stopped: 0,0000784 seconds, Stopping threads took: 0,0000423 seconds
2016-09-07T20:03:44.696-0100: 137,332: Total time for which application threads were stopped: 0,0000646 seconds, Stopping threads took: 0,0000242 seconds
2016-09-07T20:03:44.696-0100: 137,332: Total time for which application threads were stopped: 0,0001275 seconds, Stopping threads took: 0,0000894 seconds
2016-09-07T20:03:44.696-0100: 137,332: Total time for which application threads were stopped: 0,0001316 seconds, Stopping threads took: 0,0000394 seconds
2016-09-07T20:03:44.696-0100: 137,332: Total time for which application threads were stopped: 0,0000574 seconds, Stopping threads took: 0,0000161 seconds
2016-09-07T20:03:45.699-0100: 138,335: Total time for which application threads were stopped: 0,0002900 seconds, Stopping threads took: 0,0000581 seconds
2016-09-07T20:04:24.789-0100: 177,426: Total time for which application threads were stopped: 0,0001982 seconds, Stopping threads took: 0,0000442 seconds
2016-09-07T20:05:40.355-0100: 252,993: Total time for which application threads were stopped: 0,0001144 seconds, Stopping threads took: 0,0000382 seconds
2016-09-07T20:05:40.355-0100: 252,993: Total time for which application threads were stopped: 0,0000566 seconds, Stopping threads took: 0,0000117 seconds
2016-09-07T20:05:40.355-0100: 252,993: Total time for which application threads were stopped: 0,0000433 seconds, Stopping threads took: 0,0000083 seconds
2016-09-07T20:05:40.355-0100: 252,993: Total time for which application threads were stopped: 0,0000457 seconds, Stopping threads took: 0,0000090 seconds
2016-09-07T20:05:40.355-0100: 252,994: Total time for which application threads were stopped: 0,0000704 seconds, Stopping threads took: 0,0000348 seconds
2016-09-07T20:05:40.355-0100: 252,994: Total time for which application threads were stopped: 0,0000489 seconds, Stopping threads took: 0,0000091 seconds
2016-09-07T20:05:40.355-0100: 252,994: Total time for which application threads were stopped: 0,0000751 seconds, Stopping threads took: 0,0000293 seconds
2016-09-07T20:05:40.355-0100: 252,994: Total time for which application threads were stopped: 0,0000453 seconds, Stopping threads took: 0,0000081 seconds
2016-09-07T20:05:40.355-0100: 252,994: Total time for which application threads were stopped: 0,0000457 seconds, Stopping threads took: 0,0000090 seconds
2016-09-07T20:05:40.369-0100: 253,007: Total time for which application threads were stopped: 0,0001781 seconds, Stopping threads took: 0,0000704 seconds
2016-09-07T20:05:40.369-0100: 253,008: Total time for which application threads were stopped: 0,0000910 seconds, Stopping threads took: 0,0000185 seconds
2016-09-07T20:05:40.369-0100: 253,008: Total time for which application threads were stopped: 0,0000521 seconds, Stopping threads took: 0,0000105 seconds
2016-09-07T20:05:40.369-0100: 253,008: Total time for which application threads were stopped: 0,0000507 seconds, Stopping threads took: 0,0000102 seconds
2016-09-07T20:05:40.369-0100: 253,008: Total time for which application threads were stopped: 0,0000472 seconds, Stopping threads took: 0,0000086 seconds
2016-09-07T20:05:40.370-0100: 253,008: Total time for which application threads were stopped: 0,0000515 seconds, Stopping threads took: 0,0000101 seconds
2016-09-07T20:05:40.370-0100: 253,008: Total time for which application threads were stopped: 0,0000689 seconds, Stopping threads took: 0,0000296 seconds
2016-09-07T20:05:40.370-0100: 253,008: Total time for which application threads were stopped: 0,0000726 seconds, Stopping threads took: 0,0000219 seconds
2016-09-07T20:05:40.370-0100: 253,008: Total time for which application threads were stopped: 0,0000779 seconds, Stopping threads took: 0,0000345 seconds
2016-09-07T20:05:40.370-0100: 253,009: Total time for which application threads were stopped: 0,0000668 seconds, Stopping threads took: 0,0000274 seconds
2016-09-07T20:05:40.370-0100: 253,009: Total time for which application threads were stopped: 0,0001543 seconds, Stopping threads took: 0,0000110 seconds
2016-09-07T20:05:40.408-0100: 253,047: Total time for which application threads were stopped: 0,0001284 seconds, Stopping threads took: 0,0000215 seconds
2016-09-07T20:05:40.416-0100: 253,054: Total time for which application threads were stopped: 0,0001126 seconds, Stopping threads took: 0,0000238 seconds
2016-09-07T20:05:40.417-0100: 253,055: Total time for which application threads were stopped: 0,0001293 seconds, Stopping threads took: 0,0000233 seconds
2016-09-07T20:05:41.422-0100: 254,060: Total time for which application threads were stopped: 0,0002255 seconds, Stopping threads took: 0,0000423 seconds
2016-09-07T20:11:53.498-0100: 626,145: Total time for which application threads were stopped: 0,0005714 seconds, Stopping threads took: 0,0002018 seconds
2016-09-07T20:11:53.499-0100: 626,146: Total time for which application threads were stopped: 0,0001081 seconds, Stopping threads took: 0,0000171 seconds
2016-09-07T20:11:53.525-0100: 626,172: Total time for which application threads were stopped: 0,0001781 seconds, Stopping threads took: 0,0000249 seconds
2016-09-07T20:11:53.526-0100: 626,173: Total time for which application threads were stopped: 0,0001341 seconds, Stopping threads took: 0,0000466 seconds
2016-09-07T20:11:53.527-0100: 626,174: Total time for which application threads were stopped: 0,0000903 seconds, Stopping threads took: 0,0000403 seconds
2016-09-07T20:11:53.527-0100: 626,174: Total time for which application threads were stopped: 0,0000897 seconds, Stopping threads took: 0,0000292 seconds
2016-09-07T20:11:53.528-0100: 626,175: Total time for which application threads were stopped: 0,0001182 seconds, Stopping threads took: 0,0000704 seconds
2016-09-07T20:11:54.531-0100: 627,178: Total time for which application threads were stopped: 0,0003963 seconds, Stopping threads took: 0,0000413 seconds
2016-09-07T20:12:03.209-0100: 635,856: Total time for which application threads were stopped: 0,0002030 seconds, Stopping threads took: 0,0000225 seconds
2016-09-07T20:12:03.209-0100: 635,857: Total time for which application threads were stopped: 0,0000992 seconds, Stopping threads took: 0,0000174 seconds
2016-09-07T20:12:03.210-0100: 635,857: Total time for which application threads were stopped: 0,0000769 seconds, Stopping threads took: 0,0000128 seconds
2016-09-07T20:12:03.210-0100: 635,857: Total time for which application threads were stopped: 0,0000797 seconds, Stopping threads took: 0,0000121 seconds
2016-09-07T20:12:03.232-0100: 635,879: Total time for which application threads were stopped: 0,0001360 seconds, Stopping threads took: 0,0000275 seconds
2016-09-07T20:12:03.232-0100: 635,880: Total time for which application threads were stopped: 0,0000785 seconds, Stopping threads took: 0,0000129 seconds
2016-09-07T20:12:03.233-0100: 635,880: Total time for which application threads were stopped: 0,0000667 seconds, Stopping threads took: 0,0000112 seconds
2016-09-07T20:12:03.233-0100: 635,880: Total time for which application threads were stopped: 0,0000677 seconds, Stopping threads took: 0,0000107 seconds
2016-09-07T20:12:03.233-0100: 635,880: Total time for which application threads were stopped: 0,0000592 seconds, Stopping threads took: 0,0000100 seconds
2016-09-07T20:12:03.233-0100: 635,880: Total time for which application threads were stopped: 0,0000610 seconds, Stopping threads took: 0,0000108 seconds
2016-09-07T20:12:03.233-0100: 635,880: Total time for which application threads were stopped: 0,0000583 seconds, Stopping threads took: 0,0000094 seconds
2016-09-07T20:12:03.233-0100: 635,880: Total time for which application threads were stopped: 0,0000567 seconds, Stopping threads took: 0,0000085 seconds
2016-09-07T20:12:03.233-0100: 635,880: Total time for which application threads were stopped: 0,0000546 seconds, Stopping threads took: 0,0000090 seconds
2016-09-07T20:12:03.233-0100: 635,880: Total time for which application threads were stopped: 0,0000589 seconds, Stopping threads took: 0,0000086 seconds
2016-09-07T20:12:03.233-0100: 635,881: Total time for which application threads were stopped: 0,0001256 seconds, Stopping threads took: 0,0000403 seconds
2016-09-07T20:12:03.234-0100: 635,881: Total time for which application threads were stopped: 0,0000604 seconds, Stopping threads took: 0,0000100 seconds
2016-09-07T20:12:03.234-0100: 635,881: Total time for which application threads were stopped: 0,0000589 seconds, Stopping threads took: 0,0000094 seconds
2016-09-07T20:12:03.234-0100: 635,881: Total time for which application threads were stopped: 0,0000577 seconds, Stopping threads took: 0,0000085 seconds
2016-09-07T20:12:03.234-0100: 635,881: Total time for which application threads were stopped: 0,0001528 seconds, Stopping threads took: 0,0000351 seconds
2016-09-07T20:12:03.236-0100: 635,883: Total time for which application threads were stopped: 0,0002634 seconds, Stopping threads took: 0,0000242 seconds
2016-09-07T20:12:03.705-0100: 636,353: Total time for which application threads were stopped: 0,0002134 seconds, Stopping threads took: 0,0000320 seconds
{Heap before GC invocations=7 (full 1):
 par new generation   total 109248K, used 109248K [0x00000007a0000000, 0x00000007a8000000, 0x00000007a8000000)
  eden space 87424K, 100% used [0x00000007a0000000, 0x00000007a5560000, 0x00000007a5560000)
  from space 21824K, 100% used [0x00000007a6ab0000, 0x00000007a8000000, 0x00000007a8000000)
  to   space 21824K,   0% used [0x00000007a5560000, 0x00000007a5560000, 0x00000007a6ab0000)
 concurrent mark-sweep generation total 393216K, used 10045K [0x00000007a8000000, 0x00000007c0000000, 0x00000007c0000000)
 Metaspace       used 37876K, capacity 38498K, committed 38852K, reserved 1083392K
  class space    used 4350K, capacity 4579K, committed 4628K, reserved 1048576K
2016-09-07T20:12:04.105-0100: 636,752: [GC (Allocation Failure) 2016-09-07T20:12:04.105-0100: 636,752: [ParNew
Desired survivor size 20112992 bytes, new threshold 7 (max 8)
- age   1:    3831880 bytes,    3831880 total
- age   2:    3263384 bytes,    7095264 total
- age   3:    5836912 bytes,   12932176 total
- age   4:    5756648 bytes,   18688824 total
- age   5:     189792 bytes,   18878616 total
- age   6:     240288 bytes,   19118904 total
- age   7:    1162328 bytes,   20281232 total
: 109248K->21824K(109248K), 0,1048674 secs] 119293K->41952K(502464K), 0,1049859 secs] [Times: user=0,12 sys=0,16, real=0,11 secs] 
Heap after GC invocations=8 (full 1):
 par new generation   total 109248K, used 21824K [0x00000007a0000000, 0x00000007a8000000, 0x00000007a8000000)
  eden space 87424K,   0% used [0x00000007a0000000, 0x00000007a0000000, 0x00000007a5560000)
  from space 21824K, 100% used [0x00000007a5560000, 0x00000007a6ab0000, 0x00000007a6ab0000)
  to   space 21824K,   0% used [0x00000007a6ab0000, 0x00000007a6ab0000, 0x00000007a8000000)
 concurrent mark-sweep generation total 393216K, used 20128K [0x00000007a8000000, 0x00000007c0000000, 0x00000007c0000000)
 Metaspace       used 37876K, capacity 38498K, committed 38852K, reserved 1083392K
  class space    used 4350K, capacity 4579K, committed 4628K, reserved 1048576K
}
2016-09-07T20:12:04.210-0100: 636,857: Total time for which application threads were stopped: 0,1052498 seconds, Stopping threads took: 0,0000224 seconds
2016-09-07T20:12:04.210-0100: 636,857: Total time for which application threads were stopped: 0,0001169 seconds, Stopping threads took: 0,0000444 seconds
2016-09-07T20:12:04.210-0100: 636,858: Total time for which application threads were stopped: 0,0000882 seconds, Stopping threads took: 0,0000290 seconds
2016-09-07T20:12:04.211-0100: 636,858: Total time for which application threads were stopped: 0,0000769 seconds, Stopping threads took: 0,0000273 seconds
2016-09-07T20:12:04.211-0100: 636,858: Total time for which application threads were stopped: 0,0001630 seconds, Stopping threads took: 0,0001003 seconds
2016-09-07T20:12:04.211-0100: 636,858: Total time for which application threads were stopped: 0,0000833 seconds, Stopping threads took: 0,0000276 seconds
2016-09-07T20:12:04.211-0100: 636,858: Total time for which application threads were stopped: 0,0000748 seconds, Stopping threads took: 0,0000298 seconds
2016-09-07T20:12:04.211-0100: 636,858: Total time for which application threads were stopped: 0,0000739 seconds, Stopping threads took: 0,0000273 seconds
2016-09-07T20:12:04.211-0100: 636,858: Total time for which application threads were stopped: 0,0000700 seconds, Stopping threads took: 0,0000261 seconds
2016-09-07T20:12:04.211-0100: 636,859: Total time for which application threads were stopped: 0,0000698 seconds, Stopping threads took: 0,0000247 seconds
2016-09-07T20:12:04.212-0100: 636,859: Total time for which application threads were stopped: 0,0000815 seconds, Stopping threads took: 0,0000270 seconds
2016-09-07T20:12:04.212-0100: 636,859: Total time for which application threads were stopped: 0,0000814 seconds, Stopping threads took: 0,0000310 seconds
2016-09-07T20:12:04.212-0100: 636,859: Total time for which application threads were stopped: 0,0000711 seconds, Stopping threads took: 0,0000256 seconds
2016-09-07T20:12:04.212-0100: 636,859: Total time for which application threads were stopped: 0,0000809 seconds, Stopping threads took: 0,0000349 seconds
2016-09-07T20:12:04.212-0100: 636,859: Total time for which application threads were stopped: 0,0000781 seconds, Stopping threads took: 0,0000356 seconds
2016-09-07T20:12:04.212-0100: 636,859: Total time for which application threads were stopped: 0,0000902 seconds, Stopping threads took: 0,0000495 seconds
2016-09-07T20:12:04.212-0100: 636,860: Total time for which application threads were stopped: 0,0000964 seconds, Stopping threads took: 0,0000194 seconds
2016-09-07T20:12:04.212-0100: 636,860: Total time for which application threads were stopped: 0,0000742 seconds, Stopping threads took: 0,0000263 seconds
2016-09-07T20:12:04.213-0100: 636,860: Total time for which application threads were stopped: 0,0000980 seconds, Stopping threads took: 0,0000361 seconds
2016-09-07T20:12:04.213-0100: 636,860: Total time for which application threads were stopped: 0,0001779 seconds, Stopping threads took: 0,0001362 seconds
2016-09-07T20:12:04.213-0100: 636,860: Total time for which application threads were stopped: 0,0000743 seconds, Stopping threads took: 0,0000294 seconds
2016-09-07T20:12:04.213-0100: 636,860: Total time for which application threads were stopped: 0,0001359 seconds, Stopping threads took: 0,0000432 seconds
2016-09-07T20:12:04.213-0100: 636,860: Total time for which application threads were stopped: 0,0000907 seconds, Stopping threads took: 0,0000467 seconds
{Heap before GC invocations=8 (full 1):
 par new generation   total 109248K, used 109248K [0x00000007a0000000, 0x00000007a8000000, 0x00000007a8000000)
  eden space 87424K, 100% used [0x00000007a0000000, 0x00000007a5560000, 0x00000007a5560000)
  from space 21824K, 100% used [0x00000007a5560000, 0x00000007a6ab0000, 0x00000007a6ab0000)
  to   space 21824K,   0% used [0x00000007a6ab0000, 0x00000007a6ab0000, 0x00000007a8000000)
 concurrent mark-sweep generation total 393216K, used 20128K [0x00000007a8000000, 0x00000007c0000000, 0x00000007c0000000)
 Metaspace       used 37880K, capacity 38498K, committed 38852K, reserved 1083392K
  class space    used 4350K, capacity 4579K, committed 4628K, reserved 1048576K
2016-09-07T20:12:04.552-0100: 637,199: [GC (Allocation Failure) 2016-09-07T20:12:04.552-0100: 637,199: [ParNew
Desired survivor size 20112992 bytes, new threshold 5 (max 8)
- age   1:        944 bytes,        944 total
- age   2:    3533008 bytes,    3533952 total
- age   3:    3254216 bytes,    6788168 total
- age   4:    5587656 bytes,   12375824 total
- age   5:    7909760 bytes,   20285584 total
- age   6:     169464 bytes,   20455048 total
- age   7:     172184 bytes,   20627232 total
: 109248K->21824K(109248K), 0,0357675 secs] 129376K->43301K(502464K), 0,0358446 secs] [Times: user=0,11 sys=0,01, real=0,03 secs] 
Heap after GC invocations=9 (full 1):
 par new generation   total 109248K, used 21824K [0x00000007a0000000, 0x00000007a8000000, 0x00000007a8000000)
  eden space 87424K,   0% used [0x00000007a0000000, 0x00000007a0000000, 0x00000007a5560000)
  from space 21824K, 100% used [0x00000007a6ab0000, 0x00000007a8000000, 0x00000007a8000000)
  to   space 21824K,   0% used [0x00000007a5560000, 0x00000007a5560000, 0x00000007a6ab0000)
 concurrent mark-sweep generation total 393216K, used 21477K [0x00000007a8000000, 0x00000007c0000000, 0x00000007c0000000)
 Metaspace       used 37880K, capacity 38498K, committed 38852K, reserved 1083392K
  class space    used 4350K, capacity 4579K, committed 4628K, reserved 1048576K
}
2016-09-07T20:12:04.588-0100: 637,235: Total time for which application threads were stopped: 0,0360702 seconds, Stopping threads took: 0,0000228 seconds
{Heap before GC invocations=9 (full 1):
 par new generation   total 109248K, used 109248K [0x00000007a0000000, 0x00000007a8000000, 0x00000007a8000000)
  eden space 87424K, 100% used [0x00000007a0000000, 0x00000007a5560000, 0x00000007a5560000)
  from space 21824K, 100% used [0x00000007a6ab0000, 0x00000007a8000000, 0x00000007a8000000)
  to   space 21824K,   0% used [0x00000007a5560000, 0x00000007a5560000, 0x00000007a6ab0000)
 concurrent mark-sweep generation total 393216K, used 21477K [0x00000007a8000000, 0x00000007c0000000, 0x00000007c0000000)
 Metaspace       used 37880K, capacity 38498K, committed 38852K, reserved 1083392K
  class space    used 4350K, capacity 4579K, committed 4628K, reserved 1048576K
2016-09-07T20:12:04.753-0100: 637,400: [GC (Allocation Failure) 2016-09-07T20:12:04.753-0100: 637,400: [ParNew
Desired survivor size 20112992 bytes, new threshold 8 (max 8)
- age   1:       1056 bytes,       1056 total
- age   2:        920 bytes,       1976 total
- age   3:    3533008 bytes,    3534984 total
- age   4:    3254216 bytes,    6789200 total
- age   5:    5587656 bytes,   12376856 total
: 109248K->21824K(109248K), 0,0237663 secs] 130725K->49612K(502464K), 0,0238636 secs] [Times: user=0,07 sys=0,01, real=0,02 secs] 
Heap after GC invocations=10 (full 1):
 par new generation   total 109248K, used 21824K [0x00000007a0000000, 0x00000007a8000000, 0x00000007a8000000)
  eden space 87424K,   0% used [0x00000007a0000000, 0x00000007a0000000, 0x00000007a5560000)
  from space 21824K, 100% used [0x00000007a5560000, 0x00000007a6ab0000, 0x00000007a6ab0000)
  to   space 21824K,   0% used [0x00000007a6ab0000, 0x00000007a6ab0000, 0x00000007a8000000)
 concurrent mark-sweep generation total 393216K, used 27788K [0x00000007a8000000, 0x00000007c0000000, 0x00000007c0000000)
 Metaspace       used 37880K, capacity 38498K, committed 38852K, reserved 1083392K
  class space    used 4350K, capacity 4579K, committed 4628K, reserved 1048576K
}
2016-09-07T20:12:04.777-0100: 637,424: Total time for which application threads were stopped: 0,0240601 seconds, Stopping threads took: 0,0000311 seconds
{Heap before GC invocations=10 (full 1):
 par new generation   total 109248K, used 109248K [0x00000007a0000000, 0x00000007a8000000, 0x00000007a8000000)
  eden space 87424K, 100% used [0x00000007a0000000, 0x00000007a5560000, 0x00000007a5560000)
  from space 21824K, 100% used [0x00000007a5560000, 0x00000007a6ab0000, 0x00000007a6ab0000)
  to   space 21824K,   0% used [0x00000007a6ab0000, 0x00000007a6ab0000, 0x00000007a8000000)
 concurrent mark-sweep generation total 393216K, used 27788K [0x00000007a8000000, 0x00000007c0000000, 0x00000007c0000000)
 Metaspace       used 37882K, capacity 38498K, committed 38852K, reserved 1083392K
  class space    used 4350K, capacity 4579K, committed 4628K, reserved 1048576K
2016-09-07T20:12:04.922-0100: 637,569: [GC (Allocation Failure) 2016-09-07T20:12:04.922-0100: 637,569: [ParNew
Desired survivor size 20112992 bytes, new threshold 8 (max 8)
- age   1:     292376 bytes,     292376 total
- age   2:        480 bytes,     292856 total
- age   3:        920 bytes,     293776 total
- age   4:    3434352 bytes,    3728128 total
- age   5:    3254216 bytes,    6982344 total
- age   6:    5587656 bytes,   12570000 total
: 109248K->14463K(109248K), 0,0152971 secs] 137036K->42251K(502464K), 0,0153713 secs] [Times: user=0,06 sys=0,00, real=0,01 secs] 
Heap after GC invocations=11 (full 1):
 par new generation   total 109248K, used 14463K [0x00000007a0000000, 0x00000007a8000000, 0x00000007a8000000)
  eden space 87424K,   0% used [0x00000007a0000000, 0x00000007a0000000, 0x00000007a5560000)
  from space 21824K,  66% used [0x00000007a6ab0000, 0x00000007a78cfed0, 0x00000007a8000000)
  to   space 21824K,   0% used [0x00000007a5560000, 0x00000007a5560000, 0x00000007a6ab0000)
 concurrent mark-sweep generation total 393216K, used 27788K [0x00000007a8000000, 0x00000007c0000000, 0x00000007c0000000)
 Metaspace       used 37882K, capacity 38498K, committed 38852K, reserved 1083392K
  class space    used 4350K, capacity 4579K, committed 4628K, reserved 1048576K
}
2016-09-07T20:12:04.937-0100: 637,584: Total time for which application threads were stopped: 0,0155610 seconds, Stopping threads took: 0,0000236 seconds
2016-09-07T20:12:04.938-0100: 637,585: Total time for which application threads were stopped: 0,0001691 seconds, Stopping threads took: 0,0000884 seconds
2016-09-07T20:12:05.086-0100: 637,733: Total time for which application threads were stopped: 0,0008155 seconds, Stopping threads took: 0,0000230 seconds
2016-09-07T20:12:05.295-0100: 637,942: Total time for which application threads were stopped: 0,0001186 seconds, Stopping threads took: 0,0000198 seconds
2016-09-07T20:12:05.295-0100: 637,942: Total time for which application threads were stopped: 0,0000401 seconds, Stopping threads took: 0,0000078 seconds
2016-09-07T20:12:05.295-0100: 637,942: Total time for which application threads were stopped: 0,0000371 seconds, Stopping threads took: 0,0000072 seconds
2016-09-07T20:12:05.295-0100: 637,943: Total time for which application threads were stopped: 0,0000373 seconds, Stopping threads took: 0,0000071 seconds
2016-09-07T20:12:05.295-0100: 637,943: Total time for which application threads were stopped: 0,0000366 seconds, Stopping threads took: 0,0000068 seconds
2016-09-07T20:12:05.296-0100: 637,943: Total time for which application threads were stopped: 0,0000363 seconds, Stopping threads took: 0,0000071 seconds
2016-09-07T20:12:05.296-0100: 637,943: Total time for which application threads were stopped: 0,0000360 seconds, Stopping threads took: 0,0000069 seconds
2016-09-07T20:12:05.296-0100: 637,943: Total time for which application threads were stopped: 0,0000359 seconds, Stopping threads took: 0,0000070 seconds
2016-09-07T20:12:05.296-0100: 637,943: Total time for which application threads were stopped: 0,0000360 seconds, Stopping threads took: 0,0000071 seconds
2016-09-07T20:12:05.296-0100: 637,943: Total time for which application threads were stopped: 0,0000360 seconds, Stopping threads took: 0,0000070 seconds
2016-09-07T20:12:05.296-0100: 637,943: Total time for which application threads were stopped: 0,0000394 seconds, Stopping threads took: 0,0000075 seconds
2016-09-07T20:12:05.296-0100: 637,943: Total time for which application threads were stopped: 0,0000361 seconds, Stopping threads took: 0,0000072 seconds
2016-09-07T20:12:05.296-0100: 637,943: Total time for which application threads were stopped: 0,0000360 seconds, Stopping threads took: 0,0000071 seconds
2016-09-07T20:12:05.296-0100: 637,943: Total time for which application threads were stopped: 0,0000359 seconds, Stopping threads took: 0,0000071 seconds
2016-09-07T20:12:05.296-0100: 637,943: Total time for which application threads were stopped: 0,0000357 seconds, Stopping threads took: 0,0000069 seconds
2016-09-07T20:12:05.296-0100: 637,943: Total time for which application threads were stopped: 0,0000358 seconds, Stopping threads took: 0,0000070 seconds
2016-09-07T20:12:05.296-0100: 637,943: Total time for which application threads were stopped: 0,0000358 seconds, Stopping threads took: 0,0000071 seconds
2016-09-07T20:12:05.296-0100: 637,944: Total time for which application threads were stopped: 0,0000357 seconds, Stopping threads took: 0,0000071 seconds
2016-09-07T20:12:05.296-0100: 637,944: Total time for which application threads were stopped: 0,0000359 seconds, Stopping threads took: 0,0000070 seconds
2016-09-07T20:12:05.297-0100: 637,944: Total time for which application threads were stopped: 0,0001042 seconds, Stopping threads took: 0,0000070 seconds
2016-09-07T20:12:05.593-0100: 638,240: Total time for which application threads were stopped: 0,0002898 seconds, Stopping threads took: 0,0000225 seconds
2016-09-07T20:12:05.765-0100: 638,412: Total time for which application threads were stopped: 0,0001467 seconds, Stopping threads took: 0,0000354 seconds
{Heap before GC invocations=11 (full 1):
 par new generation   total 109248K, used 101887K [0x00000007a0000000, 0x00000007a8000000, 0x00000007a8000000)
  eden space 87424K, 100% used [0x00000007a0000000, 0x00000007a5560000, 0x00000007a5560000)
  from space 21824K,  66% used [0x00000007a6ab0000, 0x00000007a78cfed0, 0x00000007a8000000)
  to   space 21824K,   0% used [0x00000007a5560000, 0x00000007a5560000, 0x00000007a6ab0000)
 concurrent mark-sweep generation total 393216K, used 27788K [0x00000007a8000000, 0x00000007c0000000, 0x00000007c0000000)
 Metaspace       used 38084K, capacity 38626K, committed 39108K, reserved 1083392K
  class space    used 4362K, capacity 4579K, committed 4628K, reserved 1048576K
2016-09-07T20:12:05.782-0100: 638,430: [GC (Allocation Failure) 2016-09-07T20:12:05.783-0100: 638,430: [ParNew
Desired survivor size 20112992 bytes, new threshold 7 (max 8)
- age   1:   10440512 bytes,   10440512 total
- age   2:     127368 bytes,   10567880 total
- age   3:        480 bytes,   10568360 total
- age   4:        920 bytes,   10569280 total
- age   5:    2930040 bytes,   13499320 total
- age   6:    3253720 bytes,   16753040 total
- age   7:    5587520 bytes,   22340560 total
: 101887K->21824K(109248K), 0,0393296 secs] 129675K->55017K(502464K), 0,0394852 secs] [Times: user=0,13 sys=0,00, real=0,04 secs] 
Heap after GC invocations=12 (full 1):
 par new generation   total 109248K, used 21824K [0x00000007a0000000, 0x00000007a8000000, 0x00000007a8000000)
  eden space 87424K,   0% used [0x00000007a0000000, 0x00000007a0000000, 0x00000007a5560000)
  from space 21824K, 100% used [0x00000007a5560000, 0x00000007a6ab0000, 0x00000007a6ab0000)
  to   space 21824K,   0% used [0x00000007a6ab0000, 0x00000007a6ab0000, 0x00000007a8000000)
 concurrent mark-sweep generation total 393216K, used 33193K [0x00000007a8000000, 0x00000007c0000000, 0x00000007c0000000)
 Metaspace       used 38084K, capacity 38626K, committed 39108K, reserved 1083392K
  class space    used 4362K, capacity 4579K, committed 4628K, reserved 1048576K
}
2016-09-07T20:12:05.822-0100: 638,469: Total time for which application threads were stopped: 0,0397000 seconds, Stopping threads took: 0,0000240 seconds
2016-09-07T20:12:05.822-0100: 638,470: Total time for which application threads were stopped: 0,0001751 seconds, Stopping threads took: 0,0000885 seconds
2016-09-07T20:12:05.822-0100: 638,470: Total time for which application threads were stopped: 0,0001010 seconds, Stopping threads took: 0,0000583 seconds
2016-09-07T20:12:05.823-0100: 638,470: Total time for which application threads were stopped: 0,0001143 seconds, Stopping threads took: 0,0000602 seconds
2016-09-07T20:12:05.823-0100: 638,470: Total time for which application threads were stopped: 0,0001040 seconds, Stopping threads took: 0,0000660 seconds
2016-09-07T20:12:05.823-0100: 638,470: Total time for which application threads were stopped: 0,0000971 seconds, Stopping threads took: 0,0000604 seconds
2016-09-07T20:12:05.823-0100: 638,470: Total time for which application threads were stopped: 0,0001129 seconds, Stopping threads took: 0,0000616 seconds
2016-09-07T20:12:05.823-0100: 638,470: Total time for which application threads were stopped: 0,0001146 seconds, Stopping threads took: 0,0000612 seconds
2016-09-07T20:12:05.823-0100: 638,471: Total time for which application threads were stopped: 0,0001203 seconds, Stopping threads took: 0,0000659 seconds
2016-09-07T20:12:05.824-0100: 638,471: Total time for which application threads were stopped: 0,0000979 seconds, Stopping threads took: 0,0000618 seconds
2016-09-07T20:12:05.824-0100: 638,471: Total time for which application threads were stopped: 0,0000980 seconds, Stopping threads took: 0,0000560 seconds
2016-09-07T20:12:05.824-0100: 638,471: Total time for which application threads were stopped: 0,0000954 seconds, Stopping threads took: 0,0000569 seconds
2016-09-07T20:12:05.824-0100: 638,471: Total time for which application threads were stopped: 0,0001012 seconds, Stopping threads took: 0,0000627 seconds
2016-09-07T20:12:05.824-0100: 638,471: Total time for which application threads were stopped: 0,0000950 seconds, Stopping threads took: 0,0000569 seconds
2016-09-07T20:12:05.824-0100: 638,471: Total time for which application threads were stopped: 0,0000960 seconds, Stopping threads took: 0,0000547 seconds
2016-09-07T20:12:05.824-0100: 638,472: Total time for which application threads were stopped: 0,0000979 seconds, Stopping threads took: 0,0000610 seconds
2016-09-07T20:12:05.825-0100: 638,472: Total time for which application threads were stopped: 0,0001217 seconds, Stopping threads took: 0,0000644 seconds
2016-09-07T20:12:05.825-0100: 638,472: Total time for which application threads were stopped: 0,0001412 seconds, Stopping threads took: 0,0000665 seconds
2016-09-07T20:12:05.825-0100: 638,472: Total time for which application threads were stopped: 0,0001182 seconds, Stopping threads took: 0,0000589 seconds
2016-09-07T20:12:05.825-0100: 638,472: Total time for which application threads were stopped: 0,0001193 seconds, Stopping threads took: 0,0000555 seconds
2016-09-07T20:12:05.825-0100: 638,472: Total time for which application threads were stopped: 0,0001676 seconds, Stopping threads took: 0,0000626 seconds
2016-09-07T20:12:06.192-0100: 638,839: Total time for which application threads were stopped: 0,0001731 seconds, Stopping threads took: 0,0000431 seconds
2016-09-07T20:12:06.214-0100: 638,861: Total time for which application threads were stopped: 0,0001464 seconds, Stopping threads took: 0,0000422 seconds
2016-09-07T20:12:06.219-0100: 638,866: Total time for which application threads were stopped: 0,0001061 seconds, Stopping threads took: 0,0000199 seconds
2016-09-07T20:12:06.226-0100: 638,874: Total time for which application threads were stopped: 0,0001277 seconds, Stopping threads took: 0,0000403 seconds
2016-09-07T20:12:06.227-0100: 638,874: Total time for which application threads were stopped: 0,0000899 seconds, Stopping threads took: 0,0000322 seconds
2016-09-07T20:12:06.227-0100: 638,874: Total time for which application threads were stopped: 0,0000862 seconds, Stopping threads took: 0,0000298 seconds
2016-09-07T20:12:06.366-0100: 639,014: Total time for which application threads were stopped: 0,0001351 seconds, Stopping threads took: 0,0000449 seconds
2016-09-07T20:12:06.370-0100: 639,017: Total time for which application threads were stopped: 0,0000880 seconds, Stopping threads took: 0,0000199 seconds
{Heap before GC invocations=12 (full 1):
 par new generation   total 109248K, used 109248K [0x00000007a0000000, 0x00000007a8000000, 0x00000007a8000000)
  eden space 87424K, 100% used [0x00000007a0000000, 0x00000007a5560000, 0x00000007a5560000)
  from space 21824K, 100% used [0x00000007a5560000, 0x00000007a6ab0000, 0x00000007a6ab0000)
  to   space 21824K,   0% used [0x00000007a6ab0000, 0x00000007a6ab0000, 0x00000007a8000000)
 concurrent mark-sweep generation total 393216K, used 33193K [0x00000007a8000000, 0x00000007c0000000, 0x00000007c0000000)
 Metaspace       used 38204K, capacity 38760K, committed 39108K, reserved 1083392K
  class space    used 4364K, capacity 4580K, committed 4628K, reserved 1048576K
2016-09-07T20:12:06.484-0100: 639,131: [GC (Allocation Failure) 2016-09-07T20:12:06.484-0100: 639,131: [ParNew
Desired survivor size 20112992 bytes, new threshold 8 (max 8)
- age   1:    5623280 bytes,    5623280 total
- age   2:    7124672 bytes,   12747952 total
- age   3:     127328 bytes,   12875280 total
- age   4:        480 bytes,   12875760 total
- age   5:        920 bytes,   12876680 total
- age   6:    2484304 bytes,   15360984 total
- age   7:    3198144 bytes,   18559128 total
: 109248K->21824K(109248K), 0,0757975 secs] 142441K->64448K(502464K), 0,0758903 secs] [Times: user=0,12 sys=0,01, real=0,08 secs] 
Heap after GC invocations=13 (full 1):
 par new generation   total 109248K, used 21824K [0x00000007a0000000, 0x00000007a8000000, 0x00000007a8000000)
  eden space 87424K,   0% used [0x00000007a0000000, 0x00000007a0000000, 0x00000007a5560000)
  from space 21824K, 100% used [0x00000007a6ab0000, 0x00000007a8000000, 0x00000007a8000000)
  to   space 21824K,   0% used [0x00000007a5560000, 0x00000007a5560000, 0x00000007a6ab0000)
 concurrent mark-sweep generation total 393216K, used 42624K [0x00000007a8000000, 0x00000007c0000000, 0x00000007c0000000)
 Metaspace       used 38204K, capacity 38760K, committed 39108K, reserved 1083392K
  class space    used 4364K, capacity 4580K, committed 4628K, reserved 1048576K
}
2016-09-07T20:12:06.560-0100: 639,207: Total time for which application threads were stopped: 0,0761617 seconds, Stopping threads took: 0,0000260 seconds
2016-09-07T20:12:06.560-0100: 639,208: Total time for which application threads were stopped: 0,0001714 seconds, Stopping threads took: 0,0000780 seconds
2016-09-07T20:12:06.682-0100: 639,330: Total time for which application threads were stopped: 0,0001345 seconds, Stopping threads took: 0,0000427 seconds
{Heap before GC invocations=13 (full 1):
 par new generation   total 109248K, used 109248K [0x00000007a0000000, 0x00000007a8000000, 0x00000007a8000000)
  eden space 87424K, 100% used [0x00000007a0000000, 0x00000007a5560000, 0x00000007a5560000)
  from space 21824K, 100% used [0x00000007a6ab0000, 0x00000007a8000000, 0x00000007a8000000)
  to   space 21824K,   0% used [0x00000007a5560000, 0x00000007a5560000, 0x00000007a6ab0000)
 concurrent mark-sweep generation total 393216K, used 42624K [0x00000007a8000000, 0x00000007c0000000, 0x00000007c0000000)
 Metaspace       used 38268K, capacity 38784K, committed 39108K, reserved 1083392K
  class space    used 4366K, capacity 4584K, committed 4628K, reserved 1048576K
2016-09-07T20:12:06.808-0100: 639,456: [GC (Allocation Failure) 2016-09-07T20:12:06.808-0100: 639,456: [ParNew
Desired survivor size 20112992 bytes, new threshold 8 (max 8)
- age   1:    7136480 bytes,    7136480 total
- age   2:    4533312 bytes,   11669792 total
- age   3:    5568936 bytes,   17238728 total
- age   4:     127328 bytes,   17366056 total
- age   5:        480 bytes,   17366536 total
- age   6:        920 bytes,   17367456 total
- age   7:    1811688 bytes,   19179144 total
- age   8:    3167080 bytes,   22346224 total
: 109248K->21824K(109248K), 0,0364088 secs] 151872K->68937K(502464K), 0,0365203 secs] [Times: user=0,10 sys=0,01, real=0,04 secs] 
Heap after GC invocations=14 (full 1):
 par new generation   total 109248K, used 21824K [0x00000007a0000000, 0x00000007a8000000, 0x00000007a8000000)
  eden space 87424K,   0% used [0x00000007a0000000, 0x00000007a0000000, 0x00000007a5560000)
  from space 21824K, 100% used [0x00000007a5560000, 0x00000007a6ab0000, 0x00000007a6ab0000)
  to   space 21824K,   0% used [0x00000007a6ab0000, 0x00000007a6ab0000, 0x00000007a8000000)
 concurrent mark-sweep generation total 393216K, used 47113K [0x00000007a8000000, 0x00000007c0000000, 0x00000007c0000000)
 Metaspace       used 38268K, capacity 38784K, committed 39108K, reserved 1083392K
  class space    used 4366K, capacity 4584K, committed 4628K, reserved 1048576K
}
2016-09-07T20:12:06.845-0100: 639,492: Total time for which application threads were stopped: 0,0367948 seconds, Stopping threads took: 0,0000261 seconds
2016-09-07T20:12:06.846-0100: 639,493: Total time for which application threads were stopped: 0,0003809 seconds, Stopping threads took: 0,0002516 seconds
{Heap before GC invocations=14 (full 1):
 par new generation   total 109248K, used 109248K [0x00000007a0000000, 0x00000007a8000000, 0x00000007a8000000)
  eden space 87424K, 100% used [0x00000007a0000000, 0x00000007a5560000, 0x00000007a5560000)
  from space 21824K, 100% used [0x00000007a5560000, 0x00000007a6ab0000, 0x00000007a6ab0000)
  to   space 21824K,   0% used [0x00000007a6ab0000, 0x00000007a6ab0000, 0x00000007a8000000)
 concurrent mark-sweep generation total 393216K, used 47113K [0x00000007a8000000, 0x00000007c0000000, 0x00000007c0000000)
 Metaspace       used 38292K, capacity 38784K, committed 39108K, reserved 1083392K
  class space    used 4366K, capacity 4584K, committed 4628K, reserved 1048576K
2016-09-07T20:12:07.075-0100: 639,722: [GC (Allocation Failure) 2016-09-07T20:12:07.075-0100: 639,722: [ParNew
Desired survivor size 20112992 bytes, new threshold 8 (max 8)
- age   1:    5482816 bytes,    5482816 total
- age   2:    3420488 bytes,    8903304 total
- age   3:    3370600 bytes,   12273904 total
- age   4:    5562736 bytes,   17836640 total
- age   5:     127328 bytes,   17963968 total
- age   6:        480 bytes,   17964448 total
- age   7:        920 bytes,   17965368 total
- age   8:    1811568 bytes,   19776936 total
: 109248K->21824K(109248K), 0,0381130 secs] 156361K->74905K(502464K), 0,0382186 secs] [Times: user=0,10 sys=0,00, real=0,04 secs] 
Heap after GC invocations=15 (full 1):
 par new generation   total 109248K, used 21824K [0x00000007a0000000, 0x00000007a8000000, 0x00000007a8000000)
  eden space 87424K,   0% used [0x00000007a0000000, 0x00000007a0000000, 0x00000007a5560000)
  from space 21824K, 100% used [0x00000007a6ab0000, 0x00000007a8000000, 0x00000007a8000000)
  to   space 21824K,   0% used [0x00000007a5560000, 0x00000007a5560000, 0x00000007a6ab0000)
 concurrent mark-sweep generation total 393216K, used 53081K [0x00000007a8000000, 0x00000007c0000000, 0x00000007c0000000)
 Metaspace       used 38292K, capacity 38784K, committed 39108K, reserved 1083392K
  class space    used 4366K, capacity 4584K, committed 4628K, reserved 1048576K
}
2016-09-07T20:12:07.113-0100: 639,760: Total time for which application threads were stopped: 0,0384723 seconds, Stopping threads took: 0,0000239 seconds
2016-09-07T20:12:07.113-0100: 639,760: Total time for which application threads were stopped: 0,0001908 seconds, Stopping threads took: 0,0000917 seconds
{Heap before GC invocations=15 (full 1):
 par new generation   total 109248K, used 109248K [0x00000007a0000000, 0x00000007a8000000, 0x00000007a8000000)
  eden space 87424K, 100% used [0x00000007a0000000, 0x00000007a5560000, 0x00000007a5560000)
  from space 21824K, 100% used [0x00000007a6ab0000, 0x00000007a8000000, 0x00000007a8000000)
  to   space 21824K,   0% used [0x00000007a5560000, 0x00000007a5560000, 0x00000007a6ab0000)
 concurrent mark-sweep generation total 393216K, used 53081K [0x00000007a8000000, 0x00000007c0000000, 0x00000007c0000000)
 Metaspace       used 38306K, capacity 38848K, committed 39364K, reserved 1083392K
  class space    used 4366K, capacity 4584K, committed 4628K, reserved 1048576K
2016-09-07T20:12:07.243-0100: 639,890: [GC (Allocation Failure) 2016-09-07T20:12:07.243-0100: 639,890: [ParNew
Desired survivor size 20112992 bytes, new threshold 8 (max 8)
- age   1:    1315848 bytes,    1315848 total
- age   2:    5124328 bytes,    6440176 total
- age   3:    2433432 bytes,    8873608 total
- age   4:    3370480 bytes,   12244088 total
- age   5:    4701584 bytes,   16945672 total
- age   6:     127328 bytes,   17073000 total
- age   7:        480 bytes,   17073480 total
- age   8:        920 bytes,   17074400 total
: 109248K->21824K(109248K), 0,0334625 secs] 162329K->78536K(502464K), 0,0335553 secs] [Times: user=0,10 sys=0,01, real=0,03 secs] 
Heap after GC invocations=16 (full 1):
 par new generation   total 109248K, used 21824K [0x00000007a0000000, 0x00000007a8000000, 0x00000007a8000000)
  eden space 87424K,   0% used [0x00000007a0000000, 0x00000007a0000000, 0x00000007a5560000)
  from space 21824K, 100% used [0x00000007a5560000, 0x00000007a6ab0000, 0x00000007a6ab0000)
  to   space 21824K,   0% used [0x00000007a6ab0000, 0x00000007a6ab0000, 0x00000007a8000000)
 concurrent mark-sweep generation total 393216K, used 56712K [0x00000007a8000000, 0x00000007c0000000, 0x00000007c0000000)
 Metaspace       used 38306K, capacity 38848K, committed 39364K, reserved 1083392K
  class space    used 4366K, capacity 4584K, committed 4628K, reserved 1048576K
}
2016-09-07T20:12:07.276-0100: 639,923: Total time for which application threads were stopped: 0,0338114 seconds, Stopping threads took: 0,0000254 seconds
{Heap before GC invocations=16 (full 1):
 par new generation   total 109248K, used 109248K [0x00000007a0000000, 0x00000007a8000000, 0x00000007a8000000)
  eden space 87424K, 100% used [0x00000007a0000000, 0x00000007a5560000, 0x00000007a5560000)
  from space 21824K, 100% used [0x00000007a5560000, 0x00000007a6ab0000, 0x00000007a6ab0000)
  to   space 21824K,   0% used [0x00000007a6ab0000, 0x00000007a6ab0000, 0x00000007a8000000)
 concurrent mark-sweep generation total 393216K, used 56712K [0x00000007a8000000, 0x00000007c0000000, 0x00000007c0000000)
 Metaspace       used 38312K, capacity 38848K, committed 39364K, reserved 1083392K
  class space    used 4366K, capacity 4584K, committed 4628K, reserved 1048576K
2016-09-07T20:12:07.425-0100: 640,072: [GC (Allocation Failure) 2016-09-07T20:12:07.425-0100: 640,072: [ParNew
Desired survivor size 20112992 bytes, new threshold 8 (max 8)
- age   1:    1453496 bytes,    1453496 total
- age   2:      65496 bytes,    1518992 total
- age   3:    5120432 bytes,    6639424 total
- age   4:    2433432 bytes,    9072856 total
- age   5:    3370456 bytes,   12443312 total
- age   6:    4701584 bytes,   17144896 total
- age   7:     127328 bytes,   17272224 total
- age   8:        480 bytes,   17272704 total
: 109248K->21824K(109248K), 0,0193793 secs] 165960K->78537K(502464K), 0,0194643 secs] [Times: user=0,07 sys=0,00, real=0,02 secs] 
Heap after GC invocations=17 (full 1):
 par new generation   total 109248K, used 21824K [0x00000007a0000000, 0x00000007a8000000, 0x00000007a8000000)
  eden space 87424K,   0% used [0x00000007a0000000, 0x00000007a0000000, 0x00000007a5560000)
  from space 21824K, 100% used [0x00000007a6ab0000, 0x00000007a8000000, 0x00000007a8000000)
  to   space 21824K,   0% used [0x00000007a5560000, 0x00000007a5560000, 0x00000007a6ab0000)
 concurrent mark-sweep generation total 393216K, used 56713K [0x00000007a8000000, 0x00000007c0000000, 0x00000007c0000000)
 Metaspace       used 38312K, capacity 38848K, committed 39364K, reserved 1083392K
  class space    used 4366K, capacity 4584K, committed 4628K, reserved 1048576K
}
2016-09-07T20:12:07.445-0100: 640,092: Total time for which application threads were stopped: 0,0196888 seconds, Stopping threads took: 0,0000228 seconds
{Heap before GC invocations=17 (full 1):
 par new generation   total 109248K, used 109241K [0x00000007a0000000, 0x00000007a8000000, 0x00000007a8000000)
  eden space 87424K,  99% used [0x00000007a0000000, 0x00000007a555e590, 0x00000007a5560000)
  from space 21824K, 100% used [0x00000007a6ab0000, 0x00000007a8000000, 0x00000007a8000000)
  to   space 21824K,   0% used [0x00000007a5560000, 0x00000007a5560000, 0x00000007a6ab0000)
 concurrent mark-sweep generation total 393216K, used 56713K [0x00000007a8000000, 0x00000007c0000000, 0x00000007c0000000)
 Metaspace       used 38352K, capacity 38976K, committed 39364K, reserved 1083392K
  class space    used 4366K, capacity 4584K, committed 4628K, reserved 1048576K
2016-09-07T20:12:07.820-0100: 640,467: [GC (Allocation Failure) 2016-09-07T20:12:07.820-0100: 640,467: [ParNew
Desired survivor size 20112992 bytes, new threshold 7 (max 8)
- age   1:    8534408 bytes,    8534408 total
- age   2:      41768 bytes,    8576176 total
- age   3:      65496 bytes,    8641672 total
- age   4:    3468680 bytes,   12110352 total
- age   5:    2027632 bytes,   14137984 total
- age   6:    3370456 bytes,   17508440 total
- age   7:    4701464 bytes,   22209904 total
- age   8:     127328 bytes,   22337232 total
: 109241K->21824K(109248K), 0,0408543 secs] 165954K->88057K(502464K), 0,0409321 secs] [Times: user=0,12 sys=0,01, real=0,04 secs] 
Heap after GC invocations=18 (full 1):
 par new generation   total 109248K, used 21824K [0x00000007a0000000, 0x00000007a8000000, 0x00000007a8000000)
  eden space 87424K,   0% used [0x00000007a0000000, 0x00000007a0000000, 0x00000007a5560000)
  from space 21824K, 100% used [0x00000007a5560000, 0x00000007a6ab0000, 0x00000007a6ab0000)
  to   space 21824K,   0% used [0x00000007a6ab0000, 0x00000007a6ab0000, 0x00000007a8000000)
 concurrent mark-sweep generation total 393216K, used 66233K [0x00000007a8000000, 0x00000007c0000000, 0x00000007c0000000)
 Metaspace       used 38352K, capacity 38976K, committed 39364K, reserved 1083392K
  class space    used 4366K, capacity 4584K, committed 4628K, reserved 1048576K
}
2016-09-07T20:12:07.861-0100: 640,508: Total time for which application threads were stopped: 0,0411592 seconds, Stopping threads took: 0,0000252 seconds
2016-09-07T20:12:07.861-0100: 640,508: Total time for which application threads were stopped: 0,0001862 seconds, Stopping threads took: 0,0000906 seconds
{Heap before GC invocations=18 (full 1):
 par new generation   total 109248K, used 109248K [0x00000007a0000000, 0x00000007a8000000, 0x00000007a8000000)
  eden space 87424K, 100% used [0x00000007a0000000, 0x00000007a5560000, 0x00000007a5560000)
  from space 21824K, 100% used [0x00000007a5560000, 0x00000007a6ab0000, 0x00000007a6ab0000)
  to   space 21824K,   0% used [0x00000007a6ab0000, 0x00000007a6ab0000, 0x00000007a8000000)
 concurrent mark-sweep generation total 393216K, used 66233K [0x00000007a8000000, 0x00000007c0000000, 0x00000007c0000000)
 Metaspace       used 38356K, capacity 38976K, committed 39364K, reserved 1083392K
  class space    used 4366K, capacity 4584K, committed 4628K, reserved 1048576K
2016-09-07T20:12:07.988-0100: 640,635: [GC (Allocation Failure) 2016-09-07T20:12:07.988-0100: 640,635: [ParNew
Desired survivor size 20112992 bytes, new threshold 8 (max 8)
- age   1:    3233608 bytes,    3233608 total
- age   2:    6199728 bytes,    9433336 total
- age   3:      41656 bytes,    9474992 total
- age   4:      65496 bytes,    9540488 total
- age   5:    2982784 bytes,   12523272 total
- age   6:    1992376 bytes,   14515648 total
- age   7:    3337752 bytes,   17853400 total
: 109248K->21824K(109248K), 0,0325454 secs] 175481K->95982K(502464K), 0,0326482 secs] [Times: user=0,09 sys=0,01, real=0,04 secs] 
Heap after GC invocations=19 (full 1):
 par new generation   total 109248K, used 21824K [0x00000007a0000000, 0x00000007a8000000, 0x00000007a8000000)
  eden space 87424K,   0% used [0x00000007a0000000, 0x00000007a0000000, 0x00000007a5560000)
  from space 21824K, 100% used [0x00000007a6ab0000, 0x00000007a8000000, 0x00000007a8000000)
  to   space 21824K,   0% used [0x00000007a5560000, 0x00000007a5560000, 0x00000007a6ab0000)
 concurrent mark-sweep generation total 393216K, used 74158K [0x00000007a8000000, 0x00000007c0000000, 0x00000007c0000000)
 Metaspace       used 38356K, capacity 38976K, committed 39364K, reserved 1083392K
  class space    used 4366K, capacity 4584K, committed 4628K, reserved 1048576K
}
2016-09-07T20:12:08.020-0100: 640,668: Total time for which application threads were stopped: 0,0328564 seconds, Stopping threads took: 0,0000242 seconds
2016-09-07T20:12:08.139-0100: 640,786: Total time for which application threads were stopped: 0,0001364 seconds, Stopping threads took: 0,0000200 seconds
{Heap before GC invocations=19 (full 1):
 par new generation   total 109248K, used 109248K [0x00000007a0000000, 0x00000007a8000000, 0x00000007a8000000)
  eden space 87424K, 100% used [0x00000007a0000000, 0x00000007a5560000, 0x00000007a5560000)
  from space 21824K, 100% used [0x00000007a6ab0000, 0x00000007a8000000, 0x00000007a8000000)
  to   space 21824K,   0% used [0x00000007a5560000, 0x00000007a5560000, 0x00000007a6ab0000)
 concurrent mark-sweep generation total 393216K, used 74158K [0x00000007a8000000, 0x00000007c0000000, 0x00000007c0000000)
 Metaspace       used 38364K, capacity 38976K, committed 39364K, reserved 1083392K
  class space    used 4366K, capacity 4584K, committed 4628K, reserved 1048576K
2016-09-07T20:12:08.255-0100: 640,903: [GC (Allocation Failure) 2016-09-07T20:12:08.255-0100: 640,903: [ParNew
Desired survivor size 20112992 bytes, new threshold 8 (max 8)
- age   1:    6146072 bytes,    6146072 total
- age   2:    2095248 bytes,    8241320 total
- age   3:    5695224 bytes,   13936544 total
- age   4:      41632 bytes,   13978176 total
- age   5:      65496 bytes,   14043672 total
- age   6:    2982576 bytes,   17026248 total
- age   7:    1978704 bytes,   19004952 total
- age   8:    3337752 bytes,   22342704 total
: 109248K->21824K(109248K), 0,0262701 secs] 183406K->100620K(502464K), 0,0263708 secs] [Times: user=0,09 sys=0,01, real=0,03 secs] 
Heap after GC invocations=20 (full 1):
 par new generation   total 109248K, used 21824K [0x00000007a0000000, 0x00000007a8000000, 0x00000007a8000000)
  eden space 87424K,   0% used [0x00000007a0000000, 0x00000007a0000000, 0x00000007a5560000)
  from space 21824K, 100% used [0x00000007a5560000, 0x00000007a6ab0000, 0x00000007a6ab0000)
  to   space 21824K,   0% used [0x00000007a6ab0000, 0x00000007a6ab0000, 0x00000007a8000000)
 concurrent mark-sweep generation total 393216K, used 78796K [0x00000007a8000000, 0x00000007c0000000, 0x00000007c0000000)
 Metaspace       used 38364K, capacity 38976K, committed 39364K, reserved 1083392K
  class space    used 4366K, capacity 4584K, committed 4628K, reserved 1048576K
}
2016-09-07T20:12:08.282-0100: 640,929: Total time for which application threads were stopped: 0,0266454 seconds, Stopping threads took: 0,0000234 seconds
2016-09-07T20:12:08.387-0100: 641,034: Total time for which application threads were stopped: 0,0001358 seconds, Stopping threads took: 0,0000240 seconds
{Heap before GC invocations=20 (full 1):
 par new generation   total 109248K, used 109248K [0x00000007a0000000, 0x00000007a8000000, 0x00000007a8000000)
  eden space 87424K, 100% used [0x00000007a0000000, 0x00000007a5560000, 0x00000007a5560000)
  from space 21824K, 100% used [0x00000007a5560000, 0x00000007a6ab0000, 0x00000007a6ab0000)
  to   space 21824K,   0% used [0x00000007a6ab0000, 0x00000007a6ab0000, 0x00000007a8000000)
 concurrent mark-sweep generation total 393216K, used 78796K [0x00000007a8000000, 0x00000007c0000000, 0x00000007c0000000)
 Metaspace       used 38375K, capacity 38976K, committed 39364K, reserved 1083392K
  class space    used 4366K, capacity 4584K, committed 4628K, reserved 1048576K
2016-09-07T20:12:08.441-0100: 641,088: [GC (Allocation Failure) 2016-09-07T20:12:08.441-0100: 641,088: [ParNew
Desired survivor size 20112992 bytes, new threshold 8 (max 8)
- age   1:    5869464 bytes,    5869464 total
- age   2:    3636424 bytes,    9505888 total
- age   3:    1649816 bytes,   11155704 total
- age   4:    5401256 bytes,   16556960 total
- age   5:      41472 bytes,   16598432 total
- age   6:      65328 bytes,   16663760 total
- age   7:    2982368 bytes,   19646128 total
- age   8:    1976920 bytes,   21623048 total
: 109248K->21824K(109248K), 0,0316884 secs] 188044K->109104K(502464K), 0,0317892 secs] [Times: user=0,11 sys=0,01, real=0,03 secs] 
Heap after GC invocations=21 (full 1):
 par new generation   total 109248K, used 21824K [0x00000007a0000000, 0x00000007a8000000, 0x00000007a8000000)
  eden space 87424K,   0% used [0x00000007a0000000, 0x00000007a0000000, 0x00000007a5560000)
  from space 21824K, 100% used [0x00000007a6ab0000, 0x00000007a8000000, 0x00000007a8000000)
  to   space 21824K,   0% used [0x00000007a5560000, 0x00000007a5560000, 0x00000007a6ab0000)
 concurrent mark-sweep generation total 393216K, used 87280K [0x00000007a8000000, 0x00000007c0000000, 0x00000007c0000000)
 Metaspace       used 38375K, capacity 38976K, committed 39364K, reserved 1083392K
  class space    used 4366K, capacity 4584K, committed 4628K, reserved 1048576K
}
2016-09-07T20:12:08.472-0100: 641,120: Total time for which application threads were stopped: 0,0320437 seconds, Stopping threads took: 0,0000619 seconds
2016-09-07T20:12:08.473-0100: 641,120: Total time for which application threads were stopped: 0,0002387 seconds, Stopping threads took: 0,0001417 seconds
{Heap before GC invocations=21 (full 1):
 par new generation   total 109248K, used 109248K [0x00000007a0000000, 0x00000007a8000000, 0x00000007a8000000)
  eden space 87424K, 100% used [0x00000007a0000000, 0x00000007a5560000, 0x00000007a5560000)
  from space 21824K, 100% used [0x00000007a6ab0000, 0x00000007a8000000, 0x00000007a8000000)
  to   space 21824K,   0% used [0x00000007a5560000, 0x00000007a5560000, 0x00000007a6ab0000)
 concurrent mark-sweep generation total 393216K, used 87280K [0x00000007a8000000, 0x00000007c0000000, 0x00000007c0000000)
 Metaspace       used 38390K, capacity 38976K, committed 39364K, reserved 1083392K
  class space    used 4366K, capacity 4584K, committed 4628K, reserved 1048576K
2016-09-07T20:12:08.563-0100: 641,210: [GC (Allocation Failure) 2016-09-07T20:12:08.563-0100: 641,211: [ParNew
Desired survivor size 20112992 bytes, new threshold 8 (max 8)
- age   1:     858176 bytes,     858176 total
- age   2:    3262792 bytes,    4120968 total
- age   3:    3584664 bytes,    7705632 total
- age   4:    1387376 bytes,    9093008 total
- age   5:    5366640 bytes,   14459648 total
- age   6:       1336 bytes,   14460984 total
- age   7:      65280 bytes,   14526264 total
- age   8:    2981688 bytes,   17507952 total
: 109248K->21824K(109248K), 0,0217782 secs] 196528K->113037K(502464K), 0,0221730 secs] [Times: user=0,07 sys=0,01, real=0,02 secs] 
Heap after GC invocations=22 (full 1):
 par new generation   total 109248K, used 21824K [0x00000007a0000000, 0x00000007a8000000, 0x00000007a8000000)
  eden space 87424K,   0% used [0x00000007a0000000, 0x00000007a0000000, 0x00000007a5560000)
  from space 21824K, 100% used [0x00000007a5560000, 0x00000007a6ab0000, 0x00000007a6ab0000)
  to   space 21824K,   0% used [0x00000007a6ab0000, 0x00000007a6ab0000, 0x00000007a8000000)
 concurrent mark-sweep generation total 393216K, used 91213K [0x00000007a8000000, 0x00000007c0000000, 0x00000007c0000000)
 Metaspace       used 38390K, capacity 38976K, committed 39364K, reserved 1083392K
  class space    used 4366K, capacity 4584K, committed 4628K, reserved 1048576K
}
2016-09-07T20:12:08.585-0100: 641,233: Total time for which application threads were stopped: 0,0224056 seconds, Stopping threads took: 0,0000338 seconds
2016-09-07T20:12:08.811-0100: 641,458: Total time for which application threads were stopped: 0,0002439 seconds, Stopping threads took: 0,0001343 seconds
{Heap before GC invocations=22 (full 1):
 par new generation   total 109248K, used 109248K [0x00000007a0000000, 0x00000007a8000000, 0x00000007a8000000)
  eden space 87424K, 100% used [0x00000007a0000000, 0x00000007a5560000, 0x00000007a5560000)
  from space 21824K, 100% used [0x00000007a5560000, 0x00000007a6ab0000, 0x00000007a6ab0000)
  to   space 21824K,   0% used [0x00000007a6ab0000, 0x00000007a6ab0000, 0x00000007a8000000)
 concurrent mark-sweep generation total 393216K, used 91213K [0x00000007a8000000, 0x00000007c0000000, 0x00000007c0000000)
 Metaspace       used 38412K, capacity 38976K, committed 39364K, reserved 1083392K
  class space    used 4366K, capacity 4584K, committed 4628K, reserved 1048576K
2016-09-07T20:12:08.819-0100: 641,467: [GC (Allocation Failure) 2016-09-07T20:12:08.819-0100: 641,467: [ParNew
Desired survivor size 20112992 bytes, new threshold 8 (max 8)
- age   1:    8208352 bytes,    8208352 total
- age   2:      78208 bytes,    8286560 total
- age   3:    2339416 bytes,   10625976 total
- age   4:    2941224 bytes,   13567200 total
- age   5:    1387376 bytes,   14954576 total
- age   6:    5042768 bytes,   19997344 total
- age   7:       1336 bytes,   19998680 total
- age   8:      39592 bytes,   20038272 total
: 109248K->21824K(109248K), 0,0222228 secs] 200461K->116523K(502464K), 0,0223096 secs] [Times: user=0,07 sys=0,00, real=0,03 secs] 
Heap after GC invocations=23 (full 1):
 par new generation   total 109248K, used 21824K [0x00000007a0000000, 0x00000007a8000000, 0x00000007a8000000)
  eden space 87424K,   0% used [0x00000007a0000000, 0x00000007a0000000, 0x00000007a5560000)
  from space 21824K, 100% used [0x00000007a6ab0000, 0x00000007a8000000, 0x00000007a8000000)
  to   space 21824K,   0% used [0x00000007a5560000, 0x00000007a5560000, 0x00000007a6ab0000)
 concurrent mark-sweep generation total 393216K, used 94699K [0x00000007a8000000, 0x00000007c0000000, 0x00000007c0000000)
 Metaspace       used 38412K, capacity 38976K, committed 39364K, reserved 1083392K
  class space    used 4366K, capacity 4584K, committed 4628K, reserved 1048576K
}
2016-09-07T20:12:08.842-0100: 641,489: Total time for which application threads were stopped: 0,0225017 seconds, Stopping threads took: 0,0000214 seconds
2016-09-07T20:12:08.842-0100: 641,489: Total time for which application threads were stopped: 0,0001873 seconds, Stopping threads took: 0,0001029 seconds
{Heap before GC invocations=23 (full 1):
 par new generation   total 109248K, used 109248K [0x00000007a0000000, 0x00000007a8000000, 0x00000007a8000000)
  eden space 87424K, 100% used [0x00000007a0000000, 0x00000007a5560000, 0x00000007a5560000)
  from space 21824K, 100% used [0x00000007a6ab0000, 0x00000007a8000000, 0x00000007a8000000)
  to   space 21824K,   0% used [0x00000007a5560000, 0x00000007a5560000, 0x00000007a6ab0000)
 concurrent mark-sweep generation total 393216K, used 94699K [0x00000007a8000000, 0x00000007c0000000, 0x00000007c0000000)
 Metaspace       used 38412K, capacity 38976K, committed 39364K, reserved 1083392K
  class space    used 4366K, capacity 4584K, committed 4628K, reserved 1048576K
2016-09-07T20:12:08.953-0100: 641,600: [GC (Allocation Failure) 2016-09-07T20:12:08.953-0100: 641,600: [ParNew
Desired survivor size 20112992 bytes, new threshold 8 (max 8)
- age   1:    1504544 bytes,    1504544 total
- age   2:    7383472 bytes,    8888016 total
- age   3:      78024 bytes,    8966040 total
- age   4:    2339416 bytes,   11305456 total
- age   5:    2612264 bytes,   13917720 total
- age   6:    1375040 bytes,   15292760 total
- age   7:    2834624 bytes,   18127384 total
- age   8:       1336 bytes,   18128720 total
: 109248K->21824K(109248K), 0,0158730 secs] 203947K->119095K(502464K), 0,0159657 secs] [Times: user=0,05 sys=0,00, real=0,01 secs] 
Heap after GC invocations=24 (full 1):
 par new generation   total 109248K, used 21824K [0x00000007a0000000, 0x00000007a8000000, 0x00000007a8000000)
  eden space 87424K,   0% used [0x00000007a0000000, 0x00000007a0000000, 0x00000007a5560000)
  from space 21824K, 100% used [0x00000007a5560000, 0x00000007a6ab0000, 0x00000007a6ab0000)
  to   space 21824K,   0% used [0x00000007a6ab0000, 0x00000007a6ab0000, 0x00000007a8000000)
 concurrent mark-sweep generation total 393216K, used 97271K [0x00000007a8000000, 0x00000007c0000000, 0x00000007c0000000)
 Metaspace       used 38412K, capacity 38976K, committed 39364K, reserved 1083392K
  class space    used 4366K, capacity 4584K, committed 4628K, reserved 1048576K
}
2016-09-07T20:12:08.969-0100: 641,616: Total time for which application threads were stopped: 0,0161646 seconds, Stopping threads took: 0,0000225 seconds
{Heap before GC invocations=24 (full 1):
 par new generation   total 109248K, used 109248K [0x00000007a0000000, 0x00000007a8000000, 0x00000007a8000000)
  eden space 87424K, 100% used [0x00000007a0000000, 0x00000007a5560000, 0x00000007a5560000)
  from space 21824K, 100% used [0x00000007a5560000, 0x00000007a6ab0000, 0x00000007a6ab0000)
  to   space 21824K,   0% used [0x00000007a6ab0000, 0x00000007a6ab0000, 0x00000007a8000000)
 concurrent mark-sweep generation total 393216K, used 97271K [0x00000007a8000000, 0x00000007c0000000, 0x00000007c0000000)
 Metaspace       used 38412K, capacity 38976K, committed 39364K, reserved 1083392K
  class space    used 4366K, capacity 4584K, committed 4628K, reserved 1048576K
2016-09-07T20:12:09.120-0100: 641,767: [GC (Allocation Failure) 2016-09-07T20:12:09.120-0100: 641,767: [ParNew
Desired survivor size 20112992 bytes, new threshold 8 (max 8)
- age   1:    2221928 bytes,    2221928 total
- age   2:     778504 bytes,    3000432 total
- age   3:    7310424 bytes,   10310856 total
- age   4:      78024 bytes,   10388880 total
- age   5:    2339312 bytes,   12728192 total
- age   6:    2580352 bytes,   15308544 total
- age   7:    1126112 bytes,   16434656 total
- age   8:    2834624 bytes,   19269280 total
: 109248K->21824K(109248K), 0,0151858 secs] 206519K->119460K(502464K), 0,0152648 secs] [Times: user=0,06 sys=0,00, real=0,01 secs] 
Heap after GC invocations=25 (full 1):
 par new generation   total 109248K, used 21824K [0x00000007a0000000, 0x00000007a8000000, 0x00000007a8000000)
  eden space 87424K,   0% used [0x00000007a0000000, 0x00000007a0000000, 0x00000007a5560000)
  from space 21824K, 100% used [0x00000007a6ab0000, 0x00000007a8000000, 0x00000007a8000000)
  to   space 21824K,   0% used [0x00000007a5560000, 0x00000007a5560000, 0x00000007a6ab0000)
 concurrent mark-sweep generation total 393216K, used 97636K [0x00000007a8000000, 0x00000007c0000000, 0x00000007c0000000)
 Metaspace       used 38412K, capacity 38976K, committed 39364K, reserved 1083392K
  class space    used 4366K, capacity 4584K, committed 4628K, reserved 1048576K
}
2016-09-07T20:12:09.135-0100: 641,783: Total time for which application threads were stopped: 0,0155670 seconds, Stopping threads took: 0,0000444 seconds
2016-09-07T20:12:09.275-0100: 641,922: Total time for which application threads were stopped: 0,0001403 seconds, Stopping threads took: 0,0000249 seconds
{Heap before GC invocations=25 (full 1):
 par new generation   total 109248K, used 109248K [0x00000007a0000000, 0x00000007a8000000, 0x00000007a8000000)
  eden space 87424K, 100% used [0x00000007a0000000, 0x00000007a5560000, 0x00000007a5560000)
  from space 21824K, 100% used [0x00000007a6ab0000, 0x00000007a8000000, 0x00000007a8000000)
  to   space 21824K,   0% used [0x00000007a5560000, 0x00000007a5560000, 0x00000007a6ab0000)
 concurrent mark-sweep generation total 393216K, used 97636K [0x00000007a8000000, 0x00000007c0000000, 0x00000007c0000000)
 Metaspace       used 38434K, capacity 38976K, committed 39364K, reserved 1083392K
  class space    used 4366K, capacity 4584K, committed 4628K, reserved 1048576K
2016-09-07T20:12:09.389-0100: 642,037: [GC (Allocation Failure) 2016-09-07T20:12:09.390-0100: 642,037: [ParNew
Desired survivor size 20112992 bytes, new threshold 8 (max 8)
- age   1:    5346736 bytes,    5346736 total
- age   2:     518144 bytes,    5864880 total
- age   3:     113488 bytes,    5978368 total
- age   4:    5407368 bytes,   11385736 total
- age   5:      78024 bytes,   11463760 total
- age   6:    2339312 bytes,   13803072 total
- age   7:    2580016 bytes,   16383088 total
- age   8:    1126112 bytes,   17509200 total
: 109248K->21824K(109248K), 0,0312142 secs] 206884K->124359K(502464K), 0,0313280 secs] [Times: user=0,10 sys=0,00, real=0,04 secs] 
Heap after GC invocations=26 (full 1):
 par new generation   total 109248K, used 21824K [0x00000007a0000000, 0x00000007a8000000, 0x00000007a8000000)
  eden space 87424K,   0% used [0x00000007a0000000, 0x00000007a0000000, 0x00000007a5560000)
  from space 21824K, 100% used [0x00000007a5560000, 0x00000007a6ab0000, 0x00000007a6ab0000)
  to   space 21824K,   0% used [0x00000007a6ab0000, 0x00000007a6ab0000, 0x00000007a8000000)
 concurrent mark-sweep generation total 393216K, used 102535K [0x00000007a8000000, 0x00000007c0000000, 0x00000007c0000000)
 Metaspace       used 38434K, capacity 38976K, committed 39364K, reserved 1083392K
  class space    used 4366K, capacity 4584K, committed 4628K, reserved 1048576K
}
2016-09-07T20:12:09.421-0100: 642,068: Total time for which application threads were stopped: 0,0315561 seconds, Stopping threads took: 0,0000271 seconds
2016-09-07T20:12:09.421-0100: 642,068: Total time for which application threads were stopped: 0,0001685 seconds, Stopping threads took: 0,0000944 seconds
2016-09-07T20:12:09.421-0100: 642,069: Total time for which application threads were stopped: 0,0001238 seconds, Stopping threads took: 0,0000606 seconds
2016-09-07T20:12:09.571-0100: 642,219: Total time for which application threads were stopped: 0,0001511 seconds, Stopping threads took: 0,0000473 seconds
{Heap before GC invocations=26 (full 1):
 par new generation   total 109248K, used 108864K [0x00000007a0000000, 0x00000007a8000000, 0x00000007a8000000)
  eden space 87424K,  99% used [0x00000007a0000000, 0x00000007a5500188, 0x00000007a5560000)
  from space 21824K, 100% used [0x00000007a5560000, 0x00000007a6ab0000, 0x00000007a6ab0000)
  to   space 21824K,   0% used [0x00000007a6ab0000, 0x00000007a6ab0000, 0x00000007a8000000)
 concurrent mark-sweep generation total 393216K, used 102535K [0x00000007a8000000, 0x00000007c0000000, 0x00000007c0000000)
 Metaspace       used 38441K, capacity 38976K, committed 39364K, reserved 1083392K
  class space    used 4366K, capacity 4584K, committed 4628K, reserved 1048576K
2016-09-07T20:12:09.602-0100: 642,249: [GC (Allocation Failure) 2016-09-07T20:12:09.602-0100: 642,249: [ParNew
Desired survivor size 20112992 bytes, new threshold 8 (max 8)
- age   1:    1463584 bytes,    1463584 total
- age   2:    4165880 bytes,    5629464 total
- age   3:     518104 bytes,    6147568 total
- age   4:     113488 bytes,    6261056 total
- age   5:    5155632 bytes,   11416688 total
- age   6:      78024 bytes,   11494712 total
- age   7:    2339312 bytes,   13834024 total
- age   8:    2580016 bytes,   16414040 total
: 108864K->21824K(109248K), 0,0276031 secs] 211399K->125551K(502464K), 0,0276953 secs] [Times: user=0,05 sys=0,00, real=0,02 secs] 
Heap after GC invocations=27 (full 1):
 par new generation   total 109248K, used 21824K [0x00000007a0000000, 0x00000007a8000000, 0x00000007a8000000)
  eden space 87424K,   0% used [0x00000007a0000000, 0x00000007a0000000, 0x00000007a5560000)
  from space 21824K, 100% used [0x00000007a6ab0000, 0x00000007a8000000, 0x00000007a8000000)
  to   space 21824K,   0% used [0x00000007a5560000, 0x00000007a5560000, 0x00000007a6ab0000)
 concurrent mark-sweep generation total 393216K, used 103727K [0x00000007a8000000, 0x00000007c0000000, 0x00000007c0000000)
 Metaspace       used 38441K, capacity 38976K, committed 39364K, reserved 1083392K
  class space    used 4366K, capacity 4584K, committed 4628K, reserved 1048576K
}
2016-09-07T20:12:09.629-0100: 642,277: Total time for which application threads were stopped: 0,0279154 seconds, Stopping threads took: 0,0000473 seconds
{Heap before GC invocations=27 (full 1):
 par new generation   total 109248K, used 109248K [0x00000007a0000000, 0x00000007a8000000, 0x00000007a8000000)
  eden space 87424K, 100% used [0x00000007a0000000, 0x00000007a5560000, 0x00000007a5560000)
  from space 21824K, 100% used [0x00000007a6ab0000, 0x00000007a8000000, 0x00000007a8000000)
  to   space 21824K,   0% used [0x00000007a5560000, 0x00000007a5560000, 0x00000007a6ab0000)
 concurrent mark-sweep generation total 393216K, used 103727K [0x00000007a8000000, 0x00000007c0000000, 0x00000007c0000000)
 Metaspace       used 38468K, capacity 39104K, committed 39620K, reserved 1085440K
  class space    used 4366K, capacity 4584K, committed 4628K, reserved 1048576K
2016-09-07T20:12:09.918-0100: 642,565: [GC (Allocation Failure) 2016-09-07T20:12:09.918-0100: 642,565: [ParNew
Desired survivor size 20112992 bytes, new threshold 8 (max 8)
- age   1:    8672048 bytes,    8672048 total
- age   2:    1340792 bytes,   10012840 total
- age   3:    4092008 bytes,   14104848 total
- age   4:     518104 bytes,   14622952 total
- age   5:     113488 bytes,   14736440 total
- age   6:    5155632 bytes,   19892072 total
- age   7:      78024 bytes,   19970096 total
- age   8:    2339312 bytes,   22309408 total
: 109248K->21824K(109248K), 0,0434512 secs] 212975K->138450K(502464K), 0,0435358 secs] [Times: user=0,11 sys=0,02, real=0,05 secs] 
Heap after GC invocations=28 (full 1):
 par new generation   total 109248K, used 21824K [0x00000007a0000000, 0x00000007a8000000, 0x00000007a8000000)
  eden space 87424K,   0% used [0x00000007a0000000, 0x00000007a0000000, 0x00000007a5560000)
  from space 21824K, 100% used [0x00000007a5560000, 0x00000007a6ab0000, 0x00000007a6ab0000)
  to   space 21824K,   0% used [0x00000007a6ab0000, 0x00000007a6ab0000, 0x00000007a8000000)
 concurrent mark-sweep generation total 393216K, used 116626K [0x00000007a8000000, 0x00000007c0000000, 0x00000007c0000000)
 Metaspace       used 38468K, capacity 39104K, committed 39620K, reserved 1085440K
  class space    used 4366K, capacity 4584K, committed 4628K, reserved 1048576K
}
2016-09-07T20:12:09.961-0100: 642,609: Total time for which application threads were stopped: 0,0437402 seconds, Stopping threads took: 0,0000240 seconds
2016-09-07T20:12:09.962-0100: 642,609: Total time for which application threads were stopped: 0,0001820 seconds, Stopping threads took: 0,0000828 seconds
{Heap before GC invocations=28 (full 1):
 par new generation   total 109248K, used 109248K [0x00000007a0000000, 0x00000007a8000000, 0x00000007a8000000)
  eden space 87424K, 100% used [0x00000007a0000000, 0x00000007a5560000, 0x00000007a5560000)
  from space 21824K, 100% used [0x00000007a5560000, 0x00000007a6ab0000, 0x00000007a6ab0000)
  to   space 21824K,   0% used [0x00000007a6ab0000, 0x00000007a6ab0000, 0x00000007a8000000)
 concurrent mark-sweep generation total 393216K, used 116626K [0x00000007a8000000, 0x00000007c0000000, 0x00000007c0000000)
 Metaspace       used 38498K, capacity 39104K, committed 39620K, reserved 1085440K
  class space    used 4366K, capacity 4584K, committed 4628K, reserved 1048576K
2016-09-07T20:12:10.174-0100: 642,821: [GC (Allocation Failure) 2016-09-07T20:12:10.174-0100: 642,821: [ParNew
Desired survivor size 20112992 bytes, new threshold 7 (max 8)
- age   1:    5499416 bytes,    5499416 total
- age   2:    5295864 bytes,   10795280 total
- age   3:    1261520 bytes,   12056800 total
- age   4:    4091920 bytes,   16148720 total
- age   5:     518104 bytes,   16666824 total
- age   6:     113488 bytes,   16780312 total
- age   7:    5151280 bytes,   21931592 total
- age   8:      78024 bytes,   22009616 total
: 109248K->21824K(109248K), 0,0388793 secs] 225874K->148914K(502464K), 0,0389914 secs] [Times: user=0,11 sys=0,01, real=0,04 secs] 
Heap after GC invocations=29 (full 1):
 par new generation   total 109248K, used 21824K [0x00000007a0000000, 0x00000007a8000000, 0x00000007a8000000)
  eden space 87424K,   0% used [0x00000007a0000000, 0x00000007a0000000, 0x00000007a5560000)
  from space 21824K, 100% used [0x00000007a6ab0000, 0x00000007a8000000, 0x00000007a8000000)
  to   space 21824K,   0% used [0x00000007a5560000, 0x00000007a5560000, 0x00000007a6ab0000)
 concurrent mark-sweep generation total 393216K, used 127090K [0x00000007a8000000, 0x00000007c0000000, 0x00000007c0000000)
 Metaspace       used 38498K, capacity 39104K, committed 39620K, reserved 1085440K
  class space    used 4366K, capacity 4584K, committed 4628K, reserved 1048576K
}
2016-09-07T20:12:10.213-0100: 642,860: Total time for which application threads were stopped: 0,0392432 seconds, Stopping threads took: 0,0000275 seconds
2016-09-07T20:12:10.213-0100: 642,861: Total time for which application threads were stopped: 0,0001771 seconds, Stopping threads took: 0,0000766 seconds
{Heap before GC invocations=29 (full 1):
 par new generation   total 109248K, used 109248K [0x00000007a0000000, 0x00000007a8000000, 0x00000007a8000000)
  eden space 87424K, 100% used [0x00000007a0000000, 0x00000007a5560000, 0x00000007a5560000)
  from space 21824K, 100% used [0x00000007a6ab0000, 0x00000007a8000000, 0x00000007a8000000)
  to   space 21824K,   0% used [0x00000007a5560000, 0x00000007a5560000, 0x00000007a6ab0000)
 concurrent mark-sweep generation total 393216K, used 127090K [0x00000007a8000000, 0x00000007c0000000, 0x00000007c0000000)
 Metaspace       used 38499K, capacity 39104K, committed 39620K, reserved 1085440K
  class space    used 4366K, capacity 4584K, committed 4628K, reserved 1048576K
2016-09-07T20:12:10.311-0100: 642,958: [GC (Allocation Failure) 2016-09-07T20:12:10.311-0100: 642,958: [ParNew
Desired survivor size 20112992 bytes, new threshold 8 (max 8)
- age   1:    2435176 bytes,    2435176 total
- age   2:    3474088 bytes,    5909264 total
- age   3:    5294856 bytes,   11204120 total
- age   4:     993824 bytes,   12197944 total
- age   5:    4046968 bytes,   16244912 total
- age   6:     518104 bytes,   16763016 total
- age   7:     113488 bytes,   16876504 total
: 109248K->21824K(109248K), 0,0333533 secs] 236338K->157175K(502464K), 0,0334293 secs] [Times: user=0,09 sys=0,01, real=0,03 secs] 
Heap after GC invocations=30 (full 1):
 par new generation   total 109248K, used 21824K [0x00000007a0000000, 0x00000007a8000000, 0x00000007a8000000)
  eden space 87424K,   0% used [0x00000007a0000000, 0x00000007a0000000, 0x00000007a5560000)
  from space 21824K, 100% used [0x00000007a5560000, 0x00000007a6ab0000, 0x00000007a6ab0000)
  to   space 21824K,   0% used [0x00000007a6ab0000, 0x00000007a6ab0000, 0x00000007a8000000)
 concurrent mark-sweep generation total 393216K, used 135351K [0x00000007a8000000, 0x00000007c0000000, 0x00000007c0000000)
 Metaspace       used 38499K, capacity 39104K, committed 39620K, reserved 1085440K
  class space    used 4366K, capacity 4584K, committed 4628K, reserved 1048576K
}
2016-09-07T20:12:10.344-0100: 642,991: Total time for which application threads were stopped: 0,0336116 seconds, Stopping threads took: 0,0000210 seconds
2016-09-07T20:12:10.374-0100: 643,022: Total time for which application threads were stopped: 0,0001214 seconds, Stopping threads took: 0,0000251 seconds
2016-09-07T20:12:10.527-0100: 643,174: Total time for which application threads were stopped: 0,0001440 seconds, Stopping threads took: 0,0000351 seconds
{Heap before GC invocations=30 (full 1):
 par new generation   total 109248K, used 109248K [0x00000007a0000000, 0x00000007a8000000, 0x00000007a8000000)
  eden space 87424K, 100% used [0x00000007a0000000, 0x00000007a5560000, 0x00000007a5560000)
  from space 21824K, 100% used [0x00000007a5560000, 0x00000007a6ab0000, 0x00000007a6ab0000)
  to   space 21824K,   0% used [0x00000007a6ab0000, 0x00000007a6ab0000, 0x00000007a8000000)
 concurrent mark-sweep generation total 393216K, used 135351K [0x00000007a8000000, 0x00000007c0000000, 0x00000007c0000000)
 Metaspace       used 38533K, capacity 39116K, committed 39620K, reserved 1085440K
  class space    used 4367K, capacity 4586K, committed 4628K, reserved 1048576K
2016-09-07T20:12:10.567-0100: 643,214: [GC (Allocation Failure) 2016-09-07T20:12:10.567-0100: 643,214: [ParNew
Desired survivor size 20112992 bytes, new threshold 6 (max 8)
- age   1:    6434112 bytes,    6434112 total
- age   2:    2125360 bytes,    8559472 total
- age   3:    2791976 bytes,   11351448 total
- age   4:    5294856 bytes,   16646304 total
- age   5:     993568 bytes,   17639872 total
- age   6:    4046560 bytes,   21686432 total
- age   7:     518104 bytes,   22204536 total
- age   8:     113488 bytes,   22318024 total
: 109248K->21824K(109248K), 0,0343652 secs] 244599K->163715K(502464K), 0,0344624 secs] [Times: user=0,09 sys=0,01, real=0,04 secs] 
Heap after GC invocations=31 (full 1):
 par new generation   total 109248K, used 21824K [0x00000007a0000000, 0x00000007a8000000, 0x00000007a8000000)
  eden space 87424K,   0% used [0x00000007a0000000, 0x00000007a0000000, 0x00000007a5560000)
  from space 21824K, 100% used [0x00000007a6ab0000, 0x00000007a8000000, 0x00000007a8000000)
  to   space 21824K,   0% used [0x00000007a5560000, 0x00000007a5560000, 0x00000007a6ab0000)
 concurrent mark-sweep generation total 393216K, used 141891K [0x00000007a8000000, 0x00000007c0000000, 0x00000007c0000000)
 Metaspace       used 38533K, capacity 39116K, committed 39620K, reserved 1085440K
  class space    used 4367K, capacity 4586K, committed 4628K, reserved 1048576K
}
2016-09-07T20:12:10.602-0100: 643,249: Total time for which application threads were stopped: 0,0346567 seconds, Stopping threads took: 0,0000229 seconds
2016-09-07T20:12:10.602-0100: 643,249: Total time for which application threads were stopped: 0,0002030 seconds, Stopping threads took: 0,0000985 seconds
2016-09-07T20:12:10.683-0100: 643,330: Total time for which application threads were stopped: 0,0001886 seconds, Stopping threads took: 0,0000395 seconds
{Heap before GC invocations=31 (full 1):
 par new generation   total 109248K, used 109248K [0x00000007a0000000, 0x00000007a8000000, 0x00000007a8000000)
  eden space 87424K, 100% used [0x00000007a0000000, 0x00000007a5560000, 0x00000007a5560000)
  from space 21824K, 100% used [0x00000007a6ab0000, 0x00000007a8000000, 0x00000007a8000000)
  to   space 21824K,   0% used [0x00000007a5560000, 0x00000007a5560000, 0x00000007a6ab0000)
 concurrent mark-sweep generation total 393216K, used 141891K [0x00000007a8000000, 0x00000007c0000000, 0x00000007c0000000)
 Metaspace       used 38574K, capacity 39116K, committed 39620K, reserved 1085440K
  class space    used 4368K, capacity 4586K, committed 4628K, reserved 1048576K
2016-09-07T20:12:10.842-0100: 643,489: [GC (Allocation Failure) 2016-09-07T20:12:10.842-0100: 643,489: [ParNew
Desired survivor size 20112992 bytes, new threshold 5 (max 8)
- age   1:    7609616 bytes,    7609616 total
- age   2:    3584720 bytes,   11194336 total
- age   3:    2122720 bytes,   13317056 total
- age   4:    2733448 bytes,   16050504 total
- age   5:    5294856 bytes,   21345360 total
- age   6:     993568 bytes,   22338928 total
: 109248K->21824K(109248K), 0,0431201 secs] 251139K->177623K(502464K), 0,0432065 secs] [Times: user=0,14 sys=0,01, real=0,04 secs] 
Heap after GC invocations=32 (full 1):
 par new generation   total 109248K, used 21824K [0x00000007a0000000, 0x00000007a8000000, 0x00000007a8000000)
  eden space 87424K,   0% used [0x00000007a0000000, 0x00000007a0000000, 0x00000007a5560000)
  from space 21824K, 100% used [0x00000007a5560000, 0x00000007a6ab0000, 0x00000007a6ab0000)
  to   space 21824K,   0% used [0x00000007a6ab0000, 0x00000007a6ab0000, 0x00000007a8000000)
 concurrent mark-sweep generation total 393216K, used 155799K [0x00000007a8000000, 0x00000007c0000000, 0x00000007c0000000)
 Metaspace       used 38574K, capacity 39116K, committed 39620K, reserved 1085440K
  class space    used 4368K, capacity 4586K, committed 4628K, reserved 1048576K
}
2016-09-07T20:12:10.885-0100: 643,532: Total time for which application threads were stopped: 0,0434053 seconds, Stopping threads took: 0,0000243 seconds
2016-09-07T20:12:10.885-0100: 643,533: Total time for which application threads were stopped: 0,0001793 seconds, Stopping threads took: 0,0000802 seconds
2016-09-07T20:12:10.886-0100: 643,533: Total time for which application threads were stopped: 0,0001095 seconds, Stopping threads took: 0,0000638 seconds
2016-09-07T20:12:10.961-0100: 643,608: Total time for which application threads were stopped: 0,0001898 seconds, Stopping threads took: 0,0000278 seconds
{Heap before GC invocations=32 (full 1):
 par new generation   total 109248K, used 109248K [0x00000007a0000000, 0x00000007a8000000, 0x00000007a8000000)
  eden space 87424K, 100% used [0x00000007a0000000, 0x00000007a5560000, 0x00000007a5560000)
  from space 21824K, 100% used [0x00000007a5560000, 0x00000007a6ab0000, 0x00000007a6ab0000)
  to   space 21824K,   0% used [0x00000007a6ab0000, 0x00000007a6ab0000, 0x00000007a8000000)
 concurrent mark-sweep generation total 393216K, used 155799K [0x00000007a8000000, 0x00000007c0000000, 0x00000007c0000000)
 Metaspace       used 38604K, capacity 39116K, committed 39620K, reserved 1085440K
  class space    used 4368K, capacity 4586K, committed 4628K, reserved 1048576K
2016-09-07T20:12:11.041-0100: 643,688: [GC (Allocation Failure) 2016-09-07T20:12:11.041-0100: 643,688: [ParNew
Desired survivor size 20112992 bytes, new threshold 8 (max 8)
- age   1:    3469440 bytes,    3469440 total
- age   2:    5434040 bytes,    8903480 total
- age   3:    2885848 bytes,   11789328 total
- age   4:    2121480 bytes,   13910808 total
- age   5:    2199672 bytes,   16110480 total
: 109248K->21824K(109248K), 0,0342317 secs] 265047K->187788K(502464K), 0,0343351 secs] [Times: user=0,08 sys=0,01, real=0,03 secs] 
Heap after GC invocations=33 (full 1):
 par new generation   total 109248K, used 21824K [0x00000007a0000000, 0x00000007a8000000, 0x00000007a8000000)
  eden space 87424K,   0% used [0x00000007a0000000, 0x00000007a0000000, 0x00000007a5560000)
  from space 21824K, 100% used [0x00000007a6ab0000, 0x00000007a8000000, 0x00000007a8000000)
  to   space 21824K,   0% used [0x00000007a5560000, 0x00000007a5560000, 0x00000007a6ab0000)
 concurrent mark-sweep generation total 393216K, used 165964K [0x00000007a8000000, 0x00000007c0000000, 0x00000007c0000000)
 Metaspace       used 38604K, capacity 39116K, committed 39620K, reserved 1085440K
  class space    used 4368K, capacity 4586K, committed 4628K, reserved 1048576K
}
2016-09-07T20:12:11.075-0100: 643,723: Total time for which application threads were stopped: 0,0345638 seconds, Stopping threads took: 0,0000210 seconds
{Heap before GC invocations=33 (full 1):
 par new generation   total 109248K, used 109248K [0x00000007a0000000, 0x00000007a8000000, 0x00000007a8000000)
  eden space 87424K, 100% used [0x00000007a0000000, 0x00000007a5560000, 0x00000007a5560000)
  from space 21824K, 100% used [0x00000007a6ab0000, 0x00000007a8000000, 0x00000007a8000000)
  to   space 21824K,   0% used [0x00000007a5560000, 0x00000007a5560000, 0x00000007a6ab0000)
 concurrent mark-sweep generation total 393216K, used 165964K [0x00000007a8000000, 0x00000007c0000000, 0x00000007c0000000)
 Metaspace       used 38615K, capacity 39122K, committed 39620K, reserved 1085440K
  class space    used 4368K, capacity 4587K, committed 4628K, reserved 1048576K
2016-09-07T20:12:11.245-0100: 643,893: [GC (Allocation Failure) 2016-09-07T20:12:11.245-0100: 643,893: [ParNew
Desired survivor size 20112992 bytes, new threshold 6 (max 8)
- age   1:    8200760 bytes,    8200760 total
- age   2:    2300944 bytes,   10501704 total
- age   3:    4907608 bytes,   15409312 total
- age   4:    2613064 bytes,   18022376 total
- age   5:    1740720 bytes,   19763096 total
- age   6:    2195088 bytes,   21958184 total
: 109248K->21824K(109248K), 0,0172314 secs] 275212K->188231K(502464K), 0,0173266 secs] [Times: user=0,06 sys=0,00, real=0,02 secs] 
Heap after GC invocations=34 (full 1):
 par new generation   total 109248K, used 21824K [0x00000007a0000000, 0x00000007a8000000, 0x00000007a8000000)
  eden space 87424K,   0% used [0x00000007a0000000, 0x00000007a0000000, 0x00000007a5560000)
  from space 21824K, 100% used [0x00000007a5560000, 0x00000007a6ab0000, 0x00000007a6ab0000)
  to   space 21824K,   0% used [0x00000007a6ab0000, 0x00000007a6ab0000, 0x00000007a8000000)
 concurrent mark-sweep generation total 393216K, used 166407K [0x00000007a8000000, 0x00000007c0000000, 0x00000007c0000000)
 Metaspace       used 38615K, capacity 39122K, committed 39620K, reserved 1085440K
  class space    used 4368K, capacity 4587K, committed 4628K, reserved 1048576K
}
2016-09-07T20:12:11.263-0100: 643,910: Total time for which application threads were stopped: 0,0175472 seconds, Stopping threads took: 0,0000232 seconds
2016-09-07T20:12:11.263-0100: 643,910: Total time for which application threads were stopped: 0,0001744 seconds, Stopping threads took: 0,0000748 seconds
2016-09-07T20:12:11.392-0100: 644,039: Total time for which application threads were stopped: 0,0001902 seconds, Stopping threads took: 0,0000871 seconds
2016-09-07T20:12:11.461-0100: 644,109: Total time for which application threads were stopped: 0,0001797 seconds, Stopping threads took: 0,0000210 seconds
2016-09-07T20:12:11.573-0100: 644,221: Total time for which application threads were stopped: 0,0001588 seconds, Stopping threads took: 0,0000288 seconds
{Heap before GC invocations=34 (full 1):
 par new generation   total 109248K, used 109248K [0x00000007a0000000, 0x00000007a8000000, 0x00000007a8000000)
  eden space 87424K, 100% used [0x00000007a0000000, 0x00000007a5560000, 0x00000007a5560000)
  from space 21824K, 100% used [0x00000007a5560000, 0x00000007a6ab0000, 0x00000007a6ab0000)
  to   space 21824K,   0% used [0x00000007a6ab0000, 0x00000007a6ab0000, 0x00000007a8000000)
 concurrent mark-sweep generation total 393216K, used 166407K [0x00000007a8000000, 0x00000007c0000000, 0x00000007c0000000)
 Metaspace       used 38637K, capacity 39250K, committed 39620K, reserved 1085440K
  class space    used 4368K, capacity 4587K, committed 4628K, reserved 1048576K
2016-09-07T20:12:11.629-0100: 644,276: [GC (Allocation Failure) 2016-09-07T20:12:11.629-0100: 644,276: [ParNew
Desired survivor size 20112992 bytes, new threshold 5 (max 8)
- age   1:    8534272 bytes,    8534272 total
- age   2:    2410744 bytes,   10945016 total
- age   3:    2300760 bytes,   13245776 total
- age   4:    4906792 bytes,   18152568 total
- age   5:    2266704 bytes,   20419272 total
- age   6:    1740720 bytes,   22159992 total
: 109248K->21824K(109248K), 0,0346417 secs] 275655K->196456K(502464K), 0,0347360 secs] [Times: user=0,12 sys=0,01, real=0,04 secs] 
Heap after GC invocations=35 (full 1):
 par new generation   total 109248K, used 21824K [0x00000007a0000000, 0x00000007a8000000, 0x00000007a8000000)
  eden space 87424K,   0% used [0x00000007a0000000, 0x00000007a0000000, 0x00000007a5560000)
  from space 21824K, 100% used [0x00000007a6ab0000, 0x00000007a8000000, 0x00000007a8000000)
  to   space 21824K,   0% used [0x00000007a5560000, 0x00000007a5560000, 0x00000007a6ab0000)
 concurrent mark-sweep generation total 393216K, used 174632K [0x00000007a8000000, 0x00000007c0000000, 0x00000007c0000000)
 Metaspace       used 38637K, capacity 39250K, committed 39620K, reserved 1085440K
  class space    used 4368K, capacity 4587K, committed 4628K, reserved 1048576K
}
2016-09-07T20:12:11.664-0100: 644,311: Total time for which application threads were stopped: 0,0350153 seconds, Stopping threads took: 0,0000429 seconds
2016-09-07T20:12:11.664-0100: 644,312: Total time for which application threads were stopped: 0,0002589 seconds, Stopping threads took: 0,0000884 seconds
2016-09-07T20:12:11.665-0100: 644,312: Total time for which application threads were stopped: 0,0001186 seconds, Stopping threads took: 0,0000221 seconds
{Heap before GC invocations=35 (full 1):
 par new generation   total 109248K, used 109248K [0x00000007a0000000, 0x00000007a8000000, 0x00000007a8000000)
  eden space 87424K, 100% used [0x00000007a0000000, 0x00000007a5560000, 0x00000007a5560000)
  from space 21824K, 100% used [0x00000007a6ab0000, 0x00000007a8000000, 0x00000007a8000000)
  to   space 21824K,   0% used [0x00000007a5560000, 0x00000007a5560000, 0x00000007a6ab0000)
 concurrent mark-sweep generation total 393216K, used 174632K [0x00000007a8000000, 0x00000007c0000000, 0x00000007c0000000)
 Metaspace       used 38638K, capacity 39250K, committed 39620K, reserved 1085440K
  class space    used 4368K, capacity 4587K, committed 4628K, reserved 1048576K
2016-09-07T20:12:11.856-0100: 644,503: [GC (Allocation Failure) 2016-09-07T20:12:11.856-0100: 644,503: [ParNew
Desired survivor size 20112992 bytes, new threshold 8 (max 8)
- age   1:     242888 bytes,     242888 total
- age   2:    5484816 bytes,    5727704 total
- age   3:    2358872 bytes,    8086576 total
- age   4:    2300760 bytes,   10387336 total
- age   5:    4856760 bytes,   15244096 total
: 109248K->21824K(109248K), 0,0333305 secs] 283880K->204087K(502464K), 0,0334344 secs] [Times: user=0,08 sys=0,00, real=0,03 secs] 
Heap after GC invocations=36 (full 1):
 par new generation   total 109248K, used 21824K [0x00000007a0000000, 0x00000007a8000000, 0x00000007a8000000)
  eden space 87424K,   0% used [0x00000007a0000000, 0x00000007a0000000, 0x00000007a5560000)
  from space 21824K, 100% used [0x00000007a5560000, 0x00000007a6ab0000, 0x00000007a6ab0000)
  to   space 21824K,   0% used [0x00000007a6ab0000, 0x00000007a6ab0000, 0x00000007a8000000)
 concurrent mark-sweep generation total 393216K, used 182263K [0x00000007a8000000, 0x00000007c0000000, 0x00000007c0000000)
 Metaspace       used 38638K, capacity 39250K, committed 39620K, reserved 1085440K
  class space    used 4368K, capacity 4587K, committed 4628K, reserved 1048576K
}
2016-09-07T20:12:11.889-0100: 644,537: Total time for which application threads were stopped: 0,0336388 seconds, Stopping threads took: 0,0000227 seconds
{Heap before GC invocations=36 (full 1):
 par new generation   total 109248K, used 109248K [0x00000007a0000000, 0x00000007a8000000, 0x00000007a8000000)
  eden space 87424K, 100% used [0x00000007a0000000, 0x00000007a5560000, 0x00000007a5560000)
  from space 21824K, 100% used [0x00000007a5560000, 0x00000007a6ab0000, 0x00000007a6ab0000)
  to   space 21824K,   0% used [0x00000007a6ab0000, 0x00000007a6ab0000, 0x00000007a8000000)
 concurrent mark-sweep generation total 393216K, used 182263K [0x00000007a8000000, 0x00000007c0000000, 0x00000007c0000000)
 Metaspace       used 38647K, capacity 39250K, committed 39620K, reserved 1085440K
  class space    used 4368K, capacity 4587K, committed 4628K, reserved 1048576K
2016-09-07T20:12:12.117-0100: 644,765: [GC (Allocation Failure) 2016-09-07T20:12:12.117-0100: 644,765: [ParNew
Desired survivor size 20112992 bytes, new threshold 6 (max 8)
- age   1:    6853408 bytes,    6853408 total
- age   2:     159464 bytes,    7012872 total
- age   3:    4938072 bytes,   11950944 total
- age   4:    2358840 bytes,   14309784 total
- age   5:    2300760 bytes,   16610544 total
- age   6:    4856488 bytes,   21467032 total
: 109248K->21824K(109248K), 0,0185235 secs] 291511K->204473K(502464K), 0,0185919 secs] [Times: user=0,06 sys=0,00, real=0,02 secs] 
Heap after GC invocations=37 (full 1):
 par new generation   total 109248K, used 21824K [0x00000007a0000000, 0x00000007a8000000, 0x00000007a8000000)
  eden space 87424K,   0% used [0x00000007a0000000, 0x00000007a0000000, 0x00000007a5560000)
  from space 21824K, 100% used [0x00000007a6ab0000, 0x00000007a8000000, 0x00000007a8000000)
  to   space 21824K,   0% used [0x00000007a5560000, 0x00000007a5560000, 0x00000007a6ab0000)
 concurrent mark-sweep generation total 393216K, used 182649K [0x00000007a8000000, 0x00000007c0000000, 0x00000007c0000000)
 Metaspace       used 38647K, capacity 39250K, committed 39620K, reserved 1085440K
  class space    used 4368K, capacity 4587K, committed 4628K, reserved 1048576K
}
2016-09-07T20:12:12.136-0100: 644,783: Total time for which application threads were stopped: 0,0188456 seconds, Stopping threads took: 0,0000261 seconds
2016-09-07T20:12:12.136-0100: 644,784: Total time for which application threads were stopped: 0,0002224 seconds, Stopping threads took: 0,0000868 seconds
{Heap before GC invocations=37 (full 1):
 par new generation   total 109248K, used 109248K [0x00000007a0000000, 0x00000007a8000000, 0x00000007a8000000)
  eden space 87424K, 100% used [0x00000007a0000000, 0x00000007a5560000, 0x00000007a5560000)
  from space 21824K, 100% used [0x00000007a6ab0000, 0x00000007a8000000, 0x00000007a8000000)
  to   space 21824K,   0% used [0x00000007a5560000, 0x00000007a5560000, 0x00000007a6ab0000)
 concurrent mark-sweep generation total 393216K, used 182649K [0x00000007a8000000, 0x00000007c0000000, 0x00000007c0000000)
 Metaspace       used 38650K, capacity 39250K, committed 39620K, reserved 1085440K
  class space    used 4368K, capacity 4587K, committed 4628K, reserved 1048576K
2016-09-07T20:12:12.332-0100: 644,980: [GC (Allocation Failure) 2016-09-07T20:12:12.332-0100: 644,980: [ParNew
Desired survivor size 20112992 bytes, new threshold 8 (max 8)
- age   1:    3294600 bytes,    3294600 total
- age   2:    3411600 bytes,    6706200 total
- age   3:     158896 bytes,    6865096 total
- age   4:    4938016 bytes,   11803112 total
- age   5:    1744304 bytes,   13547416 total
- age   6:    1837184 bytes,   15384600 total
: 109248K->21824K(109248K), 0,0231158 secs] 291897K->210582K(502464K), 0,0232157 secs] [Times: user=0,08 sys=0,01, real=0,02 secs] 
Heap after GC invocations=38 (full 1):
 par new generation   total 109248K, used 21824K [0x00000007a0000000, 0x00000007a8000000, 0x00000007a8000000)
  eden space 87424K,   0% used [0x00000007a0000000, 0x00000007a0000000, 0x00000007a5560000)
  from space 21824K, 100% used [0x00000007a5560000, 0x00000007a6ab0000, 0x00000007a6ab0000)
  to   space 21824K,   0% used [0x00000007a6ab0000, 0x00000007a6ab0000, 0x00000007a8000000)
 concurrent mark-sweep generation total 393216K, used 188758K [0x00000007a8000000, 0x00000007c0000000, 0x00000007c0000000)
 Metaspace       used 38650K, capacity 39250K, committed 39620K, reserved 1085440K
  class space    used 4368K, capacity 4587K, committed 4628K, reserved 1048576K
}
2016-09-07T20:12:12.355-0100: 645,003: Total time for which application threads were stopped: 0,0234199 seconds, Stopping threads took: 0,0000214 seconds
2016-09-07T20:12:12.356-0100: 645,003: Total time for which application threads were stopped: 0,0002577 seconds, Stopping threads took: 0,0001334 seconds
2016-09-07T20:12:12.393-0100: 645,041: Total time for which application threads were stopped: 0,0001239 seconds, Stopping threads took: 0,0000240 seconds
{Heap before GC invocations=38 (full 1):
 par new generation   total 109248K, used 109186K [0x00000007a0000000, 0x00000007a8000000, 0x00000007a8000000)
  eden space 87424K,  99% used [0x00000007a0000000, 0x00000007a55509c8, 0x00000007a5560000)
  from space 21824K, 100% used [0x00000007a5560000, 0x00000007a6ab0000, 0x00000007a6ab0000)
  to   space 21824K,   0% used [0x00000007a6ab0000, 0x00000007a6ab0000, 0x00000007a8000000)
 concurrent mark-sweep generation total 393216K, used 188758K [0x00000007a8000000, 0x00000007c0000000, 0x00000007c0000000)
 Metaspace       used 38661K, capacity 39250K, committed 39620K, reserved 1085440K
  class space    used 4368K, capacity 4587K, committed 4628K, reserved 1048576K
2016-09-07T20:12:12.592-0100: 645,239: [GC (Allocation Failure) 2016-09-07T20:12:12.592-0100: 645,239: [ParNew
Desired survivor size 20112992 bytes, new threshold 6 (max 8)
- age   1:    9881664 bytes,    9881664 total
- age   2:     397000 bytes,   10278664 total
- age   3:    3260008 bytes,   13538672 total
- age   4:     158896 bytes,   13697568 total
- age   5:    4937984 bytes,   18635552 total
- age   6:    1744304 bytes,   20379856 total
- age   7:    1837184 bytes,   22217040 total
: 109186K->21824K(109248K), 0,0516551 secs] 297944K->216077K(502464K), 0,0517488 secs] [Times: user=0,13 sys=0,00, real=0,05 secs] 
Heap after GC invocations=39 (full 1):
 par new generation   total 109248K, used 21824K [0x00000007a0000000, 0x00000007a8000000, 0x00000007a8000000)
  eden space 87424K,   0% used [0x00000007a0000000, 0x00000007a0000000, 0x00000007a5560000)
  from space 21824K, 100% used [0x00000007a6ab0000, 0x00000007a8000000, 0x00000007a8000000)
  to   space 21824K,   0% used [0x00000007a5560000, 0x00000007a5560000, 0x00000007a6ab0000)
 concurrent mark-sweep generation total 393216K, used 194253K [0x00000007a8000000, 0x00000007c0000000, 0x00000007c0000000)
 Metaspace       used 38661K, capacity 39250K, committed 39620K, reserved 1085440K
  class space    used 4368K, capacity 4587K, committed 4628K, reserved 1048576K
}
2016-09-07T20:12:12.644-0100: 645,291: Total time for which application threads were stopped: 0,0520113 seconds, Stopping threads took: 0,0000277 seconds
2016-09-07T20:12:12.644-0100: 645,292: Total time for which application threads were stopped: 0,0002211 seconds, Stopping threads took: 0,0000887 seconds
2016-09-07T20:12:12.646-0100: 645,293: Total time for which application threads were stopped: 0,0001258 seconds, Stopping threads took: 0,0000221 seconds
{Heap before GC invocations=39 (full 1):
 par new generation   total 109248K, used 109248K [0x00000007a0000000, 0x00000007a8000000, 0x00000007a8000000)
  eden space 87424K, 100% used [0x00000007a0000000, 0x00000007a5560000, 0x00000007a5560000)
  from space 21824K, 100% used [0x00000007a6ab0000, 0x00000007a8000000, 0x00000007a8000000)
  to   space 21824K,   0% used [0x00000007a5560000, 0x00000007a5560000, 0x00000007a6ab0000)
 concurrent mark-sweep generation total 393216K, used 194253K [0x00000007a8000000, 0x00000007c0000000, 0x00000007c0000000)
 Metaspace       used 38661K, capacity 39250K, committed 39620K, reserved 1085440K
  class space    used 4368K, capacity 4587K, committed 4628K, reserved 1048576K
2016-09-07T20:12:12.827-0100: 645,475: [GC (Allocation Failure) 2016-09-07T20:12:12.827-0100: 645,475: [ParNew
Desired survivor size 20112992 bytes, new threshold 8 (max 8)
- age   1:    1023376 bytes,    1023376 total
- age   2:    8109560 bytes,    9132936 total
- age   3:     393520 bytes,    9526456 total
- age   4:    3260008 bytes,   12786464 total
- age   5:     158896 bytes,   12945360 total
- age   6:    4937984 bytes,   17883344 total
: 109248K->21824K(109248K), 0,0224787 secs] 303501K->222344K(502464K), 0,0225602 secs] [Times: user=0,05 sys=0,01, real=0,03 secs] 
Heap after GC invocations=40 (full 1):
 par new generation   total 109248K, used 21824K [0x00000007a0000000, 0x00000007a8000000, 0x00000007a8000000)
  eden space 87424K,   0% used [0x00000007a0000000, 0x00000007a0000000, 0x00000007a5560000)
  from space 21824K, 100% used [0x00000007a5560000, 0x00000007a6ab0000, 0x00000007a6ab0000)
  to   space 21824K,   0% used [0x00000007a6ab0000, 0x00000007a6ab0000, 0x00000007a8000000)
 concurrent mark-sweep generation total 393216K, used 200520K [0x00000007a8000000, 0x00000007c0000000, 0x00000007c0000000)
 Metaspace       used 38661K, capacity 39250K, committed 39620K, reserved 1085440K
  class space    used 4368K, capacity 4587K, committed 4628K, reserved 1048576K
}
2016-09-07T20:12:12.850-0100: 645,497: Total time for which application threads were stopped: 0,0227550 seconds, Stopping threads took: 0,0000215 seconds
2016-09-07T20:12:12.850-0100: 645,498: [GC (CMS Initial Mark) [1 CMS-initial-mark: 200520K(393216K)] 223376K(502464K), 0,0052458 secs] [Times: user=0,01 sys=0,00, real=0,00 secs] 
2016-09-07T20:12:12.856-0100: 645,503: Total time for which application threads were stopped: 0,0054608 seconds, Stopping threads took: 0,0000829 seconds
2016-09-07T20:12:12.856-0100: 645,503: [CMS-concurrent-mark-start]
2016-09-07T20:12:12.914-0100: 645,561: [CMS-concurrent-mark: 0,058/0,058 secs] [Times: user=0,13 sys=0,01, real=0,06 secs] 
2016-09-07T20:12:12.914-0100: 645,561: [CMS-concurrent-preclean-start]
2016-09-07T20:12:12.915-0100: 645,563: [CMS-concurrent-preclean: 0,001/0,001 secs] [Times: user=0,00 sys=0,00, real=0,00 secs] 
2016-09-07T20:12:12.915-0100: 645,563: [CMS-concurrent-abortable-preclean-start]
{Heap before GC invocations=40 (full 2):
 par new generation   total 109248K, used 109248K [0x00000007a0000000, 0x00000007a8000000, 0x00000007a8000000)
  eden space 87424K, 100% used [0x00000007a0000000, 0x00000007a5560000, 0x00000007a5560000)
  from space 21824K, 100% used [0x00000007a5560000, 0x00000007a6ab0000, 0x00000007a6ab0000)
  to   space 21824K,   0% used [0x00000007a6ab0000, 0x00000007a6ab0000, 0x00000007a8000000)
 concurrent mark-sweep generation total 393216K, used 200520K [0x00000007a8000000, 0x00000007c0000000, 0x00000007c0000000)
 Metaspace       used 38663K, capacity 39250K, committed 39620K, reserved 1085440K
  class space    used 4368K, capacity 4587K, committed 4628K, reserved 1048576K
2016-09-07T20:12:12.987-0100: 645,635: [GC (Allocation Failure) 2016-09-07T20:12:12.987-0100: 645,635: [ParNew
Desired survivor size 20112992 bytes, new threshold 8 (max 8)
- age   1:    2044216 bytes,    2044216 total
- age   2:     873480 bytes,    2917696 total
- age   3:    7829432 bytes,   10747128 total
- age   4:     393288 bytes,   11140416 total
- age   5:    2879832 bytes,   14020248 total
- age   6:     158896 bytes,   14179144 total
- age   7:    4905384 bytes,   19084528 total
: 109248K->21824K(109248K), 0,0150106 secs] 309768K->223420K(502464K), 0,0150810 secs] [Times: user=0,05 sys=0,00, real=0,02 secs] 
Heap after GC invocations=41 (full 2):
 par new generation   total 109248K, used 21824K [0x00000007a0000000, 0x00000007a8000000, 0x00000007a8000000)
  eden space 87424K,   0% used [0x00000007a0000000, 0x00000007a0000000, 0x00000007a5560000)
  from space 21824K, 100% used [0x00000007a6ab0000, 0x00000007a8000000, 0x00000007a8000000)
  to   space 21824K,   0% used [0x00000007a5560000, 0x00000007a5560000, 0x00000007a6ab0000)
 concurrent mark-sweep generation total 393216K, used 201596K [0x00000007a8000000, 0x00000007c0000000, 0x00000007c0000000)
 Metaspace       used 38663K, capacity 39250K, committed 39620K, reserved 1085440K
  class space    used 4368K, capacity 4587K, committed 4628K, reserved 1048576K
}
2016-09-07T20:12:13.003-0100: 645,650: Total time for which application threads were stopped: 0,0152829 seconds, Stopping threads took: 0,0000195 seconds
2016-09-07T20:12:13.247-0100: 645,895: Total time for which application threads were stopped: 0,0001326 seconds, Stopping threads took: 0,0000236 seconds
2016-09-07T20:12:13.392-0100: 646,040: Total time for which application threads were stopped: 0,0001288 seconds, Stopping threads took: 0,0000257 seconds
2016-09-07T20:12:13.392-0100: 646,040: [CMS-concurrent-abortable-preclean: 0,332/0,477 secs] [Times: user=1,18 sys=0,05, real=0,48 secs] 
2016-09-07T20:12:13.392-0100: 646,040: [GC (CMS Final Remark) [YG occupancy: 93557 K (109248 K)]{Heap before GC invocations=41 (full 2):
 par new generation   total 109248K, used 93557K [0x00000007a0000000, 0x00000007a8000000, 0x00000007a8000000)
  eden space 87424K,  82% used [0x00000007a0000000, 0x00000007a460d5a8, 0x00000007a5560000)
  from space 21824K, 100% used [0x00000007a6ab0000, 0x00000007a8000000, 0x00000007a8000000)
  to   space 21824K,   0% used [0x00000007a5560000, 0x00000007a5560000, 0x00000007a6ab0000)
 concurrent mark-sweep generation total 393216K, used 201596K [0x00000007a8000000, 0x00000007c0000000, 0x00000007c0000000)
 Metaspace       used 38682K, capacity 39250K, committed 39620K, reserved 1085440K
  class space    used 4368K, capacity 4587K, committed 4628K, reserved 1048576K
2016-09-07T20:12:13.392-0100: 646,040: [GC (CMS Final Remark) 2016-09-07T20:12:13.392-0100: 646,040: [ParNew
Desired survivor size 20112992 bytes, new threshold 8 (max 8)
- age   1:    8300896 bytes,    8300896 total
- age   2:     576992 bytes,    8877888 total
- age   3:     313896 bytes,    9191784 total
- age   4:    5378984 bytes,   14570768 total
- age   5:     393264 bytes,   14964032 total
- age   6:    2879832 bytes,   17843864 total
- age   7:     158896 bytes,   18002760 total
- age   8:    4341120 bytes,   22343880 total
: 93557K->21824K(109248K), 0,0222303 secs] 295154K->228565K(502464K), 0,0223026 secs] [Times: user=0,07 sys=0,00, real=0,02 secs] 
Heap after GC invocations=42 (full 2):
 par new generation   total 109248K, used 21824K [0x00000007a0000000, 0x00000007a8000000, 0x00000007a8000000)
  eden space 87424K,   0% used [0x00000007a0000000, 0x00000007a0000000, 0x00000007a5560000)
  from space 21824K, 100% used [0x00000007a5560000, 0x00000007a6ab0000, 0x00000007a6ab0000)
  to   space 21824K,   0% used [0x00000007a6ab0000, 0x00000007a6ab0000, 0x00000007a8000000)
 concurrent mark-sweep generation total 393216K, used 206741K [0x00000007a8000000, 0x00000007c0000000, 0x00000007c0000000)
 Metaspace       used 38682K, capacity 39250K, committed 39620K, reserved 1085440K
  class space    used 4368K, capacity 4587K, committed 4628K, reserved 1048576K
}
2016-09-07T20:12:13.415-0100: 646,062: [Rescan (parallel) , 0,0063590 secs]2016-09-07T20:12:13.421-0100: 646,069: [weak refs processing, 0,0138975 secs]2016-09-07T20:12:13.435-0100: 646,082: [class unloading, 0,0396631 secs]2016-09-07T20:12:13.475-0100: 646,122: [scrub symbol table, 0,0124801 secs]2016-09-07T20:12:13.487-0100: 646,135: [scrub string table, 0,0007665 secs][1 CMS-remark: 206741K(393216K)] 228565K(502464K), 0,0983113 secs] [Times: user=0,17 sys=0,03, real=0,10 secs] 
2016-09-07T20:12:13.491-0100: 646,138: Total time for which application threads were stopped: 0,0984797 seconds, Stopping threads took: 0,0000311 seconds
2016-09-07T20:12:13.491-0100: 646,139: [CMS-concurrent-sweep-start]
2016-09-07T20:12:13.494-0100: 646,142: Total time for which application threads were stopped: 0,0002177 seconds, Stopping threads took: 0,0001015 seconds
2016-09-07T20:12:13.494-0100: 646,142: Total time for which application threads were stopped: 0,0001093 seconds, Stopping threads took: 0,0000605 seconds
{Heap before GC invocations=42 (full 2):
 par new generation   total 109248K, used 109248K [0x00000007a0000000, 0x00000007a8000000, 0x00000007a8000000)
  eden space 87424K, 100% used [0x00000007a0000000, 0x00000007a5560000, 0x00000007a5560000)
  from space 21824K, 100% used [0x00000007a5560000, 0x00000007a6ab0000, 0x00000007a6ab0000)
  to   space 21824K,   0% used [0x00000007a6ab0000, 0x00000007a6ab0000, 0x00000007a8000000)
 concurrent mark-sweep generation total 393216K, used 120660K [0x00000007a8000000, 0x00000007c0000000, 0x00000007c0000000)
 Metaspace       used 38682K, capacity 39250K, committed 39620K, reserved 1085440K
  class space    used 4368K, capacity 4587K, committed 4628K, reserved 1048576K
2016-09-07T20:12:13.652-0100: 646,300: [GC (Allocation Failure) 2016-09-07T20:12:13.652-0100: 646,300: [ParNew
Desired survivor size 20112992 bytes, new threshold 8 (max 8)
- age   1:    1421440 bytes,    1421440 total
- age   2:    7499704 bytes,    8921144 total
- age   3:     441880 bytes,    9363024 total
- age   4:     310696 bytes,    9673720 total
- age   5:    5375504 bytes,   15049224 total
- age   6:     393240 bytes,   15442464 total
- age   7:    2875032 bytes,   18317496 total
- age   8:     158616 bytes,   18476112 total
: 109248K->21824K(109248K), 0,0160396 secs] 229908K->147228K(502464K), 0,0161120 secs] [Times: user=0,06 sys=0,01, real=0,01 secs] 
Heap after GC invocations=43 (full 2):
 par new generation   total 109248K, used 21824K [0x00000007a0000000, 0x00000007a8000000, 0x00000007a8000000)
  eden space 87424K,   0% used [0x00000007a0000000, 0x00000007a0000000, 0x00000007a5560000)
  from space 21824K, 100% used [0x00000007a6ab0000, 0x00000007a8000000, 0x00000007a8000000)
  to   space 21824K,   0% used [0x00000007a5560000, 0x00000007a5560000, 0x00000007a6ab0000)
 concurrent mark-sweep generation total 393216K, used 125404K [0x00000007a8000000, 0x00000007c0000000, 0x00000007c0000000)
 Metaspace       used 38682K, capacity 39250K, committed 39620K, reserved 1085440K
  class space    used 4368K, capacity 4587K, committed 4628K, reserved 1048576K
}
2016-09-07T20:12:13.668-0100: 646,316: Total time for which application threads were stopped: 0,0163302 seconds, Stopping threads took: 0,0000228 seconds
2016-09-07T20:12:13.710-0100: 646,357: [CMS-concurrent-sweep: 0,201/0,218 secs] [Times: user=0,64 sys=0,04, real=0,22 secs] 
2016-09-07T20:12:13.710-0100: 646,357: [CMS-concurrent-reset-start]
2016-09-07T20:12:13.713-0100: 646,360: [CMS-concurrent-reset: 0,003/0,003 secs] [Times: user=0,00 sys=0,00, real=0,00 secs] 
{Heap before GC invocations=43 (full 2):
 par new generation   total 109248K, used 109248K [0x00000007a0000000, 0x00000007a8000000, 0x00000007a8000000)
  eden space 87424K, 100% used [0x00000007a0000000, 0x00000007a5560000, 0x00000007a5560000)
  from space 21824K, 100% used [0x00000007a6ab0000, 0x00000007a8000000, 0x00000007a8000000)
  to   space 21824K,   0% used [0x00000007a5560000, 0x00000007a5560000, 0x00000007a6ab0000)
 concurrent mark-sweep generation total 393216K, used 83220K [0x00000007a8000000, 0x00000007c0000000, 0x00000007c0000000)
 Metaspace       used 38633K, capacity 39158K, committed 39620K, reserved 1085440K
  class space    used 4356K, capacity 4565K, committed 4628K, reserved 1048576K
2016-09-07T20:12:13.805-0100: 646,453: [GC (Allocation Failure) 2016-09-07T20:12:13.805-0100: 646,453: [ParNew
Desired survivor size 20112992 bytes, new threshold 8 (max 8)
- age   1:    5400416 bytes,    5400416 total
- age   2:     244712 bytes,    5645128 total
- age   3:    6247704 bytes,   11892832 total
- age   4:     441880 bytes,   12334712 total
- age   5:     310696 bytes,   12645408 total
- age   6:    5365392 bytes,   18010800 total
- age   7:     393240 bytes,   18404040 total
- age   8:    2906224 bytes,   21310264 total
: 109248K->21824K(109248K), 0,0133812 secs] 192468K->105825K(502464K), 0,0134524 secs] [Times: user=0,05 sys=0,01, real=0,01 secs] 
Heap after GC invocations=44 (full 2):
 par new generation   total 109248K, used 21824K [0x00000007a0000000, 0x00000007a8000000, 0x00000007a8000000)
  eden space 87424K,   0% used [0x00000007a0000000, 0x00000007a0000000, 0x00000007a5560000)
  from space 21824K, 100% used [0x00000007a5560000, 0x00000007a6ab0000, 0x00000007a6ab0000)
  to   space 21824K,   0% used [0x00000007a6ab0000, 0x00000007a6ab0000, 0x00000007a8000000)
 concurrent mark-sweep generation total 393216K, used 84001K [0x00000007a8000000, 0x00000007c0000000, 0x00000007c0000000)
 Metaspace       used 38633K, capacity 39158K, committed 39620K, reserved 1085440K
  class space    used 4356K, capacity 4565K, committed 4628K, reserved 1048576K
}
2016-09-07T20:12:13.819-0100: 646,466: Total time for which application threads were stopped: 0,0138898 seconds, Stopping threads took: 0,0000181 seconds
2016-09-07T20:12:13.819-0100: 646,466: Total time for which application threads were stopped: 0,0001559 seconds, Stopping threads took: 0,0000651 seconds
2016-09-07T20:12:13.894-0100: 646,541: Total time for which application threads were stopped: 0,0000990 seconds, Stopping threads took: 0,0000206 seconds
2016-09-07T20:12:13.900-0100: 646,547: Total time for which application threads were stopped: 0,0001179 seconds, Stopping threads took: 0,0000339 seconds
{Heap before GC invocations=44 (full 2):
 par new generation   total 109248K, used 109248K [0x00000007a0000000, 0x00000007a8000000, 0x00000007a8000000)
  eden space 87424K, 100% used [0x00000007a0000000, 0x00000007a5560000, 0x00000007a5560000)
  from space 21824K, 100% used [0x00000007a5560000, 0x00000007a6ab0000, 0x00000007a6ab0000)
  to   space 21824K,   0% used [0x00000007a6ab0000, 0x00000007a6ab0000, 0x00000007a8000000)
 concurrent mark-sweep generation total 393216K, used 84001K [0x00000007a8000000, 0x00000007c0000000, 0x00000007c0000000)
 Metaspace       used 38639K, capacity 39158K, committed 39620K, reserved 1085440K
  class space    used 4356K, capacity 4565K, committed 4628K, reserved 1048576K
2016-09-07T20:12:14.000-0100: 646,647: [GC (Allocation Failure) 2016-09-07T20:12:14.000-0100: 646,647: [ParNew
Desired survivor size 20112992 bytes, new threshold 7 (max 8)
- age   1:    4733184 bytes,    4733184 total
- age   2:    3092376 bytes,    7825560 total
- age   3:     244672 bytes,    8070232 total
- age   4:    6247440 bytes,   14317672 total
- age   5:     441880 bytes,   14759552 total
- age   6:     310696 bytes,   15070248 total
- age   7:    5365392 bytes,   20435640 total
- age   8:     393240 bytes,   20828880 total
: 109248K->21824K(109248K), 0,0162715 secs] 193249K->111564K(502464K), 0,0163701 secs] [Times: user=0,06 sys=0,00, real=0,01 secs] 
Heap after GC invocations=45 (full 2):
 par new generation   total 109248K, used 21824K [0x00000007a0000000, 0x00000007a8000000, 0x00000007a8000000)
  eden space 87424K,   0% used [0x00000007a0000000, 0x00000007a0000000, 0x00000007a5560000)
  from space 21824K, 100% used [0x00000007a6ab0000, 0x00000007a8000000, 0x00000007a8000000)
  to   space 21824K,   0% used [0x00000007a5560000, 0x00000007a5560000, 0x00000007a6ab0000)
 concurrent mark-sweep generation total 393216K, used 89740K [0x00000007a8000000, 0x00000007c0000000, 0x00000007c0000000)
 Metaspace       used 38639K, capacity 39158K, committed 39620K, reserved 1085440K
  class space    used 4356K, capacity 4565K, committed 4628K, reserved 1048576K
}
2016-09-07T20:12:14.016-0100: 646,664: Total time for which application threads were stopped: 0,0165687 seconds, Stopping threads took: 0,0000235 seconds
2016-09-07T20:12:14.017-0100: 646,664: Total time for which application threads were stopped: 0,0001173 seconds, Stopping threads took: 0,0000516 seconds
{Heap before GC invocations=45 (full 2):
 par new generation   total 109248K, used 109248K [0x00000007a0000000, 0x00000007a8000000, 0x00000007a8000000)
  eden space 87424K, 100% used [0x00000007a0000000, 0x00000007a5560000, 0x00000007a5560000)
  from space 21824K, 100% used [0x00000007a6ab0000, 0x00000007a8000000, 0x00000007a8000000)
  to   space 21824K,   0% used [0x00000007a5560000, 0x00000007a5560000, 0x00000007a6ab0000)
 concurrent mark-sweep generation total 393216K, used 89740K [0x00000007a8000000, 0x00000007c0000000, 0x00000007c0000000)
 Metaspace       used 38640K, capacity 39158K, committed 39620K, reserved 1085440K
  class space    used 4356K, capacity 4565K, committed 4628K, reserved 1048576K
2016-09-07T20:12:14.126-0100: 646,774: [GC (Allocation Failure) 2016-09-07T20:12:14.126-0100: 646,774: [ParNew
Desired survivor size 20112992 bytes, new threshold 5 (max 8)
- age   1:    6542664 bytes,    6542664 total
- age   2:    4494736 bytes,   11037400 total
- age   3:    3092336 bytes,   14129736 total
- age   4:     244672 bytes,   14374408 total
- age   5:    6247040 bytes,   20621448 total
- age   6:     264112 bytes,   20885560 total
- age   7:     278048 bytes,   21163608 total
: 109248K->21824K(109248K), 0,0208414 secs] 198988K->119159K(502464K), 0,0209142 secs] [Times: user=0,08 sys=0,00, real=0,02 secs] 
Heap after GC invocations=46 (full 2):
 par new generation   total 109248K, used 21824K [0x00000007a0000000, 0x00000007a8000000, 0x00000007a8000000)
  eden space 87424K,   0% used [0x00000007a0000000, 0x00000007a0000000, 0x00000007a5560000)
  from space 21824K, 100% used [0x00000007a5560000, 0x00000007a6ab0000, 0x00000007a6ab0000)
  to   space 21824K,   0% used [0x00000007a6ab0000, 0x00000007a6ab0000, 0x00000007a8000000)
 concurrent mark-sweep generation total 393216K, used 97335K [0x00000007a8000000, 0x00000007c0000000, 0x00000007c0000000)
 Metaspace       used 38640K, capacity 39158K, committed 39620K, reserved 1085440K
  class space    used 4356K, capacity 4565K, committed 4628K, reserved 1048576K
}
2016-09-07T20:12:14.147-0100: 646,795: Total time for which application threads were stopped: 0,0211197 seconds, Stopping threads took: 0,0000237 seconds
2016-09-07T20:12:14.147-0100: 646,795: Total time for which application threads were stopped: 0,0002006 seconds, Stopping threads took: 0,0001043 seconds
2016-09-07T20:12:14.199-0100: 646,847: Total time for which application threads were stopped: 0,0001546 seconds, Stopping threads took: 0,0000519 seconds
{Heap before GC invocations=46 (full 2):
 par new generation   total 109248K, used 109248K [0x00000007a0000000, 0x00000007a8000000, 0x00000007a8000000)
  eden space 87424K, 100% used [0x00000007a0000000, 0x00000007a5560000, 0x00000007a5560000)
  from space 21824K, 100% used [0x00000007a5560000, 0x00000007a6ab0000, 0x00000007a6ab0000)
  to   space 21824K,   0% used [0x00000007a6ab0000, 0x00000007a6ab0000, 0x00000007a8000000)
 concurrent mark-sweep generation total 393216K, used 97335K [0x00000007a8000000, 0x00000007c0000000, 0x00000007c0000000)
 Metaspace       used 38645K, capacity 39158K, committed 39620K, reserved 1085440K
  class space    used 4356K, capacity 4565K, committed 4628K, reserved 1048576K
2016-09-07T20:12:14.325-0100: 646,972: [GC (Allocation Failure) 2016-09-07T20:12:14.325-0100: 646,972: [ParNew
Desired survivor size 20112992 bytes, new threshold 8 (max 8)
- age   1:    8394232 bytes,    8394232 total
- age   2:     888272 bytes,    9282504 total
- age   3:    3599480 bytes,   12881984 total
- age   4:    3092336 bytes,   15974320 total
- age   5:     244672 bytes,   16218992 total
: 109248K->21824K(109248K), 0,0184492 secs] 206583K->125967K(502464K), 0,0187775 secs] [Times: user=0,06 sys=0,00, real=0,02 secs] 
Heap after GC invocations=47 (full 2):
 par new generation   total 109248K, used 21824K [0x00000007a0000000, 0x00000007a8000000, 0x00000007a8000000)
  eden space 87424K,   0% used [0x00000007a0000000, 0x00000007a0000000, 0x00000007a5560000)
  from space 21824K, 100% used [0x00000007a6ab0000, 0x00000007a8000000, 0x00000007a8000000)
  to   space 21824K,   0% used [0x00000007a5560000, 0x00000007a5560000, 0x00000007a6ab0000)
 concurrent mark-sweep generation total 393216K, used 104143K [0x00000007a8000000, 0x00000007c0000000, 0x00000007c0000000)
 Metaspace       used 38645K, capacity 39158K, committed 39620K, reserved 1085440K
  class space    used 4356K, capacity 4565K, committed 4628K, reserved 1048576K
}
2016-09-07T20:12:14.343-0100: 646,991: Total time for which application threads were stopped: 0,0189976 seconds, Stopping threads took: 0,0000260 seconds
2016-09-07T20:12:14.344-0100: 646,991: Total time for which application threads were stopped: 0,0001961 seconds, Stopping threads took: 0,0000935 seconds
2016-09-07T20:12:14.349-0100: 646,997: Total time for which application threads were stopped: 0,0001076 seconds, Stopping threads took: 0,0000225 seconds
{Heap before GC invocations=47 (full 2):
 par new generation   total 109248K, used 109248K [0x00000007a0000000, 0x00000007a8000000, 0x00000007a8000000)
  eden space 87424K, 100% used [0x00000007a0000000, 0x00000007a5560000, 0x00000007a5560000)
  from space 21824K, 100% used [0x00000007a6ab0000, 0x00000007a8000000, 0x00000007a8000000)
  to   space 21824K,   0% used [0x00000007a5560000, 0x00000007a5560000, 0x00000007a6ab0000)
 concurrent mark-sweep generation total 393216K, used 104143K [0x00000007a8000000, 0x00000007c0000000, 0x00000007c0000000)
 Metaspace       used 38654K, capacity 39222K, committed 39876K, reserved 1085440K
  class space    used 4356K, capacity 4565K, committed 4628K, reserved 1048576K
2016-09-07T20:12:14.435-0100: 647,082: [GC (Allocation Failure) 2016-09-07T20:12:14.435-0100: 647,082: [ParNew
Desired survivor size 20112992 bytes, new threshold 8 (max 8)
- age   1:    1570496 bytes,    1570496 total
- age   2:    7861328 bytes,    9431824 total
- age   3:     888168 bytes,   10319992 total
- age   4:    3599400 bytes,   13919392 total
- age   5:    3092336 bytes,   17011728 total
- age   6:     244672 bytes,   17256400 total
: 109248K->21824K(109248K), 0,0103001 secs] 213391K->125970K(502464K), 0,0103725 secs] [Times: user=0,04 sys=0,00, real=0,01 secs] 
Heap after GC invocations=48 (full 2):
 par new generation   total 109248K, used 21824K [0x00000007a0000000, 0x00000007a8000000, 0x00000007a8000000)
  eden space 87424K,   0% used [0x00000007a0000000, 0x00000007a0000000, 0x00000007a5560000)
  from space 21824K, 100% used [0x00000007a5560000, 0x00000007a6ab0000, 0x00000007a6ab0000)
  to   space 21824K,   0% used [0x00000007a6ab0000, 0x00000007a6ab0000, 0x00000007a8000000)
 concurrent mark-sweep generation total 393216K, used 104146K [0x00000007a8000000, 0x00000007c0000000, 0x00000007c0000000)
 Metaspace       used 38654K, capacity 39222K, committed 39876K, reserved 1085440K
  class space    used 4356K, capacity 4565K, committed 4628K, reserved 1048576K
}
2016-09-07T20:12:14.445-0100: 647,093: Total time for which application threads were stopped: 0,0105735 seconds, Stopping threads took: 0,0000225 seconds
{Heap before GC invocations=48 (full 2):
 par new generation   total 109248K, used 109248K [0x00000007a0000000, 0x00000007a8000000, 0x00000007a8000000)
  eden space 87424K, 100% used [0x00000007a0000000, 0x00000007a5560000, 0x00000007a5560000)
  from space 21824K, 100% used [0x00000007a5560000, 0x00000007a6ab0000, 0x00000007a6ab0000)
  to   space 21824K,   0% used [0x00000007a6ab0000, 0x00000007a6ab0000, 0x00000007a8000000)
 concurrent mark-sweep generation total 393216K, used 104146K [0x00000007a8000000, 0x00000007c0000000, 0x00000007c0000000)
 Metaspace       used 38654K, capacity 39222K, committed 39876K, reserved 1085440K
  class space    used 4356K, capacity 4565K, committed 4628K, reserved 1048576K
2016-09-07T20:12:14.517-0100: 647,164: [GC (Allocation Failure) 2016-09-07T20:12:14.517-0100: 647,164: [ParNew
Desired survivor size 20112992 bytes, new threshold 8 (max 8)
- age   1:    1239696 bytes,    1239696 total
- age   2:     420912 bytes,    1660608 total
- age   3:    7832504 bytes,    9493112 total
- age   4:     888168 bytes,   10381280 total
- age   5:    3599400 bytes,   13980680 total
- age   6:    3092336 bytes,   17073016 total
- age   7:     244672 bytes,   17317688 total
: 109248K->21824K(109248K), 0,0099705 secs] 213394K->125970K(502464K), 0,0100603 secs] [Times: user=0,04 sys=0,00, real=0,01 secs] 
Heap after GC invocations=49 (full 2):
 par new generation   total 109248K, used 21824K [0x00000007a0000000, 0x00000007a8000000, 0x00000007a8000000)
  eden space 87424K,   0% used [0x00000007a0000000, 0x00000007a0000000, 0x00000007a5560000)
  from space 21824K, 100% used [0x00000007a6ab0000, 0x00000007a8000000, 0x00000007a8000000)
  to   space 21824K,   0% used [0x00000007a5560000, 0x00000007a5560000, 0x00000007a6ab0000)
 concurrent mark-sweep generation total 393216K, used 104146K [0x00000007a8000000, 0x00000007c0000000, 0x00000007c0000000)
 Metaspace       used 38654K, capacity 39222K, committed 39876K, reserved 1085440K
  class space    used 4356K, capacity 4565K, committed 4628K, reserved 1048576K
}
2016-09-07T20:12:14.527-0100: 647,174: Total time for which application threads were stopped: 0,0102539 seconds, Stopping threads took: 0,0000225 seconds
2016-09-07T20:12:14.604-0100: 647,251: Total time for which application threads were stopped: 0,0001154 seconds, Stopping threads took: 0,0000196 seconds
{Heap before GC invocations=49 (full 2):
 par new generation   total 109248K, used 109248K [0x00000007a0000000, 0x00000007a8000000, 0x00000007a8000000)
  eden space 87424K, 100% used [0x00000007a0000000, 0x00000007a5560000, 0x00000007a5560000)
  from space 21824K, 100% used [0x00000007a6ab0000, 0x00000007a8000000, 0x00000007a8000000)
  to   space 21824K,   0% used [0x00000007a5560000, 0x00000007a5560000, 0x00000007a6ab0000)
 concurrent mark-sweep generation total 393216K, used 104146K [0x00000007a8000000, 0x00000007c0000000, 0x00000007c0000000)
 Metaspace       used 38655K, capacity 39222K, committed 39876K, reserved 1085440K
  class space    used 4356K, capacity 4565K, committed 4628K, reserved 1048576K
2016-09-07T20:12:14.697-0100: 647,344: [GC (Allocation Failure) 2016-09-07T20:12:14.697-0100: 647,344: [ParNew
Desired survivor size 20112992 bytes, new threshold 8 (max 8)
- age   1:    5717808 bytes,    5717808 total
- age   2:      25160 bytes,    5742968 total
- age   3:       2392 bytes,    5745360 total
- age   4:    4250328 bytes,    9995688 total
- age   5:     888168 bytes,   10883856 total
- age   6:    3599256 bytes,   14483112 total
- age   7:    3085808 bytes,   17568920 total
- age   8:     244672 bytes,   17813592 total
: 109248K->21824K(109248K), 0,0102583 secs] 213394K->125970K(502464K), 0,0103478 secs] [Times: user=0,03 sys=0,00, real=0,01 secs] 
Heap after GC invocations=50 (full 2):
 par new generation   total 109248K, used 21824K [0x00000007a0000000, 0x00000007a8000000, 0x00000007a8000000)
  eden space 87424K,   0% used [0x00000007a0000000, 0x00000007a0000000, 0x00000007a5560000)
  from space 21824K, 100% used [0x00000007a5560000, 0x00000007a6ab0000, 0x00000007a6ab0000)
  to   space 21824K,   0% used [0x00000007a6ab0000, 0x00000007a6ab0000, 0x00000007a8000000)
 concurrent mark-sweep generation total 393216K, used 104146K [0x00000007a8000000, 0x00000007c0000000, 0x00000007c0000000)
 Metaspace       used 38655K, capacity 39222K, committed 39876K, reserved 1085440K
  class space    used 4356K, capacity 4565K, committed 4628K, reserved 1048576K
}
2016-09-07T20:12:14.707-0100: 647,355: Total time for which application threads were stopped: 0,0105533 seconds, Stopping threads took: 0,0000190 seconds
2016-09-07T20:12:14.708-0100: 647,355: Total time for which application threads were stopped: 0,0001681 seconds, Stopping threads took: 0,0000735 seconds
{Heap before GC invocations=50 (full 2):
 par new generation   total 109248K, used 109248K [0x00000007a0000000, 0x00000007a8000000, 0x00000007a8000000)
  eden space 87424K, 100% used [0x00000007a0000000, 0x00000007a5560000, 0x00000007a5560000)
  from space 21824K, 100% used [0x00000007a5560000, 0x00000007a6ab0000, 0x00000007a6ab0000)
  to   space 21824K,   0% used [0x00000007a6ab0000, 0x00000007a6ab0000, 0x00000007a8000000)
 concurrent mark-sweep generation total 393216K, used 104146K [0x00000007a8000000, 0x00000007c0000000, 0x00000007c0000000)
 Metaspace       used 38659K, capacity 39222K, committed 39876K, reserved 1085440K
  class space    used 4356K, capacity 4565K, committed 4628K, reserved 1048576K
2016-09-07T20:12:14.881-0100: 647,529: [GC (Allocation Failure) 2016-09-07T20:12:14.881-0100: 647,529: [ParNew
Desired survivor size 20112992 bytes, new threshold 8 (max 8)
- age   1:    7157368 bytes,    7157368 total
- age   2:    1032712 bytes,    8190080 total
- age   3:      24976 bytes,    8215056 total
- age   4:       2392 bytes,    8217448 total
- age   5:    3937848 bytes,   12155296 total
- age   6:     888168 bytes,   13043464 total
- age   7:    3599256 bytes,   16642720 total
- age   8:    3085808 bytes,   19728528 total
: 109248K->21824K(109248K), 0,0129242 secs] 213394K->128473K(502464K), 0,0129981 secs] [Times: user=0,04 sys=0,01, real=0,01 secs] 
Heap after GC invocations=51 (full 2):
 par new generation   total 109248K, used 21824K [0x00000007a0000000, 0x00000007a8000000, 0x00000007a8000000)
  eden space 87424K,   0% used [0x00000007a0000000, 0x00000007a0000000, 0x00000007a5560000)
  from space 21824K, 100% used [0x00000007a6ab0000, 0x00000007a8000000, 0x00000007a8000000)
  to   space 21824K,   0% used [0x00000007a5560000, 0x00000007a5560000, 0x00000007a6ab0000)
 concurrent mark-sweep generation total 393216K, used 106649K [0x00000007a8000000, 0x00000007c0000000, 0x00000007c0000000)
 Metaspace       used 38659K, capacity 39222K, committed 39876K, reserved 1085440K
  class space    used 4356K, capacity 4565K, committed 4628K, reserved 1048576K
}
2016-09-07T20:12:14.894-0100: 647,542: Total time for which application threads were stopped: 0,0131990 seconds, Stopping threads took: 0,0000240 seconds
2016-09-07T20:12:14.976-0100: 647,624: Total time for which application threads were stopped: 0,0001450 seconds, Stopping threads took: 0,0000248 seconds
{Heap before GC invocations=51 (full 2):
 par new generation   total 109248K, used 109248K [0x00000007a0000000, 0x00000007a8000000, 0x00000007a8000000)
  eden space 87424K, 100% used [0x00000007a0000000, 0x00000007a5560000, 0x00000007a5560000)
  from space 21824K, 100% used [0x00000007a6ab0000, 0x00000007a8000000, 0x00000007a8000000)
  to   space 21824K,   0% used [0x00000007a5560000, 0x00000007a5560000, 0x00000007a6ab0000)
 concurrent mark-sweep generation total 393216K, used 106649K [0x00000007a8000000, 0x00000007c0000000, 0x00000007c0000000)
 Metaspace       used 38662K, capacity 39222K, committed 39876K, reserved 1085440K
  class space    used 4356K, capacity 4565K, committed 4628K, reserved 1048576K
2016-09-07T20:12:15.097-0100: 647,744: [GC (Allocation Failure) 2016-09-07T20:12:15.097-0100: 647,744: [ParNew
Desired survivor size 20112992 bytes, new threshold 8 (max 8)
- age   1:    7910992 bytes,    7910992 total
- age   2:    6246648 bytes,   14157640 total
- age   3:     728456 bytes,   14886096 total
- age   4:        200 bytes,   14886296 total
- age   5:       2248 bytes,   14888544 total
- age   6:    2980376 bytes,   17868920 total
- age   7:     875168 bytes,   18744088 total
- age   8:    3596696 bytes,   22340784 total
: 109248K->21824K(109248K), 0,0253873 secs] 215897K->137955K(502464K), 0,0255094 secs] [Times: user=0,09 sys=0,00, real=0,03 secs] 
Heap after GC invocations=52 (full 2):
 par new generation   total 109248K, used 21824K [0x00000007a0000000, 0x00000007a8000000, 0x00000007a8000000)
  eden space 87424K,   0% used [0x00000007a0000000, 0x00000007a0000000, 0x00000007a5560000)
  from space 21824K, 100% used [0x00000007a5560000, 0x00000007a6ab0000, 0x00000007a6ab0000)
  to   space 21824K,   0% used [0x00000007a6ab0000, 0x00000007a6ab0000, 0x00000007a8000000)
 concurrent mark-sweep generation total 393216K, used 116131K [0x00000007a8000000, 0x00000007c0000000, 0x00000007c0000000)
 Metaspace       used 38662K, capacity 39222K, committed 39876K, reserved 1085440K
  class space    used 4356K, capacity 4565K, committed 4628K, reserved 1048576K
}
2016-09-07T20:12:15.122-0100: 647,770: Total time for which application threads were stopped: 0,0257482 seconds, Stopping threads took: 0,0000232 seconds
2016-09-07T20:12:15.123-0100: 647,770: Total time for which application threads were stopped: 0,0001587 seconds, Stopping threads took: 0,0000670 seconds
{Heap before GC invocations=52 (full 2):
 par new generation   total 109248K, used 109248K [0x00000007a0000000, 0x00000007a8000000, 0x00000007a8000000)
  eden space 87424K, 100% used [0x00000007a0000000, 0x00000007a5560000, 0x00000007a5560000)
  from space 21824K, 100% used [0x00000007a5560000, 0x00000007a6ab0000, 0x00000007a6ab0000)
  to   space 21824K,   0% used [0x00000007a6ab0000, 0x00000007a6ab0000, 0x00000007a8000000)
 concurrent mark-sweep generation total 393216K, used 116131K [0x00000007a8000000, 0x00000007c0000000, 0x00000007c0000000)
 Metaspace       used 38662K, capacity 39222K, committed 39876K, reserved 1085440K
  class space    used 4356K, capacity 4565K, committed 4628K, reserved 1048576K
2016-09-07T20:12:15.251-0100: 647,899: [GC (Allocation Failure) 2016-09-07T20:12:15.251-0100: 647,899: [ParNew
Desired survivor size 20112992 bytes, new threshold 8 (max 8)
- age   1:    2564696 bytes,    2564696 total
- age   2:    5242576 bytes,    7807272 total
- age   3:    5844680 bytes,   13651952 total
- age   4:     579392 bytes,   14231344 total
- age   5:        200 bytes,   14231544 total
- age   6:       2248 bytes,   14233792 total
- age   7:    2979952 bytes,   17213744 total
- age   8:     875168 bytes,   18088912 total
: 109248K->21824K(109248K), 0,0149360 secs] 225379K->142899K(502464K), 0,0150164 secs] [Times: user=0,05 sys=0,00, real=0,01 secs] 
Heap after GC invocations=53 (full 2):
 par new generation   total 109248K, used 21824K [0x00000007a0000000, 0x00000007a8000000, 0x00000007a8000000)
  eden space 87424K,   0% used [0x00000007a0000000, 0x00000007a0000000, 0x00000007a5560000)
  from space 21824K, 100% used [0x00000007a6ab0000, 0x00000007a8000000, 0x00000007a8000000)
  to   space 21824K,   0% used [0x00000007a5560000, 0x00000007a5560000, 0x00000007a6ab0000)
 concurrent mark-sweep generation total 393216K, used 121075K [0x00000007a8000000, 0x00000007c0000000, 0x00000007c0000000)
 Metaspace       used 38662K, capacity 39222K, committed 39876K, reserved 1085440K
  class space    used 4356K, capacity 4565K, committed 4628K, reserved 1048576K
}
2016-09-07T20:12:15.266-0100: 647,914: Total time for which application threads were stopped: 0,0152085 seconds, Stopping threads took: 0,0000227 seconds
{Heap before GC invocations=53 (full 2):
 par new generation   total 109248K, used 109248K [0x00000007a0000000, 0x00000007a8000000, 0x00000007a8000000)
  eden space 87424K, 100% used [0x00000007a0000000, 0x00000007a5560000, 0x00000007a5560000)
  from space 21824K, 100% used [0x00000007a6ab0000, 0x00000007a8000000, 0x00000007a8000000)
  to   space 21824K,   0% used [0x00000007a5560000, 0x00000007a5560000, 0x00000007a6ab0000)
 concurrent mark-sweep generation total 393216K, used 121075K [0x00000007a8000000, 0x00000007c0000000, 0x00000007c0000000)
 Metaspace       used 38670K, capacity 39222K, committed 39876K, reserved 1085440K
  class space    used 4356K, capacity 4565K, committed 4628K, reserved 1048576K
2016-09-07T20:12:15.495-0100: 648,142: [GC (Allocation Failure) 2016-09-07T20:12:15.495-0100: 648,143: [ParNew
Desired survivor size 20112992 bytes, new threshold 8 (max 8)
- age   1:   10719832 bytes,   10719832 total
- age   2:     885400 bytes,   11605232 total
- age   3:    4106000 bytes,   15711232 total
- age   4:    3526704 bytes,   19237936 total
- age   5:     516952 bytes,   19754888 total
- age   6:        200 bytes,   19755088 total
- age   7:       2248 bytes,   19757336 total
- age   8:    2587696 bytes,   22345032 total
: 109248K->21824K(109248K), 0,0237281 secs] 230323K->146624K(502464K), 0,0238333 secs] [Times: user=0,08 sys=0,01, real=0,02 secs] 
Heap after GC invocations=54 (full 2):
 par new generation   total 109248K, used 21824K [0x00000007a0000000, 0x00000007a8000000, 0x00000007a8000000)
  eden space 87424K,   0% used [0x00000007a0000000, 0x00000007a0000000, 0x00000007a5560000)
  from space 21824K, 100% used [0x00000007a5560000, 0x00000007a6ab0000, 0x00000007a6ab0000)
  to   space 21824K,   0% used [0x00000007a6ab0000, 0x00000007a6ab0000, 0x00000007a8000000)
 concurrent mark-sweep generation total 393216K, used 124800K [0x00000007a8000000, 0x00000007c0000000, 0x00000007c0000000)
 Metaspace       used 38670K, capacity 39222K, committed 39876K, reserved 1085440K
  class space    used 4356K, capacity 4565K, committed 4628K, reserved 1048576K
}
2016-09-07T20:12:15.519-0100: 648,166: Total time for which application threads were stopped: 0,0240389 seconds, Stopping threads took: 0,0000272 seconds
2016-09-07T20:12:15.519-0100: 648,167: Total time for which application threads were stopped: 0,0001932 seconds, Stopping threads took: 0,0000899 seconds
2016-09-07T20:12:15.596-0100: 648,243: Total time for which application threads were stopped: 0,0001365 seconds, Stopping threads took: 0,0000438 seconds
{Heap before GC invocations=54 (full 2):
 par new generation   total 109248K, used 109248K [0x00000007a0000000, 0x00000007a8000000, 0x00000007a8000000)
  eden space 87424K, 100% used [0x00000007a0000000, 0x00000007a5560000, 0x00000007a5560000)
  from space 21824K, 100% used [0x00000007a5560000, 0x00000007a6ab0000, 0x00000007a6ab0000)
  to   space 21824K,   0% used [0x00000007a6ab0000, 0x00000007a6ab0000, 0x00000007a8000000)
 concurrent mark-sweep generation total 393216K, used 124800K [0x00000007a8000000, 0x00000007c0000000, 0x00000007c0000000)
 Metaspace       used 38670K, capacity 39222K, committed 39876K, reserved 1085440K
  class space    used 4356K, capacity 4565K, committed 4628K, reserved 1048576K
2016-09-07T20:12:15.640-0100: 648,288: [GC (Allocation Failure) 2016-09-07T20:12:15.640-0100: 648,288: [ParNew
Desired survivor size 20112992 bytes, new threshold 8 (max 8)
- age   1:    2243688 bytes,    2243688 total
- age   2:    8256256 bytes,   10499944 total
- age   3:     305112 bytes,   10805056 total
- age   4:    3437024 bytes,   14242080 total
- age   5:    1896592 bytes,   16138672 total
- age   6:     516832 bytes,   16655504 total
- age   7:        104 bytes,   16655608 total
- age   8:       1584 bytes,   16657192 total
: 109248K->21824K(109248K), 0,0169897 secs] 234048K->153985K(502464K), 0,0170923 secs] [Times: user=0,05 sys=0,00, real=0,01 secs] 
Heap after GC invocations=55 (full 2):
 par new generation   total 109248K, used 21824K [0x00000007a0000000, 0x00000007a8000000, 0x00000007a8000000)
  eden space 87424K,   0% used [0x00000007a0000000, 0x00000007a0000000, 0x00000007a5560000)
  from space 21824K, 100% used [0x00000007a6ab0000, 0x00000007a8000000, 0x00000007a8000000)
  to   space 21824K,   0% used [0x00000007a5560000, 0x00000007a5560000, 0x00000007a6ab0000)
 concurrent mark-sweep generation total 393216K, used 132161K [0x00000007a8000000, 0x00000007c0000000, 0x00000007c0000000)
 Metaspace       used 38670K, capacity 39222K, committed 39876K, reserved 1085440K
  class space    used 4356K, capacity 4565K, committed 4628K, reserved 1048576K
}
2016-09-07T20:12:15.657-0100: 648,305: Total time for which application threads were stopped: 0,0172889 seconds, Stopping threads took: 0,0000221 seconds
{Heap before GC invocations=55 (full 2):
 par new generation   total 109248K, used 109248K [0x00000007a0000000, 0x00000007a8000000, 0x00000007a8000000)
  eden space 87424K, 100% used [0x00000007a0000000, 0x00000007a5560000, 0x00000007a5560000)
  from space 21824K, 100% used [0x00000007a6ab0000, 0x00000007a8000000, 0x00000007a8000000)
  to   space 21824K,   0% used [0x00000007a5560000, 0x00000007a5560000, 0x00000007a6ab0000)
 concurrent mark-sweep generation total 393216K, used 132161K [0x00000007a8000000, 0x00000007c0000000, 0x00000007c0000000)
 Metaspace       used 38676K, capacity 39222K, committed 39876K, reserved 1085440K
  class space    used 4357K, capacity 4565K, committed 4628K, reserved 1048576K
2016-09-07T20:12:15.829-0100: 648,476: [GC (Allocation Failure) 2016-09-07T20:12:15.829-0100: 648,476: [ParNew
Desired survivor size 20112992 bytes, new threshold 6 (max 8)
- age   1:    7954056 bytes,    7954056 total
- age   2:    1741248 bytes,    9695304 total
- age   3:    6502832 bytes,   16198136 total
- age   4:     200824 bytes,   16398960 total
- age   5:    3437000 bytes,   19835960 total
- age   6:    1924344 bytes,   21760304 total
- age   7:     505256 bytes,   22265560 total
- age   8:        104 bytes,   22265664 total
: 109248K->21824K(109248K), 0,0304497 secs] 241409K->159689K(502464K), 0,0305350 secs] [Times: user=0,11 sys=0,01, real=0,03 secs] 
Heap after GC invocations=56 (full 2):
 par new generation   total 109248K, used 21824K [0x00000007a0000000, 0x00000007a8000000, 0x00000007a8000000)
  eden space 87424K,   0% used [0x00000007a0000000, 0x00000007a0000000, 0x00000007a5560000)
  from space 21824K, 100% used [0x00000007a5560000, 0x00000007a6ab0000, 0x00000007a6ab0000)
  to   space 21824K,   0% used [0x00000007a6ab0000, 0x00000007a6ab0000, 0x00000007a8000000)
 concurrent mark-sweep generation total 393216K, used 137865K [0x00000007a8000000, 0x00000007c0000000, 0x00000007c0000000)
 Metaspace       used 38676K, capacity 39222K, committed 39876K, reserved 1085440K
  class space    used 4357K, capacity 4565K, committed 4628K, reserved 1048576K
}
2016-09-07T20:12:15.859-0100: 648,507: Total time for which application threads were stopped: 0,0307420 seconds, Stopping threads took: 0,0000238 seconds
2016-09-07T20:12:15.860-0100: 648,507: Total time for which application threads were stopped: 0,0001987 seconds, Stopping threads took: 0,0000953 seconds
2016-09-07T20:12:15.909-0100: 648,556: Total time for which application threads were stopped: 0,0001160 seconds, Stopping threads took: 0,0000220 seconds
{Heap before GC invocations=56 (full 2):
 par new generation   total 109248K, used 109248K [0x00000007a0000000, 0x00000007a8000000, 0x00000007a8000000)
  eden space 87424K, 100% used [0x00000007a0000000, 0x00000007a5560000, 0x00000007a5560000)
  from space 21824K, 100% used [0x00000007a5560000, 0x00000007a6ab0000, 0x00000007a6ab0000)
  to   space 21824K,   0% used [0x00000007a6ab0000, 0x00000007a6ab0000, 0x00000007a8000000)
 concurrent mark-sweep generation total 393216K, used 137865K [0x00000007a8000000, 0x00000007c0000000, 0x00000007c0000000)
 Metaspace       used 38676K, capacity 39222K, committed 39876K, reserved 1085440K
  class space    used 4357K, capacity 4565K, committed 4628K, reserved 1048576K
2016-09-07T20:12:16.000-0100: 648,647: [GC (Allocation Failure) 2016-09-07T20:12:16.000-0100: 648,648: [ParNew
Desired survivor size 20112992 bytes, new threshold 6 (max 8)
- age   1:    3623120 bytes,    3623120 total
- age   2:    7589768 bytes,   11212888 total
- age   3:     779000 bytes,   11991888 total
- age   4:    5523872 bytes,   17515760 total
- age   5:     200824 bytes,   17716584 total
- age   6:    3437000 bytes,   21153584 total
: 109248K->21824K(109248K), 0,0200623 secs] 247113K->164350K(502464K), 0,0201531 secs] [Times: user=0,08 sys=0,00, real=0,02 secs] 
Heap after GC invocations=57 (full 2):
 par new generation   total 109248K, used 21824K [0x00000007a0000000, 0x00000007a8000000, 0x00000007a8000000)
  eden space 87424K,   0% used [0x00000007a0000000, 0x00000007a0000000, 0x00000007a5560000)
  from space 21824K, 100% used [0x00000007a6ab0000, 0x00000007a8000000, 0x00000007a8000000)
  to   space 21824K,   0% used [0x00000007a5560000, 0x00000007a5560000, 0x00000007a6ab0000)
 concurrent mark-sweep generation total 393216K, used 142526K [0x00000007a8000000, 0x00000007c0000000, 0x00000007c0000000)
 Metaspace       used 38676K, capacity 39222K, committed 39876K, reserved 1085440K
  class space    used 4357K, capacity 4565K, committed 4628K, reserved 1048576K
}
2016-09-07T20:12:16.020-0100: 648,668: Total time for which application threads were stopped: 0,0203483 seconds, Stopping threads took: 0,0000197 seconds
{Heap before GC invocations=57 (full 2):
 par new generation   total 109248K, used 109248K [0x00000007a0000000, 0x00000007a8000000, 0x00000007a8000000)
  eden space 87424K, 100% used [0x00000007a0000000, 0x00000007a5560000, 0x00000007a5560000)
  from space 21824K, 100% used [0x00000007a6ab0000, 0x00000007a8000000, 0x00000007a8000000)
  to   space 21824K,   0% used [0x00000007a5560000, 0x00000007a5560000, 0x00000007a6ab0000)
 concurrent mark-sweep generation total 393216K, used 142526K [0x00000007a8000000, 0x00000007c0000000, 0x00000007c0000000)
 Metaspace       used 38680K, capacity 39222K, committed 39876K, reserved 1085440K
  class space    used 4357K, capacity 4565K, committed 4628K, reserved 1048576K
2016-09-07T20:12:16.181-0100: 648,828: [GC (Allocation Failure) 2016-09-07T20:12:16.181-0100: 648,828: [ParNew
Desired survivor size 20112992 bytes, new threshold 8 (max 8)
- age   1:    6414920 bytes,    6414920 total
- age   2:    2113368 bytes,    8528288 total
- age   3:    5073736 bytes,   13602024 total
- age   4:     779000 bytes,   14381024 total
- age   5:    5519056 bytes,   19900080 total
- age   6:     200824 bytes,   20100904 total
: 109248K->21824K(109248K), 0,0213394 secs] 251774K->170107K(502464K), 0,0214231 secs] [Times: user=0,07 sys=0,00, real=0,02 secs] 
Heap after GC invocations=58 (full 2):
 par new generation   total 109248K, used 21824K [0x00000007a0000000, 0x00000007a8000000, 0x00000007a8000000)
  eden space 87424K,   0% used [0x00000007a0000000, 0x00000007a0000000, 0x00000007a5560000)
  from space 21824K, 100% used [0x00000007a5560000, 0x00000007a6ab0000, 0x00000007a6ab0000)
  to   space 21824K,   0% used [0x00000007a6ab0000, 0x00000007a6ab0000, 0x00000007a8000000)
 concurrent mark-sweep generation total 393216K, used 148283K [0x00000007a8000000, 0x00000007c0000000, 0x00000007c0000000)
 Metaspace       used 38680K, capacity 39222K, committed 39876K, reserved 1085440K
  class space    used 4357K, capacity 4565K, committed 4628K, reserved 1048576K
}
2016-09-07T20:12:16.202-0100: 648,850: Total time for which application threads were stopped: 0,0216219 seconds, Stopping threads took: 0,0000226 seconds
2016-09-07T20:12:16.203-0100: 648,850: Total time for which application threads were stopped: 0,0001790 seconds, Stopping threads took: 0,0000846 seconds
2016-09-07T20:12:16.306-0100: 648,953: Total time for which application threads were stopped: 0,0001132 seconds, Stopping threads took: 0,0000219 seconds
{Heap before GC invocations=58 (full 2):
 par new generation   total 109248K, used 109248K [0x00000007a0000000, 0x00000007a8000000, 0x00000007a8000000)
  eden space 87424K, 100% used [0x00000007a0000000, 0x00000007a5560000, 0x00000007a5560000)
  from space 21824K, 100% used [0x00000007a5560000, 0x00000007a6ab0000, 0x00000007a6ab0000)
  to   space 21824K,   0% used [0x00000007a6ab0000, 0x00000007a6ab0000, 0x00000007a8000000)
 concurrent mark-sweep generation total 393216K, used 148283K [0x00000007a8000000, 0x00000007c0000000, 0x00000007c0000000)
 Metaspace       used 38680K, capacity 39222K, committed 39876K, reserved 1085440K
  class space    used 4357K, capacity 4565K, committed 4628K, reserved 1048576K
2016-09-07T20:12:16.324-0100: 648,972: [GC (Allocation Failure) 2016-09-07T20:12:16.324-0100: 648,972: [ParNew
Desired survivor size 20112992 bytes, new threshold 8 (max 8)
- age   1:    1761216 bytes,    1761216 total
- age   2:    5148336 bytes,    6909552 total
- age   3:    1916248 bytes,    8825800 total
- age   4:    4671496 bytes,   13497296 total
- age   5:     778776 bytes,   14276072 total
- age   6:    5518472 bytes,   19794544 total
- age   7:     200824 bytes,   19995368 total
: 109248K->21824K(109248K), 0,0159330 secs] 257531K->171476K(502464K), 0,0160289 secs] [Times: user=0,06 sys=0,01, real=0,02 secs] 
Heap after GC invocations=59 (full 2):
 par new generation   total 109248K, used 21824K [0x00000007a0000000, 0x00000007a8000000, 0x00000007a8000000)
  eden space 87424K,   0% used [0x00000007a0000000, 0x00000007a0000000, 0x00000007a5560000)
  from space 21824K, 100% used [0x00000007a6ab0000, 0x00000007a8000000, 0x00000007a8000000)
  to   space 21824K,   0% used [0x00000007a5560000, 0x00000007a5560000, 0x00000007a6ab0000)
 concurrent mark-sweep generation total 393216K, used 149652K [0x00000007a8000000, 0x00000007c0000000, 0x00000007c0000000)
 Metaspace       used 38680K, capacity 39222K, committed 39876K, reserved 1085440K
  class space    used 4357K, capacity 4565K, committed 4628K, reserved 1048576K
}
2016-09-07T20:12:16.340-0100: 648,988: Total time for which application threads were stopped: 0,0162587 seconds, Stopping threads took: 0,0000282 seconds
2016-09-07T20:12:16.404-0100: 649,051: Total time for which application threads were stopped: 0,0001102 seconds, Stopping threads took: 0,0000224 seconds
{Heap before GC invocations=59 (full 2):
 par new generation   total 109248K, used 109248K [0x00000007a0000000, 0x00000007a8000000, 0x00000007a8000000)
  eden space 87424K, 100% used [0x00000007a0000000, 0x00000007a5560000, 0x00000007a5560000)
  from space 21824K, 100% used [0x00000007a6ab0000, 0x00000007a8000000, 0x00000007a8000000)
  to   space 21824K,   0% used [0x00000007a5560000, 0x00000007a5560000, 0x00000007a6ab0000)
 concurrent mark-sweep generation total 393216K, used 149652K [0x00000007a8000000, 0x00000007c0000000, 0x00000007c0000000)
 Metaspace       used 38691K, capacity 39222K, committed 39876K, reserved 1085440K
  class space    used 4357K, capacity 4565K, committed 4628K, reserved 1048576K
2016-09-07T20:12:16.531-0100: 649,179: [GC (Allocation Failure) 2016-09-07T20:12:16.531-0100: 649,179: [ParNew
Desired survivor size 20112992 bytes, new threshold 7 (max 8)
- age   1:    4916256 bytes,    4916256 total
- age   2:      23864 bytes,    4940120 total
- age   3:    4122936 bytes,    9063056 total
- age   4:    1916248 bytes,   10979304 total
- age   5:    4669856 bytes,   15649160 total
- age   6:     778776 bytes,   16427936 total
- age   7:    5518472 bytes,   21946408 total
- age   8:     200824 bytes,   22147232 total
: 109248K->21824K(109248K), 0,0237591 secs] 258900K->180366K(502464K), 0,0238520 secs] [Times: user=0,08 sys=0,00, real=0,02 secs] 
Heap after GC invocations=60 (full 2):
 par new generation   total 109248K, used 21824K [0x00000007a0000000, 0x00000007a8000000, 0x00000007a8000000)
  eden space 87424K,   0% used [0x00000007a0000000, 0x00000007a0000000, 0x00000007a5560000)
  from space 21824K, 100% used [0x00000007a5560000, 0x00000007a6ab0000, 0x00000007a6ab0000)
  to   space 21824K,   0% used [0x00000007a6ab0000, 0x00000007a6ab0000, 0x00000007a8000000)
 concurrent mark-sweep generation total 393216K, used 158542K [0x00000007a8000000, 0x00000007c0000000, 0x00000007c0000000)
 Metaspace       used 38691K, capacity 39222K, committed 39876K, reserved 1085440K
  class space    used 4357K, capacity 4565K, committed 4628K, reserved 1048576K
}
2016-09-07T20:12:16.555-0100: 649,203: Total time for which application threads were stopped: 0,0240869 seconds, Stopping threads took: 0,0000277 seconds
2016-09-07T20:12:16.556-0100: 649,203: Total time for which application threads were stopped: 0,0001741 seconds, Stopping threads took: 0,0000780 seconds
2016-09-07T20:12:16.556-0100: 649,203: Total time for which application threads were stopped: 0,0001025 seconds, Stopping threads took: 0,0000539 seconds
2016-09-07T20:12:16.563-0100: 649,211: Total time for which application threads were stopped: 0,0001060 seconds, Stopping threads took: 0,0000218 seconds
{Heap before GC invocations=60 (full 2):
 par new generation   total 109248K, used 109248K [0x00000007a0000000, 0x00000007a8000000, 0x00000007a8000000)
  eden space 87424K, 100% used [0x00000007a0000000, 0x00000007a5560000, 0x00000007a5560000)
  from space 21824K, 100% used [0x00000007a5560000, 0x00000007a6ab0000, 0x00000007a6ab0000)
  to   space 21824K,   0% used [0x00000007a6ab0000, 0x00000007a6ab0000, 0x00000007a8000000)
 concurrent mark-sweep generation total 393216K, used 158542K [0x00000007a8000000, 0x00000007c0000000, 0x00000007c0000000)
 Metaspace       used 38698K, capacity 39222K, committed 39876K, reserved 1085440K
  class space    used 4357K, capacity 4565K, committed 4628K, reserved 1048576K
2016-09-07T20:12:16.710-0100: 649,358: [GC (Allocation Failure) 2016-09-07T20:12:16.711-0100: 649,358: [ParNew
Desired survivor size 20112992 bytes, new threshold 6 (max 8)
- age   1:    8670208 bytes,    8670208 total
- age   2:     890480 bytes,    9560688 total
- age   3:      23824 bytes,    9584512 total
- age   4:    4122856 bytes,   13707368 total
- age   5:    1916248 bytes,   15623616 total
- age   6:    4667008 bytes,   20290624 total
- age   7:     778776 bytes,   21069400 total
: 109248K->21824K(109248K), 0,0245216 secs] 267790K->189386K(502464K), 0,0248598 secs] [Times: user=0,08 sys=0,01, real=0,02 secs] 
Heap after GC invocations=61 (full 2):
 par new generation   total 109248K, used 21824K [0x00000007a0000000, 0x00000007a8000000, 0x00000007a8000000)
  eden space 87424K,   0% used [0x00000007a0000000, 0x00000007a0000000, 0x00000007a5560000)
  from space 21824K, 100% used [0x00000007a6ab0000, 0x00000007a8000000, 0x00000007a8000000)
  to   space 21824K,   0% used [0x00000007a5560000, 0x00000007a5560000, 0x00000007a6ab0000)
 concurrent mark-sweep generation total 393216K, used 167562K [0x00000007a8000000, 0x00000007c0000000, 0x00000007c0000000)
 Metaspace       used 38698K, capacity 39222K, committed 39876K, reserved 1085440K
  class space    used 4357K, capacity 4565K, committed 4628K, reserved 1048576K
}
2016-09-07T20:12:16.735-0100: 649,383: Total time for which application threads were stopped: 0,0251201 seconds, Stopping threads took: 0,0000228 seconds
2016-09-07T20:12:16.736-0100: 649,383: Total time for which application threads were stopped: 0,0002449 seconds, Stopping threads took: 0,0001153 seconds
{Heap before GC invocations=61 (full 2):
 par new generation   total 109248K, used 109248K [0x00000007a0000000, 0x00000007a8000000, 0x00000007a8000000)
  eden space 87424K, 100% used [0x00000007a0000000, 0x00000007a5560000, 0x00000007a5560000)
  from space 21824K, 100% used [0x00000007a6ab0000, 0x00000007a8000000, 0x00000007a8000000)
  to   space 21824K,   0% used [0x00000007a5560000, 0x00000007a5560000, 0x00000007a6ab0000)
 concurrent mark-sweep generation total 393216K, used 167562K [0x00000007a8000000, 0x00000007c0000000, 0x00000007c0000000)
 Metaspace       used 38698K, capacity 39222K, committed 39876K, reserved 1085440K
  class space    used 4357K, capacity 4565K, committed 4628K, reserved 1048576K
2016-09-07T20:12:16.863-0100: 649,511: [GC (Allocation Failure) 2016-09-07T20:12:16.863-0100: 649,511: [ParNew
Desired survivor size 20112992 bytes, new threshold 8 (max 8)
- age   1:    3678112 bytes,    3678112 total
- age   2:    7891576 bytes,   11569688 total
- age   3:     804032 bytes,   12373720 total
- age   4:      23824 bytes,   12397544 total
- age   5:    4122856 bytes,   16520400 total
- age   6:    1907768 bytes,   18428168 total
: 109248K->21824K(109248K), 0,0191203 secs] 276810K->195517K(502464K), 0,0192124 secs] [Times: user=0,06 sys=0,00, real=0,02 secs] 
Heap after GC invocations=62 (full 2):
 par new generation   total 109248K, used 21824K [0x00000007a0000000, 0x00000007a8000000, 0x00000007a8000000)
  eden space 87424K,   0% used [0x00000007a0000000, 0x00000007a0000000, 0x00000007a5560000)
  from space 21824K, 100% used [0x00000007a5560000, 0x00000007a6ab0000, 0x00000007a6ab0000)
  to   space 21824K,   0% used [0x00000007a6ab0000, 0x00000007a6ab0000, 0x00000007a8000000)
 concurrent mark-sweep generation total 393216K, used 173693K [0x00000007a8000000, 0x00000007c0000000, 0x00000007c0000000)
 Metaspace       used 38698K, capacity 39222K, committed 39876K, reserved 1085440K
  class space    used 4357K, capacity 4565K, committed 4628K, reserved 1048576K
}
2016-09-07T20:12:16.882-0100: 649,530: Total time for which application threads were stopped: 0,0194045 seconds, Stopping threads took: 0,0000218 seconds
2016-09-07T20:12:17.078-0100: 649,725: Total time for which application threads were stopped: 0,0001322 seconds, Stopping threads took: 0,0000247 seconds
{Heap before GC invocations=62 (full 2):
 par new generation   total 109248K, used 109248K [0x00000007a0000000, 0x00000007a8000000, 0x00000007a8000000)
  eden space 87424K, 100% used [0x00000007a0000000, 0x00000007a5560000, 0x00000007a5560000)
  from space 21824K, 100% used [0x00000007a5560000, 0x00000007a6ab0000, 0x00000007a6ab0000)
  to   space 21824K,   0% used [0x00000007a6ab0000, 0x00000007a6ab0000, 0x00000007a8000000)
 concurrent mark-sweep generation total 393216K, used 173693K [0x00000007a8000000, 0x00000007c0000000, 0x00000007c0000000)
 Metaspace       used 38706K, capacity 39222K, committed 39876K, reserved 1085440K
  class space    used 4357K, capacity 4565K, committed 4628K, reserved 1048576K
2016-09-07T20:12:17.209-0100: 649,856: [GC (Allocation Failure) 2016-09-07T20:12:17.209-0100: 649,856: [ParNew
Desired survivor size 20112992 bytes, new threshold 8 (max 8)
- age   1:    6090512 bytes,    6090512 total
- age   2:     654744 bytes,    6745256 total
- age   3:    5227136 bytes,   11972392 total
- age   4:     790192 bytes,   12762584 total
- age   5:      23824 bytes,   12786408 total
- age   6:    4088152 bytes,   16874560 total
- age   7:    1799664 bytes,   18674224 total
: 109248K->21824K(109248K), 0,0180458 secs] 282941K->199006K(502464K), 0,0181281 secs] [Times: user=0,07 sys=0,00, real=0,02 secs] 
Heap after GC invocations=63 (full 2):
 par new generation   total 109248K, used 21824K [0x00000007a0000000, 0x00000007a8000000, 0x00000007a8000000)
  eden space 87424K,   0% used [0x00000007a0000000, 0x00000007a0000000, 0x00000007a5560000)
  from space 21824K, 100% used [0x00000007a6ab0000, 0x00000007a8000000, 0x00000007a8000000)
  to   space 21824K,   0% used [0x00000007a5560000, 0x00000007a5560000, 0x00000007a6ab0000)
 concurrent mark-sweep generation total 393216K, used 177182K [0x00000007a8000000, 0x00000007c0000000, 0x00000007c0000000)
 Metaspace       used 38706K, capacity 39222K, committed 39876K, reserved 1085440K
  class space    used 4357K, capacity 4565K, committed 4628K, reserved 1048576K
}
2016-09-07T20:12:17.227-0100: 649,874: Total time for which application threads were stopped: 0,0183641 seconds, Stopping threads took: 0,0000266 seconds
2016-09-07T20:12:17.227-0100: 649,875: Total time for which application threads were stopped: 0,0001720 seconds, Stopping threads took: 0,0000953 seconds
2016-09-07T20:12:17.228-0100: 649,875: Total time for which application threads were stopped: 0,0002112 seconds, Stopping threads took: 0,0000596 seconds
2016-09-07T20:12:17.236-0100: 649,884: Total time for which application threads were stopped: 0,0001447 seconds, Stopping threads took: 0,0000584 seconds
2016-09-07T20:12:17.379-0100: 650,026: Total time for which application threads were stopped: 0,0001086 seconds, Stopping threads took: 0,0000224 seconds
2016-09-07T20:12:17.540-0100: 650,187: Total time for which application threads were stopped: 0,0002598 seconds, Stopping threads took: 0,0000237 seconds
{Heap before GC invocations=63 (full 2):
 par new generation   total 109248K, used 109248K [0x00000007a0000000, 0x00000007a8000000, 0x00000007a8000000)
  eden space 87424K, 100% used [0x00000007a0000000, 0x00000007a5560000, 0x00000007a5560000)
  from space 21824K, 100% used [0x00000007a6ab0000, 0x00000007a8000000, 0x00000007a8000000)
  to   space 21824K,   0% used [0x00000007a5560000, 0x00000007a5560000, 0x00000007a6ab0000)
 concurrent mark-sweep generation total 393216K, used 177182K [0x00000007a8000000, 0x00000007c0000000, 0x00000007c0000000)
 Metaspace       used 38723K, capacity 39286K, committed 39876K, reserved 1085440K
  class space    used 4357K, capacity 4565K, committed 4628K, reserved 1048576K
2016-09-07T20:12:17.754-0100: 650,401: [GC (Allocation Failure) 2016-09-07T20:12:17.754-0100: 650,401: [ParNew
Desired survivor size 20112992 bytes, new threshold 7 (max 8)
- age   1:    7383840 bytes,    7383840 total
- age   2:    2557576 bytes,    9941416 total
- age   3:     653600 bytes,   10595016 total
- age   4:    5221104 bytes,   15816120 total
- age   5:     789328 bytes,   16605448 total
- age   6:      23824 bytes,   16629272 total
- age   7:    4055744 bytes,   20685016 total
- age   8:    1656200 bytes,   22341216 total
: 109248K->21824K(109248K), 0,0236186 secs] 286430K->211223K(502464K), 0,0237142 secs] [Times: user=0,07 sys=0,00, real=0,02 secs] 
Heap after GC invocations=64 (full 2):
 par new generation   total 109248K, used 21824K [0x00000007a0000000, 0x00000007a8000000, 0x00000007a8000000)
  eden space 87424K,   0% used [0x00000007a0000000, 0x00000007a0000000, 0x00000007a5560000)
  from space 21824K, 100% used [0x00000007a5560000, 0x00000007a6ab0000, 0x00000007a6ab0000)
  to   space 21824K,   0% used [0x00000007a6ab0000, 0x00000007a6ab0000, 0x00000007a8000000)
 concurrent mark-sweep generation total 393216K, used 189399K [0x00000007a8000000, 0x00000007c0000000, 0x00000007c0000000)
 Metaspace       used 38723K, capacity 39286K, committed 39876K, reserved 1085440K
  class space    used 4357K, capacity 4565K, committed 4628K, reserved 1048576K
}
2016-09-07T20:12:17.778-0100: 650,425: Total time for which application threads were stopped: 0,0239289 seconds, Stopping threads took: 0,0000244 seconds
2016-09-07T20:12:17.889-0100: 650,537: Total time for which application threads were stopped: 0,0003499 seconds, Stopping threads took: 0,0000433 seconds
{Heap before GC invocations=64 (full 2):
 par new generation   total 109248K, used 109248K [0x00000007a0000000, 0x00000007a8000000, 0x00000007a8000000)
  eden space 87424K, 100% used [0x00000007a0000000, 0x00000007a5560000, 0x00000007a5560000)
  from space 21824K, 100% used [0x00000007a5560000, 0x00000007a6ab0000, 0x00000007a6ab0000)
  to   space 21824K,   0% used [0x00000007a6ab0000, 0x00000007a6ab0000, 0x00000007a8000000)
 concurrent mark-sweep generation total 393216K, used 189399K [0x00000007a8000000, 0x00000007c0000000, 0x00000007c0000000)
 Metaspace       used 38742K, capacity 39286K, committed 39876K, reserved 1085440K
  class space    used 4357K, capacity 4565K, committed 4628K, reserved 1048576K
2016-09-07T20:12:18.182-0100: 650,829: [GC (Allocation Failure) 2016-09-07T20:12:18.182-0100: 650,829: [ParNew
Desired survivor size 20112992 bytes, new threshold 5 (max 8)
- age   1:    7128072 bytes,    7128072 total
- age   2:    6005408 bytes,   13133480 total
- age   3:    2557096 bytes,   15690576 total
- age   4:     653600 bytes,   16344176 total
- age   5:    5206688 bytes,   21550864 total
- age   6:     763232 bytes,   22314096 total
- age   7:      23824 bytes,   22337920 total
: 109248K->21824K(109248K), 0,0262116 secs] 298647K->230020K(502464K), 0,0263104 secs] [Times: user=0,09 sys=0,01, real=0,02 secs] 
Heap after GC invocations=65 (full 2):
 par new generation   total 109248K, used 21824K [0x00000007a0000000, 0x00000007a8000000, 0x00000007a8000000)
  eden space 87424K,   0% used [0x00000007a0000000, 0x00000007a0000000, 0x00000007a5560000)
  from space 21824K, 100% used [0x00000007a6ab0000, 0x00000007a8000000, 0x00000007a8000000)
  to   space 21824K,   0% used [0x00000007a5560000, 0x00000007a5560000, 0x00000007a6ab0000)
 concurrent mark-sweep generation total 393216K, used 208196K [0x00000007a8000000, 0x00000007c0000000, 0x00000007c0000000)
 Metaspace       used 38742K, capacity 39286K, committed 39876K, reserved 1085440K
  class space    used 4357K, capacity 4565K, committed 4628K, reserved 1048576K
}
2016-09-07T20:12:18.208-0100: 650,856: Total time for which application threads were stopped: 0,0265146 seconds, Stopping threads took: 0,0000234 seconds
2016-09-07T20:12:18.208-0100: 650,856: [GC (CMS Initial Mark) [1 CMS-initial-mark: 208196K(393216K)] 230501K(502464K), 0,0052001 secs] [Times: user=0,02 sys=0,00, real=0,01 secs] 
2016-09-07T20:12:18.214-0100: 650,861: Total time for which application threads were stopped: 0,0054233 seconds, Stopping threads took: 0,0001040 seconds
2016-09-07T20:12:18.214-0100: 650,861: [CMS-concurrent-mark-start]
2016-09-07T20:12:18.238-0100: 650,885: [CMS-concurrent-mark: 0,024/0,024 secs] [Times: user=0,09 sys=0,00, real=0,02 secs] 
2016-09-07T20:12:18.238-0100: 650,885: [CMS-concurrent-preclean-start]
2016-09-07T20:12:18.239-0100: 650,887: [CMS-concurrent-preclean: 0,001/0,001 secs] [Times: user=0,00 sys=0,00, real=0,00 secs] 
2016-09-07T20:12:18.239-0100: 650,887: [CMS-concurrent-abortable-preclean-start]
{Heap before GC invocations=65 (full 3):
 par new generation   total 109248K, used 109248K [0x00000007a0000000, 0x00000007a8000000, 0x00000007a8000000)
  eden space 87424K, 100% used [0x00000007a0000000, 0x00000007a5560000, 0x00000007a5560000)
  from space 21824K, 100% used [0x00000007a6ab0000, 0x00000007a8000000, 0x00000007a8000000)
  to   space 21824K,   0% used [0x00000007a5560000, 0x00000007a5560000, 0x00000007a6ab0000)
 concurrent mark-sweep generation total 393216K, used 208196K [0x00000007a8000000, 0x00000007c0000000, 0x00000007c0000000)
 Metaspace       used 38744K, capacity 39286K, committed 39876K, reserved 1085440K
  class space    used 4357K, capacity 4565K, committed 4628K, reserved 1048576K
2016-09-07T20:12:18.375-0100: 651,023: [GC (Allocation Failure) 2016-09-07T20:12:18.375-0100: 651,023: [ParNew2016-09-07T20:12:18.408-0100: 651,055: [CMS-concurrent-abortable-preclean: 0,063/0,168 secs] [Times: user=0,29 sys=0,01, real=0,17 secs] 

Desired survivor size 20112992 bytes, new threshold 8 (max 8)
- age   1:    3819328 bytes,    3819328 total
- age   2:    6771696 bytes,   10591024 total
- age   3:    5712992 bytes,   16304016 total
- age   4:    2556496 bytes,   18860512 total
- age   5:     653528 bytes,   19514040 total
: 109248K->21824K(109248K), 0,0385661 secs] 317444K->244184K(502464K), 0,0386482 secs] [Times: user=0,08 sys=0,01, real=0,04 secs] 
Heap after GC invocations=66 (full 3):
 par new generation   total 109248K, used 21824K [0x00000007a0000000, 0x00000007a8000000, 0x00000007a8000000)
  eden space 87424K,   0% used [0x00000007a0000000, 0x00000007a0000000, 0x00000007a5560000)
  from space 21824K, 100% used [0x00000007a5560000, 0x00000007a6ab0000, 0x00000007a6ab0000)
  to   space 21824K,   0% used [0x00000007a6ab0000, 0x00000007a6ab0000, 0x00000007a8000000)
 concurrent mark-sweep generation total 393216K, used 222360K [0x00000007a8000000, 0x00000007c0000000, 0x00000007c0000000)
 Metaspace       used 38744K, capacity 39286K, committed 39876K, reserved 1085440K
  class space    used 4357K, capacity 4565K, committed 4628K, reserved 1048576K
}
2016-09-07T20:12:18.414-0100: 651,061: Total time for which application threads were stopped: 0,0388767 seconds, Stopping threads took: 0,0000208 seconds
2016-09-07T20:12:18.414-0100: 651,062: [GC (CMS Final Remark) [YG occupancy: 22748 K (109248 K)]{Heap before GC invocations=66 (full 3):
 par new generation   total 109248K, used 22748K [0x00000007a0000000, 0x00000007a8000000, 0x00000007a8000000)
  eden space 87424K,   1% used [0x00000007a0000000, 0x00000007a00e71a0, 0x00000007a5560000)
  from space 21824K, 100% used [0x00000007a5560000, 0x00000007a6ab0000, 0x00000007a6ab0000)
  to   space 21824K,   0% used [0x00000007a6ab0000, 0x00000007a6ab0000, 0x00000007a8000000)
 concurrent mark-sweep generation total 393216K, used 222360K [0x00000007a8000000, 0x00000007c0000000, 0x00000007c0000000)
 Metaspace       used 38744K, capacity 39286K, committed 39876K, reserved 1085440K
  class space    used 4357K, capacity 4565K, committed 4628K, reserved 1048576K
2016-09-07T20:12:18.414-0100: 651,062: [GC (CMS Final Remark) 2016-09-07T20:12:18.414-0100: 651,062: [ParNew
Desired survivor size 20112992 bytes, new threshold 8 (max 8)
- age   1:        104 bytes,        104 total
- age   2:    3454576 bytes,    3454680 total
- age   3:    6771696 bytes,   10226376 total
- age   4:    5712992 bytes,   15939368 total
- age   5:    2556496 bytes,   18495864 total
- age   6:     653528 bytes,   19149392 total
: 22748K->21824K(109248K), 0,0125662 secs] 245108K->244561K(502464K), 0,0126224 secs] [Times: user=0,05 sys=0,00, real=0,01 secs] 
Heap after GC invocations=67 (full 3):
 par new generation   total 109248K, used 21824K [0x00000007a0000000, 0x00000007a8000000, 0x00000007a8000000)
  eden space 87424K,   0% used [0x00000007a0000000, 0x00000007a0000000, 0x00000007a5560000)
  from space 21824K, 100% used [0x00000007a6ab0000, 0x00000007a8000000, 0x00000007a8000000)
  to   space 21824K,   0% used [0x00000007a5560000, 0x00000007a5560000, 0x00000007a6ab0000)
 concurrent mark-sweep generation total 393216K, used 222737K [0x00000007a8000000, 0x00000007c0000000, 0x00000007c0000000)
 Metaspace       used 38744K, capacity 39286K, committed 39876K, reserved 1085440K
  class space    used 4357K, capacity 4565K, committed 4628K, reserved 1048576K
}
2016-09-07T20:12:18.427-0100: 651,074: [Rescan (parallel) , 0,0078613 secs]2016-09-07T20:12:18.435-0100: 651,082: [weak refs processing, 0,0083749 secs]2016-09-07T20:12:18.443-0100: 651,091: [class unloading, 0,0089090 secs]2016-09-07T20:12:18.452-0100: 651,100: [scrub symbol table, 0,0169169 secs]2016-09-07T20:12:18.469-0100: 651,117: [scrub string table, 0,0009394 secs][1 CMS-remark: 222737K(393216K)] 244561K(502464K), 0,0561015 secs] [Times: user=0,13 sys=0,00, real=0,06 secs] 
2016-09-07T20:12:18.470-0100: 651,118: Total time for which application threads were stopped: 0,0563396 seconds, Stopping threads took: 0,0000958 seconds
2016-09-07T20:12:18.471-0100: 651,118: [CMS-concurrent-sweep-start]
2016-09-07T20:12:18.575-0100: 651,222: [CMS-concurrent-sweep: 0,103/0,103 secs] [Times: user=0,20 sys=0,00, real=0,10 secs] 
2016-09-07T20:12:18.575-0100: 651,222: [CMS-concurrent-reset-start]
2016-09-07T20:12:18.575-0100: 651,222: [CMS-concurrent-reset: 0,000/0,000 secs] [Times: user=0,00 sys=0,00, real=0,00 secs] 
{Heap before GC invocations=67 (full 3):
 par new generation   total 109248K, used 109248K [0x00000007a0000000, 0x00000007a8000000, 0x00000007a8000000)
  eden space 87424K, 100% used [0x00000007a0000000, 0x00000007a5560000, 0x00000007a5560000)
  from space 21824K, 100% used [0x00000007a6ab0000, 0x00000007a8000000, 0x00000007a8000000)
  to   space 21824K,   0% used [0x00000007a5560000, 0x00000007a5560000, 0x00000007a6ab0000)
 concurrent mark-sweep generation total 393216K, used 92277K [0x00000007a8000000, 0x00000007c0000000, 0x00000007c0000000)
 Metaspace       used 38744K, capacity 39286K, committed 39876K, reserved 1085440K
  class space    used 4357K, capacity 4565K, committed 4628K, reserved 1048576K
2016-09-07T20:12:18.633-0100: 651,280: [GC (Allocation Failure) 2016-09-07T20:12:18.633-0100: 651,280: [ParNew
Desired survivor size 20112992 bytes, new threshold 8 (max 8)
- age   1:        352 bytes,        352 total
- age   3:    3288336 bytes,    3288688 total
- age   4:    6760312 bytes,   10049000 total
- age   5:    4671288 bytes,   14720288 total
- age   6:    2178592 bytes,   16898880 total
- age   7:     625024 bytes,   17523904 total
: 109248K->21824K(109248K), 0,0107932 secs] 201525K->114101K(502464K), 0,0108815 secs] [Times: user=0,04 sys=0,00, real=0,01 secs] 
Heap after GC invocations=68 (full 3):
 par new generation   total 109248K, used 21824K [0x00000007a0000000, 0x00000007a8000000, 0x00000007a8000000)
  eden space 87424K,   0% used [0x00000007a0000000, 0x00000007a0000000, 0x00000007a5560000)
  from space 21824K, 100% used [0x00000007a5560000, 0x00000007a6ab0000, 0x00000007a6ab0000)
  to   space 21824K,   0% used [0x00000007a6ab0000, 0x00000007a6ab0000, 0x00000007a8000000)
 concurrent mark-sweep generation total 393216K, used 92277K [0x00000007a8000000, 0x00000007c0000000, 0x00000007c0000000)
 Metaspace       used 38744K, capacity 39286K, committed 39876K, reserved 1085440K
  class space    used 4357K, capacity 4565K, committed 4628K, reserved 1048576K
}
2016-09-07T20:12:18.644-0100: 651,291: Total time for which application threads were stopped: 0,0110755 seconds, Stopping threads took: 0,0000211 seconds
{Heap before GC invocations=68 (full 3):
 par new generation   total 109248K, used 109248K [0x00000007a0000000, 0x00000007a8000000, 0x00000007a8000000)
  eden space 87424K, 100% used [0x00000007a0000000, 0x00000007a5560000, 0x00000007a5560000)
  from space 21824K, 100% used [0x00000007a5560000, 0x00000007a6ab0000, 0x00000007a6ab0000)
  to   space 21824K,   0% used [0x00000007a6ab0000, 0x00000007a6ab0000, 0x00000007a8000000)
 concurrent mark-sweep generation total 393216K, used 92277K [0x00000007a8000000, 0x00000007c0000000, 0x00000007c0000000)
 Metaspace       used 38744K, capacity 39286K, committed 39876K, reserved 1085440K
  class space    used 4357K, capacity 4565K, committed 4628K, reserved 1048576K
2016-09-07T20:12:18.792-0100: 651,439: [GC (Allocation Failure) 2016-09-07T20:12:18.792-0100: 651,439: [ParNew
Desired survivor size 20112992 bytes, new threshold 8 (max 8)
- age   1:        800 bytes,        800 total
- age   4:    3076912 bytes,    3077712 total
- age   5:    6760312 bytes,    9838024 total
- age   6:    4671288 bytes,   14509312 total
- age   7:    2164448 bytes,   16673760 total
- age   8:     625024 bytes,   17298784 total
: 109248K->21824K(109248K), 0,0111237 secs] 201525K->114332K(502464K), 0,0111938 secs] [Times: user=0,04 sys=0,01, real=0,01 secs] 
Heap after GC invocations=69 (full 3):
 par new generation   total 109248K, used 21824K [0x00000007a0000000, 0x00000007a8000000, 0x00000007a8000000)
  eden space 87424K,   0% used [0x00000007a0000000, 0x00000007a0000000, 0x00000007a5560000)
  from space 21824K, 100% used [0x00000007a6ab0000, 0x00000007a8000000, 0x00000007a8000000)
  to   space 21824K,   0% used [0x00000007a5560000, 0x00000007a5560000, 0x00000007a6ab0000)
 concurrent mark-sweep generation total 393216K, used 92508K [0x00000007a8000000, 0x00000007c0000000, 0x00000007c0000000)
 Metaspace       used 38744K, capacity 39286K, committed 39876K, reserved 1085440K
  class space    used 4357K, capacity 4565K, committed 4628K, reserved 1048576K
}
2016-09-07T20:12:18.803-0100: 651,451: Total time for which application threads were stopped: 0,0114207 seconds, Stopping threads took: 0,0000191 seconds
{Heap before GC invocations=69 (full 3):
 par new generation   total 109248K, used 109248K [0x00000007a0000000, 0x00000007a8000000, 0x00000007a8000000)
  eden space 87424K, 100% used [0x00000007a0000000, 0x00000007a5560000, 0x00000007a5560000)
  from space 21824K, 100% used [0x00000007a6ab0000, 0x00000007a8000000, 0x00000007a8000000)
  to   space 21824K,   0% used [0x00000007a5560000, 0x00000007a5560000, 0x00000007a6ab0000)
 concurrent mark-sweep generation total 393216K, used 92508K [0x00000007a8000000, 0x00000007c0000000, 0x00000007c0000000)
 Metaspace       used 38744K, capacity 39286K, committed 39876K, reserved 1085440K
  class space    used 4357K, capacity 4565K, committed 4628K, reserved 1048576K
2016-09-07T20:12:18.971-0100: 651,619: [GC (Allocation Failure) 2016-09-07T20:12:18.971-0100: 651,619: [ParNew
Desired survivor size 20112992 bytes, new threshold 8 (max 8)
- age   1:       1400 bytes,       1400 total
- age   2:         96 bytes,       1496 total
- age   5:    3076912 bytes,    3078408 total
- age   6:    6760312 bytes,    9838720 total
- age   7:    4671288 bytes,   14510008 total
- age   8:    2164448 bytes,   16674456 total
: 109248K->21456K(109248K), 0,0106767 secs] 201756K->114574K(502464K), 0,0107473 secs] [Times: user=0,04 sys=0,00, real=0,01 secs] 
Heap after GC invocations=70 (full 3):
 par new generation   total 109248K, used 21456K [0x00000007a0000000, 0x00000007a8000000, 0x00000007a8000000)
  eden space 87424K,   0% used [0x00000007a0000000, 0x00000007a0000000, 0x00000007a5560000)
  from space 21824K,  98% used [0x00000007a5560000, 0x00000007a6a54000, 0x00000007a6ab0000)
  to   space 21824K,   0% used [0x00000007a6ab0000, 0x00000007a6ab0000, 0x00000007a8000000)
 concurrent mark-sweep generation total 393216K, used 93118K [0x00000007a8000000, 0x00000007c0000000, 0x00000007c0000000)
 Metaspace       used 38744K, capacity 39286K, committed 39876K, reserved 1085440K
  class space    used 4357K, capacity 4565K, committed 4628K, reserved 1048576K
}
2016-09-07T20:12:18.982-0100: 651,630: Total time for which application threads were stopped: 0,0109395 seconds, Stopping threads took: 0,0000220 seconds
{Heap before GC invocations=70 (full 3):
 par new generation   total 109248K, used 108880K [0x00000007a0000000, 0x00000007a8000000, 0x00000007a8000000)
  eden space 87424K, 100% used [0x00000007a0000000, 0x00000007a5560000, 0x00000007a5560000)
  from space 21824K,  98% used [0x00000007a5560000, 0x00000007a6a54000, 0x00000007a6ab0000)
  to   space 21824K,   0% used [0x00000007a6ab0000, 0x00000007a6ab0000, 0x00000007a8000000)
 concurrent mark-sweep generation total 393216K, used 93118K [0x00000007a8000000, 0x00000007c0000000, 0x00000007c0000000)
 Metaspace       used 38744K, capacity 39286K, committed 39876K, reserved 1085440K
  class space    used 4357K, capacity 4565K, committed 4628K, reserved 1048576K
2016-09-07T20:12:19.146-0100: 651,793: [GC (Allocation Failure) 2016-09-07T20:12:19.146-0100: 651,793: [ParNew
Desired survivor size 20112992 bytes, new threshold 8 (max 8)
- age   1:    3471992 bytes,    3471992 total
- age   2:         48 bytes,    3472040 total
- age   3:         96 bytes,    3472136 total
- age   6:    2675888 bytes,    6148024 total
- age   7:    6760368 bytes,   12908392 total
- age   8:    4671288 bytes,   17579680 total
: 108880K->21824K(109248K), 0,0114610 secs] 201998K->117056K(502464K), 0,0115304 secs] [Times: user=0,04 sys=0,00, real=0,01 secs] 
Heap after GC invocations=71 (full 3):
 par new generation   total 109248K, used 21824K [0x00000007a0000000, 0x00000007a8000000, 0x00000007a8000000)
  eden space 87424K,   0% used [0x00000007a0000000, 0x00000007a0000000, 0x00000007a5560000)
  from space 21824K, 100% used [0x00000007a6ab0000, 0x00000007a8000000, 0x00000007a8000000)
  to   space 21824K,   0% used [0x00000007a5560000, 0x00000007a5560000, 0x00000007a6ab0000)
 concurrent mark-sweep generation total 393216K, used 95232K [0x00000007a8000000, 0x00000007c0000000, 0x00000007c0000000)
 Metaspace       used 38744K, capacity 39286K, committed 39876K, reserved 1085440K
  class space    used 4357K, capacity 4565K, committed 4628K, reserved 1048576K
}
2016-09-07T20:12:19.157-0100: 651,805: Total time for which application threads were stopped: 0,0117208 seconds, Stopping threads took: 0,0000213 seconds
{Heap before GC invocations=71 (full 3):
 par new generation   total 109248K, used 109248K [0x00000007a0000000, 0x00000007a8000000, 0x00000007a8000000)
  eden space 87424K, 100% used [0x00000007a0000000, 0x00000007a5560000, 0x00000007a5560000)
  from space 21824K, 100% used [0x00000007a6ab0000, 0x00000007a8000000, 0x00000007a8000000)
  to   space 21824K,   0% used [0x00000007a5560000, 0x00000007a5560000, 0x00000007a6ab0000)
 concurrent mark-sweep generation total 393216K, used 95232K [0x00000007a8000000, 0x00000007c0000000, 0x00000007c0000000)
 Metaspace       used 38749K, capacity 39286K, committed 39876K, reserved 1085440K
  class space    used 4357K, capacity 4565K, committed 4628K, reserved 1048576K
2016-09-07T20:12:19.300-0100: 651,948: [GC (Allocation Failure) 2016-09-07T20:12:19.300-0100: 651,948: [ParNew
Desired survivor size 20112992 bytes, new threshold 8 (max 8)
- age   1:    2329608 bytes,    2329608 total
- age   2:    3061080 bytes,    5390688 total
- age   3:         48 bytes,    5390736 total
- age   4:         96 bytes,    5390832 total
- age   7:    2601912 bytes,    7992744 total
- age   8:    6760312 bytes,   14753056 total
: 109248K->21824K(109248K), 0,0127934 secs] 204480K->121637K(502464K), 0,0128812 secs] [Times: user=0,05 sys=0,00, real=0,01 secs] 
Heap after GC invocations=72 (full 3):
 par new generation   total 109248K, used 21824K [0x00000007a0000000, 0x00000007a8000000, 0x00000007a8000000)
  eden space 87424K,   0% used [0x00000007a0000000, 0x00000007a0000000, 0x00000007a5560000)
  from space 21824K, 100% used [0x00000007a5560000, 0x00000007a6ab0000, 0x00000007a6ab0000)
  to   space 21824K,   0% used [0x00000007a6ab0000, 0x00000007a6ab0000, 0x00000007a8000000)
 concurrent mark-sweep generation total 393216K, used 99813K [0x00000007a8000000, 0x00000007c0000000, 0x00000007c0000000)
 Metaspace       used 38749K, capacity 39286K, committed 39876K, reserved 1085440K
  class space    used 4357K, capacity 4565K, committed 4628K, reserved 1048576K
}
2016-09-07T20:12:19.313-0100: 651,961: Total time for which application threads were stopped: 0,0130946 seconds, Stopping threads took: 0,0000222 seconds
2016-09-07T20:12:19.496-0100: 652,144: Total time for which application threads were stopped: 0,0001048 seconds, Stopping threads took: 0,0000234 seconds
{Heap before GC invocations=72 (full 3):
 par new generation   total 109248K, used 109248K [0x00000007a0000000, 0x00000007a8000000, 0x00000007a8000000)
  eden space 87424K, 100% used [0x00000007a0000000, 0x00000007a5560000, 0x00000007a5560000)
  from space 21824K, 100% used [0x00000007a5560000, 0x00000007a6ab0000, 0x00000007a6ab0000)
  to   space 21824K,   0% used [0x00000007a6ab0000, 0x00000007a6ab0000, 0x00000007a8000000)
 concurrent mark-sweep generation total 393216K, used 99813K [0x00000007a8000000, 0x00000007c0000000, 0x00000007c0000000)
 Metaspace       used 38751K, capacity 39286K, committed 39876K, reserved 1085440K
  class space    used 4357K, capacity 4565K, committed 4628K, reserved 1048576K
2016-09-07T20:12:19.617-0100: 652,264: [GC (Allocation Failure) 2016-09-07T20:12:19.617-0100: 652,264: [ParNew
Desired survivor size 20112992 bytes, new threshold 8 (max 8)
- age   1:   10469784 bytes,   10469784 total
- age   2:    1473432 bytes,   11943216 total
- age   3:     684240 bytes,   12627456 total
- age   4:         48 bytes,   12627504 total
- age   5:         96 bytes,   12627600 total
- age   8:    2584632 bytes,   15212232 total
: 109248K->18425K(109248K), 0,0193872 secs] 209061K->123449K(502464K), 0,0194695 secs] [Times: user=0,07 sys=0,00, real=0,02 secs] 
Heap after GC invocations=73 (full 3):
 par new generation   total 109248K, used 18425K [0x00000007a0000000, 0x00000007a8000000, 0x00000007a8000000)
  eden space 87424K,   0% used [0x00000007a0000000, 0x00000007a0000000, 0x00000007a5560000)
  from space 21824K,  84% used [0x00000007a6ab0000, 0x00000007a7cae400, 0x00000007a8000000)
  to   space 21824K,   0% used [0x00000007a5560000, 0x00000007a5560000, 0x00000007a6ab0000)
 concurrent mark-sweep generation total 393216K, used 105024K [0x00000007a8000000, 0x00000007c0000000, 0x00000007c0000000)
 Metaspace       used 38751K, capacity 39286K, committed 39876K, reserved 1085440K
  class space    used 4357K, capacity 4565K, committed 4628K, reserved 1048576K
}
2016-09-07T20:12:19.636-0100: 652,284: Total time for which application threads were stopped: 0,0197068 seconds, Stopping threads took: 0,0000739 seconds
{Heap before GC invocations=73 (full 3):
 par new generation   total 109248K, used 105849K [0x00000007a0000000, 0x00000007a8000000, 0x00000007a8000000)
  eden space 87424K, 100% used [0x00000007a0000000, 0x00000007a5560000, 0x00000007a5560000)
  from space 21824K,  84% used [0x00000007a6ab0000, 0x00000007a7cae400, 0x00000007a8000000)
  to   space 21824K,   0% used [0x00000007a5560000, 0x00000007a5560000, 0x00000007a6ab0000)
 concurrent mark-sweep generation total 393216K, used 105024K [0x00000007a8000000, 0x00000007c0000000, 0x00000007c0000000)
 Metaspace       used 38758K, capacity 39286K, committed 39876K, reserved 1085440K
  class space    used 4357K, capacity 4565K, committed 4628K, reserved 1048576K
2016-09-07T20:12:19.902-0100: 652,549: [GC (Allocation Failure) 2016-09-07T20:12:19.902-0100: 652,549: [ParNew
Desired survivor size 20112992 bytes, new threshold 8 (max 8)
- age   1:    9573632 bytes,    9573632 total
- age   2:    3900520 bytes,   13474152 total
- age   3:    1473248 bytes,   14947400 total
- age   4:     684240 bytes,   15631640 total
- age   5:         48 bytes,   15631688 total
- age   6:         96 bytes,   15631784 total
: 105849K->21824K(109248K), 0,0136568 secs] 210873K->129596K(502464K), 0,0137602 secs] [Times: user=0,05 sys=0,00, real=0,01 secs] 
Heap after GC invocations=74 (full 3):
 par new generation   total 109248K, used 21824K [0x00000007a0000000, 0x00000007a8000000, 0x00000007a8000000)
  eden space 87424K,   0% used [0x00000007a0000000, 0x00000007a0000000, 0x00000007a5560000)
  from space 21824K, 100% used [0x00000007a5560000, 0x00000007a6ab0000, 0x00000007a6ab0000)
  to   space 21824K,   0% used [0x00000007a6ab0000, 0x00000007a6ab0000, 0x00000007a8000000)
 concurrent mark-sweep generation total 393216K, used 107772K [0x00000007a8000000, 0x00000007c0000000, 0x00000007c0000000)
 Metaspace       used 38758K, capacity 39286K, committed 39876K, reserved 1085440K
  class space    used 4357K, capacity 4565K, committed 4628K, reserved 1048576K
}
2016-09-07T20:12:19.916-0100: 652,563: Total time for which application threads were stopped: 0,0139926 seconds, Stopping threads took: 0,0000349 seconds
{Heap before GC invocations=74 (full 3):
 par new generation   total 109248K, used 109248K [0x00000007a0000000, 0x00000007a8000000, 0x00000007a8000000)
  eden space 87424K, 100% used [0x00000007a0000000, 0x00000007a5560000, 0x00000007a5560000)
  from space 21824K, 100% used [0x00000007a5560000, 0x00000007a6ab0000, 0x00000007a6ab0000)
  to   space 21824K,   0% used [0x00000007a6ab0000, 0x00000007a6ab0000, 0x00000007a8000000)
 concurrent mark-sweep generation total 393216K, used 107772K [0x00000007a8000000, 0x00000007c0000000, 0x00000007c0000000)
 Metaspace       used 38759K, capacity 39286K, committed 39876K, reserved 1085440K
  class space    used 4357K, capacity 4565K, committed 4628K, reserved 1048576K
2016-09-07T20:12:20.075-0100: 652,722: [GC (Allocation Failure) 2016-09-07T20:12:20.075-0100: 652,722: [ParNew
Desired survivor size 20112992 bytes, new threshold 8 (max 8)
- age   1:    5546664 bytes,    5546664 total
- age   2:    8605064 bytes,   14151728 total
- age   3:    1872824 bytes,   16024552 total
- age   4:    1473248 bytes,   17497800 total
- age   5:     684240 bytes,   18182040 total
- age   6:         48 bytes,   18182088 total
- age   7:         96 bytes,   18182184 total
: 109248K->21824K(109248K), 0,0108849 secs] 217020K->129596K(502464K), 0,0109601 secs] [Times: user=0,04 sys=0,00, real=0,01 secs] 
Heap after GC invocations=75 (full 3):
 par new generation   total 109248K, used 21824K [0x00000007a0000000, 0x00000007a8000000, 0x00000007a8000000)
  eden space 87424K,   0% used [0x00000007a0000000, 0x00000007a0000000, 0x00000007a5560000)
  from space 21824K, 100% used [0x00000007a6ab0000, 0x00000007a8000000, 0x00000007a8000000)
  to   space 21824K,   0% used [0x00000007a5560000, 0x00000007a5560000, 0x00000007a6ab0000)
 concurrent mark-sweep generation total 393216K, used 107772K [0x00000007a8000000, 0x00000007c0000000, 0x00000007c0000000)
 Metaspace       used 38759K, capacity 39286K, committed 39876K, reserved 1085440K
  class space    used 4357K, capacity 4565K, committed 4628K, reserved 1048576K
}
2016-09-07T20:12:20.086-0100: 652,733: Total time for which application threads were stopped: 0,0111629 seconds, Stopping threads took: 0,0000230 seconds
2016-09-07T20:12:20.207-0100: 652,854: Total time for which application threads were stopped: 0,0001801 seconds, Stopping threads took: 0,0000703 seconds
2016-09-07T20:12:20.209-0100: 652,857: Total time for which application threads were stopped: 0,0001882 seconds, Stopping threads took: 0,0001043 seconds
{Heap before GC invocations=75 (full 3):
 par new generation   total 109248K, used 109248K [0x00000007a0000000, 0x00000007a8000000, 0x00000007a8000000)
  eden space 87424K, 100% used [0x00000007a0000000, 0x00000007a5560000, 0x00000007a5560000)
  from space 21824K, 100% used [0x00000007a6ab0000, 0x00000007a8000000, 0x00000007a8000000)
  to   space 21824K,   0% used [0x00000007a5560000, 0x00000007a5560000, 0x00000007a6ab0000)
 concurrent mark-sweep generation total 393216K, used 107772K [0x00000007a8000000, 0x00000007c0000000, 0x00000007c0000000)
 Metaspace       used 38766K, capacity 39286K, committed 39876K, reserved 1085440K
  class space    used 4357K, capacity 4565K, committed 4628K, reserved 1048576K
2016-09-07T20:12:20.239-0100: 652,887: [GC (Allocation Failure) 2016-09-07T20:12:20.239-0100: 652,887: [ParNew
Desired survivor size 20112992 bytes, new threshold 8 (max 8)
- age   1:    3483040 bytes,    3483040 total
- age   2:    3688648 bytes,    7171688 total
- age   3:    8601776 bytes,   15773464 total
- age   4:    1872776 bytes,   17646240 total
- age   5:    1473248 bytes,   19119488 total
- age   6:     684240 bytes,   19803728 total
- age   7:         48 bytes,   19803776 total
- age   8:         96 bytes,   19803872 total
: 109248K->21824K(109248K), 0,0146249 secs] 217020K->129712K(502464K), 0,0147114 secs] [Times: user=0,06 sys=0,00, real=0,02 secs] 
Heap after GC invocations=76 (full 3):
 par new generation   total 109248K, used 21824K [0x00000007a0000000, 0x00000007a8000000, 0x00000007a8000000)
  eden space 87424K,   0% used [0x00000007a0000000, 0x00000007a0000000, 0x00000007a5560000)
  from space 21824K, 100% used [0x00000007a5560000, 0x00000007a6ab0000, 0x00000007a6ab0000)
  to   space 21824K,   0% used [0x00000007a6ab0000, 0x00000007a6ab0000, 0x00000007a8000000)
 concurrent mark-sweep generation total 393216K, used 107888K [0x00000007a8000000, 0x00000007c0000000, 0x00000007c0000000)
 Metaspace       used 38766K, capacity 39286K, committed 39876K, reserved 1085440K
  class space    used 4357K, capacity 4565K, committed 4628K, reserved 1048576K
}
2016-09-07T20:12:20.254-0100: 652,902: Total time for which application threads were stopped: 0,0150244 seconds, Stopping threads took: 0,0001346 seconds
{Heap before GC invocations=76 (full 3):
 par new generation   total 109248K, used 109248K [0x00000007a0000000, 0x00000007a8000000, 0x00000007a8000000)
  eden space 87424K, 100% used [0x00000007a0000000, 0x00000007a5560000, 0x00000007a5560000)
  from space 21824K, 100% used [0x00000007a5560000, 0x00000007a6ab0000, 0x00000007a6ab0000)
  to   space 21824K,   0% used [0x00000007a6ab0000, 0x00000007a6ab0000, 0x00000007a8000000)
 concurrent mark-sweep generation total 393216K, used 107888K [0x00000007a8000000, 0x00000007c0000000, 0x00000007c0000000)
 Metaspace       used 38820K, capacity 39350K, committed 39876K, reserved 1085440K
  class space    used 4357K, capacity 4565K, committed 4628K, reserved 1048576K
2016-09-07T20:12:20.400-0100: 653,048: [GC (Allocation Failure) 2016-09-07T20:12:20.400-0100: 653,048: [ParNew
Desired survivor size 20112992 bytes, new threshold 8 (max 8)
- age   1:    2148736 bytes,    2148736 total
- age   2:    1680344 bytes,    3829080 total
- age   3:    3465824 bytes,    7294904 total
- age   4:    8574056 bytes,   15868960 total
- age   5:    1872776 bytes,   17741736 total
- age   6:    1473248 bytes,   19214984 total
- age   7:     684240 bytes,   19899224 total
- age   8:         48 bytes,   19899272 total
: 109248K->21824K(109248K), 0,0123867 secs] 217136K->129761K(502464K), 0,0124696 secs] [Times: user=0,05 sys=0,00, real=0,01 secs] 
Heap after GC invocations=77 (full 3):
 par new generation   total 109248K, used 21824K [0x00000007a0000000, 0x00000007a8000000, 0x00000007a8000000)
  eden space 87424K,   0% used [0x00000007a0000000, 0x00000007a0000000, 0x00000007a5560000)
  from space 21824K, 100% used [0x00000007a6ab0000, 0x00000007a8000000, 0x00000007a8000000)
  to   space 21824K,   0% used [0x00000007a5560000, 0x00000007a5560000, 0x00000007a6ab0000)
 concurrent mark-sweep generation total 393216K, used 107937K [0x00000007a8000000, 0x00000007c0000000, 0x00000007c0000000)
 Metaspace       used 38820K, capacity 39350K, committed 39876K, reserved 1085440K
  class space    used 4357K, capacity 4565K, committed 4628K, reserved 1048576K
}
2016-09-07T20:12:20.413-0100: 653,060: Total time for which application threads were stopped: 0,0128877 seconds, Stopping threads took: 0,0001031 seconds
2016-09-07T20:12:20.437-0100: 653,085: Total time for which application threads were stopped: 0,0005976 seconds, Stopping threads took: 0,0004636 seconds
2016-09-07T20:12:20.517-0100: 653,164: Total time for which application threads were stopped: 0,0001715 seconds, Stopping threads took: 0,0000260 seconds
2016-09-07T20:12:20.518-0100: 653,166: Total time for which application threads were stopped: 0,0001614 seconds, Stopping threads took: 0,0000617 seconds
2016-09-07T20:12:20.518-0100: 653,166: Total time for which application threads were stopped: 0,0000925 seconds, Stopping threads took: 0,0000292 seconds
2016-09-07T20:12:20.538-0100: 653,186: Total time for which application threads were stopped: 0,0001780 seconds, Stopping threads took: 0,0000570 seconds
2016-09-07T20:12:20.542-0100: 653,189: Total time for which application threads were stopped: 0,0001436 seconds, Stopping threads took: 0,0000570 seconds
{Heap before GC invocations=77 (full 3):
 par new generation   total 109248K, used 109248K [0x00000007a0000000, 0x00000007a8000000, 0x00000007a8000000)
  eden space 87424K, 100% used [0x00000007a0000000, 0x00000007a5560000, 0x00000007a5560000)
  from space 21824K, 100% used [0x00000007a6ab0000, 0x00000007a8000000, 0x00000007a8000000)
  to   space 21824K,   0% used [0x00000007a5560000, 0x00000007a5560000, 0x00000007a6ab0000)
 concurrent mark-sweep generation total 393216K, used 107937K [0x00000007a8000000, 0x00000007c0000000, 0x00000007c0000000)
 Metaspace       used 38871K, capacity 39350K, committed 39876K, reserved 1085440K
  class space    used 4358K, capacity 4565K, committed 4628K, reserved 1048576K
2016-09-07T20:12:20.769-0100: 653,417: [GC (Allocation Failure) 2016-09-07T20:12:20.769-0100: 653,417: [ParNew
Desired survivor size 20112992 bytes, new threshold 8 (max 8)
- age   1:    8951552 bytes,    8951552 total
- age   2:     859472 bytes,    9811024 total
- age   3:       8552 bytes,    9819576 total
- age   4:       9280 bytes,    9828856 total
- age   5:    4294080 bytes,   14122936 total
- age   6:    1872720 bytes,   15995656 total
- age   7:    1440608 bytes,   17436264 total
- age   8:     651200 bytes,   18087464 total
: 109248K->21824K(109248K), 0,0105570 secs] 217185K->133550K(502464K), 0,0106508 secs] [Times: user=0,04 sys=0,00, real=0,02 secs] 
Heap after GC invocations=78 (full 3):
 par new generation   total 109248K, used 21824K [0x00000007a0000000, 0x00000007a8000000, 0x00000007a8000000)
  eden space 87424K,   0% used [0x00000007a0000000, 0x00000007a0000000, 0x00000007a5560000)
  from space 21824K, 100% used [0x00000007a5560000, 0x00000007a6ab0000, 0x00000007a6ab0000)
  to   space 21824K,   0% used [0x00000007a6ab0000, 0x00000007a6ab0000, 0x00000007a8000000)
 concurrent mark-sweep generation total 393216K, used 111726K [0x00000007a8000000, 0x00000007c0000000, 0x00000007c0000000)
 Metaspace       used 38871K, capacity 39350K, committed 39876K, reserved 1085440K
  class space    used 4358K, capacity 4565K, committed 4628K, reserved 1048576K
}
2016-09-07T20:12:20.780-0100: 653,427: Total time for which application threads were stopped: 0,0108552 seconds, Stopping threads took: 0,0000241 seconds
{Heap before GC invocations=78 (full 3):
 par new generation   total 109248K, used 109248K [0x00000007a0000000, 0x00000007a8000000, 0x00000007a8000000)
  eden space 87424K, 100% used [0x00000007a0000000, 0x00000007a5560000, 0x00000007a5560000)
  from space 21824K, 100% used [0x00000007a5560000, 0x00000007a6ab0000, 0x00000007a6ab0000)
  to   space 21824K,   0% used [0x00000007a6ab0000, 0x00000007a6ab0000, 0x00000007a8000000)
 concurrent mark-sweep generation total 393216K, used 111726K [0x00000007a8000000, 0x00000007c0000000, 0x00000007c0000000)
 Metaspace       used 38871K, capacity 39350K, committed 39876K, reserved 1085440K
  class space    used 4358K, capacity 4565K, committed 4628K, reserved 1048576K
2016-09-07T20:12:20.933-0100: 653,581: [GC (Allocation Failure) 2016-09-07T20:12:20.933-0100: 653,581: [ParNew
Desired survivor size 20112992 bytes, new threshold 8 (max 8)
- age   1:        112 bytes,        112 total
- age   2:    8692832 bytes,    8692944 total
- age   3:     690504 bytes,    9383448 total
- age   4:       8552 bytes,    9392000 total
- age   5:       9280 bytes,    9401280 total
- age   6:    3270384 bytes,   12671664 total
- age   7:    1872720 bytes,   14544384 total
- age   8:    1401288 bytes,   15945672 total
: 109248K->21824K(109248K), 0,0091268 secs] 220974K->135263K(502464K), 0,0092088 secs] [Times: user=0,03 sys=0,01, real=0,01 secs] 
Heap after GC invocations=79 (full 3):
 par new generation   total 109248K, used 21824K [0x00000007a0000000, 0x00000007a8000000, 0x00000007a8000000)
  eden space 87424K,   0% used [0x00000007a0000000, 0x00000007a0000000, 0x00000007a5560000)
  from space 21824K, 100% used [0x00000007a6ab0000, 0x00000007a8000000, 0x00000007a8000000)
  to   space 21824K,   0% used [0x00000007a5560000, 0x00000007a5560000, 0x00000007a6ab0000)
 concurrent mark-sweep generation total 393216K, used 113439K [0x00000007a8000000, 0x00000007c0000000, 0x00000007c0000000)
 Metaspace       used 38871K, capacity 39350K, committed 39876K, reserved 1085440K
  class space    used 4358K, capacity 4565K, committed 4628K, reserved 1048576K
}
2016-09-07T20:12:20.942-0100: 653,590: Total time for which application threads were stopped: 0,0094119 seconds, Stopping threads took: 0,0000301 seconds
{Heap before GC invocations=79 (full 3):
 par new generation   total 109248K, used 109248K [0x00000007a0000000, 0x00000007a8000000, 0x00000007a8000000)
  eden space 87424K, 100% used [0x00000007a0000000, 0x00000007a5560000, 0x00000007a5560000)
  from space 21824K, 100% used [0x00000007a6ab0000, 0x00000007a8000000, 0x00000007a8000000)
  to   space 21824K,   0% used [0x00000007a5560000, 0x00000007a5560000, 0x00000007a6ab0000)
 concurrent mark-sweep generation total 393216K, used 113439K [0x00000007a8000000, 0x00000007c0000000, 0x00000007c0000000)
 Metaspace       used 38871K, capacity 39350K, committed 39876K, reserved 1085440K
  class space    used 4358K, capacity 4565K, committed 4628K, reserved 1048576K
2016-09-07T20:12:21.102-0100: 653,750: [GC (Allocation Failure) 2016-09-07T20:12:21.102-0100: 653,750: [ParNew
Desired survivor size 20112992 bytes, new threshold 8 (max 8)
- age   1:        112 bytes,        112 total
- age   3:    8692832 bytes,    8692944 total
- age   4:     690504 bytes,    9383448 total
- age   5:       8552 bytes,    9392000 total
- age   6:       9280 bytes,    9401280 total
- age   7:    3270384 bytes,   12671664 total
- age   8:    1872720 bytes,   14544384 total
: 109248K->18111K(109248K), 0,0089489 secs] 222687K->132934K(502464K), 0,0090234 secs] [Times: user=0,03 sys=0,00, real=0,01 secs] 
Heap after GC invocations=80 (full 3):
 par new generation   total 109248K, used 18111K [0x00000007a0000000, 0x00000007a8000000, 0x00000007a8000000)
  eden space 87424K,   0% used [0x00000007a0000000, 0x00000007a0000000, 0x00000007a5560000)
  from space 21824K,  82% used [0x00000007a5560000, 0x00000007a670feb8, 0x00000007a6ab0000)
  to   space 21824K,   0% used [0x00000007a6ab0000, 0x00000007a6ab0000, 0x00000007a8000000)
 concurrent mark-sweep generation total 393216K, used 114822K [0x00000007a8000000, 0x00000007c0000000, 0x00000007c0000000)
 Metaspace       used 38871K, capacity 39350K, committed 39876K, reserved 1085440K
  class space    used 4358K, capacity 4565K, committed 4628K, reserved 1048576K
}
2016-09-07T20:12:21.111-0100: 653,759: Total time for which application threads were stopped: 0,0092193 seconds, Stopping threads took: 0,0000208 seconds
{Heap before GC invocations=80 (full 3):
 par new generation   total 109248K, used 105535K [0x00000007a0000000, 0x00000007a8000000, 0x00000007a8000000)
  eden space 87424K, 100% used [0x00000007a0000000, 0x00000007a5560000, 0x00000007a5560000)
  from space 21824K,  82% used [0x00000007a5560000, 0x00000007a670feb8, 0x00000007a6ab0000)
  to   space 21824K,   0% used [0x00000007a6ab0000, 0x00000007a6ab0000, 0x00000007a8000000)
 concurrent mark-sweep generation total 393216K, used 114822K [0x00000007a8000000, 0x00000007c0000000, 0x00000007c0000000)
 Metaspace       used 38871K, capacity 39350K, committed 39876K, reserved 1085440K
  class space    used 4358K, capacity 4565K, committed 4628K, reserved 1048576K
2016-09-07T20:12:21.265-0100: 653,913: [GC (Allocation Failure) 2016-09-07T20:12:21.265-0100: 653,913: [ParNew
Desired survivor size 20112992 bytes, new threshold 8 (max 8)
- age   1:     444960 bytes,     444960 total
- age   4:    8503992 bytes,    8948952 total
- age   5:     690504 bytes,    9639456 total
- age   6:       8552 bytes,    9648008 total
- age   7:       9280 bytes,    9657288 total
- age   8:    3270384 bytes,   12927672 total
: 105535K->16550K(109248K), 0,0084207 secs] 220358K->133234K(502464K), 0,0085135 secs] [Times: user=0,03 sys=0,00, real=0,01 secs] 
Heap after GC invocations=81 (full 3):
 par new generation   total 109248K, used 16550K [0x00000007a0000000, 0x00000007a8000000, 0x00000007a8000000)
  eden space 87424K,   0% used [0x00000007a0000000, 0x00000007a0000000, 0x00000007a5560000)
  from space 21824K,  75% used [0x00000007a6ab0000, 0x00000007a7ad9828, 0x00000007a8000000)
  to   space 21824K,   0% used [0x00000007a5560000, 0x00000007a5560000, 0x00000007a6ab0000)
 concurrent mark-sweep generation total 393216K, used 116684K [0x00000007a8000000, 0x00000007c0000000, 0x00000007c0000000)
 Metaspace       used 38871K, capacity 39350K, committed 39876K, reserved 1085440K
  class space    used 4358K, capacity 4565K, committed 4628K, reserved 1048576K
}
2016-09-07T20:12:21.274-0100: 653,921: Total time for which application threads were stopped: 0,0087139 seconds, Stopping threads took: 0,0000242 seconds
2016-09-07T20:12:21.291-0100: 653,939: Total time for which application threads were stopped: 0,0001067 seconds, Stopping threads took: 0,0000200 seconds
2016-09-07T20:12:21.291-0100: 653,939: Total time for which application threads were stopped: 0,0000681 seconds, Stopping threads took: 0,0000139 seconds
{Heap before GC invocations=81 (full 3):
 par new generation   total 109248K, used 103974K [0x00000007a0000000, 0x00000007a8000000, 0x00000007a8000000)
  eden space 87424K, 100% used [0x00000007a0000000, 0x00000007a5560000, 0x00000007a5560000)
  from space 21824K,  75% used [0x00000007a6ab0000, 0x00000007a7ad9828, 0x00000007a8000000)
  to   space 21824K,   0% used [0x00000007a5560000, 0x00000007a5560000, 0x00000007a6ab0000)
 concurrent mark-sweep generation total 393216K, used 116684K [0x00000007a8000000, 0x00000007c0000000, 0x00000007c0000000)
 Metaspace       used 38876K, capacity 39350K, committed 39876K, reserved 1085440K
  class space    used 4358K, capacity 4565K, committed 4628K, reserved 1048576K
2016-09-07T20:12:21.488-0100: 654,135: [GC (Allocation Failure) 2016-09-07T20:12:21.488-0100: 654,135: [ParNew
Desired survivor size 20112992 bytes, new threshold 6 (max 8)
- age   1:   16483272 bytes,   16483272 total
- age   2:      16488 bytes,   16499760 total
- age   5:    3083648 bytes,   19583408 total
- age   6:     690504 bytes,   20273912 total
- age   7:       8552 bytes,   20282464 total
- age   8:       9280 bytes,   20291744 total
: 103974K->21824K(109248K), 0,0160172 secs] 220658K->142506K(502464K), 0,0160995 secs] [Times: user=0,06 sys=0,01, real=0,02 secs] 
Heap after GC invocations=82 (full 3):
 par new generation   total 109248K, used 21824K [0x00000007a0000000, 0x00000007a8000000, 0x00000007a8000000)
  eden space 87424K,   0% used [0x00000007a0000000, 0x00000007a0000000, 0x00000007a5560000)
  from space 21824K, 100% used [0x00000007a5560000, 0x00000007a6ab0000, 0x00000007a6ab0000)
  to   space 21824K,   0% used [0x00000007a6ab0000, 0x00000007a6ab0000, 0x00000007a8000000)
 concurrent mark-sweep generation total 393216K, used 120682K [0x00000007a8000000, 0x00000007c0000000, 0x00000007c0000000)
 Metaspace       used 38876K, capacity 39350K, committed 39876K, reserved 1085440K
  class space    used 4358K, capacity 4565K, committed 4628K, reserved 1048576K
}
2016-09-07T20:12:21.504-0100: 654,151: Total time for which application threads were stopped: 0,0162959 seconds, Stopping threads took: 0,0000222 seconds
{Heap before GC invocations=82 (full 3):
 par new generation   total 109248K, used 109248K [0x00000007a0000000, 0x00000007a8000000, 0x00000007a8000000)
  eden space 87424K, 100% used [0x00000007a0000000, 0x00000007a5560000, 0x00000007a5560000)
  from space 21824K, 100% used [0x00000007a5560000, 0x00000007a6ab0000, 0x00000007a6ab0000)
  to   space 21824K,   0% used [0x00000007a6ab0000, 0x00000007a6ab0000, 0x00000007a8000000)
 concurrent mark-sweep generation total 393216K, used 120682K [0x00000007a8000000, 0x00000007c0000000, 0x00000007c0000000)
 Metaspace       used 38876K, capacity 39350K, committed 39876K, reserved 1085440K
  class space    used 4358K, capacity 4565K, committed 4628K, reserved 1048576K
2016-09-07T20:12:21.573-0100: 654,221: [GC (Allocation Failure) 2016-09-07T20:12:21.573-0100: 654,221: [ParNew
Desired survivor size 20112992 bytes, new threshold 8 (max 8)
- age   1:    1364088 bytes,    1364088 total
- age   2:   14285200 bytes,   15649288 total
- age   6:    3054784 bytes,   18704072 total
: 109248K->21824K(109248K), 0,0111468 secs] 229930K->143736K(502464K), 0,0112359 secs] [Times: user=0,04 sys=0,00, real=0,01 secs] 
Heap after GC invocations=83 (full 3):
 par new generation   total 109248K, used 21824K [0x00000007a0000000, 0x00000007a8000000, 0x00000007a8000000)
  eden space 87424K,   0% used [0x00000007a0000000, 0x00000007a0000000, 0x00000007a5560000)
  from space 21824K, 100% used [0x00000007a6ab0000, 0x00000007a8000000, 0x00000007a8000000)
  to   space 21824K,   0% used [0x00000007a5560000, 0x00000007a5560000, 0x00000007a6ab0000)
 concurrent mark-sweep generation total 393216K, used 121912K [0x00000007a8000000, 0x00000007c0000000, 0x00000007c0000000)
 Metaspace       used 38876K, capacity 39350K, committed 39876K, reserved 1085440K
  class space    used 4358K, capacity 4565K, committed 4628K, reserved 1048576K
}
2016-09-07T20:12:21.584-0100: 654,232: Total time for which application threads were stopped: 0,0114263 seconds, Stopping threads took: 0,0000213 seconds
2016-09-07T20:12:21.637-0100: 654,285: Total time for which application threads were stopped: 0,0001452 seconds, Stopping threads took: 0,0000402 seconds
2016-09-07T20:12:21.640-0100: 654,287: Total time for which application threads were stopped: 0,0000890 seconds, Stopping threads took: 0,0000183 seconds
{Heap before GC invocations=83 (full 3):
 par new generation   total 109248K, used 109248K [0x00000007a0000000, 0x00000007a8000000, 0x00000007a8000000)
  eden space 87424K, 100% used [0x00000007a0000000, 0x00000007a5560000, 0x00000007a5560000)
  from space 21824K, 100% used [0x00000007a6ab0000, 0x00000007a8000000, 0x00000007a8000000)
  to   space 21824K,   0% used [0x00000007a5560000, 0x00000007a5560000, 0x00000007a6ab0000)
 concurrent mark-sweep generation total 393216K, used 121912K [0x00000007a8000000, 0x00000007c0000000, 0x00000007c0000000)
 Metaspace       used 38879K, capacity 39350K, committed 39876K, reserved 1085440K
  class space    used 4358K, capacity 4565K, committed 4628K, reserved 1048576K
2016-09-07T20:12:21.754-0100: 654,401: [GC (Allocation Failure) 2016-09-07T20:12:21.754-0100: 654,401: [ParNew
Desired survivor size 20112992 bytes, new threshold 8 (max 8)
- age   1:    5295616 bytes,    5295616 total
- age   2:      17096 bytes,    5312712 total
- age   3:    5874920 bytes,   11187632 total
- age   7:    3054464 bytes,   14242096 total
: 109248K->21824K(109248K), 0,0092656 secs] 231160K->145299K(502464K), 0,0093543 secs] [Times: user=0,04 sys=0,00, real=0,01 secs] 
Heap after GC invocations=84 (full 3):
 par new generation   total 109248K, used 21824K [0x00000007a0000000, 0x00000007a8000000, 0x00000007a8000000)
  eden space 87424K,   0% used [0x00000007a0000000, 0x00000007a0000000, 0x00000007a5560000)
  from space 21824K, 100% used [0x00000007a5560000, 0x00000007a6ab0000, 0x00000007a6ab0000)
  to   space 21824K,   0% used [0x00000007a6ab0000, 0x00000007a6ab0000, 0x00000007a8000000)
 concurrent mark-sweep generation total 393216K, used 123475K [0x00000007a8000000, 0x00000007c0000000, 0x00000007c0000000)
 Metaspace       used 38879K, capacity 39350K, committed 39876K, reserved 1085440K
  class space    used 4358K, capacity 4565K, committed 4628K, reserved 1048576K
}
2016-09-07T20:12:21.763-0100: 654,411: Total time for which application threads were stopped: 0,0095811 seconds, Stopping threads took: 0,0000243 seconds
{Heap before GC invocations=84 (full 3):
 par new generation   total 109248K, used 109248K [0x00000007a0000000, 0x00000007a8000000, 0x00000007a8000000)
  eden space 87424K, 100% used [0x00000007a0000000, 0x00000007a5560000, 0x00000007a5560000)
  from space 21824K, 100% used [0x00000007a5560000, 0x00000007a6ab0000, 0x00000007a6ab0000)
  to   space 21824K,   0% used [0x00000007a6ab0000, 0x00000007a6ab0000, 0x00000007a8000000)
 concurrent mark-sweep generation total 393216K, used 123475K [0x00000007a8000000, 0x00000007c0000000, 0x00000007c0000000)
 Metaspace       used 38879K, capacity 39350K, committed 39876K, reserved 1085440K
  class space    used 4358K, capacity 4565K, committed 4628K, reserved 1048576K
2016-09-07T20:12:21.870-0100: 654,518: [GC (Allocation Failure) 2016-09-07T20:12:21.870-0100: 654,518: [ParNew
Desired survivor size 20112992 bytes, new threshold 8 (max 8)
- age   1:    1413544 bytes,    1413544 total
- age   2:    4650128 bytes,    6063672 total
- age   3:      12616 bytes,    6076288 total
- age   4:    5581104 bytes,   11657392 total
- age   8:    3054464 bytes,   14711856 total
: 109248K->19891K(109248K), 0,0086041 secs] 232723K->143366K(502464K), 0,0087175 secs] [Times: user=0,03 sys=0,00, real=0,00 secs] 
Heap after GC invocations=85 (full 3):
 par new generation   total 109248K, used 19891K [0x00000007a0000000, 0x00000007a8000000, 0x00000007a8000000)
  eden space 87424K,   0% used [0x00000007a0000000, 0x00000007a0000000, 0x00000007a5560000)
  from space 21824K,  91% used [0x00000007a6ab0000, 0x00000007a7e1cc60, 0x00000007a8000000)
  to   space 21824K,   0% used [0x00000007a5560000, 0x00000007a5560000, 0x00000007a6ab0000)
 concurrent mark-sweep generation total 393216K, used 123475K [0x00000007a8000000, 0x00000007c0000000, 0x00000007c0000000)
 Metaspace       used 38879K, capacity 39350K, committed 39876K, reserved 1085440K
  class space    used 4358K, capacity 4565K, committed 4628K, reserved 1048576K
}
2016-09-07T20:12:21.879-0100: 654,526: Total time for which application threads were stopped: 0,0089230 seconds, Stopping threads took: 0,0000230 seconds
{Heap before GC invocations=85 (full 3):
 par new generation   total 109248K, used 107315K [0x00000007a0000000, 0x00000007a8000000, 0x00000007a8000000)
  eden space 87424K, 100% used [0x00000007a0000000, 0x00000007a5560000, 0x00000007a5560000)
  from space 21824K,  91% used [0x00000007a6ab0000, 0x00000007a7e1cc60, 0x00000007a8000000)
  to   space 21824K,   0% used [0x00000007a5560000, 0x00000007a5560000, 0x00000007a6ab0000)
 concurrent mark-sweep generation total 393216K, used 123475K [0x00000007a8000000, 0x00000007c0000000, 0x00000007c0000000)
 Metaspace       used 38879K, capacity 39350K, committed 39876K, reserved 1085440K
  class space    used 4358K, capacity 4565K, committed 4628K, reserved 1048576K
2016-09-07T20:12:22.034-0100: 654,681: [GC (Allocation Failure) 2016-09-07T20:12:22.034-0100: 654,681: [ParNew
Desired survivor size 20112992 bytes, new threshold 8 (max 8)
- age   1:    2226640 bytes,    2226640 total
- age   2:     726240 bytes,    2952880 total
- age   3:    4650128 bytes,    7603008 total
- age   4:      12616 bytes,    7615624 total
- age   5:    5581104 bytes,   13196728 total
: 107315K->16597K(109248K), 0,0112790 secs] 230790K->143063K(502464K), 0,0113663 secs] [Times: user=0,04 sys=0,00, real=0,01 secs] 
Heap after GC invocations=86 (full 3):
 par new generation   total 109248K, used 16597K [0x00000007a0000000, 0x00000007a8000000, 0x00000007a8000000)
  eden space 87424K,   0% used [0x00000007a0000000, 0x00000007a0000000, 0x00000007a5560000)
  from space 21824K,  76% used [0x00000007a5560000, 0x00000007a65956c0, 0x00000007a6ab0000)
  to   space 21824K,   0% used [0x00000007a6ab0000, 0x00000007a6ab0000, 0x00000007a8000000)
 concurrent mark-sweep generation total 393216K, used 126465K [0x00000007a8000000, 0x00000007c0000000, 0x00000007c0000000)
 Metaspace       used 38879K, capacity 39350K, committed 39876K, reserved 1085440K
  class space    used 4358K, capacity 4565K, committed 4628K, reserved 1048576K
}
2016-09-07T20:12:22.045-0100: 654,693: Total time for which application threads were stopped: 0,0115613 seconds, Stopping threads took: 0,0000216 seconds
{Heap before GC invocations=86 (full 3):
 par new generation   total 109248K, used 104021K [0x00000007a0000000, 0x00000007a8000000, 0x00000007a8000000)
  eden space 87424K, 100% used [0x00000007a0000000, 0x00000007a5560000, 0x00000007a5560000)
  from space 21824K,  76% used [0x00000007a5560000, 0x00000007a65956c0, 0x00000007a6ab0000)
  to   space 21824K,   0% used [0x00000007a6ab0000, 0x00000007a6ab0000, 0x00000007a8000000)
 concurrent mark-sweep generation total 393216K, used 126465K [0x00000007a8000000, 0x00000007c0000000, 0x00000007c0000000)
 Metaspace       used 38886K, capacity 39350K, committed 39876K, reserved 1085440K
  class space    used 4358K, capacity 4565K, committed 4628K, reserved 1048576K
2016-09-07T20:12:22.253-0100: 654,901: [GC (Allocation Failure) 2016-09-07T20:12:22.253-0100: 654,901: [ParNew
Desired survivor size 20112992 bytes, new threshold 6 (max 8)
- age   1:   12430416 bytes,   12430416 total
- age   2:     518120 bytes,   12948536 total
- age   3:      60120 bytes,   13008656 total
- age   4:    3724504 bytes,   16733160 total
- age   5:      12616 bytes,   16745776 total
- age   6:    5580096 bytes,   22325872 total
: 104021K->21824K(109248K), 0,0176853 secs] 230487K->150820K(502464K), 0,0177517 secs] [Times: user=0,06 sys=0,00, real=0,02 secs] 
Heap after GC invocations=87 (full 3):
 par new generation   total 109248K, used 21824K [0x00000007a0000000, 0x00000007a8000000, 0x00000007a8000000)
  eden space 87424K,   0% used [0x00000007a0000000, 0x00000007a0000000, 0x00000007a5560000)
  from space 21824K, 100% used [0x00000007a6ab0000, 0x00000007a8000000, 0x00000007a8000000)
  to   space 21824K,   0% used [0x00000007a5560000, 0x00000007a5560000, 0x00000007a6ab0000)
 concurrent mark-sweep generation total 393216K, used 128996K [0x00000007a8000000, 0x00000007c0000000, 0x00000007c0000000)
 Metaspace       used 38886K, capacity 39350K, committed 39876K, reserved 1085440K
  class space    used 4358K, capacity 4565K, committed 4628K, reserved 1048576K
}
2016-09-07T20:12:22.271-0100: 654,918: Total time for which application threads were stopped: 0,0179546 seconds, Stopping threads took: 0,0000210 seconds
{Heap before GC invocations=87 (full 3):
 par new generation   total 109248K, used 109248K [0x00000007a0000000, 0x00000007a8000000, 0x00000007a8000000)
  eden space 87424K, 100% used [0x00000007a0000000, 0x00000007a5560000, 0x00000007a5560000)
  from space 21824K, 100% used [0x00000007a6ab0000, 0x00000007a8000000, 0x00000007a8000000)
  to   space 21824K,   0% used [0x00000007a5560000, 0x00000007a5560000, 0x00000007a6ab0000)
 concurrent mark-sweep generation total 393216K, used 128996K [0x00000007a8000000, 0x00000007c0000000, 0x00000007c0000000)
 Metaspace       used 38886K, capacity 39350K, committed 39876K, reserved 1085440K
  class space    used 4358K, capacity 4565K, committed 4628K, reserved 1048576K
2016-09-07T20:12:22.405-0100: 655,052: [GC (Allocation Failure) 2016-09-07T20:12:22.405-0100: 655,052: [ParNew
Desired survivor size 20112992 bytes, new threshold 8 (max 8)
- age   1:    1947936 bytes,    1947936 total
- age   2:    5419136 bytes,    7367072 total
- age   3:     518080 bytes,    7885152 total
- age   4:      60120 bytes,    7945272 total
- age   5:    3722128 bytes,   11667400 total
- age   6:      12616 bytes,   11680016 total
: 109248K->21824K(109248K), 0,0137814 secs] 238244K->156326K(502464K), 0,0138766 secs] [Times: user=0,04 sys=0,00, real=0,01 secs] 
Heap after GC invocations=88 (full 3):
 par new generation   total 109248K, used 21824K [0x00000007a0000000, 0x00000007a8000000, 0x00000007a8000000)
  eden space 87424K,   0% used [0x00000007a0000000, 0x00000007a0000000, 0x00000007a5560000)
  from space 21824K, 100% used [0x00000007a5560000, 0x00000007a6ab0000, 0x00000007a6ab0000)
  to   space 21824K,   0% used [0x00000007a6ab0000, 0x00000007a6ab0000, 0x00000007a8000000)
 concurrent mark-sweep generation total 393216K, used 134502K [0x00000007a8000000, 0x00000007c0000000, 0x00000007c0000000)
 Metaspace       used 38886K, capacity 39350K, committed 39876K, reserved 1085440K
  class space    used 4358K, capacity 4565K, committed 4628K, reserved 1048576K
}
2016-09-07T20:12:22.419-0100: 655,066: Total time for which application threads were stopped: 0,0140665 seconds, Stopping threads took: 0,0000209 seconds
{Heap before GC invocations=88 (full 3):
 par new generation   total 109248K, used 109248K [0x00000007a0000000, 0x00000007a8000000, 0x00000007a8000000)
  eden space 87424K, 100% used [0x00000007a0000000, 0x00000007a5560000, 0x00000007a5560000)
  from space 21824K, 100% used [0x00000007a5560000, 0x00000007a6ab0000, 0x00000007a6ab0000)
  to   space 21824K,   0% used [0x00000007a6ab0000, 0x00000007a6ab0000, 0x00000007a8000000)
 concurrent mark-sweep generation total 393216K, used 134502K [0x00000007a8000000, 0x00000007c0000000, 0x00000007c0000000)
 Metaspace       used 38889K, capacity 39350K, committed 39876K, reserved 1085440K
  class space    used 4358K, capacity 4565K, committed 4628K, reserved 1048576K
2016-09-07T20:12:22.585-0100: 655,233: [GC (Allocation Failure) 2016-09-07T20:12:22.585-0100: 655,233: [ParNew
Desired survivor size 20112992 bytes, new threshold 6 (max 8)
- age   1:   11936520 bytes,   11936520 total
- age   2:     661168 bytes,   12597688 total
- age   3:    5418824 bytes,   18016512 total
- age   4:     518080 bytes,   18534592 total
- age   5:      60120 bytes,   18594712 total
- age   6:    3722128 bytes,   22316840 total
- age   7:      12616 bytes,   22329456 total
: 109248K->21824K(109248K), 0,0195003 secs] 243750K->160728K(502464K), 0,0195827 secs] [Times: user=0,07 sys=0,00, real=0,02 secs] 
Heap after GC invocations=89 (full 3):
 par new generation   total 109248K, used 21824K [0x00000007a0000000, 0x00000007a8000000, 0x00000007a8000000)
  eden space 87424K,   0% used [0x00000007a0000000, 0x00000007a0000000, 0x00000007a5560000)
  from space 21824K, 100% used [0x00000007a6ab0000, 0x00000007a8000000, 0x00000007a8000000)
  to   space 21824K,   0% used [0x00000007a5560000, 0x00000007a5560000, 0x00000007a6ab0000)
 concurrent mark-sweep generation total 393216K, used 138904K [0x00000007a8000000, 0x00000007c0000000, 0x00000007c0000000)
 Metaspace       used 38889K, capacity 39350K, committed 39876K, reserved 1085440K
  class space    used 4358K, capacity 4565K, committed 4628K, reserved 1048576K
}
2016-09-07T20:12:22.605-0100: 655,252: Total time for which application threads were stopped: 0,0197772 seconds, Stopping threads took: 0,0000217 seconds
{Heap before GC invocations=89 (full 3):
 par new generation   total 109248K, used 109248K [0x00000007a0000000, 0x00000007a8000000, 0x00000007a8000000)
  eden space 87424K, 100% used [0x00000007a0000000, 0x00000007a5560000, 0x00000007a5560000)
  from space 21824K, 100% used [0x00000007a6ab0000, 0x00000007a8000000, 0x00000007a8000000)
  to   space 21824K,   0% used [0x00000007a5560000, 0x00000007a5560000, 0x00000007a6ab0000)
 concurrent mark-sweep generation total 393216K, used 138904K [0x00000007a8000000, 0x00000007c0000000, 0x00000007c0000000)
 Metaspace       used 38889K, capacity 39350K, committed 39876K, reserved 1085440K
  class space    used 4358K, capacity 4565K, committed 4628K, reserved 1048576K
2016-09-07T20:12:22.690-0100: 655,338: [GC (Allocation Failure) 2016-09-07T20:12:22.690-0100: 655,338: [ParNew
Desired survivor size 20112992 bytes, new threshold 5 (max 8)
- age   1:    3917816 bytes,    3917816 total
- age   2:   10165256 bytes,   14083072 total
- age   3:     512248 bytes,   14595320 total
- age   4:    5384352 bytes,   19979672 total
- age   5:     518080 bytes,   20497752 total
- age   6:      60120 bytes,   20557872 total
: 109248K->21824K(109248K), 0,0168804 secs] 248152K->165781K(502464K), 0,0169732 secs] [Times: user=0,06 sys=0,00, real=0,01 secs] 
Heap after GC invocations=90 (full 3):
 par new generation   total 109248K, used 21824K [0x00000007a0000000, 0x00000007a8000000, 0x00000007a8000000)
  eden space 87424K,   0% used [0x00000007a0000000, 0x00000007a0000000, 0x00000007a5560000)
  from space 21824K, 100% used [0x00000007a5560000, 0x00000007a6ab0000, 0x00000007a6ab0000)
  to   space 21824K,   0% used [0x00000007a6ab0000, 0x00000007a6ab0000, 0x00000007a8000000)
 concurrent mark-sweep generation total 393216K, used 143957K [0x00000007a8000000, 0x00000007c0000000, 0x00000007c0000000)
 Metaspace       used 38889K, capacity 39350K, committed 39876K, reserved 1085440K
  class space    used 4358K, capacity 4565K, committed 4628K, reserved 1048576K
}
2016-09-07T20:12:22.707-0100: 655,355: Total time for which application threads were stopped: 0,0172037 seconds, Stopping threads took: 0,0000255 seconds
{Heap before GC invocations=90 (full 3):
 par new generation   total 109248K, used 109248K [0x00000007a0000000, 0x00000007a8000000, 0x00000007a8000000)
  eden space 87424K, 100% used [0x00000007a0000000, 0x00000007a5560000, 0x00000007a5560000)
  from space 21824K, 100% used [0x00000007a5560000, 0x00000007a6ab0000, 0x00000007a6ab0000)
  to   space 21824K,   0% used [0x00000007a6ab0000, 0x00000007a6ab0000, 0x00000007a8000000)
 concurrent mark-sweep generation total 393216K, used 143957K [0x00000007a8000000, 0x00000007c0000000, 0x00000007c0000000)
 Metaspace       used 38898K, capacity 39350K, committed 39876K, reserved 1085440K
  class space    used 4358K, capacity 4565K, committed 4628K, reserved 1048576K
2016-09-07T20:12:22.954-0100: 655,601: [GC (Allocation Failure) 2016-09-07T20:12:22.954-0100: 655,601: [ParNew
Desired survivor size 20112992 bytes, new threshold 5 (max 8)
- age   1:    8019408 bytes,    8019408 total
- age   2:    2026272 bytes,   10045680 total
- age   3:    6761320 bytes,   16807000 total
- age   4:     334576 bytes,   17141576 total
- age   5:    5116784 bytes,   22258360 total
: 109248K->21824K(109248K), 0,0232128 secs] 253205K->168439K(502464K), 0,0235179 secs] [Times: user=0,09 sys=0,01, real=0,02 secs] 
Heap after GC invocations=91 (full 3):
 par new generation   total 109248K, used 21824K [0x00000007a0000000, 0x00000007a8000000, 0x00000007a8000000)
  eden space 87424K,   0% used [0x00000007a0000000, 0x00000007a0000000, 0x00000007a5560000)
  from space 21824K, 100% used [0x00000007a6ab0000, 0x00000007a8000000, 0x00000007a8000000)
  to   space 21824K,   0% used [0x00000007a5560000, 0x00000007a5560000, 0x00000007a6ab0000)
 concurrent mark-sweep generation total 393216K, used 146615K [0x00000007a8000000, 0x00000007c0000000, 0x00000007c0000000)
 Metaspace       used 38898K, capacity 39350K, committed 39876K, reserved 1085440K
  class space    used 4358K, capacity 4565K, committed 4628K, reserved 1048576K
}
2016-09-07T20:12:22.977-0100: 655,625: Total time for which application threads were stopped: 0,0238027 seconds, Stopping threads took: 0,0000369 seconds
{Heap before GC invocations=91 (full 3):
 par new generation   total 109248K, used 109248K [0x00000007a0000000, 0x00000007a8000000, 0x00000007a8000000)
  eden space 87424K, 100% used [0x00000007a0000000, 0x00000007a5560000, 0x00000007a5560000)
  from space 21824K, 100% used [0x00000007a6ab0000, 0x00000007a8000000, 0x00000007a8000000)
  to   space 21824K,   0% used [0x00000007a5560000, 0x00000007a5560000, 0x00000007a6ab0000)
 concurrent mark-sweep generation total 393216K, used 146615K [0x00000007a8000000, 0x00000007c0000000, 0x00000007c0000000)
 Metaspace       used 38901K, capacity 39350K, committed 39876K, reserved 1085440K
  class space    used 4358K, capacity 4565K, committed 4628K, reserved 1048576K
2016-09-07T20:12:23.120-0100: 655,767: [GC (Allocation Failure) 2016-09-07T20:12:23.120-0100: 655,767: [ParNew
Desired survivor size 20112992 bytes, new threshold 8 (max 8)
- age   1:    3092056 bytes,    3092056 total
- age   2:    6146456 bytes,    9238512 total
- age   3:    2026224 bytes,   11264736 total
- age   4:    6761128 bytes,   18025864 total
- age   5:     334576 bytes,   18360440 total
: 109248K->21824K(109248K), 0,0243606 secs] 255863K->177288K(502464K), 0,0244550 secs] [Times: user=0,09 sys=0,00, real=0,02 secs] 
Heap after GC invocations=92 (full 3):
 par new generation   total 109248K, used 21824K [0x00000007a0000000, 0x00000007a8000000, 0x00000007a8000000)
  eden space 87424K,   0% used [0x00000007a0000000, 0x00000007a0000000, 0x00000007a5560000)
  from space 21824K, 100% used [0x00000007a5560000, 0x00000007a6ab0000, 0x00000007a6ab0000)
  to   space 21824K,   0% used [0x00000007a6ab0000, 0x00000007a6ab0000, 0x00000007a8000000)
 concurrent mark-sweep generation total 393216K, used 155464K [0x00000007a8000000, 0x00000007c0000000, 0x00000007c0000000)
 Metaspace       used 38901K, capacity 39350K, committed 39876K, reserved 1085440K
  class space    used 4358K, capacity 4565K, committed 4628K, reserved 1048576K
}
2016-09-07T20:12:23.144-0100: 655,792: Total time for which application threads were stopped: 0,0246487 seconds, Stopping threads took: 0,0000225 seconds
{Heap before GC invocations=92 (full 3):
 par new generation   total 109248K, used 109248K [0x00000007a0000000, 0x00000007a8000000, 0x00000007a8000000)
  eden space 87424K, 100% used [0x00000007a0000000, 0x00000007a5560000, 0x00000007a5560000)
  from space 21824K, 100% used [0x00000007a5560000, 0x00000007a6ab0000, 0x00000007a6ab0000)
  to   space 21824K,   0% used [0x00000007a6ab0000, 0x00000007a6ab0000, 0x00000007a8000000)
 concurrent mark-sweep generation total 393216K, used 155464K [0x00000007a8000000, 0x00000007c0000000, 0x00000007c0000000)
 Metaspace       used 38904K, capacity 39350K, committed 39876K, reserved 1085440K
  class space    used 4358K, capacity 4565K, committed 4628K, reserved 1048576K
2016-09-07T20:12:23.329-0100: 655,976: [GC (Allocation Failure) 2016-09-07T20:12:23.329-0100: 655,976: [ParNew
Desired survivor size 20112992 bytes, new threshold 8 (max 8)
- age   1:    4547848 bytes,    4547848 total
- age   2:    1242592 bytes,    5790440 total
- age   3:    5883888 bytes,   11674328 total
- age   4:    1646784 bytes,   13321112 total
- age   5:    6319824 bytes,   19640936 total
- age   6:     334576 bytes,   19975512 total
: 109248K->21824K(109248K), 0,0152098 secs] 264712K->178466K(502464K), 0,0152816 secs] [Times: user=0,05 sys=0,01, real=0,02 secs] 
Heap after GC invocations=93 (full 3):
 par new generation   total 109248K, used 21824K [0x00000007a0000000, 0x00000007a8000000, 0x00000007a8000000)
  eden space 87424K,   0% used [0x00000007a0000000, 0x00000007a0000000, 0x00000007a5560000)
  from space 21824K, 100% used [0x00000007a6ab0000, 0x00000007a8000000, 0x00000007a8000000)
  to   space 21824K,   0% used [0x00000007a5560000, 0x00000007a5560000, 0x00000007a6ab0000)
 concurrent mark-sweep generation total 393216K, used 156642K [0x00000007a8000000, 0x00000007c0000000, 0x00000007c0000000)
 Metaspace       used 38904K, capacity 39350K, committed 39876K, reserved 1085440K
  class space    used 4358K, capacity 4565K, committed 4628K, reserved 1048576K
}
2016-09-07T20:12:23.344-0100: 655,992: Total time for which application threads were stopped: 0,0154786 seconds, Stopping threads took: 0,0000205 seconds
{Heap before GC invocations=93 (full 3):
 par new generation   total 109248K, used 109248K [0x00000007a0000000, 0x00000007a8000000, 0x00000007a8000000)
  eden space 87424K, 100% used [0x00000007a0000000, 0x00000007a5560000, 0x00000007a5560000)
  from space 21824K, 100% used [0x00000007a6ab0000, 0x00000007a8000000, 0x00000007a8000000)
  to   space 21824K,   0% used [0x00000007a5560000, 0x00000007a5560000, 0x00000007a6ab0000)
 concurrent mark-sweep generation total 393216K, used 156642K [0x00000007a8000000, 0x00000007c0000000, 0x00000007c0000000)
 Metaspace       used 38905K, capacity 39350K, committed 39876K, reserved 1085440K
  class space    used 4358K, capacity 4565K, committed 4628K, reserved 1048576K
2016-09-07T20:12:23.446-0100: 656,094: [GC (Allocation Failure) 2016-09-07T20:12:23.446-0100: 656,094: [ParNew
Desired survivor size 20112992 bytes, new threshold 6 (max 8)
- age   1:    4141288 bytes,    4141288 total
- age   2:    2870656 bytes,    7011944 total
- age   3:    1242432 bytes,    8254376 total
- age   4:    5722968 bytes,   13977344 total
- age   5:    1646784 bytes,   15624128 total
- age   6:    6319824 bytes,   21943952 total
- age   7:     334576 bytes,   22278528 total
: 109248K->21824K(109248K), 0,0228685 secs] 265890K->186542K(502464K), 0,0229718 secs] [Times: user=0,08 sys=0,00, real=0,02 secs] 
Heap after GC invocations=94 (full 3):
 par new generation   total 109248K, used 21824K [0x00000007a0000000, 0x00000007a8000000, 0x00000007a8000000)
  eden space 87424K,   0% used [0x00000007a0000000, 0x00000007a0000000, 0x00000007a5560000)
  from space 21824K, 100% used [0x00000007a5560000, 0x00000007a6ab0000, 0x00000007a6ab0000)
  to   space 21824K,   0% used [0x00000007a6ab0000, 0x00000007a6ab0000, 0x00000007a8000000)
 concurrent mark-sweep generation total 393216K, used 164718K [0x00000007a8000000, 0x00000007c0000000, 0x00000007c0000000)
 Metaspace       used 38905K, capacity 39350K, committed 39876K, reserved 1085440K
  class space    used 4358K, capacity 4565K, committed 4628K, reserved 1048576K
}
2016-09-07T20:12:23.469-0100: 656,117: Total time for which application threads were stopped: 0,0231644 seconds, Stopping threads took: 0,0000223 seconds
2016-09-07T20:12:23.588-0100: 656,236: Total time for which application threads were stopped: 0,0001068 seconds, Stopping threads took: 0,0000230 seconds
2016-09-07T20:12:23.677-0100: 656,325: Total time for which application threads were stopped: 0,0001446 seconds, Stopping threads took: 0,0000238 seconds
2016-09-07T20:12:23.736-0100: 656,384: Total time for which application threads were stopped: 0,0001334 seconds, Stopping threads took: 0,0000236 seconds
2016-09-07T20:12:23.737-0100: 656,384: Total time for which application threads were stopped: 0,0000729 seconds, Stopping threads took: 0,0000119 seconds
2016-09-07T20:12:23.737-0100: 656,384: Total time for which application threads were stopped: 0,0000665 seconds, Stopping threads took: 0,0000109 seconds
2016-09-07T20:12:23.737-0100: 656,384: Total time for which application threads were stopped: 0,0000620 seconds, Stopping threads took: 0,0000102 seconds
2016-09-07T20:12:23.737-0100: 656,385: Total time for which application threads were stopped: 0,0000643 seconds, Stopping threads took: 0,0000101 seconds
2016-09-07T20:12:23.737-0100: 656,385: Total time for which application threads were stopped: 0,0000608 seconds, Stopping threads took: 0,0000098 seconds
2016-09-07T20:12:23.737-0100: 656,385: Total time for which application threads were stopped: 0,0000644 seconds, Stopping threads took: 0,0000105 seconds
2016-09-07T20:12:23.737-0100: 656,385: Total time for which application threads were stopped: 0,0000584 seconds, Stopping threads took: 0,0000095 seconds
2016-09-07T20:12:23.737-0100: 656,385: Total time for which application threads were stopped: 0,0000721 seconds, Stopping threads took: 0,0000354 seconds
2016-09-07T20:12:23.738-0100: 656,385: Total time for which application threads were stopped: 0,0000611 seconds, Stopping threads took: 0,0000093 seconds
2016-09-07T20:12:23.738-0100: 656,386: Total time for which application threads were stopped: 0,0000899 seconds, Stopping threads took: 0,0000115 seconds
{Heap before GC invocations=94 (full 3):
 par new generation   total 109248K, used 109248K [0x00000007a0000000, 0x00000007a8000000, 0x00000007a8000000)
  eden space 87424K, 100% used [0x00000007a0000000, 0x00000007a5560000, 0x00000007a5560000)
  from space 21824K, 100% used [0x00000007a5560000, 0x00000007a6ab0000, 0x00000007a6ab0000)
  to   space 21824K,   0% used [0x00000007a6ab0000, 0x00000007a6ab0000, 0x00000007a8000000)
 concurrent mark-sweep generation total 393216K, used 164718K [0x00000007a8000000, 0x00000007c0000000, 0x00000007c0000000)
 Metaspace       used 39273K, capacity 39842K, committed 40388K, reserved 1085440K
  class space    used 4404K, capacity 4599K, committed 4628K, reserved 1048576K
2016-09-07T20:12:24.002-0100: 656,649: [GC (Allocation Failure) 2016-09-07T20:12:24.013-0100: 656,660: [ParNew
Desired survivor size 20112992 bytes, new threshold 6 (max 8)
- age   1:    6363728 bytes,    6363728 total
- age   2:    2307400 bytes,    8671128 total
- age   3:    2861256 bytes,   11532384 total
- age   4:    1242432 bytes,   12774816 total
- age   5:    5720792 bytes,   18495608 total
- age   6:    1646784 bytes,   20142392 total
: 109248K->21824K(109248K), 0,0253703 secs] 273966K->194687K(502464K), 0,0361207 secs] [Times: user=0,11 sys=0,00, real=0,03 secs] 
Heap after GC invocations=95 (full 3):
 par new generation   total 109248K, used 21824K [0x00000007a0000000, 0x00000007a8000000, 0x00000007a8000000)
  eden space 87424K,   0% used [0x00000007a0000000, 0x00000007a0000000, 0x00000007a5560000)
  from space 21824K, 100% used [0x00000007a6ab0000, 0x00000007a8000000, 0x00000007a8000000)
  to   space 21824K,   0% used [0x00000007a5560000, 0x00000007a5560000, 0x00000007a6ab0000)
 concurrent mark-sweep generation total 393216K, used 172863K [0x00000007a8000000, 0x00000007c0000000, 0x00000007c0000000)
 Metaspace       used 39273K, capacity 39842K, committed 40388K, reserved 1085440K
  class space    used 4404K, capacity 4599K, committed 4628K, reserved 1048576K
}
2016-09-07T20:12:24.038-0100: 656,686: Total time for which application threads were stopped: 0,0363815 seconds, Stopping threads took: 0,0000398 seconds
{Heap before GC invocations=95 (full 3):
 par new generation   total 109248K, used 109248K [0x00000007a0000000, 0x00000007a8000000, 0x00000007a8000000)
  eden space 87424K, 100% used [0x00000007a0000000, 0x00000007a5560000, 0x00000007a5560000)
  from space 21824K, 100% used [0x00000007a6ab0000, 0x00000007a8000000, 0x00000007a8000000)
  to   space 21824K,   0% used [0x00000007a5560000, 0x00000007a5560000, 0x00000007a6ab0000)
 concurrent mark-sweep generation total 393216K, used 172863K [0x00000007a8000000, 0x00000007c0000000, 0x00000007c0000000)
 Metaspace       used 39275K, capacity 39842K, committed 40388K, reserved 1085440K
  class space    used 4404K, capacity 4599K, committed 4628K, reserved 1048576K
2016-09-07T20:12:24.268-0100: 656,916: [GC (Allocation Failure) 2016-09-07T20:12:24.268-0100: 656,916: [ParNew
Desired survivor size 20112992 bytes, new threshold 6 (max 8)
- age   1:    5313448 bytes,    5313448 total
- age   2:    4415368 bytes,    9728816 total
- age   3:    2307296 bytes,   12036112 total
- age   4:    2608048 bytes,   14644160 total
- age   5:    1242432 bytes,   15886592 total
- age   6:    5720760 bytes,   21607352 total
: 109248K->21824K(109248K), 0,0187106 secs] 282111K->200667K(502464K), 0,0187870 secs] [Times: user=0,07 sys=0,01, real=0,02 secs] 
Heap after GC invocations=96 (full 3):
 par new generation   total 109248K, used 21824K [0x00000007a0000000, 0x00000007a8000000, 0x00000007a8000000)
  eden space 87424K,   0% used [0x00000007a0000000, 0x00000007a0000000, 0x00000007a5560000)
  from space 21824K, 100% used [0x00000007a5560000, 0x00000007a6ab0000, 0x00000007a6ab0000)
  to   space 21824K,   0% used [0x00000007a6ab0000, 0x00000007a6ab0000, 0x00000007a8000000)
 concurrent mark-sweep generation total 393216K, used 178843K [0x00000007a8000000, 0x00000007c0000000, 0x00000007c0000000)
 Metaspace       used 39275K, capacity 39842K, committed 40388K, reserved 1085440K
  class space    used 4404K, capacity 4599K, committed 4628K, reserved 1048576K
}
2016-09-07T20:12:24.287-0100: 656,935: Total time for which application threads were stopped: 0,0190506 seconds, Stopping threads took: 0,0000216 seconds
{Heap before GC invocations=96 (full 3):
 par new generation   total 109248K, used 109248K [0x00000007a0000000, 0x00000007a8000000, 0x00000007a8000000)
  eden space 87424K, 100% used [0x00000007a0000000, 0x00000007a5560000, 0x00000007a5560000)
  from space 21824K, 100% used [0x00000007a5560000, 0x00000007a6ab0000, 0x00000007a6ab0000)
  to   space 21824K,   0% used [0x00000007a6ab0000, 0x00000007a6ab0000, 0x00000007a8000000)
 concurrent mark-sweep generation total 393216K, used 178843K [0x00000007a8000000, 0x00000007c0000000, 0x00000007c0000000)
 Metaspace       used 39277K, capacity 39842K, committed 40388K, reserved 1085440K
  class space    used 4404K, capacity 4599K, committed 4628K, reserved 1048576K
2016-09-07T20:12:24.385-0100: 657,032: [GC (Allocation Failure) 2016-09-07T20:12:24.385-0100: 657,032: [ParNew
Desired survivor size 20112992 bytes, new threshold 8 (max 8)
- age   1:    1022256 bytes,    1022256 total
- age   2:    5042008 bytes,    6064264 total
- age   3:    4403840 bytes,   10468104 total
- age   4:    2307296 bytes,   12775400 total
- age   5:    2608048 bytes,   15383448 total
- age   6:    1242432 bytes,   16625880 total
: 109248K->21824K(109248K), 0,0160978 secs] 288091K->206280K(502464K), 0,0161970 secs] [Times: user=0,06 sys=0,00, real=0,02 secs] 
Heap after GC invocations=97 (full 3):
 par new generation   total 109248K, used 21824K [0x00000007a0000000, 0x00000007a8000000, 0x00000007a8000000)
  eden space 87424K,   0% used [0x00000007a0000000, 0x00000007a0000000, 0x00000007a5560000)
  from space 21824K, 100% used [0x00000007a6ab0000, 0x00000007a8000000, 0x00000007a8000000)
  to   space 21824K,   0% used [0x00000007a5560000, 0x00000007a5560000, 0x00000007a6ab0000)
 concurrent mark-sweep generation total 393216K, used 184456K [0x00000007a8000000, 0x00000007c0000000, 0x00000007c0000000)
 Metaspace       used 39277K, capacity 39842K, committed 40388K, reserved 1085440K
  class space    used 4404K, capacity 4599K, committed 4628K, reserved 1048576K
}
2016-09-07T20:12:24.401-0100: 657,048: Total time for which application threads were stopped: 0,0164232 seconds, Stopping threads took: 0,0000214 seconds
{Heap before GC invocations=97 (full 3):
 par new generation   total 109248K, used 109248K [0x00000007a0000000, 0x00000007a8000000, 0x00000007a8000000)
  eden space 87424K, 100% used [0x00000007a0000000, 0x00000007a5560000, 0x00000007a5560000)
  from space 21824K, 100% used [0x00000007a6ab0000, 0x00000007a8000000, 0x00000007a8000000)
  to   space 21824K,   0% used [0x00000007a5560000, 0x00000007a5560000, 0x00000007a6ab0000)
 concurrent mark-sweep generation total 393216K, used 184456K [0x00000007a8000000, 0x00000007c0000000, 0x00000007c0000000)
 Metaspace       used 39278K, capacity 39842K, committed 40388K, reserved 1085440K
  class space    used 4404K, capacity 4599K, committed 4628K, reserved 1048576K
2016-09-07T20:12:24.538-0100: 657,186: [GC (Allocation Failure) 2016-09-07T20:12:24.538-0100: 657,186: [ParNew
Desired survivor size 20112992 bytes, new threshold 8 (max 8)
- age   1:    3446848 bytes,    3446848 total
- age   2:      29256 bytes,    3476104 total
- age   3:    3857904 bytes,    7334008 total
- age   4:    4402776 bytes,   11736784 total
- age   5:    2307296 bytes,   14044080 total
- age   6:    2607976 bytes,   16652056 total
- age   7:    1242400 bytes,   17894456 total
: 109248K->21824K(109248K), 0,0126068 secs] 293704K->206383K(502464K), 0,0126832 secs] [Times: user=0,05 sys=0,00, real=0,02 secs] 
Heap after GC invocations=98 (full 3):
 par new generation   total 109248K, used 21824K [0x00000007a0000000, 0x00000007a8000000, 0x00000007a8000000)
  eden space 87424K,   0% used [0x00000007a0000000, 0x00000007a0000000, 0x00000007a5560000)
  from space 21824K, 100% used [0x00000007a5560000, 0x00000007a6ab0000, 0x00000007a6ab0000)
  to   space 21824K,   0% used [0x00000007a6ab0000, 0x00000007a6ab0000, 0x00000007a8000000)
 concurrent mark-sweep generation total 393216K, used 184559K [0x00000007a8000000, 0x00000007c0000000, 0x00000007c0000000)
 Metaspace       used 39278K, capacity 39842K, committed 40388K, reserved 1085440K
  class space    used 4404K, capacity 4599K, committed 4628K, reserved 1048576K
}
2016-09-07T20:12:24.551-0100: 657,198: Total time for which application threads were stopped: 0,0129230 seconds, Stopping threads took: 0,0000195 seconds
{Heap before GC invocations=98 (full 3):
 par new generation   total 109248K, used 109248K [0x00000007a0000000, 0x00000007a8000000, 0x00000007a8000000)
  eden space 87424K, 100% used [0x00000007a0000000, 0x00000007a5560000, 0x00000007a5560000)
  from space 21824K, 100% used [0x00000007a5560000, 0x00000007a6ab0000, 0x00000007a6ab0000)
  to   space 21824K,   0% used [0x00000007a6ab0000, 0x00000007a6ab0000, 0x00000007a8000000)
 concurrent mark-sweep generation total 393216K, used 184559K [0x00000007a8000000, 0x00000007c0000000, 0x00000007c0000000)
 Metaspace       used 39283K, capacity 39842K, committed 40388K, reserved 1085440K
  class space    used 4404K, capacity 4599K, committed 4628K, reserved 1048576K
2016-09-07T20:12:24.679-0100: 657,326: [GC (Allocation Failure) 2016-09-07T20:12:24.679-0100: 657,326: [ParNew
Desired survivor size 20112992 bytes, new threshold 8 (max 8)
- age   1:    2937752 bytes,    2937752 total
- age   2:    2926656 bytes,    5864408 total
- age   3:      29072 bytes,    5893480 total
- age   4:    3672032 bytes,    9565512 total
- age   5:    4396416 bytes,   13961928 total
- age   6:    2286640 bytes,   16248568 total
- age   7:    2607976 bytes,   18856544 total
- age   8:    1242400 bytes,   20098944 total
: 109248K->21824K(109248K), 0,0174796 secs] 293807K->207604K(502464K), 0,0175966 secs] [Times: user=0,06 sys=0,00, real=0,02 secs] 
Heap after GC invocations=99 (full 3):
 par new generation   total 109248K, used 21824K [0x00000007a0000000, 0x00000007a8000000, 0x00000007a8000000)
  eden space 87424K,   0% used [0x00000007a0000000, 0x00000007a0000000, 0x00000007a5560000)
  from space 21824K, 100% used [0x00000007a6ab0000, 0x00000007a8000000, 0x00000007a8000000)
  to   space 21824K,   0% used [0x00000007a5560000, 0x00000007a5560000, 0x00000007a6ab0000)
 concurrent mark-sweep generation total 393216K, used 185780K [0x00000007a8000000, 0x00000007c0000000, 0x00000007c0000000)
 Metaspace       used 39283K, capacity 39842K, committed 40388K, reserved 1085440K
  class space    used 4404K, capacity 4599K, committed 4628K, reserved 1048576K
}
2016-09-07T20:12:24.697-0100: 657,344: Total time for which application threads were stopped: 0,0178138 seconds, Stopping threads took: 0,0000227 seconds
{Heap before GC invocations=99 (full 3):
 par new generation   total 109248K, used 109248K [0x00000007a0000000, 0x00000007a8000000, 0x00000007a8000000)
  eden space 87424K, 100% used [0x00000007a0000000, 0x00000007a5560000, 0x00000007a5560000)
  from space 21824K, 100% used [0x00000007a6ab0000, 0x00000007a8000000, 0x00000007a8000000)
  to   space 21824K,   0% used [0x00000007a5560000, 0x00000007a5560000, 0x00000007a6ab0000)
 concurrent mark-sweep generation total 393216K, used 185780K [0x00000007a8000000, 0x00000007c0000000, 0x00000007c0000000)
 Metaspace       used 39288K, capacity 39842K, committed 40388K, reserved 1085440K
  class space    used 4404K, capacity 4599K, committed 4628K, reserved 1048576K
2016-09-07T20:12:24.909-0100: 657,557: [GC (Allocation Failure) 2016-09-07T20:12:24.909-0100: 657,557: [ParNew
Desired survivor size 20112992 bytes, new threshold 8 (max 8)
- age   1:    7148624 bytes,    7148624 total
- age   2:     203928 bytes,    7352552 total
- age   3:    2003040 bytes,    9355592 total
- age   4:      29072 bytes,    9384664 total
- age   5:    3672008 bytes,   13056672 total
- age   6:    4392696 bytes,   17449368 total
- age   7:    2286640 bytes,   19736008 total
- age   8:    2606944 bytes,   22342952 total
: 109248K->21824K(109248K), 0,0351825 secs] 295028K->215086K(502464K), 0,0352964 secs] [Times: user=0,10 sys=0,01, real=0,04 secs] 
Heap after GC invocations=100 (full 3):
 par new generation   total 109248K, used 21824K [0x00000007a0000000, 0x00000007a8000000, 0x00000007a8000000)
  eden space 87424K,   0% used [0x00000007a0000000, 0x00000007a0000000, 0x00000007a5560000)
  from space 21824K, 100% used [0x00000007a5560000, 0x00000007a6ab0000, 0x00000007a6ab0000)
  to   space 21824K,   0% used [0x00000007a6ab0000, 0x00000007a6ab0000, 0x00000007a8000000)
 concurrent mark-sweep generation total 393216K, used 193262K [0x00000007a8000000, 0x00000007c0000000, 0x00000007c0000000)
 Metaspace       used 39288K, capacity 39842K, committed 40388K, reserved 1085440K
  class space    used 4404K, capacity 4599K, committed 4628K, reserved 1048576K
}
2016-09-07T20:12:24.945-0100: 657,592: Total time for which application threads were stopped: 0,0355263 seconds, Stopping threads took: 0,0000259 seconds
{Heap before GC invocations=100 (full 3):
 par new generation   total 109248K, used 109248K [0x00000007a0000000, 0x00000007a8000000, 0x00000007a8000000)
  eden space 87424K, 100% used [0x00000007a0000000, 0x00000007a5560000, 0x00000007a5560000)
  from space 21824K, 100% used [0x00000007a5560000, 0x00000007a6ab0000, 0x00000007a6ab0000)
  to   space 21824K,   0% used [0x00000007a6ab0000, 0x00000007a6ab0000, 0x00000007a8000000)
 concurrent mark-sweep generation total 393216K, used 193262K [0x00000007a8000000, 0x00000007c0000000, 0x00000007c0000000)
 Metaspace       used 39289K, capacity 39842K, committed 40388K, reserved 1085440K
  class space    used 4404K, capacity 4599K, committed 4628K, reserved 1048576K
2016-09-07T20:12:25.058-0100: 657,706: [GC (Allocation Failure) 2016-09-07T20:12:25.059-0100: 657,706: [ParNew
Desired survivor size 20112992 bytes, new threshold 8 (max 8)
- age   1:    3713240 bytes,    3713240 total
- age   2:    6043544 bytes,    9756784 total
- age   3:     203904 bytes,    9960688 total
- age   4:    2002960 bytes,   11963648 total
- age   5:      29072 bytes,   11992720 total
- age   6:    3672008 bytes,   15664728 total
- age   7:    4390168 bytes,   20054896 total
- age   8:    2286640 bytes,   22341536 total
: 109248K->21824K(109248K), 0,0236769 secs] 302510K->222279K(502464K), 0,0237623 secs] [Times: user=0,09 sys=0,00, real=0,03 secs] 
Heap after GC invocations=101 (full 3):
 par new generation   total 109248K, used 21824K [0x00000007a0000000, 0x00000007a8000000, 0x00000007a8000000)
  eden space 87424K,   0% used [0x00000007a0000000, 0x00000007a0000000, 0x00000007a5560000)
  from space 21824K, 100% used [0x00000007a6ab0000, 0x00000007a8000000, 0x00000007a8000000)
  to   space 21824K,   0% used [0x00000007a5560000, 0x00000007a5560000, 0x00000007a6ab0000)
 concurrent mark-sweep generation total 393216K, used 200455K [0x00000007a8000000, 0x00000007c0000000, 0x00000007c0000000)
 Metaspace       used 39289K, capacity 39842K, committed 40388K, reserved 1085440K
  class space    used 4404K, capacity 4599K, committed 4628K, reserved 1048576K
}
2016-09-07T20:12:25.082-0100: 657,730: Total time for which application threads were stopped: 0,0239607 seconds, Stopping threads took: 0,0000228 seconds
2016-09-07T20:12:25.083-0100: 657,730: [GC (CMS Initial Mark) [1 CMS-initial-mark: 200455K(393216K)] 223153K(502464K), 0,0065814 secs] [Times: user=0,02 sys=0,00, real=0,00 secs] 
2016-09-07T20:12:25.089-0100: 657,737: Total time for which application threads were stopped: 0,0067713 seconds, Stopping threads took: 0,0000785 seconds
2016-09-07T20:12:25.089-0100: 657,737: [CMS-concurrent-mark-start]
2016-09-07T20:12:25.119-0100: 657,767: [CMS-concurrent-mark: 0,030/0,030 secs] [Times: user=0,11 sys=0,00, real=0,03 secs] 
2016-09-07T20:12:25.119-0100: 657,767: [CMS-concurrent-preclean-start]
2016-09-07T20:12:25.121-0100: 657,768: [CMS-concurrent-preclean: 0,002/0,002 secs] [Times: user=0,01 sys=0,00, real=0,01 secs] 
2016-09-07T20:12:25.121-0100: 657,768: [CMS-concurrent-abortable-preclean-start]
{Heap before GC invocations=101 (full 4):
 par new generation   total 109248K, used 109248K [0x00000007a0000000, 0x00000007a8000000, 0x00000007a8000000)
  eden space 87424K, 100% used [0x00000007a0000000, 0x00000007a5560000, 0x00000007a5560000)
  from space 21824K, 100% used [0x00000007a6ab0000, 0x00000007a8000000, 0x00000007a8000000)
  to   space 21824K,   0% used [0x00000007a5560000, 0x00000007a5560000, 0x00000007a6ab0000)
 concurrent mark-sweep generation total 393216K, used 200455K [0x00000007a8000000, 0x00000007c0000000, 0x00000007c0000000)
 Metaspace       used 39289K, capacity 39842K, committed 40388K, reserved 1085440K
  class space    used 4404K, capacity 4599K, committed 4628K, reserved 1048576K
2016-09-07T20:12:25.239-0100: 657,886: [GC (Allocation Failure) 2016-09-07T20:12:25.239-0100: 657,886: [ParNew
Desired survivor size 20112992 bytes, new threshold 8 (max 8)
- age   1:    3254232 bytes,    3254232 total
- age   2:    2293384 bytes,    5547616 total
- age   3:    6005312 bytes,   11552928 total
- age   4:     203904 bytes,   11756832 total
- age   5:    2002960 bytes,   13759792 total
- age   6:      29072 bytes,   13788864 total
- age   7:    3672008 bytes,   17460872 total
- age   8:    4390072 bytes,   21850944 total
: 109248K->21824K(109248K), 0,0186986 secs] 309703K->224781K(502464K), 0,0188026 secs] [Times: user=0,06 sys=0,00, real=0,02 secs] 
Heap after GC invocations=102 (full 4):
 par new generation   total 109248K, used 21824K [0x00000007a0000000, 0x00000007a8000000, 0x00000007a8000000)
  eden space 87424K,   0% used [0x00000007a0000000, 0x00000007a0000000, 0x00000007a5560000)
  from space 21824K, 100% used [0x00000007a5560000, 0x00000007a6ab0000, 0x00000007a6ab0000)
  to   space 21824K,   0% used [0x00000007a6ab0000, 0x00000007a6ab0000, 0x00000007a8000000)
 concurrent mark-sweep generation total 393216K, used 202957K [0x00000007a8000000, 0x00000007c0000000, 0x00000007c0000000)
 Metaspace       used 39289K, capacity 39842K, committed 40388K, reserved 1085440K
  class space    used 4404K, capacity 4599K, committed 4628K, reserved 1048576K
}
2016-09-07T20:12:25.258-0100: 657,905: Total time for which application threads were stopped: 0,0189915 seconds, Stopping threads took: 0,0000228 seconds
{Heap before GC invocations=102 (full 4):
 par new generation   total 109248K, used 109248K [0x00000007a0000000, 0x00000007a8000000, 0x00000007a8000000)
  eden space 87424K, 100% used [0x00000007a0000000, 0x00000007a5560000, 0x00000007a5560000)
  from space 21824K, 100% used [0x00000007a5560000, 0x00000007a6ab0000, 0x00000007a6ab0000)
  to   space 21824K,   0% used [0x00000007a6ab0000, 0x00000007a6ab0000, 0x00000007a8000000)
 concurrent mark-sweep generation total 393216K, used 202957K [0x00000007a8000000, 0x00000007c0000000, 0x00000007c0000000)
 Metaspace       used 39298K, capacity 39848K, committed 40388K, reserved 1085440K
  class space    used 4405K, capacity 4600K, committed 4628K, reserved 1048576K
2016-09-07T20:12:25.479-0100: 658,126: [GC (Allocation Failure) 2016-09-07T20:12:25.479-0100: 658,126: [ParNew
Desired survivor size 20112992 bytes, new threshold 8 (max 8)
- age   1:    4495664 bytes,    4495664 total
- age   2:     822864 bytes,    5318528 total
- age   3:    1829248 bytes,    7147776 total
- age   4:    4791384 bytes,   11939160 total
- age   5:     203904 bytes,   12143064 total
- age   6:    1998160 bytes,   14141224 total
- age   7:      29072 bytes,   14170296 total
- age   8:    3672008 bytes,   17842304 total
: 109248K->21824K(109248K), 0,0256077 secs] 312205K->232375K(502464K), 0,0256833 secs] [Times: user=0,10 sys=0,01, real=0,03 secs] 
Heap after GC invocations=103 (full 4):
 par new generation   total 109248K, used 21824K [0x00000007a0000000, 0x00000007a8000000, 0x00000007a8000000)
  eden space 87424K,   0% used [0x00000007a0000000, 0x00000007a0000000, 0x00000007a5560000)
  from space 21824K, 100% used [0x00000007a6ab0000, 0x00000007a8000000, 0x00000007a8000000)
  to   space 21824K,   0% used [0x00000007a5560000, 0x00000007a5560000, 0x00000007a6ab0000)
 concurrent mark-sweep generation total 393216K, used 210551K [0x00000007a8000000, 0x00000007c0000000, 0x00000007c0000000)
 Metaspace       used 39298K, capacity 39848K, committed 40388K, reserved 1085440K
  class space    used 4405K, capacity 4600K, committed 4628K, reserved 1048576K
}
2016-09-07T20:12:25.504-0100: 658,152: Total time for which application threads were stopped: 0,0258742 seconds, Stopping threads took: 0,0000227 seconds
2016-09-07T20:12:25.504-0100: 658,152: [CMS-concurrent-abortable-preclean: 0,287/0,384 secs] [Times: user=0,78 sys=0,02, real=0,38 secs] 
2016-09-07T20:12:25.505-0100: 658,152: [GC (CMS Final Remark) [YG occupancy: 22256 K (109248 K)]{Heap before GC invocations=103 (full 4):
 par new generation   total 109248K, used 22256K [0x00000007a0000000, 0x00000007a8000000, 0x00000007a8000000)
  eden space 87424K,   0% used [0x00000007a0000000, 0x00000007a006c0f8, 0x00000007a5560000)
  from space 21824K, 100% used [0x00000007a6ab0000, 0x00000007a8000000, 0x00000007a8000000)
  to   space 21824K,   0% used [0x00000007a5560000, 0x00000007a5560000, 0x00000007a6ab0000)
 concurrent mark-sweep generation total 393216K, used 210551K [0x00000007a8000000, 0x00000007c0000000, 0x00000007c0000000)
 Metaspace       used 39298K, capacity 39848K, committed 40388K, reserved 1085440K
  class space    used 4405K, capacity 4600K, committed 4628K, reserved 1048576K
2016-09-07T20:12:25.505-0100: 658,152: [GC (CMS Final Remark) 2016-09-07T20:12:25.505-0100: 658,152: [ParNew
Desired survivor size 20112992 bytes, new threshold 8 (max 8)
- age   1:        536 bytes,        536 total
- age   2:    4417472 bytes,    4418008 total
- age   3:     822760 bytes,    5240768 total
- age   4:    1829248 bytes,    7070016 total
- age   5:    4791384 bytes,   11861400 total
- age   6:     203904 bytes,   12065304 total
- age   7:    1998160 bytes,   14063464 total
- age   8:      29072 bytes,   14092536 total
: 22256K->21824K(109248K), 0,0163466 secs] 232807K->236029K(502464K), 0,0163868 secs] [Times: user=0,06 sys=0,00, real=0,02 secs] 
Heap after GC invocations=104 (full 4):
 par new generation   total 109248K, used 21824K [0x00000007a0000000, 0x00000007a8000000, 0x00000007a8000000)
  eden space 87424K,   0% used [0x00000007a0000000, 0x00000007a0000000, 0x00000007a5560000)
  from space 21824K, 100% used [0x00000007a5560000, 0x00000007a6ab0000, 0x00000007a6ab0000)
  to   space 21824K,   0% used [0x00000007a6ab0000, 0x00000007a6ab0000, 0x00000007a8000000)
 concurrent mark-sweep generation total 393216K, used 214205K [0x00000007a8000000, 0x00000007c0000000, 0x00000007c0000000)
 Metaspace       used 39298K, capacity 39848K, committed 40388K, reserved 1085440K
  class space    used 4405K, capacity 4600K, committed 4628K, reserved 1048576K
}
2016-09-07T20:12:25.521-0100: 658,169: [Rescan (parallel) , 0,0089666 secs]2016-09-07T20:12:25.530-0100: 658,178: [weak refs processing, 0,0085611 secs]2016-09-07T20:12:25.539-0100: 658,186: [class unloading, 0,0091263 secs]2016-09-07T20:12:25.548-0100: 658,195: [scrub symbol table, 0,0081130 secs]2016-09-07T20:12:25.556-0100: 658,204: [scrub string table, 0,0007100 secs][1 CMS-remark: 214205K(393216K)] 236029K(502464K), 0,0523147 secs] [Times: user=0,16 sys=0,00, real=0,05 secs] 
2016-09-07T20:12:25.557-0100: 658,205: Total time for which application threads were stopped: 0,0525051 seconds, Stopping threads took: 0,0000932 seconds
2016-09-07T20:12:25.558-0100: 658,207: [CMS-concurrent-sweep-start]
2016-09-07T20:12:25.648-0100: 658,295: [CMS-concurrent-sweep: 0,089/0,089 secs] [Times: user=0,18 sys=0,00, real=0,09 secs] 
2016-09-07T20:12:25.648-0100: 658,295: [CMS-concurrent-reset-start]
2016-09-07T20:12:25.648-0100: 658,296: [CMS-concurrent-reset: 0,000/0,000 secs] [Times: user=0,00 sys=0,00, real=0,00 secs] 
{Heap before GC invocations=104 (full 4):
 par new generation   total 109248K, used 109248K [0x00000007a0000000, 0x00000007a8000000, 0x00000007a8000000)
  eden space 87424K, 100% used [0x00000007a0000000, 0x00000007a5560000, 0x00000007a5560000)
  from space 21824K, 100% used [0x00000007a5560000, 0x00000007a6ab0000, 0x00000007a6ab0000)
  to   space 21824K,   0% used [0x00000007a6ab0000, 0x00000007a6ab0000, 0x00000007a8000000)
 concurrent mark-sweep generation total 393216K, used 76370K [0x00000007a8000000, 0x00000007c0000000, 0x00000007c0000000)
 Metaspace       used 39298K, capacity 39848K, committed 40388K, reserved 1085440K
  class space    used 4405K, capacity 4600K, committed 4628K, reserved 1048576K
2016-09-07T20:12:25.690-0100: 658,338: [GC (Allocation Failure) 2016-09-07T20:12:25.691-0100: 658,338: [ParNew
Desired survivor size 20112992 bytes, new threshold 8 (max 8)
- age   1:    2553528 bytes,    2553528 total
- age   3:    4149952 bytes,    6703480 total
- age   4:     822760 bytes,    7526240 total
- age   5:    1829224 bytes,    9355464 total
- age   6:    4790832 bytes,   14146296 total
- age   7:     175888 bytes,   14322184 total
- age   8:    1997568 bytes,   16319752 total
: 109248K->20114K(109248K), 0,0111142 secs] 185618K->96512K(502464K), 0,0111948 secs] [Times: user=0,04 sys=0,00, real=0,01 secs] 
Heap after GC invocations=105 (full 4):
 par new generation   total 109248K, used 20114K [0x00000007a0000000, 0x00000007a8000000, 0x00000007a8000000)
  eden space 87424K,   0% used [0x00000007a0000000, 0x00000007a0000000, 0x00000007a5560000)
  from space 21824K,  92% used [0x00000007a6ab0000, 0x00000007a7e548e0, 0x00000007a8000000)
  to   space 21824K,   0% used [0x00000007a5560000, 0x00000007a5560000, 0x00000007a6ab0000)
 concurrent mark-sweep generation total 393216K, used 76398K [0x00000007a8000000, 0x00000007c0000000, 0x00000007c0000000)
 Metaspace       used 39298K, capacity 39848K, committed 40388K, reserved 1085440K
  class space    used 4405K, capacity 4600K, committed 4628K, reserved 1048576K
}
2016-09-07T20:12:25.702-0100: 658,349: Total time for which application threads were stopped: 0,0113957 seconds, Stopping threads took: 0,0000224 seconds
{Heap before GC invocations=105 (full 4):
 par new generation   total 109248K, used 107538K [0x00000007a0000000, 0x00000007a8000000, 0x00000007a8000000)
  eden space 87424K, 100% used [0x00000007a0000000, 0x00000007a5560000, 0x00000007a5560000)
  from space 21824K,  92% used [0x00000007a6ab0000, 0x00000007a7e548e0, 0x00000007a8000000)
  to   space 21824K,   0% used [0x00000007a5560000, 0x00000007a5560000, 0x00000007a6ab0000)
 concurrent mark-sweep generation total 393216K, used 76398K [0x00000007a8000000, 0x00000007c0000000, 0x00000007c0000000)
 Metaspace       used 39298K, capacity 39848K, committed 40388K, reserved 1085440K
  class space    used 4405K, capacity 4600K, committed 4628K, reserved 1048576K
2016-09-07T20:12:25.976-0100: 658,623: [GC (Allocation Failure) 2016-09-07T20:12:25.976-0100: 658,624: [ParNew
Desired survivor size 20112992 bytes, new threshold 7 (max 8)
- age   1:   10207432 bytes,   10207432 total
- age   2:     455056 bytes,   10662488 total
- age   4:    3491920 bytes,   14154408 total
- age   5:     822760 bytes,   14977168 total
- age   6:    1829224 bytes,   16806392 total
- age   7:    4790808 bytes,   21597200 total
- age   8:     174864 bytes,   21772064 total
: 107538K->21824K(109248K), 0,0180748 secs] 183936K->103037K(502464K), 0,0181548 secs] [Times: user=0,07 sys=0,01, real=0,02 secs] 
Heap after GC invocations=106 (full 4):
 par new generation   total 109248K, used 21824K [0x00000007a0000000, 0x00000007a8000000, 0x00000007a8000000)
  eden space 87424K,   0% used [0x00000007a0000000, 0x00000007a0000000, 0x00000007a5560000)
  from space 21824K, 100% used [0x00000007a5560000, 0x00000007a6ab0000, 0x00000007a6ab0000)
  to   space 21824K,   0% used [0x00000007a6ab0000, 0x00000007a6ab0000, 0x00000007a8000000)
 concurrent mark-sweep generation total 393216K, used 81213K [0x00000007a8000000, 0x00000007c0000000, 0x00000007c0000000)
 Metaspace       used 39298K, capacity 39848K, committed 40388K, reserved 1085440K
  class space    used 4405K, capacity 4600K, committed 4628K, reserved 1048576K
}
2016-09-07T20:12:25.994-0100: 658,642: Total time for which application threads were stopped: 0,0183474 seconds, Stopping threads took: 0,0000216 seconds
{Heap before GC invocations=106 (full 4):
 par new generation   total 109248K, used 109248K [0x00000007a0000000, 0x00000007a8000000, 0x00000007a8000000)
  eden space 87424K, 100% used [0x00000007a0000000, 0x00000007a5560000, 0x00000007a5560000)
  from space 21824K, 100% used [0x00000007a5560000, 0x00000007a6ab0000, 0x00000007a6ab0000)
  to   space 21824K,   0% used [0x00000007a6ab0000, 0x00000007a6ab0000, 0x00000007a8000000)
 concurrent mark-sweep generation total 393216K, used 81213K [0x00000007a8000000, 0x00000007c0000000, 0x00000007c0000000)
 Metaspace       used 39304K, capacity 39848K, committed 40388K, reserved 1085440K
  class space    used 4405K, capacity 4600K, committed 4628K, reserved 1048576K
2016-09-07T20:12:26.662-0100: 659,310: [GC (Allocation Failure) 2016-09-07T20:12:26.662-0100: 659,310: [ParNew
Desired survivor size 20112992 bytes, new threshold 7 (max 8)
- age   1:    8895392 bytes,    8895392 total
- age   2:    4764080 bytes,   13659472 total
- age   3:     454688 bytes,   14114160 total
- age   5:    3428208 bytes,   17542368 total
- age   6:     822728 bytes,   18365096 total
- age   7:    1829080 bytes,   20194176 total
: 109248K->21824K(109248K), 0,0194535 secs] 190461K->112598K(502464K), 0,0195448 secs] [Times: user=0,07 sys=0,00, real=0,02 secs] 
Heap after GC invocations=107 (full 4):
 par new generation   total 109248K, used 21824K [0x00000007a0000000, 0x00000007a8000000, 0x00000007a8000000)
  eden space 87424K,   0% used [0x00000007a0000000, 0x00000007a0000000, 0x00000007a5560000)
  from space 21824K, 100% used [0x00000007a6ab0000, 0x00000007a8000000, 0x00000007a8000000)
  to   space 21824K,   0% used [0x00000007a5560000, 0x00000007a5560000, 0x00000007a6ab0000)
 concurrent mark-sweep generation total 393216K, used 90774K [0x00000007a8000000, 0x00000007c0000000, 0x00000007c0000000)
 Metaspace       used 39304K, capacity 39848K, committed 40388K, reserved 1085440K
  class space    used 4405K, capacity 4600K, committed 4628K, reserved 1048576K
}
2016-09-07T20:12:26.681-0100: 659,329: Total time for which application threads were stopped: 0,0197450 seconds, Stopping threads took: 0,0000224 seconds
2016-09-07T20:12:26.699-0100: 659,347: Total time for which application threads were stopped: 0,0001663 seconds, Stopping threads took: 0,0000196 seconds
2016-09-07T20:12:26.744-0100: 659,391: Total time for which application threads were stopped: 0,0002047 seconds, Stopping threads took: 0,0000220 seconds
2016-09-07T20:12:27.036-0100: 659,683: Total time for which application threads were stopped: 0,0001966 seconds, Stopping threads took: 0,0000233 seconds
2016-09-07T20:12:27.037-0100: 659,684: Total time for which application threads were stopped: 0,0001256 seconds, Stopping threads took: 0,0000209 seconds
2016-09-07T20:12:27.037-0100: 659,684: Total time for which application threads were stopped: 0,0000951 seconds, Stopping threads took: 0,0000148 seconds
2016-09-07T20:12:27.037-0100: 659,685: Total time for which application threads were stopped: 0,0000855 seconds, Stopping threads took: 0,0000130 seconds
2016-09-07T20:12:27.037-0100: 659,685: Total time for which application threads were stopped: 0,0000786 seconds, Stopping threads took: 0,0000123 seconds
2016-09-07T20:12:27.037-0100: 659,685: Total time for which application threads were stopped: 0,0000748 seconds, Stopping threads took: 0,0000110 seconds
2016-09-07T20:12:27.037-0100: 659,685: Total time for which application threads were stopped: 0,0000721 seconds, Stopping threads took: 0,0000111 seconds
2016-09-07T20:12:27.037-0100: 659,685: Total time for which application threads were stopped: 0,0000520 seconds, Stopping threads took: 0,0000101 seconds
2016-09-07T20:12:27.037-0100: 659,685: Total time for which application threads were stopped: 0,0000641 seconds, Stopping threads took: 0,0000095 seconds
2016-09-07T20:12:27.038-0100: 659,685: Total time for which application threads were stopped: 0,0001314 seconds, Stopping threads took: 0,0000086 seconds
2016-09-07T20:12:27.038-0100: 659,686: Total time for which application threads were stopped: 0,0000648 seconds, Stopping threads took: 0,0000099 seconds
2016-09-07T20:12:27.055-0100: 659,703: Total time for which application threads were stopped: 0,0001092 seconds, Stopping threads took: 0,0000177 seconds
2016-09-07T20:12:27.057-0100: 659,704: Total time for which application threads were stopped: 0,0000785 seconds, Stopping threads took: 0,0000172 seconds
2016-09-07T20:12:27.060-0100: 659,708: Total time for which application threads were stopped: 0,0001239 seconds, Stopping threads took: 0,0000230 seconds
2016-09-07T20:12:27.307-0100: 659,954: Total time for which application threads were stopped: 0,0001625 seconds, Stopping threads took: 0,0000230 seconds
2016-09-07T20:12:27.308-0100: 659,956: Total time for which application threads were stopped: 0,0001137 seconds, Stopping threads took: 0,0000396 seconds
{Heap before GC invocations=107 (full 4):
 par new generation   total 109248K, used 109248K [0x00000007a0000000, 0x00000007a8000000, 0x00000007a8000000)
  eden space 87424K, 100% used [0x00000007a0000000, 0x00000007a5560000, 0x00000007a5560000)
  from space 21824K, 100% used [0x00000007a6ab0000, 0x00000007a8000000, 0x00000007a8000000)
  to   space 21824K,   0% used [0x00000007a5560000, 0x00000007a5560000, 0x00000007a6ab0000)
 concurrent mark-sweep generation total 393216K, used 90774K [0x00000007a8000000, 0x00000007c0000000, 0x00000007c0000000)
 Metaspace       used 39538K, capacity 40072K, committed 40772K, reserved 1085440K
  class space    used 4432K, capacity 4632K, committed 4756K, reserved 1048576K
2016-09-07T20:12:27.344-0100: 659,992: [GC (Allocation Failure) 2016-09-07T20:12:27.344-0100: 659,992: [ParNew
Desired survivor size 20112992 bytes, new threshold 6 (max 8)
- age   1:    6472280 bytes,    6472280 total
- age   2:    6147656 bytes,   12619936 total
- age   3:    4762752 bytes,   17382688 total
- age   4:     454688 bytes,   17837376 total
- age   6:    3220168 bytes,   21057544 total
- age   7:     687384 bytes,   21744928 total
: 109248K->21824K(109248K), 0,0213653 secs] 200022K->119756K(502464K), 0,0214483 secs] [Times: user=0,06 sys=0,00, real=0,02 secs] 
Heap after GC invocations=108 (full 4):
 par new generation   total 109248K, used 21824K [0x00000007a0000000, 0x00000007a8000000, 0x00000007a8000000)
  eden space 87424K,   0% used [0x00000007a0000000, 0x00000007a0000000, 0x00000007a5560000)
  from space 21824K, 100% used [0x00000007a5560000, 0x00000007a6ab0000, 0x00000007a6ab0000)
  to   space 21824K,   0% used [0x00000007a6ab0000, 0x00000007a6ab0000, 0x00000007a8000000)
 concurrent mark-sweep generation total 393216K, used 97932K [0x00000007a8000000, 0x00000007c0000000, 0x00000007c0000000)
 Metaspace       used 39538K, capacity 40072K, committed 40772K, reserved 1085440K
  class space    used 4432K, capacity 4632K, committed 4756K, reserved 1048576K
}
2016-09-07T20:12:27.366-0100: 660,014: Total time for which application threads were stopped: 0,0217611 seconds, Stopping threads took: 0,0000407 seconds
2016-09-07T20:12:27.386-0100: 660,034: Total time for which application threads were stopped: 0,0001265 seconds, Stopping threads took: 0,0000233 seconds
2016-09-07T20:12:27.387-0100: 660,034: Total time for which application threads were stopped: 0,0001190 seconds, Stopping threads took: 0,0000286 seconds
2016-09-07T20:12:27.388-0100: 660,036: Total time for which application threads were stopped: 0,0001411 seconds, Stopping threads took: 0,0000456 seconds
2016-09-07T20:12:27.388-0100: 660,036: Total time for which application threads were stopped: 0,0000703 seconds, Stopping threads took: 0,0000116 seconds
2016-09-07T20:12:27.390-0100: 660,037: Total time for which application threads were stopped: 0,0001056 seconds, Stopping threads took: 0,0000176 seconds
2016-09-07T20:12:27.390-0100: 660,037: Total time for which application threads were stopped: 0,0000838 seconds, Stopping threads took: 0,0000291 seconds
2016-09-07T20:12:27.390-0100: 660,037: Total time for which application threads were stopped: 0,0000613 seconds, Stopping threads took: 0,0000097 seconds
2016-09-07T20:12:27.390-0100: 660,038: Total time for which application threads were stopped: 0,0000753 seconds, Stopping threads took: 0,0000266 seconds
2016-09-07T20:12:27.390-0100: 660,038: Total time for which application threads were stopped: 0,0000761 seconds, Stopping threads took: 0,0000236 seconds
2016-09-07T20:12:27.390-0100: 660,038: Total time for which application threads were stopped: 0,0000622 seconds, Stopping threads took: 0,0000098 seconds
2016-09-07T20:12:27.390-0100: 660,038: Total time for which application threads were stopped: 0,0000613 seconds, Stopping threads took: 0,0000097 seconds
2016-09-07T20:12:27.390-0100: 660,038: Total time for which application threads were stopped: 0,0001901 seconds, Stopping threads took: 0,0000098 seconds
2016-09-07T20:12:27.411-0100: 660,058: Total time for which application threads were stopped: 0,0001446 seconds, Stopping threads took: 0,0000604 seconds
2016-09-07T20:12:27.411-0100: 660,059: Total time for which application threads were stopped: 0,0000966 seconds, Stopping threads took: 0,0000359 seconds
2016-09-07T20:12:28.411-0100: 661,059: Total time for which application threads were stopped: 0,0000874 seconds, Stopping threads took: 0,0000191 seconds
2016-09-07T20:12:56.858-0100: 689,506: Total time for which application threads were stopped: 0,0001659 seconds, Stopping threads took: 0,0000305 seconds
2016-09-07T20:12:56.860-0100: 689,508: Total time for which application threads were stopped: 0,0001072 seconds, Stopping threads took: 0,0000324 seconds
2016-09-07T20:12:57.861-0100: 690,509: Total time for which application threads were stopped: 0,0002320 seconds, Stopping threads took: 0,0000453 seconds
2016-09-07T20:12:59.675-0100: 692,323: Total time for which application threads were stopped: 0,0001208 seconds, Stopping threads took: 0,0000209 seconds
2016-09-07T20:12:59.676-0100: 692,324: Total time for which application threads were stopped: 0,0001606 seconds, Stopping threads took: 0,0000562 seconds
2016-09-07T20:12:59.677-0100: 692,325: Total time for which application threads were stopped: 0,0002334 seconds, Stopping threads took: 0,0000675 seconds
2016-09-07T20:12:59.710-0100: 692,358: Total time for which application threads were stopped: 0,0001870 seconds, Stopping threads took: 0,0000726 seconds
2016-09-07T20:12:59.710-0100: 692,358: Total time for which application threads were stopped: 0,0001976 seconds, Stopping threads took: 0,0000384 seconds
2016-09-07T20:12:59.710-0100: 692,359: Total time for which application threads were stopped: 0,0000851 seconds, Stopping threads took: 0,0000335 seconds
2016-09-07T20:13:04.719-0100: 697,367: Total time for which application threads were stopped: 0,0002264 seconds, Stopping threads took: 0,0000436 seconds
2016-09-07T20:13:06.720-0100: 699,368: Total time for which application threads were stopped: 0,0001024 seconds, Stopping threads took: 0,0000234 seconds
2016-09-07T20:13:07.678-0100: 700,327: Total time for which application threads were stopped: 0,0002443 seconds, Stopping threads took: 0,0000834 seconds
2016-09-07T20:13:07.679-0100: 700,328: Total time for which application threads were stopped: 0,0001695 seconds, Stopping threads took: 0,0000227 seconds
2016-09-07T20:13:07.721-0100: 700,369: Total time for which application threads were stopped: 0,0001762 seconds, Stopping threads took: 0,0000280 seconds
2016-09-07T20:13:07.721-0100: 700,370: Total time for which application threads were stopped: 0,0002163 seconds, Stopping threads took: 0,0000399 seconds
2016-09-07T20:13:08.721-0100: 701,370: Total time for which application threads were stopped: 0,0001459 seconds, Stopping threads took: 0,0000264 seconds
2016-09-07T20:13:13.120-0100: 705,769: Total time for which application threads were stopped: 0,0001316 seconds, Stopping threads took: 0,0000230 seconds
2016-09-07T20:13:13.120-0100: 705,769: Total time for which application threads were stopped: 0,0000808 seconds, Stopping threads took: 0,0000125 seconds
2016-09-07T20:13:13.121-0100: 705,769: Total time for which application threads were stopped: 0,0000721 seconds, Stopping threads took: 0,0000104 seconds
2016-09-07T20:13:13.121-0100: 705,770: Total time for which application threads were stopped: 0,0000886 seconds, Stopping threads took: 0,0000292 seconds
2016-09-07T20:13:13.121-0100: 705,770: Total time for which application threads were stopped: 0,0000819 seconds, Stopping threads took: 0,0000248 seconds
2016-09-07T20:13:13.122-0100: 705,771: Total time for which application threads were stopped: 0,0000847 seconds, Stopping threads took: 0,0000174 seconds
2016-09-07T20:13:13.122-0100: 705,771: Total time for which application threads were stopped: 0,0000478 seconds, Stopping threads took: 0,0000091 seconds
2016-09-07T20:13:13.122-0100: 705,771: Total time for which application threads were stopped: 0,0000455 seconds, Stopping threads took: 0,0000084 seconds
2016-09-07T20:13:13.122-0100: 705,771: Total time for which application threads were stopped: 0,0000442 seconds, Stopping threads took: 0,0000079 seconds
2016-09-07T20:13:13.122-0100: 705,771: Total time for which application threads were stopped: 0,0000442 seconds, Stopping threads took: 0,0000077 seconds
2016-09-07T20:13:13.123-0100: 705,771: Total time for which application threads were stopped: 0,0000447 seconds, Stopping threads took: 0,0000087 seconds
2016-09-07T20:13:13.123-0100: 705,771: Total time for which application threads were stopped: 0,0000448 seconds, Stopping threads took: 0,0000086 seconds
2016-09-07T20:13:13.123-0100: 705,772: Total time for which application threads were stopped: 0,0000449 seconds, Stopping threads took: 0,0000085 seconds
2016-09-07T20:13:13.123-0100: 705,772: Total time for which application threads were stopped: 0,0000760 seconds, Stopping threads took: 0,0000156 seconds
2016-09-07T20:13:13.124-0100: 705,772: Total time for which application threads were stopped: 0,0000455 seconds, Stopping threads took: 0,0000086 seconds
2016-09-07T20:13:13.129-0100: 705,778: Total time for which application threads were stopped: 0,0001375 seconds, Stopping threads took: 0,0000412 seconds
2016-09-07T20:13:13.129-0100: 705,778: Total time for which application threads were stopped: 0,0000870 seconds, Stopping threads took: 0,0000111 seconds
2016-09-07T20:13:13.141-0100: 705,790: Total time for which application threads were stopped: 0,0003652 seconds, Stopping threads took: 0,0000839 seconds
2016-09-07T20:13:13.142-0100: 705,790: Total time for which application threads were stopped: 0,0001146 seconds, Stopping threads took: 0,0000304 seconds
2016-09-07T20:13:14.143-0100: 706,791: Total time for which application threads were stopped: 0,0002715 seconds, Stopping threads took: 0,0000687 seconds
2016-09-07T20:13:15.875-0100: 708,523: Total time for which application threads were stopped: 0,0001467 seconds, Stopping threads took: 0,0000236 seconds
2016-09-07T20:13:15.875-0100: 708,524: Total time for which application threads were stopped: 0,0001116 seconds, Stopping threads took: 0,0000149 seconds
2016-09-07T20:13:15.875-0100: 708,524: Total time for which application threads were stopped: 0,0001510 seconds, Stopping threads took: 0,0000115 seconds
2016-09-07T20:13:15.876-0100: 708,524: Total time for which application threads were stopped: 0,0000868 seconds, Stopping threads took: 0,0000130 seconds
2016-09-07T20:13:16.876-0100: 709,525: Total time for which application threads were stopped: 0,0001347 seconds, Stopping threads took: 0,0000232 seconds
2016-09-07T20:14:13.142-0100: 765,792: Total time for which application threads were stopped: 0,0001836 seconds, Stopping threads took: 0,0000282 seconds
2016-09-07T20:17:30.639-0100: 963,293: Total time for which application threads were stopped: 0,0001806 seconds, Stopping threads took: 0,0000250 seconds
2016-09-07T20:20:12.069-0100: 1124,726: Total time for which application threads were stopped: 0,0002056 seconds, Stopping threads took: 0,0000436 seconds
2016-09-07T20:20:43.135-0100: 1155,794: Total time for which application threads were stopped: 0,0002473 seconds, Stopping threads took: 0,0000570 seconds
2016-09-07T20:21:37.311-0100: 1209,970: Total time for which application threads were stopped: 0,0001454 seconds, Stopping threads took: 0,0000230 seconds
2016-09-07T20:21:38.928-0100: 1211,588: Total time for which application threads were stopped: 0,0002042 seconds, Stopping threads took: 0,0000697 seconds
2016-09-07T20:21:38.928-0100: 1211,588: Total time for which application threads were stopped: 0,0001131 seconds, Stopping threads took: 0,0000401 seconds
2016-09-07T20:21:39.033-0100: 1211,693: Total time for which application threads were stopped: 0,0001431 seconds, Stopping threads took: 0,0000400 seconds
2016-09-07T20:21:39.034-0100: 1211,693: Total time for which application threads were stopped: 0,0001032 seconds, Stopping threads took: 0,0000539 seconds
2016-09-07T20:21:40.699-0100: 1213,359: Total time for which application threads were stopped: 0,0002115 seconds, Stopping threads took: 0,0000195 seconds
2016-09-07T20:21:40.700-0100: 1213,360: Total time for which application threads were stopped: 0,0001228 seconds, Stopping threads took: 0,0000337 seconds
2016-09-07T20:21:40.700-0100: 1213,360: Total time for which application threads were stopped: 0,0001026 seconds, Stopping threads took: 0,0000407 seconds
2016-09-07T20:21:40.700-0100: 1213,360: Total time for which application threads were stopped: 0,0001090 seconds, Stopping threads took: 0,0000380 seconds
2016-09-07T20:21:40.702-0100: 1213,362: Total time for which application threads were stopped: 0,0001502 seconds, Stopping threads took: 0,0000414 seconds
2016-09-07T20:21:40.702-0100: 1213,362: Total time for which application threads were stopped: 0,0001030 seconds, Stopping threads took: 0,0000124 seconds
2016-09-07T20:21:40.707-0100: 1213,367: Total time for which application threads were stopped: 0,0002112 seconds, Stopping threads took: 0,0000412 seconds
2016-09-07T20:21:40.707-0100: 1213,367: Total time for which application threads were stopped: 0,0001096 seconds, Stopping threads took: 0,0000448 seconds
2016-09-07T20:21:40.711-0100: 1213,371: Total time for which application threads were stopped: 0,0004323 seconds, Stopping threads took: 0,0000678 seconds
2016-09-07T20:21:40.711-0100: 1213,414: Total time for which application threads were stopped: 0,0435404 seconds, Stopping threads took: 0,0000338 seconds
2016-09-07T20:21:41.759-0100: 1214,419: Total time for which application threads were stopped: 0,0002153 seconds, Stopping threads took: 0,0000725 seconds
2016-09-07T20:21:43.484-0100: 1216,144: Total time for which application threads were stopped: 0,0175901 seconds, Stopping threads took: 0,0174406 seconds
2016-09-07T20:21:43.484-0100: 1216,144: Total time for which application threads were stopped: 0,0001405 seconds, Stopping threads took: 0,0000355 seconds
2016-09-07T20:21:43.501-0100: 1216,161: Total time for which application threads were stopped: 0,0100455 seconds, Stopping threads took: 0,0099289 seconds
2016-09-07T20:21:43.502-0100: 1216,162: Total time for which application threads were stopped: 0,0000918 seconds, Stopping threads took: 0,0000400 seconds
2016-09-07T20:21:44.360-0100: 1217,020: Total time for which application threads were stopped: 0,0002383 seconds, Stopping threads took: 0,0000215 seconds
2016-09-07T20:21:44.360-0100: 1217,020: Total time for which application threads were stopped: 0,0000715 seconds, Stopping threads took: 0,0000074 seconds
2016-09-07T20:21:44.366-0100: 1217,026: Total time for which application threads were stopped: 0,0001752 seconds, Stopping threads took: 0,0000370 seconds
2016-09-07T20:21:44.366-0100: 1217,026: Total time for which application threads were stopped: 0,0000913 seconds, Stopping threads took: 0,0000207 seconds
2016-09-07T20:21:44.384-0100: 1217,044: Total time for which application threads were stopped: 0,0012099 seconds, Stopping threads took: 0,0004650 seconds
2016-09-07T20:21:44.526-0100: 1217,186: Total time for which application threads were stopped: 0,0001422 seconds, Stopping threads took: 0,0000207 seconds
2016-09-07T20:21:44.592-0100: 1217,252: Total time for which application threads were stopped: 0,0001101 seconds, Stopping threads took: 0,0000225 seconds
2016-09-07T20:21:45.083-0100: 1217,743: Total time for which application threads were stopped: 0,0002138 seconds, Stopping threads took: 0,0000267 seconds
2016-09-07T20:21:45.083-0100: 1217,743: Total time for which application threads were stopped: 0,0001116 seconds, Stopping threads took: 0,0000099 seconds
2016-09-07T20:21:45.106-0100: 1217,766: Total time for which application threads were stopped: 0,0001359 seconds, Stopping threads took: 0,0000398 seconds
2016-09-07T20:21:45.106-0100: 1217,766: Total time for which application threads were stopped: 0,0000573 seconds, Stopping threads took: 0,0000083 seconds
2016-09-07T20:21:45.879-0100: 1218,539: Total time for which application threads were stopped: 0,0001699 seconds, Stopping threads took: 0,0000449 seconds
2016-09-07T20:21:45.879-0100: 1218,539: Total time for which application threads were stopped: 0,0000958 seconds, Stopping threads took: 0,0000121 seconds
2016-09-07T20:21:45.892-0100: 1218,552: Total time for which application threads were stopped: 0,0001581 seconds, Stopping threads took: 0,0000464 seconds
2016-09-07T20:21:45.893-0100: 1218,553: Total time for which application threads were stopped: 0,0000902 seconds, Stopping threads took: 0,0000244 seconds
2016-09-07T20:21:45.920-0100: 1218,580: Total time for which application threads were stopped: 0,0001698 seconds, Stopping threads took: 0,0000722 seconds
2016-09-07T20:21:45.923-0100: 1218,583: Total time for which application threads were stopped: 0,0001153 seconds, Stopping threads took: 0,0000240 seconds
2016-09-07T20:21:45.934-0100: 1218,594: Total time for which application threads were stopped: 0,0003682 seconds, Stopping threads took: 0,0000362 seconds
2016-09-07T20:21:45.937-0100: 1218,597: Total time for which application threads were stopped: 0,0003338 seconds, Stopping threads took: 0,0002158 seconds
2016-09-07T20:21:46.939-0100: 1219,599: Total time for which application threads were stopped: 0,0001504 seconds, Stopping threads took: 0,0000409 seconds
2016-09-07T20:21:48.456-0100: 1221,116: Total time for which application threads were stopped: 0,0001447 seconds, Stopping threads took: 0,0000397 seconds
2016-09-07T20:21:48.456-0100: 1221,116: Total time for which application threads were stopped: 0,0001597 seconds, Stopping threads took: 0,0000740 seconds
2016-09-07T20:21:48.463-0100: 1221,123: Total time for which application threads were stopped: 0,0002359 seconds, Stopping threads took: 0,0000279 seconds
2016-09-07T20:21:48.463-0100: 1221,123: Total time for which application threads were stopped: 0,0001500 seconds, Stopping threads took: 0,0000211 seconds
2016-09-07T20:21:48.463-0100: 1221,124: Total time for which application threads were stopped: 0,0001485 seconds, Stopping threads took: 0,0000366 seconds
2016-09-07T20:21:48.496-0100: 1221,156: Total time for which application threads were stopped: 0,0007601 seconds, Stopping threads took: 0,0000234 seconds
2016-09-07T20:21:49.497-0100: 1222,157: Total time for which application threads were stopped: 0,0001828 seconds, Stopping threads took: 0,0000315 seconds
2016-09-07T20:21:49.961-0100: 1222,621: Total time for which application threads were stopped: 0,0002278 seconds, Stopping threads took: 0,0000659 seconds
2016-09-07T20:21:49.961-0100: 1222,621: Total time for which application threads were stopped: 0,0001324 seconds, Stopping threads took: 0,0000171 seconds
2016-09-07T20:21:49.961-0100: 1222,621: Total time for which application threads were stopped: 0,0001218 seconds, Stopping threads took: 0,0000129 seconds
2016-09-07T20:21:49.962-0100: 1222,622: Total time for which application threads were stopped: 0,0000980 seconds, Stopping threads took: 0,0000284 seconds
2016-09-07T20:21:49.980-0100: 1222,640: Total time for which application threads were stopped: 0,0001728 seconds, Stopping threads took: 0,0000256 seconds
2016-09-07T20:21:49.980-0100: 1222,640: Total time for which application threads were stopped: 0,0001412 seconds, Stopping threads took: 0,0000371 seconds
2016-09-07T20:21:50.856-0100: 1223,516: Total time for which application threads were stopped: 0,0001807 seconds, Stopping threads took: 0,0000387 seconds
2016-09-07T20:21:50.857-0100: 1223,517: Total time for which application threads were stopped: 0,0001322 seconds, Stopping threads took: 0,0000148 seconds
2016-09-07T20:21:50.867-0100: 1223,527: Total time for which application threads were stopped: 0,0001672 seconds, Stopping threads took: 0,0000427 seconds
2016-09-07T20:21:50.867-0100: 1223,527: Total time for which application threads were stopped: 0,0003032 seconds, Stopping threads took: 0,0000881 seconds
2016-09-07T20:21:53.734-0100: 1226,395: Total time for which application threads were stopped: 0,0001485 seconds, Stopping threads took: 0,0000499 seconds
2016-09-07T20:21:53.735-0100: 1226,395: Total time for which application threads were stopped: 0,0000946 seconds, Stopping threads took: 0,0000100 seconds
2016-09-07T20:21:53.743-0100: 1226,403: Total time for which application threads were stopped: 0,0002080 seconds, Stopping threads took: 0,0000500 seconds
2016-09-07T20:21:53.743-0100: 1226,403: Total time for which application threads were stopped: 0,0001523 seconds, Stopping threads took: 0,0000603 seconds
2016-09-07T20:21:56.846-0100: 1229,506: Total time for which application threads were stopped: 0,0001831 seconds, Stopping threads took: 0,0000214 seconds
2016-09-07T20:21:56.846-0100: 1229,506: Total time for which application threads were stopped: 0,0001439 seconds, Stopping threads took: 0,0000143 seconds
2016-09-07T20:21:56.846-0100: 1229,507: Total time for which application threads were stopped: 0,0001537 seconds, Stopping threads took: 0,0000552 seconds
2016-09-07T20:21:56.848-0100: 1229,508: Total time for which application threads were stopped: 0,0002207 seconds, Stopping threads took: 0,0000414 seconds
2016-09-07T20:21:56.849-0100: 1229,509: Total time for which application threads were stopped: 0,0001743 seconds, Stopping threads took: 0,0000494 seconds
2016-09-07T20:21:56.849-0100: 1229,509: Total time for which application threads were stopped: 0,0001189 seconds, Stopping threads took: 0,0000310 seconds
2016-09-07T20:21:56.889-0100: 1229,549: Total time for which application threads were stopped: 0,0002328 seconds, Stopping threads took: 0,0000689 seconds
2016-09-07T20:21:56.889-0100: 1229,549: Total time for which application threads were stopped: 0,0001535 seconds, Stopping threads took: 0,0000201 seconds
2016-09-07T20:21:56.902-0100: 1229,562: Total time for which application threads were stopped: 0,0002270 seconds, Stopping threads took: 0,0000672 seconds
2016-09-07T20:21:56.902-0100: 1229,562: Total time for which application threads were stopped: 0,0000807 seconds, Stopping threads took: 0,0000124 seconds
2016-09-07T20:21:57.804-0100: 1230,464: Total time for which application threads were stopped: 0,0001234 seconds, Stopping threads took: 0,0000212 seconds
2016-09-07T20:21:57.804-0100: 1230,464: Total time for which application threads were stopped: 0,0000679 seconds, Stopping threads took: 0,0000092 seconds
2016-09-07T20:21:57.810-0100: 1230,470: Total time for which application threads were stopped: 0,0001338 seconds, Stopping threads took: 0,0000381 seconds
2016-09-07T20:21:57.810-0100: 1230,470: Total time for which application threads were stopped: 0,0000732 seconds, Stopping threads took: 0,0000235 seconds
2016-09-07T20:22:00.611-0100: 1233,271: Total time for which application threads were stopped: 0,0001822 seconds, Stopping threads took: 0,0000481 seconds
2016-09-07T20:22:00.611-0100: 1233,271: Total time for which application threads were stopped: 0,0001069 seconds, Stopping threads took: 0,0000139 seconds
2016-09-07T20:22:00.620-0100: 1233,280: Total time for which application threads were stopped: 0,0002601 seconds, Stopping threads took: 0,0001136 seconds
2016-09-07T20:22:00.620-0100: 1233,280: Total time for which application threads were stopped: 0,0001868 seconds, Stopping threads took: 0,0000889 seconds
2016-09-07T20:22:07.614-0100: 1240,274: Total time for which application threads were stopped: 0,0001431 seconds, Stopping threads took: 0,0000249 seconds
2016-09-07T20:22:07.614-0100: 1240,274: Total time for which application threads were stopped: 0,0001235 seconds, Stopping threads took: 0,0000420 seconds
2016-09-07T20:22:07.614-0100: 1240,274: Total time for which application threads were stopped: 0,0001291 seconds, Stopping threads took: 0,0000286 seconds
2016-09-07T20:22:07.631-0100: 1240,291: Total time for which application threads were stopped: 0,0002124 seconds, Stopping threads took: 0,0000491 seconds
2016-09-07T20:22:07.632-0100: 1240,292: Total time for which application threads were stopped: 0,0003346 seconds, Stopping threads took: 0,0000212 seconds
2016-09-07T20:22:08.632-0100: 1241,293: Total time for which application threads were stopped: 0,0001536 seconds, Stopping threads took: 0,0000299 seconds
2016-09-07T20:22:10.725-0100: 1243,385: Total time for which application threads were stopped: 0,0002642 seconds, Stopping threads took: 0,0000250 seconds
2016-09-07T20:22:10.726-0100: 1243,386: Total time for which application threads were stopped: 0,0001994 seconds, Stopping threads took: 0,0000534 seconds
2016-09-07T20:22:10.744-0100: 1243,405: Total time for which application threads were stopped: 0,0001394 seconds, Stopping threads took: 0,0000218 seconds
2016-09-07T20:22:10.744-0100: 1243,405: Total time for which application threads were stopped: 0,0000656 seconds, Stopping threads took: 0,0000087 seconds
2016-09-07T20:22:13.625-0100: 1246,286: Total time for which application threads were stopped: 0,0001545 seconds, Stopping threads took: 0,0000473 seconds
2016-09-07T20:22:13.625-0100: 1246,286: Total time for which application threads were stopped: 0,0000930 seconds, Stopping threads took: 0,0000355 seconds
2016-09-07T20:22:13.635-0100: 1246,295: Total time for which application threads were stopped: 0,0002017 seconds, Stopping threads took: 0,0000570 seconds
2016-09-07T20:22:13.635-0100: 1246,295: Total time for which application threads were stopped: 0,0000912 seconds, Stopping threads took: 0,0000123 seconds
2016-09-07T20:22:15.639-0100: 1248,300: Total time for which application threads were stopped: 0,0002280 seconds, Stopping threads took: 0,0000477 seconds
2016-09-07T20:22:42.751-0100: 1275,412: Total time for which application threads were stopped: 0,0002516 seconds, Stopping threads took: 0,0000440 seconds
2016-09-07T20:22:47.763-0100: 1280,424: Total time for which application threads were stopped: 0,0002080 seconds, Stopping threads took: 0,0000439 seconds
2016-09-07T20:22:56.892-0100: 1289,554: Total time for which application threads were stopped: 0,0001314 seconds, Stopping threads took: 0,0000304 seconds
2016-09-07T20:23:13.637-0100: 1306,299: Total time for which application threads were stopped: 0,0001152 seconds, Stopping threads took: 0,0000316 seconds
2016-09-07T20:24:42.858-0100: 1395,522: Total time for which application threads were stopped: 0,0002458 seconds, Stopping threads took: 0,0000684 seconds
2016-09-07T20:25:15.984-0100: 1428,649: Total time for which application threads were stopped: 0,0002017 seconds, Stopping threads took: 0,0000457 seconds
{Heap before GC invocations=108 (full 4):
 par new generation   total 109248K, used 109248K [0x00000007a0000000, 0x00000007a8000000, 0x00000007a8000000)
  eden space 87424K, 100% used [0x00000007a0000000, 0x00000007a5560000, 0x00000007a5560000)
  from space 21824K, 100% used [0x00000007a5560000, 0x00000007a6ab0000, 0x00000007a6ab0000)
  to   space 21824K,   0% used [0x00000007a6ab0000, 0x00000007a6ab0000, 0x00000007a8000000)
 concurrent mark-sweep generation total 393216K, used 97932K [0x00000007a8000000, 0x00000007c0000000, 0x00000007c0000000)
 Metaspace       used 40087K, capacity 40700K, committed 41284K, reserved 1085440K
  class space    used 4470K, capacity 4678K, committed 4756K, reserved 1048576K
2016-09-07T20:35:21.201-0100: 2033,880: [GC (Allocation Failure) 2016-09-07T20:35:21.213-0100: 2033,891: [ParNew
Desired survivor size 20112992 bytes, new threshold 8 (max 8)
- age   1:    4527240 bytes,    4527240 total
- age   2:    3408552 bytes,    7935792 total
- age   3:    6146864 bytes,   14082656 total
- age   4:    4762520 bytes,   18845176 total
- age   5:     272152 bytes,   19117328 total
: 109248K->21824K(109248K), 0,1038515 secs] 207180K->127458K(502464K), 0,1152713 secs] [Times: user=0,09 sys=0,22, real=0,11 secs] 
Heap after GC invocations=109 (full 4):
 par new generation   total 109248K, used 21824K [0x00000007a0000000, 0x00000007a8000000, 0x00000007a8000000)
  eden space 87424K,   0% used [0x00000007a0000000, 0x00000007a0000000, 0x00000007a5560000)
  from space 21824K, 100% used [0x00000007a6ab0000, 0x00000007a8000000, 0x00000007a8000000)
  to   space 21824K,   0% used [0x00000007a5560000, 0x00000007a5560000, 0x00000007a6ab0000)
 concurrent mark-sweep generation total 393216K, used 105634K [0x00000007a8000000, 0x00000007c0000000, 0x00000007c0000000)
 Metaspace       used 40087K, capacity 40700K, committed 41284K, reserved 1085440K
  class space    used 4470K, capacity 4678K, committed 4756K, reserved 1048576K
}
2016-09-07T20:35:21.317-0100: 2033,995: Total time for which application threads were stopped: 0,1159805 seconds, Stopping threads took: 0,0001628 seconds
{Heap before GC invocations=109 (full 4):
 par new generation   total 109248K, used 109248K [0x00000007a0000000, 0x00000007a8000000, 0x00000007a8000000)
  eden space 87424K, 100% used [0x00000007a0000000, 0x00000007a5560000, 0x00000007a5560000)
  from space 21824K, 100% used [0x00000007a6ab0000, 0x00000007a8000000, 0x00000007a8000000)
  to   space 21824K,   0% used [0x00000007a5560000, 0x00000007a5560000, 0x00000007a6ab0000)
 concurrent mark-sweep generation total 393216K, used 105634K [0x00000007a8000000, 0x00000007c0000000, 0x00000007c0000000)
 Metaspace       used 40088K, capacity 40700K, committed 41284K, reserved 1085440K
  class space    used 4470K, capacity 4678K, committed 4756K, reserved 1048576K
2016-09-07T20:35:21.500-0100: 2034,178: [GC (Allocation Failure) 2016-09-07T20:35:21.500-0100: 2034,178: [ParNew
Desired survivor size 20112992 bytes, new threshold 5 (max 8)
- age   1:    4739376 bytes,    4739376 total
- age   2:    3746088 bytes,    8485464 total
- age   3:    2478896 bytes,   10964360 total
- age   4:    6073328 bytes,   17037688 total
- age   5:    4745768 bytes,   21783456 total
- age   6:      77008 bytes,   21860464 total
: 109248K->21824K(109248K), 0,0156694 secs] 214882K->129900K(502464K), 0,0157397 secs] [Times: user=0,05 sys=0,01, real=0,01 secs] 
Heap after GC invocations=110 (full 4):
 par new generation   total 109248K, used 21824K [0x00000007a0000000, 0x00000007a8000000, 0x00000007a8000000)
  eden space 87424K,   0% used [0x00000007a0000000, 0x00000007a0000000, 0x00000007a5560000)
  from space 21824K, 100% used [0x00000007a5560000, 0x00000007a6ab0000, 0x00000007a6ab0000)
  to   space 21824K,   0% used [0x00000007a6ab0000, 0x00000007a6ab0000, 0x00000007a8000000)
 concurrent mark-sweep generation total 393216K, used 108076K [0x00000007a8000000, 0x00000007c0000000, 0x00000007c0000000)
 Metaspace       used 40088K, capacity 40700K, committed 41284K, reserved 1085440K
  class space    used 4470K, capacity 4678K, committed 4756K, reserved 1048576K
}
2016-09-07T20:35:21.516-0100: 2034,194: Total time for which application threads were stopped: 0,0160108 seconds, Stopping threads took: 0,0000221 seconds
{Heap before GC invocations=110 (full 4):
 par new generation   total 109248K, used 109248K [0x00000007a0000000, 0x00000007a8000000, 0x00000007a8000000)
  eden space 87424K, 100% used [0x00000007a0000000, 0x00000007a5560000, 0x00000007a5560000)
  from space 21824K, 100% used [0x00000007a5560000, 0x00000007a6ab0000, 0x00000007a6ab0000)
  to   space 21824K,   0% used [0x00000007a6ab0000, 0x00000007a6ab0000, 0x00000007a8000000)
 concurrent mark-sweep generation total 393216K, used 108076K [0x00000007a8000000, 0x00000007c0000000, 0x00000007c0000000)
 Metaspace       used 40088K, capacity 40700K, committed 41284K, reserved 1085440K
  class space    used 4470K, capacity 4678K, committed 4756K, reserved 1048576K
2016-09-07T20:35:21.637-0100: 2034,315: [GC (Allocation Failure) 2016-09-07T20:35:21.637-0100: 2034,315: [ParNew
Desired survivor size 20112992 bytes, new threshold 8 (max 8)
- age   1:         72 bytes,         72 total
- age   2:    2177824 bytes,    2177896 total
- age   3:    3497112 bytes,    5675008 total
- age   4:    1878688 bytes,    7553696 total
- age   5:    5899552 bytes,   13453248 total
: 109248K->21824K(109248K), 0,0257006 secs] 217324K->138228K(502464K), 0,0257797 secs] [Times: user=0,05 sys=0,03, real=0,03 secs] 
Heap after GC invocations=111 (full 4):
 par new generation   total 109248K, used 21824K [0x00000007a0000000, 0x00000007a8000000, 0x00000007a8000000)
  eden space 87424K,   0% used [0x00000007a0000000, 0x00000007a0000000, 0x00000007a5560000)
  from space 21824K, 100% used [0x00000007a6ab0000, 0x00000007a8000000, 0x00000007a8000000)
  to   space 21824K,   0% used [0x00000007a5560000, 0x00000007a5560000, 0x00000007a6ab0000)
 concurrent mark-sweep generation total 393216K, used 116404K [0x00000007a8000000, 0x00000007c0000000, 0x00000007c0000000)
 Metaspace       used 40088K, capacity 40700K, committed 41284K, reserved 1085440K
  class space    used 4470K, capacity 4678K, committed 4756K, reserved 1048576K
}
2016-09-07T20:35:21.663-0100: 2034,341: Total time for which application threads were stopped: 0,0259918 seconds, Stopping threads took: 0,0000223 seconds
{Heap before GC invocations=111 (full 4):
 par new generation   total 109248K, used 109248K [0x00000007a0000000, 0x00000007a8000000, 0x00000007a8000000)
  eden space 87424K, 100% used [0x00000007a0000000, 0x00000007a5560000, 0x00000007a5560000)
  from space 21824K, 100% used [0x00000007a6ab0000, 0x00000007a8000000, 0x00000007a8000000)
  to   space 21824K,   0% used [0x00000007a5560000, 0x00000007a5560000, 0x00000007a6ab0000)
 concurrent mark-sweep generation total 393216K, used 116404K [0x00000007a8000000, 0x00000007c0000000, 0x00000007c0000000)
 Metaspace       used 40088K, capacity 40700K, committed 41284K, reserved 1085440K
  class space    used 4470K, capacity 4678K, committed 4756K, reserved 1048576K
2016-09-07T20:35:21.789-0100: 2034,467: [GC (Allocation Failure) 2016-09-07T20:35:21.789-0100: 2034,468: [ParNew
Desired survivor size 20112992 bytes, new threshold 8 (max 8)
- age   1:     653496 bytes,     653496 total
- age   3:    1916272 bytes,    2569768 total
- age   4:    3496816 bytes,    6066584 total
- age   5:    1878688 bytes,    7945272 total
- age   6:    5899552 bytes,   13844824 total
: 109248K->19097K(109248K), 0,0070463 secs] 225652K->135502K(502464K), 0,0071151 secs] [Times: user=0,02 sys=0,00, real=0,01 secs] 
Heap after GC invocations=112 (full 4):
 par new generation   total 109248K, used 19097K [0x00000007a0000000, 0x00000007a8000000, 0x00000007a8000000)
  eden space 87424K,   0% used [0x00000007a0000000, 0x00000007a0000000, 0x00000007a5560000)
  from space 21824K,  87% used [0x00000007a5560000, 0x00000007a6806608, 0x00000007a6ab0000)
  to   space 21824K,   0% used [0x00000007a6ab0000, 0x00000007a6ab0000, 0x00000007a8000000)
 concurrent mark-sweep generation total 393216K, used 116404K [0x00000007a8000000, 0x00000007c0000000, 0x00000007c0000000)
 Metaspace       used 40088K, capacity 40700K, committed 41284K, reserved 1085440K
  class space    used 4470K, capacity 4678K, committed 4756K, reserved 1048576K
}
2016-09-07T20:35:21.797-0100: 2034,475: Total time for which application threads were stopped: 0,0073605 seconds, Stopping threads took: 0,0000364 seconds
{Heap before GC invocations=112 (full 4):
 par new generation   total 109248K, used 106521K [0x00000007a0000000, 0x00000007a8000000, 0x00000007a8000000)
  eden space 87424K, 100% used [0x00000007a0000000, 0x00000007a5560000, 0x00000007a5560000)
  from space 21824K,  87% used [0x00000007a5560000, 0x00000007a6806608, 0x00000007a6ab0000)
  to   space 21824K,   0% used [0x00000007a6ab0000, 0x00000007a6ab0000, 0x00000007a8000000)
 concurrent mark-sweep generation total 393216K, used 116404K [0x00000007a8000000, 0x00000007c0000000, 0x00000007c0000000)
 Metaspace       used 40105K, capacity 40700K, committed 41284K, reserved 1085440K
  class space    used 4470K, capacity 4678K, committed 4756K, reserved 1048576K
2016-09-07T20:35:22.013-0100: 2034,691: [GC (Allocation Failure) 2016-09-07T20:35:22.013-0100: 2034,691: [ParNew
Desired survivor size 20112992 bytes, new threshold 7 (max 8)
- age   1:   11217864 bytes,   11217864 total
- age   2:     158624 bytes,   11376488 total
- age   4:        168 bytes,   11376656 total
- age   5:    3175768 bytes,   14552424 total
- age   6:    1878608 bytes,   16431032 total
- age   7:    5899552 bytes,   22330584 total
: 106521K->21824K(109248K), 0,0253142 secs] 222926K->142561K(502464K), 0,0254142 secs] [Times: user=0,07 sys=0,02, real=0,02 secs] 
Heap after GC invocations=113 (full 4):
 par new generation   total 109248K, used 21824K [0x00000007a0000000, 0x00000007a8000000, 0x00000007a8000000)
  eden space 87424K,   0% used [0x00000007a0000000, 0x00000007a0000000, 0x00000007a5560000)
  from space 21824K, 100% used [0x00000007a6ab0000, 0x00000007a8000000, 0x00000007a8000000)
  to   space 21824K,   0% used [0x00000007a5560000, 0x00000007a5560000, 0x00000007a6ab0000)
 concurrent mark-sweep generation total 393216K, used 120737K [0x00000007a8000000, 0x00000007c0000000, 0x00000007c0000000)
 Metaspace       used 40105K, capacity 40700K, committed 41284K, reserved 1085440K
  class space    used 4470K, capacity 4678K, committed 4756K, reserved 1048576K
}
2016-09-07T20:35:22.039-0100: 2034,717: Total time for which application threads were stopped: 0,0257067 seconds, Stopping threads took: 0,0000480 seconds
2016-09-07T20:35:22.096-0100: 2034,774: Total time for which application threads were stopped: 0,0001037 seconds, Stopping threads took: 0,0000220 seconds
2016-09-07T20:35:22.100-0100: 2034,778: Total time for which application threads were stopped: 0,0001160 seconds, Stopping threads took: 0,0000171 seconds
2016-09-07T20:35:22.101-0100: 2034,779: Total time for which application threads were stopped: 0,0000525 seconds, Stopping threads took: 0,0000159 seconds
2016-09-07T20:35:22.101-0100: 2034,779: Total time for which application threads were stopped: 0,0000467 seconds, Stopping threads took: 0,0000079 seconds
2016-09-07T20:35:22.101-0100: 2034,780: Total time for which application threads were stopped: 0,0000778 seconds, Stopping threads took: 0,0000106 seconds
2016-09-07T20:35:22.102-0100: 2034,780: Total time for which application threads were stopped: 0,0000733 seconds, Stopping threads took: 0,0000094 seconds
{Heap before GC invocations=113 (full 4):
 par new generation   total 109248K, used 109248K [0x00000007a0000000, 0x00000007a8000000, 0x00000007a8000000)
  eden space 87424K, 100% used [0x00000007a0000000, 0x00000007a5560000, 0x00000007a5560000)
  from space 21824K, 100% used [0x00000007a6ab0000, 0x00000007a8000000, 0x00000007a8000000)
  to   space 21824K,   0% used [0x00000007a5560000, 0x00000007a5560000, 0x00000007a6ab0000)
 concurrent mark-sweep generation total 393216K, used 120737K [0x00000007a8000000, 0x00000007c0000000, 0x00000007c0000000)
 Metaspace       used 40119K, capacity 40764K, committed 41284K, reserved 1085440K
  class space    used 4470K, capacity 4678K, committed 4756K, reserved 1048576K
2016-09-07T20:35:22.314-0100: 2034,992: [GC (Allocation Failure) 2016-09-07T20:35:22.314-0100: 2034,992: [ParNew
Desired survivor size 20112992 bytes, new threshold 7 (max 8)
- age   1:    9741400 bytes,    9741400 total
- age   2:    5861024 bytes,   15602424 total
- age   3:     158584 bytes,   15761008 total
- age   5:        168 bytes,   15761176 total
- age   6:    3174896 bytes,   18936072 total
- age   7:    1878608 bytes,   20814680 total
: 109248K->21824K(109248K), 0,0236389 secs] 229985K->150453K(502464K), 0,0237163 secs] [Times: user=0,06 sys=0,01, real=0,02 secs] 
Heap after GC invocations=114 (full 4):
 par new generation   total 109248K, used 21824K [0x00000007a0000000, 0x00000007a8000000, 0x00000007a8000000)
  eden space 87424K,   0% used [0x00000007a0000000, 0x00000007a0000000, 0x00000007a5560000)
  from space 21824K, 100% used [0x00000007a5560000, 0x00000007a6ab0000, 0x00000007a6ab0000)
  to   space 21824K,   0% used [0x00000007a6ab0000, 0x00000007a6ab0000, 0x00000007a8000000)
 concurrent mark-sweep generation total 393216K, used 128629K [0x00000007a8000000, 0x00000007c0000000, 0x00000007c0000000)
 Metaspace       used 40119K, capacity 40764K, committed 41284K, reserved 1085440K
  class space    used 4470K, capacity 4678K, committed 4756K, reserved 1048576K
}
2016-09-07T20:35:22.338-0100: 2035,016: Total time for which application threads were stopped: 0,0239632 seconds, Stopping threads took: 0,0000231 seconds
{Heap before GC invocations=114 (full 4):
 par new generation   total 109248K, used 109248K [0x00000007a0000000, 0x00000007a8000000, 0x00000007a8000000)
  eden space 87424K, 100% used [0x00000007a0000000, 0x00000007a5560000, 0x00000007a5560000)
  from space 21824K, 100% used [0x00000007a5560000, 0x00000007a6ab0000, 0x00000007a6ab0000)
  to   space 21824K,   0% used [0x00000007a6ab0000, 0x00000007a6ab0000, 0x00000007a8000000)
 concurrent mark-sweep generation total 393216K, used 128629K [0x00000007a8000000, 0x00000007c0000000, 0x00000007c0000000)
 Metaspace       used 40119K, capacity 40764K, committed 41284K, reserved 1085440K
  class space    used 4470K, capacity 4678K, committed 4756K, reserved 1048576K
2016-09-07T20:35:22.458-0100: 2035,136: [GC (Allocation Failure) 2016-09-07T20:35:22.458-0100: 2035,136: [ParNew
Desired survivor size 20112992 bytes, new threshold 7 (max 8)
- age   1:    5119160 bytes,    5119160 total
- age   2:    5889512 bytes,   11008672 total
- age   3:    5860192 bytes,   16868864 total
- age   4:     158584 bytes,   17027448 total
- age   6:        168 bytes,   17027616 total
- age   7:    3173616 bytes,   20201232 total
: 109248K->21824K(109248K), 0,0236180 secs] 237877K->156488K(502464K), 0,0237973 secs] [Times: user=0,06 sys=0,02, real=0,03 secs] 
Heap after GC invocations=115 (full 4):
 par new generation   total 109248K, used 21824K [0x00000007a0000000, 0x00000007a8000000, 0x00000007a8000000)
  eden space 87424K,   0% used [0x00000007a0000000, 0x00000007a0000000, 0x00000007a5560000)
  from space 21824K, 100% used [0x00000007a6ab0000, 0x00000007a8000000, 0x00000007a8000000)
  to   space 21824K,   0% used [0x00000007a5560000, 0x00000007a5560000, 0x00000007a6ab0000)
 concurrent mark-sweep generation total 393216K, used 134664K [0x00000007a8000000, 0x00000007c0000000, 0x00000007c0000000)
 Metaspace       used 40119K, capacity 40764K, committed 41284K, reserved 1085440K
  class space    used 4470K, capacity 4678K, committed 4756K, reserved 1048576K
}
2016-09-07T20:35:22.482-0100: 2035,160: Total time for which application threads were stopped: 0,0241719 seconds, Stopping threads took: 0,0000365 seconds
2016-09-07T20:35:22.554-0100: 2035,232: Total time for which application threads were stopped: 0,0001086 seconds, Stopping threads took: 0,0000204 seconds
{Heap before GC invocations=115 (full 4):
 par new generation   total 109248K, used 109248K [0x00000007a0000000, 0x00000007a8000000, 0x00000007a8000000)
  eden space 87424K, 100% used [0x00000007a0000000, 0x00000007a5560000, 0x00000007a5560000)
  from space 21824K, 100% used [0x00000007a6ab0000, 0x00000007a8000000, 0x00000007a8000000)
  to   space 21824K,   0% used [0x00000007a5560000, 0x00000007a5560000, 0x00000007a6ab0000)
 concurrent mark-sweep generation total 393216K, used 134664K [0x00000007a8000000, 0x00000007c0000000, 0x00000007c0000000)
 Metaspace       used 40124K, capacity 40764K, committed 41284K, reserved 1085440K
  class space    used 4470K, capacity 4678K, committed 4756K, reserved 1048576K
2016-09-07T20:35:22.618-0100: 2035,296: [GC (Allocation Failure) 2016-09-07T20:35:22.618-0100: 2035,296: [ParNew
Desired survivor size 20112992 bytes, new threshold 8 (max 8)
- age   1:    5954064 bytes,    5954064 total
- age   2:    3070040 bytes,    9024104 total
- age   3:    3998960 bytes,   13023064 total
- age   4:    5858792 bytes,   18881856 total
- age   5:     158584 bytes,   19040440 total
- age   7:        168 bytes,   19040608 total
: 109248K->21824K(109248K), 0,0210659 secs] 243912K->160715K(502464K), 0,0211696 secs] [Times: user=0,06 sys=0,01, real=0,02 secs] 
Heap after GC invocations=116 (full 4):
 par new generation   total 109248K, used 21824K [0x00000007a0000000, 0x00000007a8000000, 0x00000007a8000000)
  eden space 87424K,   0% used [0x00000007a0000000, 0x00000007a0000000, 0x00000007a5560000)
  from space 21824K, 100% used [0x00000007a5560000, 0x00000007a6ab0000, 0x00000007a6ab0000)
  to   space 21824K,   0% used [0x00000007a6ab0000, 0x00000007a6ab0000, 0x00000007a8000000)
 concurrent mark-sweep generation total 393216K, used 138891K [0x00000007a8000000, 0x00000007c0000000, 0x00000007c0000000)
 Metaspace       used 40124K, capacity 40764K, committed 41284K, reserved 1085440K
  class space    used 4470K, capacity 4678K, committed 4756K, reserved 1048576K
}
2016-09-07T20:35:22.640-0100: 2035,318: Total time for which application threads were stopped: 0,0215263 seconds, Stopping threads took: 0,0000446 seconds
{Heap before GC invocations=116 (full 4):
 par new generation   total 109248K, used 109248K [0x00000007a0000000, 0x00000007a8000000, 0x00000007a8000000)
  eden space 87424K, 100% used [0x00000007a0000000, 0x00000007a5560000, 0x00000007a5560000)
  from space 21824K, 100% used [0x00000007a5560000, 0x00000007a6ab0000, 0x00000007a6ab0000)
  to   space 21824K,   0% used [0x00000007a6ab0000, 0x00000007a6ab0000, 0x00000007a8000000)
 concurrent mark-sweep generation total 393216K, used 138891K [0x00000007a8000000, 0x00000007c0000000, 0x00000007c0000000)
 Metaspace       used 40124K, capacity 40764K, committed 41284K, reserved 1085440K
  class space    used 4470K, capacity 4678K, committed 4756K, reserved 1048576K
2016-09-07T20:35:22.719-0100: 2035,397: [GC (Allocation Failure) 2016-09-07T20:35:22.719-0100: 2035,397: [ParNew
Desired survivor size 20112992 bytes, new threshold 8 (max 8)
- age   1:    1226496 bytes,    1226496 total
- age   2:    4918592 bytes,    6145088 total
- age   3:    2530288 bytes,    8675376 total
- age   4:    3287584 bytes,   11962960 total
- age   5:    5858792 bytes,   17821752 total
- age   6:     158584 bytes,   17980336 total
- age   8:        168 bytes,   17980504 total
: 109248K->21824K(109248K), 0,0140093 secs] 248139K->162121K(502464K), 0,0140809 secs] [Times: user=0,05 sys=0,00, real=0,02 secs] 
Heap after GC invocations=117 (full 4):
 par new generation   total 109248K, used 21824K [0x00000007a0000000, 0x00000007a8000000, 0x00000007a8000000)
  eden space 87424K,   0% used [0x00000007a0000000, 0x00000007a0000000, 0x00000007a5560000)
  from space 21824K, 100% used [0x00000007a6ab0000, 0x00000007a8000000, 0x00000007a8000000)
  to   space 21824K,   0% used [0x00000007a5560000, 0x00000007a5560000, 0x00000007a6ab0000)
 concurrent mark-sweep generation total 393216K, used 140297K [0x00000007a8000000, 0x00000007c0000000, 0x00000007c0000000)
 Metaspace       used 40124K, capacity 40764K, committed 41284K, reserved 1085440K
  class space    used 4470K, capacity 4678K, committed 4756K, reserved 1048576K
}
2016-09-07T20:35:22.733-0100: 2035,411: Total time for which application threads were stopped: 0,0142812 seconds, Stopping threads took: 0,0000238 seconds
{Heap before GC invocations=117 (full 4):
 par new generation   total 109248K, used 109248K [0x00000007a0000000, 0x00000007a8000000, 0x00000007a8000000)
  eden space 87424K, 100% used [0x00000007a0000000, 0x00000007a5560000, 0x00000007a5560000)
  from space 21824K, 100% used [0x00000007a6ab0000, 0x00000007a8000000, 0x00000007a8000000)
  to   space 21824K,   0% used [0x00000007a5560000, 0x00000007a5560000, 0x00000007a6ab0000)
 concurrent mark-sweep generation total 393216K, used 140297K [0x00000007a8000000, 0x00000007c0000000, 0x00000007c0000000)
 Metaspace       used 40124K, capacity 40764K, committed 41284K, reserved 1085440K
  class space    used 4470K, capacity 4678K, committed 4756K, reserved 1048576K
2016-09-07T20:35:22.828-0100: 2035,506: [GC (Allocation Failure) 2016-09-07T20:35:22.828-0100: 2035,506: [ParNew
Desired survivor size 20112992 bytes, new threshold 8 (max 8)
- age   1:    1402352 bytes,    1402352 total
- age   2:     354408 bytes,    1756760 total
- age   3:    4810208 bytes,    6566968 total
- age   4:    2530288 bytes,    9097256 total
- age   5:    3287440 bytes,   12384696 total
- age   6:    5690200 bytes,   18074896 total
- age   7:     158584 bytes,   18233480 total
: 109248K->21824K(109248K), 0,0447870 secs] 249545K->162380K(502464K), 0,0448857 secs] [Times: user=0,11 sys=0,01, real=0,05 secs] 
Heap after GC invocations=118 (full 4):
 par new generation   total 109248K, used 21824K [0x00000007a0000000, 0x00000007a8000000, 0x00000007a8000000)
  eden space 87424K,   0% used [0x00000007a0000000, 0x00000007a0000000, 0x00000007a5560000)
  from space 21824K, 100% used [0x00000007a5560000, 0x00000007a6ab0000, 0x00000007a6ab0000)
  to   space 21824K,   0% used [0x00000007a6ab0000, 0x00000007a6ab0000, 0x00000007a8000000)
 concurrent mark-sweep generation total 393216K, used 140556K [0x00000007a8000000, 0x00000007c0000000, 0x00000007c0000000)
 Metaspace       used 40124K, capacity 40764K, committed 41284K, reserved 1085440K
  class space    used 4470K, capacity 4678K, committed 4756K, reserved 1048576K
}
2016-09-07T20:35:22.873-0100: 2035,551: Total time for which application threads were stopped: 0,0451191 seconds, Stopping threads took: 0,0000234 seconds
2016-09-07T20:35:22.883-0100: 2035,562: Total time for which application threads were stopped: 0,0001467 seconds, Stopping threads took: 0,0000458 seconds
{Heap before GC invocations=118 (full 4):
 par new generation   total 109248K, used 109248K [0x00000007a0000000, 0x00000007a8000000, 0x00000007a8000000)
  eden space 87424K, 100% used [0x00000007a0000000, 0x00000007a5560000, 0x00000007a5560000)
  from space 21824K, 100% used [0x00000007a5560000, 0x00000007a6ab0000, 0x00000007a6ab0000)
  to   space 21824K,   0% used [0x00000007a6ab0000, 0x00000007a6ab0000, 0x00000007a8000000)
 concurrent mark-sweep generation total 393216K, used 140556K [0x00000007a8000000, 0x00000007c0000000, 0x00000007c0000000)
 Metaspace       used 40128K, capacity 40764K, committed 41284K, reserved 1085440K
  class space    used 4470K, capacity 4678K, committed 4756K, reserved 1048576K
2016-09-07T20:35:23.094-0100: 2035,772: [GC (Allocation Failure) 2016-09-07T20:35:23.094-0100: 2035,772: [ParNew
Desired survivor size 20112992 bytes, new threshold 7 (max 8)
- age   1:    7838992 bytes,    7838992 total
- age   2:      85944 bytes,    7924936 total
- age   3:      63104 bytes,    7988040 total
- age   4:    2763552 bytes,   10751592 total
- age   5:    2530288 bytes,   13281880 total
- age   6:    3207112 bytes,   16488992 total
- age   7:    5689080 bytes,   22178072 total
- age   8:     158584 bytes,   22336656 total
: 109248K->21824K(109248K), 0,0443869 secs] 249804K->172853K(502464K), 0,0444610 secs] [Times: user=0,10 sys=0,03, real=0,04 secs] 
Heap after GC invocations=119 (full 4):
 par new generation   total 109248K, used 21824K [0x00000007a0000000, 0x00000007a8000000, 0x00000007a8000000)
  eden space 87424K,   0% used [0x00000007a0000000, 0x00000007a0000000, 0x00000007a5560000)
  from space 21824K, 100% used [0x00000007a6ab0000, 0x00000007a8000000, 0x00000007a8000000)
  to   space 21824K,   0% used [0x00000007a5560000, 0x00000007a5560000, 0x00000007a6ab0000)
 concurrent mark-sweep generation total 393216K, used 151029K [0x00000007a8000000, 0x00000007c0000000, 0x00000007c0000000)
 Metaspace       used 40128K, capacity 40764K, committed 41284K, reserved 1085440K
  class space    used 4470K, capacity 4678K, committed 4756K, reserved 1048576K
}
2016-09-07T20:35:23.138-0100: 2035,816: Total time for which application threads were stopped: 0,0447114 seconds, Stopping threads took: 0,0000241 seconds
{Heap before GC invocations=119 (full 4):
 par new generation   total 109248K, used 109248K [0x00000007a0000000, 0x00000007a8000000, 0x00000007a8000000)
  eden space 87424K, 100% used [0x00000007a0000000, 0x00000007a5560000, 0x00000007a5560000)
  from space 21824K, 100% used [0x00000007a6ab0000, 0x00000007a8000000, 0x00000007a8000000)
  to   space 21824K,   0% used [0x00000007a5560000, 0x00000007a5560000, 0x00000007a6ab0000)
 concurrent mark-sweep generation total 393216K, used 151029K [0x00000007a8000000, 0x00000007c0000000, 0x00000007c0000000)
 Metaspace       used 40128K, capacity 40764K, committed 41284K, reserved 1085440K
  class space    used 4470K, capacity 4678K, committed 4756K, reserved 1048576K
2016-09-07T20:35:23.204-0100: 2035,882: [GC (Allocation Failure) 2016-09-07T20:35:23.204-0100: 2035,882: [ParNew
Desired survivor size 20112992 bytes, new threshold 8 (max 8)
- age   1:    1469200 bytes,    1469200 total
- age   2:    7164408 bytes,    8633608 total
- age   3:      85904 bytes,    8719512 total
- age   4:      63104 bytes,    8782616 total
- age   5:    2733360 bytes,   11515976 total
- age   6:    1707248 bytes,   13223224 total
- age   7:    2972936 bytes,   16196160 total
: 109248K->21824K(109248K), 0,0289831 secs] 260277K->180627K(502464K), 0,0290911 secs] [Times: user=0,07 sys=0,02, real=0,03 secs] 
Heap after GC invocations=120 (full 4):
 par new generation   total 109248K, used 21824K [0x00000007a0000000, 0x00000007a8000000, 0x00000007a8000000)
  eden space 87424K,   0% used [0x00000007a0000000, 0x00000007a0000000, 0x00000007a5560000)
  from space 21824K, 100% used [0x00000007a5560000, 0x00000007a6ab0000, 0x00000007a6ab0000)
  to   space 21824K,   0% used [0x00000007a6ab0000, 0x00000007a6ab0000, 0x00000007a8000000)
 concurrent mark-sweep generation total 393216K, used 158803K [0x00000007a8000000, 0x00000007c0000000, 0x00000007c0000000)
 Metaspace       used 40128K, capacity 40764K, committed 41284K, reserved 1085440K
  class space    used 4470K, capacity 4678K, committed 4756K, reserved 1048576K
}
2016-09-07T20:35:23.233-0100: 2035,911: Total time for which application threads were stopped: 0,0293067 seconds, Stopping threads took: 0,0000230 seconds
2016-09-07T20:35:23.277-0100: 2035,955: Total time for which application threads were stopped: 0,0001140 seconds, Stopping threads took: 0,0000201 seconds
{Heap before GC invocations=120 (full 4):
 par new generation   total 109248K, used 109248K [0x00000007a0000000, 0x00000007a8000000, 0x00000007a8000000)
  eden space 87424K, 100% used [0x00000007a0000000, 0x00000007a5560000, 0x00000007a5560000)
  from space 21824K, 100% used [0x00000007a5560000, 0x00000007a6ab0000, 0x00000007a6ab0000)
  to   space 21824K,   0% used [0x00000007a6ab0000, 0x00000007a6ab0000, 0x00000007a8000000)
 concurrent mark-sweep generation total 393216K, used 158803K [0x00000007a8000000, 0x00000007c0000000, 0x00000007c0000000)
 Metaspace       used 40133K, capacity 40764K, committed 41284K, reserved 1085440K
  class space    used 4470K, capacity 4678K, committed 4756K, reserved 1048576K
2016-09-07T20:35:23.391-0100: 2036,069: [GC (Allocation Failure) 2016-09-07T20:35:23.391-0100: 2036,069: [ParNew
Desired survivor size 20112992 bytes, new threshold 8 (max 8)
- age   1:    8684544 bytes,    8684544 total
- age   2:     393456 bytes,    9078000 total
- age   3:    5699992 bytes,   14777992 total
- age   4:      85880 bytes,   14863872 total
- age   5:      63104 bytes,   14926976 total
- age   6:    2732808 bytes,   17659784 total
- age   7:    1707248 bytes,   19367032 total
- age   8:    2972792 bytes,   22339824 total
: 109248K->21824K(109248K), 0,0313629 secs] 268051K->186927K(502464K), 0,0314416 secs] [Times: user=0,09 sys=0,02, real=0,03 secs] 
Heap after GC invocations=121 (full 4):
 par new generation   total 109248K, used 21824K [0x00000007a0000000, 0x00000007a8000000, 0x00000007a8000000)
  eden space 87424K,   0% used [0x00000007a0000000, 0x00000007a0000000, 0x00000007a5560000)
  from space 21824K, 100% used [0x00000007a6ab0000, 0x00000007a8000000, 0x00000007a8000000)
  to   space 21824K,   0% used [0x00000007a5560000, 0x00000007a5560000, 0x00000007a6ab0000)
 concurrent mark-sweep generation total 393216K, used 165103K [0x00000007a8000000, 0x00000007c0000000, 0x00000007c0000000)
 Metaspace       used 40133K, capacity 40764K, committed 41284K, reserved 1085440K
  class space    used 4470K, capacity 4678K, committed 4756K, reserved 1048576K
}
2016-09-07T20:35:23.422-0100: 2036,100: Total time for which application threads were stopped: 0,0316596 seconds, Stopping threads took: 0,0000216 seconds
{Heap before GC invocations=121 (full 4):
 par new generation   total 109248K, used 109248K [0x00000007a0000000, 0x00000007a8000000, 0x00000007a8000000)
  eden space 87424K, 100% used [0x00000007a0000000, 0x00000007a5560000, 0x00000007a5560000)
  from space 21824K, 100% used [0x00000007a6ab0000, 0x00000007a8000000, 0x00000007a8000000)
  to   space 21824K,   0% used [0x00000007a5560000, 0x00000007a5560000, 0x00000007a6ab0000)
 concurrent mark-sweep generation total 393216K, used 165103K [0x00000007a8000000, 0x00000007c0000000, 0x00000007c0000000)
 Metaspace       used 40133K, capacity 40764K, committed 41284K, reserved 1085440K
  class space    used 4470K, capacity 4678K, committed 4756K, reserved 1048576K
2016-09-07T20:35:23.516-0100: 2036,194: [GC (Allocation Failure) 2016-09-07T20:35:23.516-0100: 2036,195: [ParNew
Desired survivor size 20112992 bytes, new threshold 8 (max 8)
- age   1:    2610648 bytes,    2610648 total
- age   2:    7426352 bytes,   10037000 total
- age   3:     393456 bytes,   10430456 total
- age   4:    5699992 bytes,   16130448 total
- age   5:      85880 bytes,   16216328 total
- age   6:      63104 bytes,   16279432 total
- age   7:    2732744 bytes,   19012176 total
- age   8:    1494592 bytes,   20506768 total
: 109248K->21824K(109248K), 0,0212305 secs] 274351K->190401K(502464K), 0,0213297 secs] [Times: user=0,06 sys=0,01, real=0,02 secs] 
Heap after GC invocations=122 (full 4):
 par new generation   total 109248K, used 21824K [0x00000007a0000000, 0x00000007a8000000, 0x00000007a8000000)
  eden space 87424K,   0% used [0x00000007a0000000, 0x00000007a0000000, 0x00000007a5560000)
  from space 21824K, 100% used [0x00000007a5560000, 0x00000007a6ab0000, 0x00000007a6ab0000)
  to   space 21824K,   0% used [0x00000007a6ab0000, 0x00000007a6ab0000, 0x00000007a8000000)
 concurrent mark-sweep generation total 393216K, used 168577K [0x00000007a8000000, 0x00000007c0000000, 0x00000007c0000000)
 Metaspace       used 40133K, capacity 40764K, committed 41284K, reserved 1085440K
  class space    used 4470K, capacity 4678K, committed 4756K, reserved 1048576K
}
2016-09-07T20:35:23.538-0100: 2036,216: Total time for which application threads were stopped: 0,0215339 seconds, Stopping threads took: 0,0000260 seconds
{Heap before GC invocations=122 (full 4):
 par new generation   total 109248K, used 109248K [0x00000007a0000000, 0x00000007a8000000, 0x00000007a8000000)
  eden space 87424K, 100% used [0x00000007a0000000, 0x00000007a5560000, 0x00000007a5560000)
  from space 21824K, 100% used [0x00000007a5560000, 0x00000007a6ab0000, 0x00000007a6ab0000)
  to   space 21824K,   0% used [0x00000007a6ab0000, 0x00000007a6ab0000, 0x00000007a8000000)
 concurrent mark-sweep generation total 393216K, used 168577K [0x00000007a8000000, 0x00000007c0000000, 0x00000007c0000000)
 Metaspace       used 40133K, capacity 40764K, committed 41284K, reserved 1085440K
  class space    used 4470K, capacity 4678K, committed 4756K, reserved 1048576K
2016-09-07T20:35:23.607-0100: 2036,285: [GC (Allocation Failure) 2016-09-07T20:35:23.607-0100: 2036,285: [ParNew
Desired survivor size 20112992 bytes, new threshold 8 (max 8)
- age   1:    1369312 bytes,    1369312 total
- age   2:    1533432 bytes,    2902744 total
- age   3:    7140248 bytes,   10042992 total
- age   4:     126176 bytes,   10169168 total
- age   5:    4532160 bytes,   14701328 total
- age   6:      84992 bytes,   14786320 total
- age   7:      63104 bytes,   14849424 total
- age   8:    2717344 bytes,   17566768 total
: 109248K->21824K(109248K), 0,0169938 secs] 277825K->193693K(502464K), 0,0170764 secs] [Times: user=0,06 sys=0,01, real=0,02 secs] 
Heap after GC invocations=123 (full 4):
 par new generation   total 109248K, used 21824K [0x00000007a0000000, 0x00000007a8000000, 0x00000007a8000000)
  eden space 87424K,   0% used [0x00000007a0000000, 0x00000007a0000000, 0x00000007a5560000)
  from space 21824K, 100% used [0x00000007a6ab0000, 0x00000007a8000000, 0x00000007a8000000)
  to   space 21824K,   0% used [0x00000007a5560000, 0x00000007a5560000, 0x00000007a6ab0000)
 concurrent mark-sweep generation total 393216K, used 171869K [0x00000007a8000000, 0x00000007c0000000, 0x00000007c0000000)
 Metaspace       used 40133K, capacity 40764K, committed 41284K, reserved 1085440K
  class space    used 4470K, capacity 4678K, committed 4756K, reserved 1048576K
}
2016-09-07T20:35:23.624-0100: 2036,302: Total time for which application threads were stopped: 0,0172807 seconds, Stopping threads took: 0,0000236 seconds
2016-09-07T20:35:23.656-0100: 2036,335: Total time for which application threads were stopped: 0,0001178 seconds, Stopping threads took: 0,0000224 seconds
{Heap before GC invocations=123 (full 4):
 par new generation   total 109248K, used 109248K [0x00000007a0000000, 0x00000007a8000000, 0x00000007a8000000)
  eden space 87424K, 100% used [0x00000007a0000000, 0x00000007a5560000, 0x00000007a5560000)
  from space 21824K, 100% used [0x00000007a6ab0000, 0x00000007a8000000, 0x00000007a8000000)
  to   space 21824K,   0% used [0x00000007a5560000, 0x00000007a5560000, 0x00000007a6ab0000)
 concurrent mark-sweep generation total 393216K, used 171869K [0x00000007a8000000, 0x00000007c0000000, 0x00000007c0000000)
 Metaspace       used 40161K, capacity 40764K, committed 41284K, reserved 1085440K
  class space    used 4470K, capacity 4678K, committed 4756K, reserved 1048576K
2016-09-07T20:35:23.779-0100: 2036,457: [GC (Allocation Failure) 2016-09-07T20:35:23.779-0100: 2036,457: [ParNew
Desired survivor size 20112992 bytes, new threshold 8 (max 8)
- age   1:    8413440 bytes,    8413440 total
- age   2:     113936 bytes,    8527376 total
- age   3:    1516360 bytes,   10043736 total
- age   4:    5179160 bytes,   15222896 total
- age   5:     126176 bytes,   15349072 total
- age   6:    4532160 bytes,   19881232 total
- age   7:      84992 bytes,   19966224 total
- age   8:      63104 bytes,   20029328 total
: 109248K->21824K(109248K), 0,0184241 secs] 281117K->196370K(502464K), 0,0185207 secs] [Times: user=0,06 sys=0,00, real=0,02 secs] 
Heap after GC invocations=124 (full 4):
 par new generation   total 109248K, used 21824K [0x00000007a0000000, 0x00000007a8000000, 0x00000007a8000000)
  eden space 87424K,   0% used [0x00000007a0000000, 0x00000007a0000000, 0x00000007a5560000)
  from space 21824K, 100% used [0x00000007a5560000, 0x00000007a6ab0000, 0x00000007a6ab0000)
  to   space 21824K,   0% used [0x00000007a6ab0000, 0x00000007a6ab0000, 0x00000007a8000000)
 concurrent mark-sweep generation total 393216K, used 174546K [0x00000007a8000000, 0x00000007c0000000, 0x00000007c0000000)
 Metaspace       used 40161K, capacity 40764K, committed 41284K, reserved 1085440K
  class space    used 4470K, capacity 4678K, committed 4756K, reserved 1048576K
}
2016-09-07T20:35:23.798-0100: 2036,476: Total time for which application threads were stopped: 0,0187418 seconds, Stopping threads took: 0,0000219 seconds
{Heap before GC invocations=124 (full 4):
 par new generation   total 109248K, used 109248K [0x00000007a0000000, 0x00000007a8000000, 0x00000007a8000000)
  eden space 87424K, 100% used [0x00000007a0000000, 0x00000007a5560000, 0x00000007a5560000)
  from space 21824K, 100% used [0x00000007a5560000, 0x00000007a6ab0000, 0x00000007a6ab0000)
  to   space 21824K,   0% used [0x00000007a6ab0000, 0x00000007a6ab0000, 0x00000007a8000000)
 concurrent mark-sweep generation total 393216K, used 174546K [0x00000007a8000000, 0x00000007c0000000, 0x00000007c0000000)
 Metaspace       used 40161K, capacity 40764K, committed 41284K, reserved 1085440K
  class space    used 4470K, capacity 4678K, committed 4756K, reserved 1048576K
2016-09-07T20:35:23.901-0100: 2036,579: [GC (Allocation Failure) 2016-09-07T20:35:23.901-0100: 2036,579: [ParNew
Desired survivor size 20112992 bytes, new threshold 7 (max 8)
- age   1:    1707960 bytes,    1707960 total
- age   2:    7480808 bytes,    9188768 total
- age   3:     113936 bytes,    9302704 total
- age   4:    1144776 bytes,   10447480 total
- age   5:    5179096 bytes,   15626576 total
- age   6:     126176 bytes,   15752752 total
- age   7:    4532160 bytes,   20284912 total
- age   8:      84992 bytes,   20369904 total
: 109248K->21824K(109248K), 0,0147055 secs] 283794K->197689K(502464K), 0,0147941 secs] [Times: user=0,05 sys=0,01, real=0,01 secs] 
Heap after GC invocations=125 (full 4):
 par new generation   total 109248K, used 21824K [0x00000007a0000000, 0x00000007a8000000, 0x00000007a8000000)
  eden space 87424K,   0% used [0x00000007a0000000, 0x00000007a0000000, 0x00000007a5560000)
  from space 21824K, 100% used [0x00000007a6ab0000, 0x00000007a8000000, 0x00000007a8000000)
  to   space 21824K,   0% used [0x00000007a5560000, 0x00000007a5560000, 0x00000007a6ab0000)
 concurrent mark-sweep generation total 393216K, used 175865K [0x00000007a8000000, 0x00000007c0000000, 0x00000007c0000000)
 Metaspace       used 40161K, capacity 40764K, committed 41284K, reserved 1085440K
  class space    used 4470K, capacity 4678K, committed 4756K, reserved 1048576K
}
2016-09-07T20:35:23.916-0100: 2036,594: Total time for which application threads were stopped: 0,0149982 seconds, Stopping threads took: 0,0000230 seconds
{Heap before GC invocations=125 (full 4):
 par new generation   total 109248K, used 109248K [0x00000007a0000000, 0x00000007a8000000, 0x00000007a8000000)
  eden space 87424K, 100% used [0x00000007a0000000, 0x00000007a5560000, 0x00000007a5560000)
  from space 21824K, 100% used [0x00000007a6ab0000, 0x00000007a8000000, 0x00000007a8000000)
  to   space 21824K,   0% used [0x00000007a5560000, 0x00000007a5560000, 0x00000007a6ab0000)
 concurrent mark-sweep generation total 393216K, used 175865K [0x00000007a8000000, 0x00000007c0000000, 0x00000007c0000000)
 Metaspace       used 40161K, capacity 40764K, committed 41284K, reserved 1085440K
  class space    used 4470K, capacity 4678K, committed 4756K, reserved 1048576K
2016-09-07T20:35:24.039-0100: 2036,717: [GC (Allocation Failure) 2016-09-07T20:35:24.039-0100: 2036,717: [ParNew
Desired survivor size 20112992 bytes, new threshold 8 (max 8)
- age   1:    1574000 bytes,    1574000 total
- age   2:     685160 bytes,    2259160 total
- age   3:    6805072 bytes,    9064232 total
- age   4:     113936 bytes,    9178168 total
- age   5:    1144776 bytes,   10322944 total
- age   6:    5179096 bytes,   15502040 total
- age   7:     126176 bytes,   15628216 total
: 109248K->21824K(109248K), 0,0205213 secs] 285113K->202996K(502464K), 0,0206578 secs] [Times: user=0,06 sys=0,01, real=0,02 secs] 
Heap after GC invocations=126 (full 4):
 par new generation   total 109248K, used 21824K [0x00000007a0000000, 0x00000007a8000000, 0x00000007a8000000)
  eden space 87424K,   0% used [0x00000007a0000000, 0x00000007a0000000, 0x00000007a5560000)
  from space 21824K, 100% used [0x00000007a5560000, 0x00000007a6ab0000, 0x00000007a6ab0000)
  to   space 21824K,   0% used [0x00000007a6ab0000, 0x00000007a6ab0000, 0x00000007a8000000)
 concurrent mark-sweep generation total 393216K, used 181172K [0x00000007a8000000, 0x00000007c0000000, 0x00000007c0000000)
 Metaspace       used 40161K, capacity 40764K, committed 41284K, reserved 1085440K
  class space    used 4470K, capacity 4678K, committed 4756K, reserved 1048576K
}
2016-09-07T20:35:24.059-0100: 2036,738: Total time for which application threads were stopped: 0,0208946 seconds, Stopping threads took: 0,0000217 seconds
2016-09-07T20:35:24.061-0100: 2036,739: Total time for which application threads were stopped: 0,0001102 seconds, Stopping threads took: 0,0000188 seconds
{Heap before GC invocations=126 (full 4):
 par new generation   total 109248K, used 109248K [0x00000007a0000000, 0x00000007a8000000, 0x00000007a8000000)
  eden space 87424K, 100% used [0x00000007a0000000, 0x00000007a5560000, 0x00000007a5560000)
  from space 21824K, 100% used [0x00000007a5560000, 0x00000007a6ab0000, 0x00000007a6ab0000)
  to   space 21824K,   0% used [0x00000007a6ab0000, 0x00000007a6ab0000, 0x00000007a8000000)
 concurrent mark-sweep generation total 393216K, used 181172K [0x00000007a8000000, 0x00000007c0000000, 0x00000007c0000000)
 Metaspace       used 40209K, capacity 40828K, committed 41284K, reserved 1085440K
  class space    used 4470K, capacity 4678K, committed 4756K, reserved 1048576K
2016-09-07T20:35:24.217-0100: 2036,895: [GC (Allocation Failure) 2016-09-07T20:35:24.217-0100: 2036,895: [ParNew
Desired survivor size 20112992 bytes, new threshold 8 (max 8)
- age   1:    6272384 bytes,    6272384 total
- age   2:      12896 bytes,    6285280 total
- age   3:        264 bytes,    6285544 total
- age   4:    4250928 bytes,   10536472 total
- age   5:     113936 bytes,   10650408 total
- age   6:    1144776 bytes,   11795184 total
- age   7:    5178824 bytes,   16974008 total
- age   8:     126176 bytes,   17100184 total
: 109248K->20911K(109248K), 0,0111611 secs] 290420K->202083K(502464K), 0,0112513 secs] [Times: user=0,04 sys=0,01, real=0,01 secs] 
Heap after GC invocations=127 (full 4):
 par new generation   total 109248K, used 20911K [0x00000007a0000000, 0x00000007a8000000, 0x00000007a8000000)
  eden space 87424K,   0% used [0x00000007a0000000, 0x00000007a0000000, 0x00000007a5560000)
  from space 21824K,  95% used [0x00000007a6ab0000, 0x00000007a7f1bc80, 0x00000007a8000000)
  to   space 21824K,   0% used [0x00000007a5560000, 0x00000007a5560000, 0x00000007a6ab0000)
 concurrent mark-sweep generation total 393216K, used 181172K [0x00000007a8000000, 0x00000007c0000000, 0x00000007c0000000)
 Metaspace       used 40209K, capacity 40828K, committed 41284K, reserved 1085440K
  class space    used 4470K, capacity 4678K, committed 4756K, reserved 1048576K
}
2016-09-07T20:35:24.228-0100: 2036,906: Total time for which application threads were stopped: 0,0114766 seconds, Stopping threads took: 0,0000203 seconds
2016-09-07T20:35:24.306-0100: 2036,985: Total time for which application threads were stopped: 0,0001034 seconds, Stopping threads took: 0,0000180 seconds
{Heap before GC invocations=127 (full 4):
 par new generation   total 109248K, used 108335K [0x00000007a0000000, 0x00000007a8000000, 0x00000007a8000000)
  eden space 87424K, 100% used [0x00000007a0000000, 0x00000007a5560000, 0x00000007a5560000)
  from space 21824K,  95% used [0x00000007a6ab0000, 0x00000007a7f1bc80, 0x00000007a8000000)
  to   space 21824K,   0% used [0x00000007a5560000, 0x00000007a5560000, 0x00000007a6ab0000)
 concurrent mark-sweep generation total 393216K, used 181172K [0x00000007a8000000, 0x00000007c0000000, 0x00000007c0000000)
 Metaspace       used 40232K, capacity 40828K, committed 41284K, reserved 1085440K
  class space    used 4470K, capacity 4678K, committed 4756K, reserved 1048576K
2016-09-07T20:35:24.450-0100: 2037,128: [GC (Allocation Failure) 2016-09-07T20:35:24.450-0100: 2037,128: [ParNew
Desired survivor size 20112992 bytes, new threshold 8 (max 8)
- age   1:   12304128 bytes,   12304128 total
- age   2:     266144 bytes,   12570272 total
- age   3:      12832 bytes,   12583104 total
- age   5:    3321224 bytes,   15904328 total
- age   6:     113936 bytes,   16018264 total
- age   7:    1144776 bytes,   17163040 total
- age   8:    5178824 bytes,   22341864 total
: 108335K->21824K(109248K), 0,0202576 secs] 289507K->208910K(502464K), 0,0203299 secs] [Times: user=0,06 sys=0,01, real=0,02 secs] 
Heap after GC invocations=128 (full 4):
 par new generation   total 109248K, used 21824K [0x00000007a0000000, 0x00000007a8000000, 0x00000007a8000000)
  eden space 87424K,   0% used [0x00000007a0000000, 0x00000007a0000000, 0x00000007a5560000)
  from space 21824K, 100% used [0x00000007a5560000, 0x00000007a6ab0000, 0x00000007a6ab0000)
  to   space 21824K,   0% used [0x00000007a6ab0000, 0x00000007a6ab0000, 0x00000007a8000000)
 concurrent mark-sweep generation total 393216K, used 187086K [0x00000007a8000000, 0x00000007c0000000, 0x00000007c0000000)
 Metaspace       used 40232K, capacity 40828K, committed 41284K, reserved 1085440K
  class space    used 4470K, capacity 4678K, committed 4756K, reserved 1048576K
}
2016-09-07T20:35:24.470-0100: 2037,148: Total time for which application threads were stopped: 0,0205835 seconds, Stopping threads took: 0,0000216 seconds
{Heap before GC invocations=128 (full 4):
 par new generation   total 109248K, used 109248K [0x00000007a0000000, 0x00000007a8000000, 0x00000007a8000000)
  eden space 87424K, 100% used [0x00000007a0000000, 0x00000007a5560000, 0x00000007a5560000)
  from space 21824K, 100% used [0x00000007a5560000, 0x00000007a6ab0000, 0x00000007a6ab0000)
  to   space 21824K,   0% used [0x00000007a6ab0000, 0x00000007a6ab0000, 0x00000007a8000000)
 concurrent mark-sweep generation total 393216K, used 187086K [0x00000007a8000000, 0x00000007c0000000, 0x00000007c0000000)
 Metaspace       used 40232K, capacity 40828K, committed 41284K, reserved 1085440K
  class space    used 4470K, capacity 4678K, committed 4756K, reserved 1048576K
2016-09-07T20:35:24.561-0100: 2037,239: [GC (Allocation Failure) 2016-09-07T20:35:24.561-0100: 2037,239: [ParNew
Desired survivor size 20112992 bytes, new threshold 8 (max 8)
- age   1:    3488592 bytes,    3488592 total
- age   2:    8907760 bytes,   12396352 total
- age   3:     222624 bytes,   12618976 total
- age   4:      12832 bytes,   12631808 total
- age   6:    3285200 bytes,   15917008 total
- age   7:     113896 bytes,   16030904 total
- age   8:    1144760 bytes,   17175664 total
: 109248K->21824K(109248K), 0,0284451 secs] 296334K->218037K(502464K), 0,0285439 secs] [Times: user=0,07 sys=0,01, real=0,02 secs] 
Heap after GC invocations=129 (full 4):
 par new generation   total 109248K, used 21824K [0x00000007a0000000, 0x00000007a8000000, 0x00000007a8000000)
  eden space 87424K,   0% used [0x00000007a0000000, 0x00000007a0000000, 0x00000007a5560000)
  from space 21824K, 100% used [0x00000007a6ab0000, 0x00000007a8000000, 0x00000007a8000000)
  to   space 21824K,   0% used [0x00000007a5560000, 0x00000007a5560000, 0x00000007a6ab0000)
 concurrent mark-sweep generation total 393216K, used 196213K [0x00000007a8000000, 0x00000007c0000000, 0x00000007c0000000)
 Metaspace       used 40232K, capacity 40828K, committed 41284K, reserved 1085440K
  class space    used 4470K, capacity 4678K, committed 4756K, reserved 1048576K
}
2016-09-07T20:35:24.589-0100: 2037,267: Total time for which application threads were stopped: 0,0287445 seconds, Stopping threads took: 0,0000221 seconds
2016-09-07T20:35:24.596-0100: 2037,274: Total time for which application threads were stopped: 0,0001075 seconds, Stopping threads took: 0,0000189 seconds
2016-09-07T20:35:36.849-0100: 2049,528: Total time for which application threads were stopped: 0,0001124 seconds, Stopping threads took: 0,0000201 seconds
2016-09-07T20:35:36.852-0100: 2049,530: Total time for which application threads were stopped: 0,0001119 seconds, Stopping threads took: 0,0000180 seconds
2016-09-07T20:35:36.887-0100: 2049,565: Total time for which application threads were stopped: 0,0001220 seconds, Stopping threads took: 0,0000498 seconds
2016-09-07T20:35:36.971-0100: 2049,650: Total time for which application threads were stopped: 0,0001100 seconds, Stopping threads took: 0,0000197 seconds
2016-09-07T20:37:08.208-0100: 2140,889: Total time for which application threads were stopped: 0,0002529 seconds, Stopping threads took: 0,0000468 seconds
2016-09-07T20:37:36.865-0100: 2169,546: Total time for which application threads were stopped: 0,0002653 seconds, Stopping threads took: 0,0000231 seconds
2016-09-07T20:37:38.316-0100: 2170,998: Total time for which application threads were stopped: 0,0002385 seconds, Stopping threads took: 0,0000279 seconds
2016-09-07T20:37:38.317-0100: 2170,998: Total time for which application threads were stopped: 0,0001152 seconds, Stopping threads took: 0,0000159 seconds
2016-09-07T20:37:38.317-0100: 2170,998: Total time for which application threads were stopped: 0,0005288 seconds, Stopping threads took: 0,0003604 seconds
2016-09-07T20:37:38.318-0100: 2170,999: Total time for which application threads were stopped: 0,0001353 seconds, Stopping threads took: 0,0000161 seconds
2016-09-07T20:37:38.318-0100: 2170,999: Total time for which application threads were stopped: 0,0003032 seconds, Stopping threads took: 0,0000282 seconds
2016-09-07T20:37:38.591-0100: 2171,272: Total time for which application threads were stopped: 0,0001478 seconds, Stopping threads took: 0,0000200 seconds
2016-09-07T20:37:38.591-0100: 2171,273: Total time for which application threads were stopped: 0,0000827 seconds, Stopping threads took: 0,0000103 seconds
2016-09-07T20:37:38.642-0100: 2171,323: Total time for which application threads were stopped: 0,0001600 seconds, Stopping threads took: 0,0000456 seconds
2016-09-07T20:37:38.642-0100: 2171,323: Total time for which application threads were stopped: 0,0000971 seconds, Stopping threads took: 0,0000265 seconds
2016-09-07T20:37:41.128-0100: 2173,809: Total time for which application threads were stopped: 0,0001329 seconds, Stopping threads took: 0,0000225 seconds
2016-09-07T20:37:41.131-0100: 2173,812: Total time for which application threads were stopped: 0,0001623 seconds, Stopping threads took: 0,0000206 seconds
2016-09-07T20:37:41.131-0100: 2173,813: Total time for which application threads were stopped: 0,0000881 seconds, Stopping threads took: 0,0000117 seconds
2016-09-07T20:37:41.132-0100: 2173,813: Total time for which application threads were stopped: 0,0000726 seconds, Stopping threads took: 0,0000098 seconds
2016-09-07T20:37:41.132-0100: 2173,813: Total time for which application threads were stopped: 0,0000735 seconds, Stopping threads took: 0,0000102 seconds
2016-09-07T20:37:41.212-0100: 2173,893: Total time for which application threads were stopped: 0,0002288 seconds, Stopping threads took: 0,0000413 seconds
2016-09-07T20:37:41.212-0100: 2173,893: Total time for which application threads were stopped: 0,0001386 seconds, Stopping threads took: 0,0000117 seconds
2016-09-07T20:37:41.212-0100: 2173,893: Total time for which application threads were stopped: 0,0001429 seconds, Stopping threads took: 0,0000106 seconds
2016-09-07T20:37:41.212-0100: 2173,893: Total time for which application threads were stopped: 0,0001106 seconds, Stopping threads took: 0,0000115 seconds
2016-09-07T20:37:41.212-0100: 2173,894: Total time for which application threads were stopped: 0,0001276 seconds, Stopping threads took: 0,0000109 seconds
2016-09-07T20:37:41.213-0100: 2173,894: Total time for which application threads were stopped: 0,0001867 seconds, Stopping threads took: 0,0000402 seconds
2016-09-07T20:37:41.214-0100: 2173,895: Total time for which application threads were stopped: 0,0001378 seconds, Stopping threads took: 0,0000390 seconds
2016-09-07T20:37:41.267-0100: 2173,949: Total time for which application threads were stopped: 0,0003547 seconds, Stopping threads took: 0,0000670 seconds
2016-09-07T20:37:41.268-0100: 2173,949: Total time for which application threads were stopped: 0,0002112 seconds, Stopping threads took: 0,0000379 seconds
2016-09-07T20:37:41.280-0100: 2173,962: Total time for which application threads were stopped: 0,0004695 seconds, Stopping threads took: 0,0001909 seconds
2016-09-07T20:37:41.281-0100: 2173,962: Total time for which application threads were stopped: 0,0002069 seconds, Stopping threads took: 0,0000409 seconds
2016-09-07T20:37:41.281-0100: 2173,962: Total time for which application threads were stopped: 0,0001174 seconds, Stopping threads took: 0,0000415 seconds
2016-09-07T20:37:41.282-0100: 2173,963: Total time for which application threads were stopped: 0,0002522 seconds, Stopping threads took: 0,0000743 seconds
2016-09-07T20:37:41.282-0100: 2173,963: Total time for which application threads were stopped: 0,0001483 seconds, Stopping threads took: 0,0000453 seconds
2016-09-07T20:37:55.328-0100: 2188,010: Total time for which application threads were stopped: 0,0002558 seconds, Stopping threads took: 0,0000438 seconds
2016-09-07T20:38:41.283-0100: 2233,966: Total time for which application threads were stopped: 0,0001930 seconds, Stopping threads took: 0,0000435 seconds
2016-09-07T20:39:30.327-0100: 2283,011: Total time for which application threads were stopped: 0,0094945 seconds, Stopping threads took: 0,0000185 seconds
2016-09-07T20:39:30.329-0100: 2283,013: Total time for which application threads were stopped: 0,0001053 seconds, Stopping threads took: 0,0000154 seconds
2016-09-07T20:39:30.331-0100: 2283,014: Total time for which application threads were stopped: 0,0006022 seconds, Stopping threads took: 0,0000211 seconds
2016-09-07T20:39:30.457-0100: 2283,140: Total time for which application threads were stopped: 0,0001199 seconds, Stopping threads took: 0,0000437 seconds
2016-09-07T20:39:30.522-0100: 2283,205: Total time for which application threads were stopped: 0,0001291 seconds, Stopping threads took: 0,0000489 seconds
2016-09-07T20:39:30.523-0100: 2283,206: Total time for which application threads were stopped: 0,0001140 seconds, Stopping threads took: 0,0000348 seconds
2016-09-07T20:39:30.523-0100: 2283,207: Total time for which application threads were stopped: 0,0000690 seconds, Stopping threads took: 0,0000093 seconds
2016-09-07T20:39:30.523-0100: 2283,207: Total time for which application threads were stopped: 0,0000466 seconds, Stopping threads took: 0,0000072 seconds
2016-09-07T20:39:30.523-0100: 2283,207: Total time for which application threads were stopped: 0,0000456 seconds, Stopping threads took: 0,0000079 seconds
2016-09-07T20:39:30.523-0100: 2283,207: Total time for which application threads were stopped: 0,0000738 seconds, Stopping threads took: 0,0000362 seconds
2016-09-07T20:39:30.524-0100: 2283,207: Total time for which application threads were stopped: 0,0150765 seconds, Stopping threads took: 0,0000109 seconds
2016-09-07T20:39:30.539-0100: 2283,222: Total time for which application threads were stopped: 0,0001169 seconds, Stopping threads took: 0,0000194 seconds
2016-09-07T20:39:30.540-0100: 2283,223: Total time for which application threads were stopped: 0,0000558 seconds, Stopping threads took: 0,0000126 seconds
2016-09-07T20:39:30.596-0100: 2283,280: Total time for which application threads were stopped: 0,0001004 seconds, Stopping threads took: 0,0000196 seconds
2016-09-07T20:39:30.598-0100: 2283,282: Total time for which application threads were stopped: 0,0001974 seconds, Stopping threads took: 0,0000481 seconds
2016-09-07T20:39:30.599-0100: 2283,282: Total time for which application threads were stopped: 0,0000822 seconds, Stopping threads took: 0,0000101 seconds
2016-09-07T20:39:30.599-0100: 2283,283: Total time for which application threads were stopped: 0,0000840 seconds, Stopping threads took: 0,0000104 seconds
2016-09-07T20:39:30.599-0100: 2283,283: Total time for which application threads were stopped: 0,0000662 seconds, Stopping threads took: 0,0000151 seconds
2016-09-07T20:39:30.600-0100: 2283,283: Total time for which application threads were stopped: 0,0000627 seconds, Stopping threads took: 0,0000105 seconds
2016-09-07T20:39:30.600-0100: 2283,284: Total time for which application threads were stopped: 0,0000693 seconds, Stopping threads took: 0,0000094 seconds
2016-09-07T20:39:30.600-0100: 2283,284: Total time for which application threads were stopped: 0,0000422 seconds, Stopping threads took: 0,0000073 seconds
2016-09-07T20:39:30.601-0100: 2283,284: Total time for which application threads were stopped: 0,0000440 seconds, Stopping threads took: 0,0000082 seconds
2016-09-07T20:39:30.601-0100: 2283,284: Total time for which application threads were stopped: 0,0000453 seconds, Stopping threads took: 0,0000084 seconds
2016-09-07T20:39:30.602-0100: 2283,285: Total time for which application threads were stopped: 0,0000700 seconds, Stopping threads took: 0,0000225 seconds
2016-09-07T20:39:30.602-0100: 2283,286: Total time for which application threads were stopped: 0,0003155 seconds, Stopping threads took: 0,0000225 seconds
2016-09-07T20:39:30.602-0100: 2283,286: Total time for which application threads were stopped: 0,0000476 seconds, Stopping threads took: 0,0000086 seconds
2016-09-07T20:39:30.603-0100: 2283,286: Total time for which application threads were stopped: 0,0000637 seconds, Stopping threads took: 0,0000233 seconds
2016-09-07T20:39:30.603-0100: 2283,286: Total time for which application threads were stopped: 0,0000608 seconds, Stopping threads took: 0,0000221 seconds
2016-09-07T20:39:30.604-0100: 2283,287: Total time for which application threads were stopped: 0,0000861 seconds, Stopping threads took: 0,0000255 seconds
2016-09-07T20:39:30.667-0100: 2283,351: Total time for which application threads were stopped: 0,0001377 seconds, Stopping threads took: 0,0000180 seconds
2016-09-07T20:39:30.746-0100: 2283,430: Total time for which application threads were stopped: 0,0000965 seconds, Stopping threads took: 0,0000469 seconds
2016-09-07T20:39:30.746-0100: 2283,430: Total time for which application threads were stopped: 0,0000744 seconds, Stopping threads took: 0,0000490 seconds
2016-09-07T20:39:30.747-0100: 2283,430: Total time for which application threads were stopped: 0,0000895 seconds, Stopping threads took: 0,0000322 seconds
2016-09-07T20:39:30.747-0100: 2283,431: Total time for which application threads were stopped: 0,0000776 seconds, Stopping threads took: 0,0000353 seconds
2016-09-07T20:39:30.747-0100: 2283,431: Total time for which application threads were stopped: 0,0000759 seconds, Stopping threads took: 0,0000444 seconds
Heap
 par new generation   total 109248K, used 53855K [0x00000007a0000000, 0x00000007a8000000, 0x00000007a8000000)
  eden space 87424K,  36% used [0x00000007a0000000, 0x00000007a1f47cc8, 0x00000007a5560000)
  from space 21824K, 100% used [0x00000007a6ab0000, 0x00000007a8000000, 0x00000007a8000000)
  to   space 21824K,   0% used [0x00000007a5560000, 0x00000007a5560000, 0x00000007a6ab0000)
 concurrent mark-sweep generation total 393216K, used 196213K [0x00000007a8000000, 0x00000007c0000000, 0x00000007c0000000)
 Metaspace       used 40393K, capacity 41036K, committed 41540K, reserved 1085440K
  class space    used 4481K, capacity 4682K, committed 4756K, reserved 1048576K
