Java HotSpot(TM) 64-Bit Server VM (25.91-b14) for bsd-amd64 JRE (1.8.0_91-b14), built on Apr  1 2016 01:03:00 by "java_re" with gcc 4.2.1 (Based on Apple Inc. build 5658) (LLVM build 2336.11.00)
Memory: 4k page, physical 4194304k(22380k free)

/proc/meminfo:

CommandLine flags: -XX:CMSInitiatingOccupancyFraction=50 -XX:CMSMaxAbortablePrecleanTime=6000 -XX:+CMSParallelRemarkEnabled -XX:+CMSScavengeBeforeRemark -XX:ConcGCThreads=4 -XX:InitialHeapSize=536870912 -XX:MaxHeapSize=536870912 -XX:MaxTenuringThreshold=8 -XX:NewRatio=3 -XX:OldPLABSize=16 -XX:OnOutOfMemoryError=/Applications/MAMP/htdocs/science/solr/bin/oom_solr.sh 7574 /Applications/MAMP/htdocs/science/solr/example/cloud/node2/solr/../logs -XX:ParallelGCThreads=4 -XX:+ParallelRefProcEnabled -XX:PretenureSizeThreshold=67108864 -XX:+PrintGC -XX:+PrintGCApplicationStoppedTime -XX:+PrintGCDateStamps -XX:+PrintGCDetails -XX:+PrintGCTimeStamps -XX:+PrintHeapAtGC -XX:+PrintTenuringDistribution -XX:SurvivorRatio=4 -XX:TargetSurvivorRatio=90 -XX:ThreadStackSize=256 -XX:+UseCMSInitiatingOccupancyOnly -XX:+UseCompressedClassPointers -XX:+UseCompressedOops -XX:+UseConcMarkSweepGC -XX:+UseParNewGC 
2016-09-11T21:52:06.221-0100: 0,168: Total time for which application threads were stopped: 0,0000891 seconds, Stopping threads took: 0,0000145 seconds
2016-09-11T21:52:06.371-0100: 0,318: Total time for which application threads were stopped: 0,0001140 seconds, Stopping threads took: 0,0000114 seconds
2016-09-11T21:52:06.811-0100: 0,758: Total time for which application threads were stopped: 0,0001817 seconds, Stopping threads took: 0,0000123 seconds
2016-09-11T21:52:06.875-0100: 0,822: Total time for which application threads were stopped: 0,0001521 seconds, Stopping threads took: 0,0000150 seconds
2016-09-11T21:52:06.898-0100: 0,845: Total time for which application threads were stopped: 0,0002146 seconds, Stopping threads took: 0,0000462 seconds
2016-09-11T21:52:07.231-0100: 1,178: Total time for which application threads were stopped: 0,0002821 seconds, Stopping threads took: 0,0000383 seconds
2016-09-11T21:52:07.805-0100: 1,752: Total time for which application threads were stopped: 0,0002727 seconds, Stopping threads took: 0,0000166 seconds
2016-09-11T21:52:07.806-0100: 1,753: Total time for which application threads were stopped: 0,0001052 seconds, Stopping threads took: 0,0000082 seconds
2016-09-11T21:52:07.809-0100: 1,756: Total time for which application threads were stopped: 0,0002003 seconds, Stopping threads took: 0,0000134 seconds
2016-09-11T21:52:07.818-0100: 1,765: Total time for which application threads were stopped: 0,0002942 seconds, Stopping threads took: 0,0000227 seconds
{Heap before GC invocations=0 (full 0):
 par new generation   total 109248K, used 87424K [0x00000007a0000000, 0x00000007a8000000, 0x00000007a8000000)
  eden space 87424K, 100% used [0x00000007a0000000, 0x00000007a5560000, 0x00000007a5560000)
  from space 21824K,   0% used [0x00000007a5560000, 0x00000007a5560000, 0x00000007a6ab0000)
  to   space 21824K,   0% used [0x00000007a6ab0000, 0x00000007a6ab0000, 0x00000007a8000000)
 concurrent mark-sweep generation total 393216K, used 0K [0x00000007a8000000, 0x00000007c0000000, 0x00000007c0000000)
 Metaspace       used 17588K, capacity 17946K, committed 18176K, reserved 1064960K
  class space    used 2052K, capacity 2183K, committed 2304K, reserved 1048576K
2016-09-11T21:52:08.034-0100: 1,981: [GC (Allocation Failure) 2016-09-11T21:52:08.034-0100: 1,981: [ParNew
Desired survivor size 20112992 bytes, new threshold 8 (max 8)
- age   1:   10340368 bytes,   10340368 total
: 87424K->10200K(109248K), 0,0246395 secs] 87424K->10200K(502464K), 0,0247470 secs] [Times: user=0,04 sys=0,01, real=0,02 secs] 
Heap after GC invocations=1 (full 0):
 par new generation   total 109248K, used 10200K [0x00000007a0000000, 0x00000007a8000000, 0x00000007a8000000)
  eden space 87424K,   0% used [0x00000007a0000000, 0x00000007a0000000, 0x00000007a5560000)
  from space 21824K,  46% used [0x00000007a6ab0000, 0x00000007a74a63c8, 0x00000007a8000000)
  to   space 21824K,   0% used [0x00000007a5560000, 0x00000007a5560000, 0x00000007a6ab0000)
 concurrent mark-sweep generation total 393216K, used 0K [0x00000007a8000000, 0x00000007c0000000, 0x00000007c0000000)
 Metaspace       used 17588K, capacity 17946K, committed 18176K, reserved 1064960K
  class space    used 2052K, capacity 2183K, committed 2304K, reserved 1048576K
}
2016-09-11T21:52:08.059-0100: 2,006: Total time for which application threads were stopped: 0,0250057 seconds, Stopping threads took: 0,0000198 seconds
2016-09-11T21:52:08.248-0100: 2,195: Total time for which application threads were stopped: 0,0003685 seconds, Stopping threads took: 0,0000215 seconds
2016-09-11T21:52:09.249-0100: 3,196: Total time for which application threads were stopped: 0,0001040 seconds, Stopping threads took: 0,0000252 seconds
2016-09-11T21:52:10.173-0100: 4,120: Total time for which application threads were stopped: 0,0003762 seconds, Stopping threads took: 0,0000372 seconds
2016-09-11T21:52:11.669-0100: 5,616: Total time for which application threads were stopped: 0,0000671 seconds, Stopping threads took: 0,0000185 seconds
2016-09-11T21:52:11.673-0100: 5,620: Total time for which application threads were stopped: 0,0000905 seconds, Stopping threads took: 0,0000348 seconds
2016-09-11T21:52:11.689-0100: 5,636: Total time for which application threads were stopped: 0,0002529 seconds, Stopping threads took: 0,0000170 seconds
2016-09-11T21:52:11.724-0100: 5,671: Total time for which application threads were stopped: 0,0000905 seconds, Stopping threads took: 0,0000189 seconds
2016-09-11T21:52:11.731-0100: 5,678: Total time for which application threads were stopped: 0,0002535 seconds, Stopping threads took: 0,0000173 seconds
2016-09-11T21:52:11.797-0100: 5,744: Total time for which application threads were stopped: 0,0002536 seconds, Stopping threads took: 0,0000201 seconds
2016-09-11T21:52:11.812-0100: 5,760: Total time for which application threads were stopped: 0,0001134 seconds, Stopping threads took: 0,0000443 seconds
2016-09-11T21:52:11.813-0100: 5,760: Total time for which application threads were stopped: 0,0000583 seconds, Stopping threads took: 0,0000232 seconds
2016-09-11T21:52:11.813-0100: 5,760: Total time for which application threads were stopped: 0,0000564 seconds, Stopping threads took: 0,0000226 seconds
2016-09-11T21:52:11.813-0100: 5,760: Total time for which application threads were stopped: 0,0000700 seconds, Stopping threads took: 0,0000265 seconds
2016-09-11T21:52:11.813-0100: 5,760: Total time for which application threads were stopped: 0,0000450 seconds, Stopping threads took: 0,0000071 seconds
2016-09-11T21:52:11.838-0100: 5,785: Total time for which application threads were stopped: 0,0001272 seconds, Stopping threads took: 0,0000485 seconds
2016-09-11T21:52:11.838-0100: 5,785: Total time for which application threads were stopped: 0,0000742 seconds, Stopping threads took: 0,0000294 seconds
2016-09-11T21:52:11.838-0100: 5,785: Total time for which application threads were stopped: 0,0000650 seconds, Stopping threads took: 0,0000240 seconds
2016-09-11T21:52:11.838-0100: 5,785: Total time for which application threads were stopped: 0,0000788 seconds, Stopping threads took: 0,0000336 seconds
2016-09-11T21:52:11.838-0100: 5,785: Total time for which application threads were stopped: 0,0000532 seconds, Stopping threads took: 0,0000092 seconds
2016-09-11T21:52:11.854-0100: 5,801: Total time for which application threads were stopped: 0,0000804 seconds, Stopping threads took: 0,0000162 seconds
2016-09-11T21:52:11.872-0100: 5,819: Total time for which application threads were stopped: 0,0001038 seconds, Stopping threads took: 0,0000172 seconds
2016-09-11T21:52:11.877-0100: 5,825: Total time for which application threads were stopped: 0,0001000 seconds, Stopping threads took: 0,0000440 seconds
2016-09-11T21:52:11.904-0100: 5,851: Total time for which application threads were stopped: 0,0000830 seconds, Stopping threads took: 0,0000178 seconds
2016-09-11T21:52:11.905-0100: 5,852: Total time for which application threads were stopped: 0,0000861 seconds, Stopping threads took: 0,0000365 seconds
2016-09-11T21:52:11.907-0100: 5,854: Total time for which application threads were stopped: 0,0001076 seconds, Stopping threads took: 0,0000414 seconds
2016-09-11T21:52:12.064-0100: 6,011: [GC (CMS Initial Mark) [1 CMS-initial-mark: 0K(393216K)] 39021K(502464K), 0,0054548 secs] [Times: user=0,02 sys=0,00, real=0,01 secs] 
2016-09-11T21:52:12.070-0100: 6,017: Total time for which application threads were stopped: 0,0055915 seconds, Stopping threads took: 0,0000207 seconds
2016-09-11T21:52:12.070-0100: 6,017: [CMS-concurrent-mark-start]
2016-09-11T21:52:12.070-0100: 6,017: [CMS-concurrent-mark: 0,000/0,000 secs] [Times: user=0,00 sys=0,00, real=0,00 secs] 
2016-09-11T21:52:12.070-0100: 6,017: [CMS-concurrent-preclean-start]
2016-09-11T21:52:12.071-0100: 6,019: [CMS-concurrent-preclean: 0,001/0,001 secs] [Times: user=0,00 sys=0,00, real=0,00 secs] 
2016-09-11T21:52:12.072-0100: 6,019: [CMS-concurrent-abortable-preclean-start]
2016-09-11T21:52:12.769-0100: 6,716: Total time for which application threads were stopped: 0,0001137 seconds, Stopping threads took: 0,0000224 seconds
2016-09-11T21:52:12.773-0100: 6,720: Total time for which application threads were stopped: 0,0001199 seconds, Stopping threads took: 0,0000208 seconds
2016-09-11T21:52:12.797-0100: 6,744: Total time for which application threads were stopped: 0,0001585 seconds, Stopping threads took: 0,0000359 seconds
2016-09-11T21:52:12.810-0100: 6,757: Total time for which application threads were stopped: 0,0002931 seconds, Stopping threads took: 0,0001751 seconds
2016-09-11T21:52:12.817-0100: 6,764: Total time for which application threads were stopped: 0,0001505 seconds, Stopping threads took: 0,0000229 seconds
2016-09-11T21:52:12.819-0100: 6,766: Total time for which application threads were stopped: 0,0001179 seconds, Stopping threads took: 0,0000215 seconds
2016-09-11T21:52:12.834-0100: 6,781: Total time for which application threads were stopped: 0,0002902 seconds, Stopping threads took: 0,0000223 seconds
2016-09-11T21:52:12.854-0100: 6,801: Total time for which application threads were stopped: 0,0001423 seconds, Stopping threads took: 0,0000439 seconds
2016-09-11T21:52:12.854-0100: 6,801: Total time for which application threads were stopped: 0,0000947 seconds, Stopping threads took: 0,0000437 seconds
2016-09-11T21:52:12.854-0100: 6,801: Total time for which application threads were stopped: 0,0000761 seconds, Stopping threads took: 0,0000246 seconds
2016-09-11T21:52:12.854-0100: 6,802: Total time for which application threads were stopped: 0,0000850 seconds, Stopping threads took: 0,0000261 seconds
2016-09-11T21:52:12.855-0100: 6,802: Total time for which application threads were stopped: 0,0000908 seconds, Stopping threads took: 0,0000372 seconds
2016-09-11T21:52:12.859-0100: 6,806: Total time for which application threads were stopped: 0,0001463 seconds, Stopping threads took: 0,0000612 seconds
2016-09-11T21:52:12.860-0100: 6,807: Total time for which application threads were stopped: 0,0000641 seconds, Stopping threads took: 0,0000106 seconds
2016-09-11T21:52:13.861-0100: 7,808: Total time for which application threads were stopped: 0,0001537 seconds, Stopping threads took: 0,0000624 seconds
2016-09-11T21:52:13.867-0100: 7,814: Total time for which application threads were stopped: 0,0001718 seconds, Stopping threads took: 0,0000388 seconds
2016-09-11T21:52:13.874-0100: 7,821: Total time for which application threads were stopped: 0,0002619 seconds, Stopping threads took: 0,0000214 seconds
2016-09-11T21:52:13.906-0100: 7,853: Total time for which application threads were stopped: 0,0002747 seconds, Stopping threads took: 0,0000163 seconds
2016-09-11T21:52:14.032-0100: 7,979: Total time for which application threads were stopped: 0,0002143 seconds, Stopping threads took: 0,0000457 seconds
2016-09-11T21:52:14.035-0100: 7,982: Total time for which application threads were stopped: 0,0001567 seconds, Stopping threads took: 0,0000547 seconds
2016-09-11T21:52:14.076-0100: 8,023: Total time for which application threads were stopped: 0,0001489 seconds, Stopping threads took: 0,0000267 seconds
2016-09-11T21:52:14.164-0100: 8,111: Total time for which application threads were stopped: 0,0001749 seconds, Stopping threads took: 0,0000507 seconds
2016-09-11T21:52:14.182-0100: 8,129: Total time for which application threads were stopped: 0,0001419 seconds, Stopping threads took: 0,0000230 seconds
2016-09-11T21:52:14.274-0100: 8,221: Total time for which application threads were stopped: 0,0001557 seconds, Stopping threads took: 0,0000505 seconds
2016-09-11T21:52:14.275-0100: 8,222: Total time for which application threads were stopped: 0,0001517 seconds, Stopping threads took: 0,0000210 seconds
2016-09-11T21:52:14.276-0100: 8,223: Total time for which application threads were stopped: 0,0001349 seconds, Stopping threads took: 0,0000164 seconds
2016-09-11T21:52:14.276-0100: 8,223: Total time for which application threads were stopped: 0,0001078 seconds, Stopping threads took: 0,0000195 seconds
2016-09-11T21:52:14.331-0100: 8,278: Total time for which application threads were stopped: 0,0003631 seconds, Stopping threads took: 0,0001840 seconds
2016-09-11T21:52:14.331-0100: 8,278: Total time for which application threads were stopped: 0,0001527 seconds, Stopping threads took: 0,0000464 seconds
2016-09-11T21:52:14.331-0100: 8,278: Total time for which application threads were stopped: 0,0001428 seconds, Stopping threads took: 0,0000460 seconds
2016-09-11T21:52:14.332-0100: 8,279: Total time for which application threads were stopped: 0,0001292 seconds, Stopping threads took: 0,0000338 seconds
2016-09-11T21:52:14.332-0100: 8,279: Total time for which application threads were stopped: 0,0001152 seconds, Stopping threads took: 0,0000358 seconds
2016-09-11T21:52:14.332-0100: 8,279: Total time for which application threads were stopped: 0,0001209 seconds, Stopping threads took: 0,0000360 seconds
2016-09-11T21:52:14.333-0100: 8,280: Total time for which application threads were stopped: 0,0001486 seconds, Stopping threads took: 0,0000606 seconds
2016-09-11T21:52:14.333-0100: 8,280: Total time for which application threads were stopped: 0,0001469 seconds, Stopping threads took: 0,0000212 seconds
2016-09-11T21:52:14.333-0100: 8,281: Total time for which application threads were stopped: 0,0001454 seconds, Stopping threads took: 0,0000322 seconds
2016-09-11T21:52:14.334-0100: 8,281: Total time for which application threads were stopped: 0,0001825 seconds, Stopping threads took: 0,0000638 seconds
2016-09-11T21:52:14.335-0100: 8,282: Total time for which application threads were stopped: 0,0001368 seconds, Stopping threads took: 0,0000477 seconds
2016-09-11T21:52:14.335-0100: 8,282: Total time for which application threads were stopped: 0,0000704 seconds, Stopping threads took: 0,0000087 seconds
2016-09-11T21:52:14.335-0100: 8,282: Total time for which application threads were stopped: 0,0000890 seconds, Stopping threads took: 0,0000264 seconds
2016-09-11T21:52:14.335-0100: 8,282: Total time for which application threads were stopped: 0,0000695 seconds, Stopping threads took: 0,0000086 seconds
2016-09-11T21:52:14.335-0100: 8,283: Total time for which application threads were stopped: 0,0001251 seconds, Stopping threads took: 0,0000479 seconds
2016-09-11T21:52:14.336-0100: 8,283: Total time for which application threads were stopped: 0,0000805 seconds, Stopping threads took: 0,0000184 seconds
2016-09-11T21:52:14.336-0100: 8,283: Total time for which application threads were stopped: 0,0000799 seconds, Stopping threads took: 0,0000109 seconds
2016-09-11T21:52:14.336-0100: 8,283: Total time for which application threads were stopped: 0,0001156 seconds, Stopping threads took: 0,0000130 seconds
2016-09-11T21:52:14.336-0100: 8,284: Total time for which application threads were stopped: 0,0001058 seconds, Stopping threads took: 0,0000350 seconds
2016-09-11T21:52:14.337-0100: 8,284: Total time for which application threads were stopped: 0,0001130 seconds, Stopping threads took: 0,0000463 seconds
2016-09-11T21:52:14.337-0100: 8,284: Total time for which application threads were stopped: 0,0002699 seconds, Stopping threads took: 0,0000141 seconds
2016-09-11T21:52:14.338-0100: 8,285: Total time for which application threads were stopped: 0,0000948 seconds, Stopping threads took: 0,0000135 seconds
2016-09-11T21:52:14.338-0100: 8,285: Total time for which application threads were stopped: 0,0000907 seconds, Stopping threads took: 0,0000128 seconds
2016-09-11T21:52:14.338-0100: 8,285: Total time for which application threads were stopped: 0,0001673 seconds, Stopping threads took: 0,0000100 seconds
2016-09-11T21:52:14.339-0100: 8,286: Total time for which application threads were stopped: 0,0000726 seconds, Stopping threads took: 0,0000088 seconds
2016-09-11T21:52:14.804-0100: 8,751: Total time for which application threads were stopped: 0,0001556 seconds, Stopping threads took: 0,0000251 seconds
2016-09-11T21:52:14.855-0100: 8,802: Total time for which application threads were stopped: 0,0001355 seconds, Stopping threads took: 0,0000483 seconds
2016-09-11T21:52:14.857-0100: 8,804: Total time for which application threads were stopped: 0,0001825 seconds, Stopping threads took: 0,0000248 seconds
2016-09-11T21:52:14.859-0100: 8,806: Total time for which application threads were stopped: 0,0002120 seconds, Stopping threads took: 0,0000232 seconds
2016-09-11T21:52:14.875-0100: 8,822: Total time for which application threads were stopped: 0,0001130 seconds, Stopping threads took: 0,0000240 seconds
2016-09-11T21:52:14.888-0100: 8,835: Total time for which application threads were stopped: 0,0001170 seconds, Stopping threads took: 0,0000237 seconds
2016-09-11T21:52:14.914-0100: 8,862: Total time for which application threads were stopped: 0,0000936 seconds, Stopping threads took: 0,0000188 seconds
2016-09-11T21:52:14.928-0100: 8,875: Total time for which application threads were stopped: 0,0001714 seconds, Stopping threads took: 0,0000453 seconds
2016-09-11T21:52:14.928-0100: 8,876: Total time for which application threads were stopped: 0,0001457 seconds, Stopping threads took: 0,0000532 seconds
2016-09-11T21:52:14.929-0100: 8,876: Total time for which application threads were stopped: 0,0003977 seconds, Stopping threads took: 0,0001779 seconds
2016-09-11T21:52:14.930-0100: 8,878: Total time for which application threads were stopped: 0,0001140 seconds, Stopping threads took: 0,0000250 seconds
2016-09-11T21:52:14.981-0100: 8,928: Total time for which application threads were stopped: 0,0001195 seconds, Stopping threads took: 0,0000207 seconds
2016-09-11T21:52:14.983-0100: 8,930: Total time for which application threads were stopped: 0,0001591 seconds, Stopping threads took: 0,0000242 seconds
2016-09-11T21:52:14.999-0100: 8,946: Total time for which application threads were stopped: 0,0001565 seconds, Stopping threads took: 0,0000217 seconds
2016-09-11T21:52:15.005-0100: 8,952: Total time for which application threads were stopped: 0,0001773 seconds, Stopping threads took: 0,0000399 seconds
2016-09-11T21:52:15.005-0100: 8,952: Total time for which application threads were stopped: 0,0001336 seconds, Stopping threads took: 0,0000387 seconds
2016-09-11T21:52:15.005-0100: 8,952: Total time for which application threads were stopped: 0,0001030 seconds, Stopping threads took: 0,0000130 seconds
2016-09-11T21:52:15.005-0100: 8,952: Total time for which application threads were stopped: 0,0001356 seconds, Stopping threads took: 0,0000304 seconds
2016-09-11T21:52:15.006-0100: 8,953: Total time for which application threads were stopped: 0,0001796 seconds, Stopping threads took: 0,0000766 seconds
2016-09-11T21:52:15.006-0100: 8,953: Total time for which application threads were stopped: 0,0001380 seconds, Stopping threads took: 0,0000455 seconds
2016-09-11T21:52:15.066-0100: 9,013: Total time for which application threads were stopped: 0,0001341 seconds, Stopping threads took: 0,0000476 seconds
2016-09-11T21:52:15.067-0100: 9,014: Total time for which application threads were stopped: 0,0001255 seconds, Stopping threads took: 0,0000212 seconds
2016-09-11T21:52:15.067-0100: 9,014: Total time for which application threads were stopped: 0,0001186 seconds, Stopping threads took: 0,0000428 seconds
2016-09-11T21:52:15.067-0100: 9,015: Total time for which application threads were stopped: 0,0001000 seconds, Stopping threads took: 0,0000324 seconds
2016-09-11T21:52:15.077-0100: 9,025: Total time for which application threads were stopped: 0,0002140 seconds, Stopping threads took: 0,0000515 seconds
2016-09-11T21:52:15.079-0100: 9,026: Total time for which application threads were stopped: 0,0001739 seconds, Stopping threads took: 0,0000473 seconds
2016-09-11T21:52:15.079-0100: 9,026: Total time for which application threads were stopped: 0,0001292 seconds, Stopping threads took: 0,0000324 seconds
2016-09-11T21:52:15.079-0100: 9,026: Total time for which application threads were stopped: 0,0001306 seconds, Stopping threads took: 0,0000337 seconds
2016-09-11T21:52:15.080-0100: 9,027: Total time for which application threads were stopped: 0,0001373 seconds, Stopping threads took: 0,0000350 seconds
2016-09-11T21:52:15.080-0100: 9,028: Total time for which application threads were stopped: 0,0001493 seconds, Stopping threads took: 0,0000332 seconds
2016-09-11T21:52:15.081-0100: 9,028: Total time for which application threads were stopped: 0,0001248 seconds, Stopping threads took: 0,0000289 seconds
2016-09-11T21:52:15.081-0100: 9,028: Total time for which application threads were stopped: 0,0001246 seconds, Stopping threads took: 0,0000285 seconds
2016-09-11T21:52:15.081-0100: 9,028: Total time for which application threads were stopped: 0,0001224 seconds, Stopping threads took: 0,0000276 seconds
2016-09-11T21:52:15.081-0100: 9,028: Total time for which application threads were stopped: 0,0001206 seconds, Stopping threads took: 0,0000267 seconds
2016-09-11T21:52:15.082-0100: 9,029: Total time for which application threads were stopped: 0,0002415 seconds, Stopping threads took: 0,0000271 seconds
2016-09-11T21:52:15.092-0100: 9,039: Total time for which application threads were stopped: 0,0007778 seconds, Stopping threads took: 0,0006316 seconds
2016-09-11T21:52:15.094-0100: 9,042: Total time for which application threads were stopped: 0,0001569 seconds, Stopping threads took: 0,0000437 seconds
2016-09-11T21:52:15.112-0100: 9,059: Total time for which application threads were stopped: 0,0115465 seconds, Stopping threads took: 0,0114120 seconds
2016-09-11T21:52:15.358-0100: 9,305: Total time for which application threads were stopped: 0,0001535 seconds, Stopping threads took: 0,0000251 seconds
2016-09-11T21:52:15.408-0100: 9,355: Total time for which application threads were stopped: 0,0004818 seconds, Stopping threads took: 0,0000379 seconds
{Heap before GC invocations=1 (full 1):
 par new generation   total 109248K, used 97624K [0x00000007a0000000, 0x00000007a8000000, 0x00000007a8000000)
  eden space 87424K, 100% used [0x00000007a0000000, 0x00000007a5560000, 0x00000007a5560000)
  from space 21824K,  46% used [0x00000007a6ab0000, 0x00000007a74a63c8, 0x00000007a8000000)
  to   space 21824K,   0% used [0x00000007a5560000, 0x00000007a5560000, 0x00000007a6ab0000)
 concurrent mark-sweep generation total 393216K, used 0K [0x00000007a8000000, 0x00000007c0000000, 0x00000007c0000000)
 Metaspace       used 23559K, capacity 24038K, committed 24208K, reserved 1071104K
  class space    used 2794K, capacity 2965K, committed 2968K, reserved 1048576K
2016-09-11T21:52:15.415-0100: 9,362: [GC (Allocation Failure) 2016-09-11T21:52:15.415-0100: 9,362: [ParNew
Desired survivor size 20112992 bytes, new threshold 8 (max 8)
- age   1:    7113320 bytes,    7113320 total
- age   2:    4915768 bytes,   12029088 total
: 97624K->15882K(109248K), 0,0537072 secs] 97624K->15882K(502464K), 0,0538031 secs] [Times: user=0,04 sys=0,01, real=0,05 secs] 
Heap after GC invocations=2 (full 1):
 par new generation   total 109248K, used 15882K [0x00000007a0000000, 0x00000007a8000000, 0x00000007a8000000)
  eden space 87424K,   0% used [0x00000007a0000000, 0x00000007a0000000, 0x00000007a5560000)
  from space 21824K,  72% used [0x00000007a5560000, 0x00000007a64e2aa0, 0x00000007a6ab0000)
  to   space 21824K,   0% used [0x00000007a6ab0000, 0x00000007a6ab0000, 0x00000007a8000000)
 concurrent mark-sweep generation total 393216K, used 0K [0x00000007a8000000, 0x00000007c0000000, 0x00000007c0000000)
 Metaspace       used 23559K, capacity 24038K, committed 24208K, reserved 1071104K
  class space    used 2794K, capacity 2965K, committed 2968K, reserved 1048576K
}
2016-09-11T21:52:15.469-0100: 9,416: Total time for which application threads were stopped: 0,0540840 seconds, Stopping threads took: 0,0000510 seconds
2016-09-11T21:52:15.470-0100: 9,417: Total time for which application threads were stopped: 0,0001637 seconds, Stopping threads took: 0,0000410 seconds
2016-09-11T21:52:15.471-0100: 9,418: Total time for which application threads were stopped: 0,0001414 seconds, Stopping threads took: 0,0000203 seconds
2016-09-11T21:52:15.698-0100: 9,645: Total time for which application threads were stopped: 0,0005635 seconds, Stopping threads took: 0,0000494 seconds
2016-09-11T21:52:15.775-0100: 9,722: Total time for which application threads were stopped: 0,0001347 seconds, Stopping threads took: 0,0000208 seconds
2016-09-11T21:52:15.775-0100: 9,722: Total time for which application threads were stopped: 0,0001178 seconds, Stopping threads took: 0,0000157 seconds
2016-09-11T21:52:16.049-0100: 9,996: Total time for which application threads were stopped: 0,0002960 seconds, Stopping threads took: 0,0000272 seconds
2016-09-11T21:52:16.087-0100: 10,034: Total time for which application threads were stopped: 0,0001787 seconds, Stopping threads took: 0,0000412 seconds
2016-09-11T21:52:16.279-0100: 10,226: Total time for which application threads were stopped: 0,0001772 seconds, Stopping threads took: 0,0000254 seconds
{Heap before GC invocations=2 (full 1):
 par new generation   total 109248K, used 103306K [0x00000007a0000000, 0x00000007a8000000, 0x00000007a8000000)
  eden space 87424K, 100% used [0x00000007a0000000, 0x00000007a5560000, 0x00000007a5560000)
  from space 21824K,  72% used [0x00000007a5560000, 0x00000007a64e2aa0, 0x00000007a6ab0000)
  to   space 21824K,   0% used [0x00000007a6ab0000, 0x00000007a6ab0000, 0x00000007a8000000)
 concurrent mark-sweep generation total 393216K, used 0K [0x00000007a8000000, 0x00000007c0000000, 0x00000007c0000000)
 Metaspace       used 24252K, capacity 24714K, committed 24872K, reserved 1071104K
  class space    used 2870K, capacity 3043K, committed 3044K, reserved 1048576K
2016-09-11T21:52:16.388-0100: 10,335: [GC (Allocation Failure) 2016-09-11T21:52:16.388-0100: 10,335: [ParNew
Desired survivor size 20112992 bytes, new threshold 8 (max 8)
- age   1:    2180280 bytes,    2180280 total
- age   2:    2463824 bytes,    4644104 total
- age   3:    4893744 bytes,    9537848 total
: 103306K->11986K(109248K), 0,0434050 secs] 103306K->11986K(502464K), 0,0435125 secs] [Times: user=0,05 sys=0,00, real=0,05 secs] 
Heap after GC invocations=3 (full 1):
 par new generation   total 109248K, used 11986K [0x00000007a0000000, 0x00000007a8000000, 0x00000007a8000000)
  eden space 87424K,   0% used [0x00000007a0000000, 0x00000007a0000000, 0x00000007a5560000)
  from space 21824K,  54% used [0x00000007a6ab0000, 0x00000007a7664b80, 0x00000007a8000000)
  to   space 21824K,   0% used [0x00000007a5560000, 0x00000007a5560000, 0x00000007a6ab0000)
 concurrent mark-sweep generation total 393216K, used 0K [0x00000007a8000000, 0x00000007c0000000, 0x00000007c0000000)
 Metaspace       used 24252K, capacity 24714K, committed 24872K, reserved 1071104K
  class space    used 2870K, capacity 3043K, committed 3044K, reserved 1048576K
}
2016-09-11T21:52:16.432-0100: 10,379: Total time for which application threads were stopped: 0,0438292 seconds, Stopping threads took: 0,0000463 seconds
2016-09-11T21:52:16.533-0100: 10,481: [CMS-concurrent-abortable-preclean: 1,848/4,462 secs] [Times: user=4,06 sys=0,19, real=4,46 secs] 
2016-09-11T21:52:16.534-0100: 10,481: [GC (CMS Final Remark) [YG occupancy: 38548 K (109248 K)]{Heap before GC invocations=3 (full 1):
 par new generation   total 109248K, used 38548K [0x00000007a0000000, 0x00000007a8000000, 0x00000007a8000000)
  eden space 87424K,  30% used [0x00000007a0000000, 0x00000007a19f0868, 0x00000007a5560000)
  from space 21824K,  54% used [0x00000007a6ab0000, 0x00000007a7664b80, 0x00000007a8000000)
  to   space 21824K,   0% used [0x00000007a5560000, 0x00000007a5560000, 0x00000007a6ab0000)
 concurrent mark-sweep generation total 393216K, used 0K [0x00000007a8000000, 0x00000007c0000000, 0x00000007c0000000)
 Metaspace       used 24362K, capacity 24810K, committed 24948K, reserved 1071104K
  class space    used 2887K, capacity 3075K, committed 3120K, reserved 1048576K
2016-09-11T21:52:16.534-0100: 10,481: [GC (CMS Final Remark) 2016-09-11T21:52:16.534-0100: 10,481: [ParNew
Desired survivor size 20112992 bytes, new threshold 8 (max 8)
- age   1:    1044352 bytes,    1044352 total
- age   2:    1801496 bytes,    2845848 total
- age   3:    2463904 bytes,    5309752 total
- age   4:    4893672 bytes,   10203424 total
: 38548K->14846K(109248K), 0,0111160 secs] 38548K->14846K(502464K), 0,0112044 secs] [Times: user=0,04 sys=0,00, real=0,01 secs] 
Heap after GC invocations=4 (full 1):
 par new generation   total 109248K, used 14846K [0x00000007a0000000, 0x00000007a8000000, 0x00000007a8000000)
  eden space 87424K,   0% used [0x00000007a0000000, 0x00000007a0000000, 0x00000007a5560000)
  from space 21824K,  68% used [0x00000007a5560000, 0x00000007a63dfb58, 0x00000007a6ab0000)
  to   space 21824K,   0% used [0x00000007a6ab0000, 0x00000007a6ab0000, 0x00000007a8000000)
 concurrent mark-sweep generation total 393216K, used 0K [0x00000007a8000000, 0x00000007c0000000, 0x00000007c0000000)
 Metaspace       used 24362K, capacity 24810K, committed 24948K, reserved 1071104K
  class space    used 2887K, capacity 3075K, committed 3120K, reserved 1048576K
}
2016-09-11T21:52:16.545-0100: 10,492: [Rescan (parallel) , 0,0036510 secs]2016-09-11T21:52:16.549-0100: 10,496: [weak refs processing, 0,0006567 secs]2016-09-11T21:52:16.549-0100: 10,497: [class unloading, 0,0072778 secs]2016-09-11T21:52:16.557-0100: 10,504: [scrub symbol table, 0,0066994 secs]2016-09-11T21:52:16.563-0100: 10,511: [scrub string table, 0,0005116 secs][1 CMS-remark: 0K(393216K)] 14846K(502464K), 0,0314455 secs] [Times: user=0,07 sys=0,00, real=0,03 secs] 
2016-09-11T21:52:16.565-0100: 10,512: Total time for which application threads were stopped: 0,0316441 seconds, Stopping threads took: 0,0000222 seconds
2016-09-11T21:52:16.565-0100: 10,513: [CMS-concurrent-sweep-start]
2016-09-11T21:52:16.565-0100: 10,513: [CMS-concurrent-sweep: 0,000/0,000 secs] [Times: user=0,00 sys=0,00, real=0,00 secs] 
2016-09-11T21:52:16.565-0100: 10,513: [CMS-concurrent-reset-start]
2016-09-11T21:52:16.570-0100: 10,517: [CMS-concurrent-reset: 0,004/0,004 secs] [Times: user=0,00 sys=0,01, real=0,01 secs] 
2016-09-11T21:52:16.587-0100: 10,535: Total time for which application threads were stopped: 0,0001906 seconds, Stopping threads took: 0,0000451 seconds
2016-09-11T21:52:16.599-0100: 10,546: Total time for which application threads were stopped: 0,0002043 seconds, Stopping threads took: 0,0000470 seconds
2016-09-11T21:52:16.742-0100: 10,689: Total time for which application threads were stopped: 0,0001617 seconds, Stopping threads took: 0,0000202 seconds
2016-09-11T21:52:16.747-0100: 10,695: Total time for which application threads were stopped: 0,0001754 seconds, Stopping threads took: 0,0000273 seconds
{Heap before GC invocations=4 (full 1):
 par new generation   total 109248K, used 102270K [0x00000007a0000000, 0x00000007a8000000, 0x00000007a8000000)
  eden space 87424K, 100% used [0x00000007a0000000, 0x00000007a5560000, 0x00000007a5560000)
  from space 21824K,  68% used [0x00000007a5560000, 0x00000007a63dfb58, 0x00000007a6ab0000)
  to   space 21824K,   0% used [0x00000007a6ab0000, 0x00000007a6ab0000, 0x00000007a8000000)
 concurrent mark-sweep generation total 393216K, used 0K [0x00000007a8000000, 0x00000007c0000000, 0x00000007c0000000)
 Metaspace       used 25082K, capacity 25582K, committed 25776K, reserved 1071104K
  class space    used 2985K, capacity 3177K, committed 3248K, reserved 1048576K
2016-09-11T21:52:16.879-0100: 10,827: [GC (Allocation Failure) 2016-09-11T21:52:16.880-0100: 10,827: [ParNew
Desired survivor size 20112992 bytes, new threshold 8 (max 8)
- age   1:    1161296 bytes,    1161296 total
- age   2:      39968 bytes,    1201264 total
- age   3:    1800824 bytes,    3002088 total
- age   4:    2451712 bytes,    5453800 total
- age   5:    4894632 bytes,   10348432 total
: 102270K->13178K(109248K), 0,0129851 secs] 102270K->13178K(502464K), 0,0131104 secs] [Times: user=0,04 sys=0,00, real=0,02 secs] 
Heap after GC invocations=5 (full 1):
 par new generation   total 109248K, used 13178K [0x00000007a0000000, 0x00000007a8000000, 0x00000007a8000000)
  eden space 87424K,   0% used [0x00000007a0000000, 0x00000007a0000000, 0x00000007a5560000)
  from space 21824K,  60% used [0x00000007a6ab0000, 0x00000007a778e9d8, 0x00000007a8000000)
  to   space 21824K,   0% used [0x00000007a5560000, 0x00000007a5560000, 0x00000007a6ab0000)
 concurrent mark-sweep generation total 393216K, used 0K [0x00000007a8000000, 0x00000007c0000000, 0x00000007c0000000)
 Metaspace       used 25082K, capacity 25582K, committed 25776K, reserved 1071104K
  class space    used 2985K, capacity 3177K, committed 3248K, reserved 1048576K
}
2016-09-11T21:52:16.893-0100: 10,840: Total time for which application threads were stopped: 0,0135865 seconds, Stopping threads took: 0,0002247 seconds
{Heap before GC invocations=5 (full 1):
 par new generation   total 109248K, used 100602K [0x00000007a0000000, 0x00000007a8000000, 0x00000007a8000000)
  eden space 87424K, 100% used [0x00000007a0000000, 0x00000007a5560000, 0x00000007a5560000)
  from space 21824K,  60% used [0x00000007a6ab0000, 0x00000007a778e9d8, 0x00000007a8000000)
  to   space 21824K,   0% used [0x00000007a5560000, 0x00000007a5560000, 0x00000007a6ab0000)
 concurrent mark-sweep generation total 393216K, used 0K [0x00000007a8000000, 0x00000007c0000000, 0x00000007c0000000)
 Metaspace       used 25266K, capacity 25742K, committed 26032K, reserved 1073152K
  class space    used 3010K, capacity 3209K, committed 3248K, reserved 1048576K
2016-09-11T21:52:17.125-0100: 11,072: [GC (Allocation Failure) 2016-09-11T21:52:17.125-0100: 11,072: [ParNew
Desired survivor size 20112992 bytes, new threshold 8 (max 8)
- age   1:     582648 bytes,     582648 total
- age   2:     340384 bytes,     923032 total
- age   3:      27472 bytes,     950504 total
- age   4:    1800632 bytes,    2751136 total
- age   5:    2449984 bytes,    5201120 total
- age   6:    4892872 bytes,   10093992 total
: 100602K->13132K(109248K), 0,0129287 secs] 100602K->13132K(502464K), 0,0130190 secs] [Times: user=0,05 sys=0,00, real=0,01 secs] 
Heap after GC invocations=6 (full 1):
 par new generation   total 109248K, used 13132K [0x00000007a0000000, 0x00000007a8000000, 0x00000007a8000000)
  eden space 87424K,   0% used [0x00000007a0000000, 0x00000007a0000000, 0x00000007a5560000)
  from space 21824K,  60% used [0x00000007a5560000, 0x00000007a62330c0, 0x00000007a6ab0000)
  to   space 21824K,   0% used [0x00000007a6ab0000, 0x00000007a6ab0000, 0x00000007a8000000)
 concurrent mark-sweep generation total 393216K, used 0K [0x00000007a8000000, 0x00000007c0000000, 0x00000007c0000000)
 Metaspace       used 25266K, capacity 25742K, committed 26032K, reserved 1073152K
  class space    used 3010K, capacity 3209K, committed 3248K, reserved 1048576K
}
2016-09-11T21:52:17.138-0100: 11,085: Total time for which application threads were stopped: 0,0133701 seconds, Stopping threads took: 0,0001323 seconds
2016-09-11T21:52:17.226-0100: 11,173: Total time for which application threads were stopped: 0,0001597 seconds, Stopping threads took: 0,0000214 seconds
2016-09-11T21:52:17.227-0100: 11,174: Total time for which application threads were stopped: 0,0001191 seconds, Stopping threads took: 0,0000143 seconds
2016-09-11T21:52:17.366-0100: 11,313: Total time for which application threads were stopped: 0,0003660 seconds, Stopping threads took: 0,0000624 seconds
2016-09-11T21:52:17.428-0100: 11,375: Total time for which application threads were stopped: 0,0001461 seconds, Stopping threads took: 0,0000193 seconds
2016-09-11T21:52:17.588-0100: 11,535: Total time for which application threads were stopped: 0,0021163 seconds, Stopping threads took: 0,0014870 seconds
2016-09-11T21:52:17.971-0100: 11,918: Total time for which application threads were stopped: 0,0002385 seconds, Stopping threads took: 0,0000243 seconds
2016-09-11T21:52:18.093-0100: 12,040: Total time for which application threads were stopped: 0,0003696 seconds, Stopping threads took: 0,0001945 seconds
2016-09-11T21:52:18.094-0100: 12,042: Total time for which application threads were stopped: 0,0006225 seconds, Stopping threads took: 0,0005015 seconds
2016-09-11T21:52:18.130-0100: 12,077: Total time for which application threads were stopped: 0,0005847 seconds, Stopping threads took: 0,0000231 seconds
2016-09-11T21:52:18.132-0100: 12,080: Total time for which application threads were stopped: 0,0001879 seconds, Stopping threads took: 0,0000508 seconds
2016-09-11T21:52:18.133-0100: 12,080: Total time for which application threads were stopped: 0,0002248 seconds, Stopping threads took: 0,0001211 seconds
2016-09-11T21:52:18.179-0100: 12,126: Total time for which application threads were stopped: 0,0004071 seconds, Stopping threads took: 0,0000178 seconds
2016-09-11T21:52:18.227-0100: 12,174: Total time for which application threads were stopped: 0,0001581 seconds, Stopping threads took: 0,0000224 seconds
2016-09-11T21:52:18.231-0100: 12,178: Total time for which application threads were stopped: 0,0001531 seconds, Stopping threads took: 0,0000480 seconds
2016-09-11T21:52:18.236-0100: 12,184: Total time for which application threads were stopped: 0,0007803 seconds, Stopping threads took: 0,0006368 seconds
2016-09-11T21:52:18.268-0100: 12,215: Total time for which application threads were stopped: 0,0003688 seconds, Stopping threads took: 0,0002595 seconds
2016-09-11T21:52:18.290-0100: 12,237: Total time for which application threads were stopped: 0,0001600 seconds, Stopping threads took: 0,0000614 seconds
{Heap before GC invocations=6 (full 1):
 par new generation   total 109248K, used 100556K [0x00000007a0000000, 0x00000007a8000000, 0x00000007a8000000)
  eden space 87424K, 100% used [0x00000007a0000000, 0x00000007a5560000, 0x00000007a5560000)
  from space 21824K,  60% used [0x00000007a5560000, 0x00000007a62330c0, 0x00000007a6ab0000)
  to   space 21824K,   0% used [0x00000007a6ab0000, 0x00000007a6ab0000, 0x00000007a8000000)
 concurrent mark-sweep generation total 393216K, used 0K [0x00000007a8000000, 0x00000007c0000000, 0x00000007c0000000)
 Metaspace       used 27776K, capacity 28268K, committed 28592K, reserved 1075200K
  class space    used 3264K, capacity 3454K, committed 3504K, reserved 1048576K
2016-09-11T21:52:18.365-0100: 12,313: [GC (Allocation Failure) 2016-09-11T21:52:18.365-0100: 12,313: [ParNew
Desired survivor size 20112992 bytes, new threshold 8 (max 8)
- age   1:    3169816 bytes,    3169816 total
- age   2:     115832 bytes,    3285648 total
- age   3:     332488 bytes,    3618136 total
- age   4:      26960 bytes,    3645096 total
- age   5:     310480 bytes,    3955576 total
- age   6:    2448304 bytes,    6403880 total
- age   7:    4892528 bytes,   11296408 total
: 100556K->15029K(109248K), 0,0136880 secs] 100556K->15029K(502464K), 0,0137610 secs] [Times: user=0,05 sys=0,01, real=0,01 secs] 
Heap after GC invocations=7 (full 1):
 par new generation   total 109248K, used 15029K [0x00000007a0000000, 0x00000007a8000000, 0x00000007a8000000)
  eden space 87424K,   0% used [0x00000007a0000000, 0x00000007a0000000, 0x00000007a5560000)
  from space 21824K,  68% used [0x00000007a6ab0000, 0x00000007a795d440, 0x00000007a8000000)
  to   space 21824K,   0% used [0x00000007a5560000, 0x00000007a5560000, 0x00000007a6ab0000)
 concurrent mark-sweep generation total 393216K, used 0K [0x00000007a8000000, 0x00000007c0000000, 0x00000007c0000000)
 Metaspace       used 27776K, capacity 28268K, committed 28592K, reserved 1075200K
  class space    used 3264K, capacity 3454K, committed 3504K, reserved 1048576K
}
2016-09-11T21:52:18.379-0100: 12,326: Total time for which application threads were stopped: 0,0140386 seconds, Stopping threads took: 0,0000250 seconds
2016-09-11T21:52:18.436-0100: 12,384: Total time for which application threads were stopped: 0,0001625 seconds, Stopping threads took: 0,0000500 seconds
2016-09-11T21:52:18.445-0100: 12,392: Total time for which application threads were stopped: 0,0008774 seconds, Stopping threads took: 0,0007297 seconds
2016-09-11T21:52:18.449-0100: 12,396: Total time for which application threads were stopped: 0,0001837 seconds, Stopping threads took: 0,0000706 seconds
2016-09-11T21:52:18.479-0100: 12,426: Total time for which application threads were stopped: 0,0000872 seconds, Stopping threads took: 0,0000175 seconds
2016-09-11T21:52:18.479-0100: 12,426: Total time for which application threads were stopped: 0,0001199 seconds, Stopping threads took: 0,0000388 seconds
2016-09-11T21:52:18.517-0100: 12,464: Total time for which application threads were stopped: 0,0001925 seconds, Stopping threads took: 0,0000499 seconds
2016-09-11T21:52:18.901-0100: 12,848: Total time for which application threads were stopped: 0,0001937 seconds, Stopping threads took: 0,0000493 seconds
2016-09-11T21:52:19.027-0100: 12,975: Total time for which application threads were stopped: 0,0002076 seconds, Stopping threads took: 0,0000251 seconds
2016-09-11T21:52:19.134-0100: 13,081: Total time for which application threads were stopped: 0,0002291 seconds, Stopping threads took: 0,0000497 seconds
2016-09-11T21:52:19.141-0100: 13,088: Total time for which application threads were stopped: 0,0001948 seconds, Stopping threads took: 0,0000407 seconds
2016-09-11T21:52:19.282-0100: 13,230: Total time for which application threads were stopped: 0,0192481 seconds, Stopping threads took: 0,0190661 seconds
2016-09-11T21:52:19.474-0100: 13,421: Total time for which application threads were stopped: 0,0001713 seconds, Stopping threads took: 0,0000236 seconds
2016-09-11T21:52:19.474-0100: 13,422: Total time for which application threads were stopped: 0,0001178 seconds, Stopping threads took: 0,0000138 seconds
2016-09-11T21:52:19.475-0100: 13,422: Total time for which application threads were stopped: 0,0001411 seconds, Stopping threads took: 0,0000280 seconds
2016-09-11T21:52:19.476-0100: 13,424: Total time for which application threads were stopped: 0,0001534 seconds, Stopping threads took: 0,0000224 seconds
2016-09-11T21:52:19.511-0100: 13,459: Total time for which application threads were stopped: 0,0001751 seconds, Stopping threads took: 0,0000415 seconds
2016-09-11T21:52:19.512-0100: 13,459: Total time for which application threads were stopped: 0,0001119 seconds, Stopping threads took: 0,0000291 seconds
2016-09-11T21:52:19.512-0100: 13,459: Total time for which application threads were stopped: 0,0001360 seconds, Stopping threads took: 0,0000339 seconds
2016-09-11T21:52:19.521-0100: 13,468: Total time for which application threads were stopped: 0,0001523 seconds, Stopping threads took: 0,0000378 seconds
2016-09-11T21:52:19.526-0100: 13,474: Total time for which application threads were stopped: 0,0006914 seconds, Stopping threads took: 0,0000393 seconds
2016-09-11T21:52:19.606-0100: 13,554: Total time for which application threads were stopped: 0,0003304 seconds, Stopping threads took: 0,0000497 seconds
2016-09-11T21:52:19.635-0100: 13,582: Total time for which application threads were stopped: 0,0002115 seconds, Stopping threads took: 0,0000429 seconds
2016-09-11T21:52:19.644-0100: 13,592: Total time for which application threads were stopped: 0,0001709 seconds, Stopping threads took: 0,0000242 seconds
2016-09-11T21:52:19.733-0100: 13,680: Total time for which application threads were stopped: 0,0001957 seconds, Stopping threads took: 0,0000435 seconds
2016-09-11T21:52:19.790-0100: 13,738: Total time for which application threads were stopped: 0,0107889 seconds, Stopping threads took: 0,0105974 seconds
2016-09-11T21:52:19.801-0100: 13,749: Total time for which application threads were stopped: 0,0002141 seconds, Stopping threads took: 0,0000808 seconds
2016-09-11T21:52:19.827-0100: 13,775: Total time for which application threads were stopped: 0,0002260 seconds, Stopping threads took: 0,0000448 seconds
2016-09-11T21:52:19.878-0100: 13,825: Total time for which application threads were stopped: 0,0002108 seconds, Stopping threads took: 0,0000474 seconds
2016-09-11T21:52:19.886-0100: 13,834: Total time for which application threads were stopped: 0,0001860 seconds, Stopping threads took: 0,0000379 seconds
2016-09-11T21:52:20.010-0100: 13,957: Total time for which application threads were stopped: 0,0002130 seconds, Stopping threads took: 0,0000420 seconds
2016-09-11T21:52:20.031-0100: 13,979: Total time for which application threads were stopped: 0,0001744 seconds, Stopping threads took: 0,0000278 seconds
2016-09-11T21:52:20.056-0100: 14,003: Total time for which application threads were stopped: 0,0001577 seconds, Stopping threads took: 0,0000258 seconds
2016-09-11T21:52:20.078-0100: 14,025: Total time for which application threads were stopped: 0,0005825 seconds, Stopping threads took: 0,0000246 seconds
2016-09-11T21:52:20.090-0100: 14,038: Total time for which application threads were stopped: 0,0009645 seconds, Stopping threads took: 0,0002664 seconds
{Heap before GC invocations=7 (full 1):
 par new generation   total 109248K, used 102453K [0x00000007a0000000, 0x00000007a8000000, 0x00000007a8000000)
  eden space 87424K, 100% used [0x00000007a0000000, 0x00000007a5560000, 0x00000007a5560000)
  from space 21824K,  68% used [0x00000007a6ab0000, 0x00000007a795d440, 0x00000007a8000000)
  to   space 21824K,   0% used [0x00000007a5560000, 0x00000007a5560000, 0x00000007a6ab0000)
 concurrent mark-sweep generation total 393216K, used 0K [0x00000007a8000000, 0x00000007c0000000, 0x00000007c0000000)
 Metaspace       used 31651K, capacity 32210K, committed 32432K, reserved 1077248K
  class space    used 3761K, capacity 3949K, committed 4016K, reserved 1048576K
2016-09-11T21:52:20.151-0100: 14,099: [GC (Allocation Failure) 2016-09-11T21:52:20.188-0100: 14,135: [ParNew
Desired survivor size 20112992 bytes, new threshold 8 (max 8)
- age   1:    8633448 bytes,    8633448 total
- age   2:    1516832 bytes,   10150280 total
- age   3:     114824 bytes,   10265104 total
- age   4:     324952 bytes,   10590056 total
- age   5:      26352 bytes,   10616408 total
- age   6:     284672 bytes,   10901080 total
- age   7:    2405088 bytes,   13306168 total
- age   8:    4847664 bytes,   18153832 total
: 102453K->20465K(109248K), 0,0371773 secs] 102453K->20465K(502464K), 0,0736503 secs] [Times: user=0,14 sys=0,01, real=0,07 secs] 
Heap after GC invocations=8 (full 1):
 par new generation   total 109248K, used 20465K [0x00000007a0000000, 0x00000007a8000000, 0x00000007a8000000)
  eden space 87424K,   0% used [0x00000007a0000000, 0x00000007a0000000, 0x00000007a5560000)
  from space 21824K,  93% used [0x00000007a5560000, 0x00000007a695c748, 0x00000007a6ab0000)
  to   space 21824K,   0% used [0x00000007a6ab0000, 0x00000007a6ab0000, 0x00000007a8000000)
 concurrent mark-sweep generation total 393216K, used 0K [0x00000007a8000000, 0x00000007c0000000, 0x00000007c0000000)
 Metaspace       used 31651K, capacity 32210K, committed 32432K, reserved 1077248K
  class space    used 3761K, capacity 3949K, committed 4016K, reserved 1048576K
}
2016-09-11T21:52:20.225-0100: 14,172: Total time for which application threads were stopped: 0,0739339 seconds, Stopping threads took: 0,0000285 seconds
2016-09-11T21:52:21.020-0100: 14,968: Total time for which application threads were stopped: 0,0001927 seconds, Stopping threads took: 0,0000461 seconds
2016-09-11T21:52:21.027-0100: 14,974: Total time for which application threads were stopped: 0,0001387 seconds, Stopping threads took: 0,0000368 seconds
2016-09-11T21:52:21.046-0100: 14,993: Total time for which application threads were stopped: 0,0001482 seconds, Stopping threads took: 0,0000537 seconds
2016-09-11T21:52:21.046-0100: 14,994: Total time for which application threads were stopped: 0,0001084 seconds, Stopping threads took: 0,0000359 seconds
2016-09-11T21:52:21.047-0100: 14,994: Total time for which application threads were stopped: 0,0001391 seconds, Stopping threads took: 0,0000306 seconds
2016-09-11T21:52:21.048-0100: 14,995: Total time for which application threads were stopped: 0,0001520 seconds, Stopping threads took: 0,0000485 seconds
2016-09-11T21:52:21.187-0100: 15,134: Total time for which application threads were stopped: 0,0001566 seconds, Stopping threads took: 0,0000425 seconds
2016-09-11T21:52:22.068-0100: 16,015: Total time for which application threads were stopped: 0,0001522 seconds, Stopping threads took: 0,0000482 seconds
2016-09-11T21:52:29.064-0100: 23,011: Total time for which application threads were stopped: 0,0001331 seconds, Stopping threads took: 0,0000463 seconds
2016-09-11T21:52:29.065-0100: 23,012: Total time for which application threads were stopped: 0,0001284 seconds, Stopping threads took: 0,0000479 seconds
2016-09-11T21:52:29.067-0100: 23,014: Total time for which application threads were stopped: 0,0001604 seconds, Stopping threads took: 0,0000720 seconds
2016-09-11T21:52:29.067-0100: 23,015: Total time for which application threads were stopped: 0,0002081 seconds, Stopping threads took: 0,0001398 seconds
2016-09-11T21:52:29.067-0100: 23,015: Total time for which application threads were stopped: 0,0002221 seconds, Stopping threads took: 0,0001698 seconds
2016-09-11T21:52:29.068-0100: 23,015: Total time for which application threads were stopped: 0,0000974 seconds, Stopping threads took: 0,0000490 seconds
2016-09-11T21:52:29.069-0100: 23,016: Total time for which application threads were stopped: 0,0001515 seconds, Stopping threads took: 0,0000622 seconds
2016-09-11T21:52:29.069-0100: 23,017: Total time for which application threads were stopped: 0,0001361 seconds, Stopping threads took: 0,0000646 seconds
2016-09-11T21:52:29.070-0100: 23,018: Total time for which application threads were stopped: 0,0001080 seconds, Stopping threads took: 0,0000134 seconds
2016-09-11T21:52:29.071-0100: 23,019: Total time for which application threads were stopped: 0,0001329 seconds, Stopping threads took: 0,0000393 seconds
2016-09-11T21:52:29.072-0100: 23,020: Total time for which application threads were stopped: 0,0001231 seconds, Stopping threads took: 0,0000294 seconds
2016-09-11T21:52:29.074-0100: 23,022: Total time for which application threads were stopped: 0,0001118 seconds, Stopping threads took: 0,0000206 seconds
2016-09-11T21:52:29.103-0100: 23,050: Total time for which application threads were stopped: 0,0001882 seconds, Stopping threads took: 0,0000523 seconds
2016-09-11T21:52:29.139-0100: 23,105: Total time for which application threads were stopped: 0,0186587 seconds, Stopping threads took: 0,0000202 seconds
2016-09-11T21:52:29.190-0100: 23,137: Total time for which application threads were stopped: 0,0001422 seconds, Stopping threads took: 0,0000424 seconds
2016-09-11T21:52:29.191-0100: 23,138: Total time for which application threads were stopped: 0,0001281 seconds, Stopping threads took: 0,0000247 seconds
2016-09-11T21:52:29.191-0100: 23,139: Total time for which application threads were stopped: 0,0001153 seconds, Stopping threads took: 0,0000200 seconds
2016-09-11T21:52:29.191-0100: 23,139: Total time for which application threads were stopped: 0,0001017 seconds, Stopping threads took: 0,0000324 seconds
2016-09-11T21:52:29.192-0100: 23,139: Total time for which application threads were stopped: 0,0000841 seconds, Stopping threads took: 0,0000122 seconds
2016-09-11T21:52:29.192-0100: 23,139: Total time for which application threads were stopped: 0,0000671 seconds, Stopping threads took: 0,0000102 seconds
2016-09-11T21:52:29.192-0100: 23,139: Total time for which application threads were stopped: 0,0000667 seconds, Stopping threads took: 0,0000097 seconds
2016-09-11T21:52:29.192-0100: 23,140: Total time for which application threads were stopped: 0,0000659 seconds, Stopping threads took: 0,0000094 seconds
2016-09-11T21:52:29.192-0100: 23,140: Total time for which application threads were stopped: 0,0000642 seconds, Stopping threads took: 0,0000095 seconds
2016-09-11T21:52:29.192-0100: 23,140: Total time for which application threads were stopped: 0,0000637 seconds, Stopping threads took: 0,0000091 seconds
2016-09-11T21:52:29.192-0100: 23,140: Total time for which application threads were stopped: 0,0000629 seconds, Stopping threads took: 0,0000091 seconds
2016-09-11T21:52:29.192-0100: 23,140: Total time for which application threads were stopped: 0,0000632 seconds, Stopping threads took: 0,0000092 seconds
2016-09-11T21:52:29.192-0100: 23,140: Total time for which application threads were stopped: 0,0000650 seconds, Stopping threads took: 0,0000093 seconds
2016-09-11T21:52:29.193-0100: 23,140: Total time for which application threads were stopped: 0,0000706 seconds, Stopping threads took: 0,0000103 seconds
2016-09-11T21:52:29.193-0100: 23,140: Total time for which application threads were stopped: 0,0000640 seconds, Stopping threads took: 0,0000096 seconds
2016-09-11T21:52:29.193-0100: 23,140: Total time for which application threads were stopped: 0,0000653 seconds, Stopping threads took: 0,0000102 seconds
2016-09-11T21:52:29.193-0100: 23,140: Total time for which application threads were stopped: 0,0000647 seconds, Stopping threads took: 0,0000099 seconds
2016-09-11T21:52:29.193-0100: 23,141: Total time for which application threads were stopped: 0,0000757 seconds, Stopping threads took: 0,0000114 seconds
2016-09-11T21:52:29.193-0100: 23,141: Total time for which application threads were stopped: 0,0000860 seconds, Stopping threads took: 0,0000117 seconds
2016-09-11T21:52:29.193-0100: 23,141: Total time for which application threads were stopped: 0,0001004 seconds, Stopping threads took: 0,0000104 seconds
2016-09-11T21:52:29.194-0100: 23,141: Total time for which application threads were stopped: 0,0001950 seconds, Stopping threads took: 0,0000107 seconds
2016-09-11T21:52:30.484-0100: 24,431: Total time for which application threads were stopped: 0,0002558 seconds, Stopping threads took: 0,0000578 seconds
2016-09-11T21:52:30.490-0100: 24,438: Total time for which application threads were stopped: 0,0002823 seconds, Stopping threads took: 0,0000284 seconds
2016-09-11T21:52:30.491-0100: 24,439: Total time for which application threads were stopped: 0,0001391 seconds, Stopping threads took: 0,0000284 seconds
2016-09-11T21:52:30.492-0100: 24,440: Total time for which application threads were stopped: 0,0001182 seconds, Stopping threads took: 0,0000199 seconds
2016-09-11T21:52:30.494-0100: 24,441: Total time for which application threads were stopped: 0,0001356 seconds, Stopping threads took: 0,0000268 seconds
2016-09-11T21:52:30.497-0100: 24,445: Total time for which application threads were stopped: 0,0001574 seconds, Stopping threads took: 0,0000472 seconds
2016-09-11T21:52:30.578-0100: 24,525: Total time for which application threads were stopped: 0,0208977 seconds, Stopping threads took: 0,0207537 seconds
2016-09-11T21:52:30.582-0100: 24,530: Total time for which application threads were stopped: 0,0002643 seconds, Stopping threads took: 0,0001166 seconds
2016-09-11T21:52:30.612-0100: 24,560: Total time for which application threads were stopped: 0,0002406 seconds, Stopping threads took: 0,0000978 seconds
{Heap before GC invocations=8 (full 1):
 par new generation   total 109248K, used 107889K [0x00000007a0000000, 0x00000007a8000000, 0x00000007a8000000)
  eden space 87424K, 100% used [0x00000007a0000000, 0x00000007a5560000, 0x00000007a5560000)
  from space 21824K,  93% used [0x00000007a5560000, 0x00000007a695c748, 0x00000007a6ab0000)
  to   space 21824K,   0% used [0x00000007a6ab0000, 0x00000007a6ab0000, 0x00000007a8000000)
 concurrent mark-sweep generation total 393216K, used 0K [0x00000007a8000000, 0x00000007c0000000, 0x00000007c0000000)
 Metaspace       used 32677K, capacity 33212K, committed 33584K, reserved 1079296K
  class space    used 3874K, capacity 4084K, committed 4144K, reserved 1048576K
2016-09-11T21:52:30.703-0100: 24,651: [GC (Allocation Failure) 2016-09-11T21:52:30.703-0100: 24,651: [ParNew
Desired survivor size 20112992 bytes, new threshold 8 (max 8)
- age   1:    5394512 bytes,    5394512 total
- age   2:    3338536 bytes,    8733048 total
- age   3:    1505136 bytes,   10238184 total
- age   4:     114760 bytes,   10352944 total
- age   5:     314040 bytes,   10666984 total
- age   6:      26352 bytes,   10693336 total
- age   7:     284176 bytes,   10977512 total
- age   8:    2394712 bytes,   13372224 total
: 107889K->21677K(109248K), 0,0679055 secs] 107889K->26898K(502464K), 0,0680185 secs] [Times: user=0,14 sys=0,02, real=0,07 secs] 
Heap after GC invocations=9 (full 1):
 par new generation   total 109248K, used 21677K [0x00000007a0000000, 0x00000007a8000000, 0x00000007a8000000)
  eden space 87424K,   0% used [0x00000007a0000000, 0x00000007a0000000, 0x00000007a5560000)
  from space 21824K,  99% used [0x00000007a6ab0000, 0x00000007a7fdb560, 0x00000007a8000000)
  to   space 21824K,   0% used [0x00000007a5560000, 0x00000007a5560000, 0x00000007a6ab0000)
 concurrent mark-sweep generation total 393216K, used 5221K [0x00000007a8000000, 0x00000007c0000000, 0x00000007c0000000)
 Metaspace       used 32677K, capacity 33212K, committed 33584K, reserved 1079296K
  class space    used 3874K, capacity 4084K, committed 4144K, reserved 1048576K
}
2016-09-11T21:52:30.771-0100: 24,719: Total time for which application threads were stopped: 0,0683452 seconds, Stopping threads took: 0,0000585 seconds
2016-09-11T21:52:30.773-0100: 24,721: Total time for which application threads were stopped: 0,0002063 seconds, Stopping threads took: 0,0000496 seconds
2016-09-11T21:52:30.787-0100: 24,734: Total time for which application threads were stopped: 0,0002982 seconds, Stopping threads took: 0,0001810 seconds
2016-09-11T21:52:30.912-0100: 24,860: Total time for which application threads were stopped: 0,0002874 seconds, Stopping threads took: 0,0001510 seconds
2016-09-11T21:52:30.914-0100: 24,862: Total time for which application threads were stopped: 0,0004016 seconds, Stopping threads took: 0,0002583 seconds
{Heap before GC invocations=9 (full 1):
 par new generation   total 109248K, used 109101K [0x00000007a0000000, 0x00000007a8000000, 0x00000007a8000000)
  eden space 87424K, 100% used [0x00000007a0000000, 0x00000007a5560000, 0x00000007a5560000)
  from space 21824K,  99% used [0x00000007a6ab0000, 0x00000007a7fdb560, 0x00000007a8000000)
  to   space 21824K,   0% used [0x00000007a5560000, 0x00000007a5560000, 0x00000007a6ab0000)
 concurrent mark-sweep generation total 393216K, used 5221K [0x00000007a8000000, 0x00000007c0000000, 0x00000007c0000000)
 Metaspace       used 32718K, capacity 33260K, committed 33584K, reserved 1079296K
  class space    used 3879K, capacity 4092K, committed 4144K, reserved 1048576K
2016-09-11T21:52:30.989-0100: 24,936: [GC (Allocation Failure) 2016-09-11T21:52:30.989-0100: 24,936: [ParNew
Desired survivor size 20112992 bytes, new threshold 8 (max 8)
- age   1:     528808 bytes,     528808 total
- age   2:    4306384 bytes,    4835192 total
- age   3:    3337792 bytes,    8172984 total
- age   4:    1505136 bytes,    9678120 total
- age   5:     114760 bytes,    9792880 total
- age   6:     313728 bytes,   10106608 total
- age   7:      26248 bytes,   10132856 total
- age   8:     283968 bytes,   10416824 total
: 109101K->12035K(109248K), 0,0883404 secs] 114322K->19621K(502464K), 0,0884459 secs] [Times: user=0,13 sys=0,00, real=0,09 secs] 
Heap after GC invocations=10 (full 1):
 par new generation   total 109248K, used 12035K [0x00000007a0000000, 0x00000007a8000000, 0x00000007a8000000)
  eden space 87424K,   0% used [0x00000007a0000000, 0x00000007a0000000, 0x00000007a5560000)
  from space 21824K,  55% used [0x00000007a5560000, 0x00000007a6120f28, 0x00000007a6ab0000)
  to   space 21824K,   0% used [0x00000007a6ab0000, 0x00000007a6ab0000, 0x00000007a8000000)
 concurrent mark-sweep generation total 393216K, used 7585K [0x00000007a8000000, 0x00000007c0000000, 0x00000007c0000000)
 Metaspace       used 32718K, capacity 33260K, committed 33584K, reserved 1079296K
  class space    used 3879K, capacity 4092K, committed 4144K, reserved 1048576K
}
2016-09-11T21:52:31.077-0100: 25,025: Total time for which application threads were stopped: 0,0899089 seconds, Stopping threads took: 0,0011904 seconds
2016-09-11T21:52:31.090-0100: 25,038: Total time for which application threads were stopped: 0,0109165 seconds, Stopping threads took: 0,0107713 seconds
2016-09-11T21:52:31.193-0100: 25,141: Total time for which application threads were stopped: 0,0067275 seconds, Stopping threads took: 0,0065421 seconds
2016-09-11T21:52:31.225-0100: 25,173: Total time for which application threads were stopped: 0,0109271 seconds, Stopping threads took: 0,0107588 seconds
{Heap before GC invocations=10 (full 1):
 par new generation   total 109248K, used 99459K [0x00000007a0000000, 0x00000007a8000000, 0x00000007a8000000)
  eden space 87424K, 100% used [0x00000007a0000000, 0x00000007a5560000, 0x00000007a5560000)
  from space 21824K,  55% used [0x00000007a5560000, 0x00000007a6120f28, 0x00000007a6ab0000)
  to   space 21824K,   0% used [0x00000007a6ab0000, 0x00000007a6ab0000, 0x00000007a8000000)
 concurrent mark-sweep generation total 393216K, used 7585K [0x00000007a8000000, 0x00000007c0000000, 0x00000007c0000000)
 Metaspace       used 32739K, capacity 33324K, committed 33584K, reserved 1079296K
  class space    used 3879K, capacity 4092K, committed 4144K, reserved 1048576K
2016-09-11T21:52:31.280-0100: 25,228: [GC (Allocation Failure) 2016-09-11T21:52:31.280-0100: 25,228: [ParNew
Desired survivor size 20112992 bytes, new threshold 8 (max 8)
- age   1:     388392 bytes,     388392 total
- age   2:      92536 bytes,     480928 total
- age   3:    4305048 bytes,    4785976 total
- age   4:    3337792 bytes,    8123768 total
- age   5:    1505136 bytes,    9628904 total
- age   6:     114760 bytes,    9743664 total
- age   7:     313728 bytes,   10057392 total
- age   8:      26248 bytes,   10083640 total
: 99459K->16360K(109248K), 0,0225254 secs] 107045K->24229K(502464K), 0,0226893 secs] [Times: user=0,05 sys=0,00, real=0,02 secs] 
Heap after GC invocations=11 (full 1):
 par new generation   total 109248K, used 16360K [0x00000007a0000000, 0x00000007a8000000, 0x00000007a8000000)
  eden space 87424K,   0% used [0x00000007a0000000, 0x00000007a0000000, 0x00000007a5560000)
  from space 21824K,  74% used [0x00000007a6ab0000, 0x00000007a7aaa290, 0x00000007a8000000)
  to   space 21824K,   0% used [0x00000007a5560000, 0x00000007a5560000, 0x00000007a6ab0000)
 concurrent mark-sweep generation total 393216K, used 7868K [0x00000007a8000000, 0x00000007c0000000, 0x00000007c0000000)
 Metaspace       used 32739K, capacity 33324K, committed 33584K, reserved 1079296K
  class space    used 3879K, capacity 4092K, committed 4144K, reserved 1048576K
}
2016-09-11T21:52:31.303-0100: 25,251: Total time for which application threads were stopped: 0,0337224 seconds, Stopping threads took: 0,0107319 seconds
2016-09-11T21:52:31.327-0100: 25,275: Total time for which application threads were stopped: 0,0010043 seconds, Stopping threads took: 0,0008437 seconds
2016-09-11T21:52:31.345-0100: 25,293: Total time for which application threads were stopped: 0,0111573 seconds, Stopping threads took: 0,0107807 seconds
2016-09-11T21:52:31.396-0100: 25,343: Total time for which application threads were stopped: 0,0112109 seconds, Stopping threads took: 0,0110342 seconds
2016-09-11T21:52:31.407-0100: 25,354: Total time for which application threads were stopped: 0,0002666 seconds, Stopping threads took: 0,0001219 seconds
2016-09-11T21:52:31.420-0100: 25,368: Total time for which application threads were stopped: 0,0035060 seconds, Stopping threads took: 0,0033052 seconds
2016-09-11T21:52:31.440-0100: 25,387: Total time for which application threads were stopped: 0,0002762 seconds, Stopping threads took: 0,0001495 seconds
{Heap before GC invocations=11 (full 1):
 par new generation   total 109248K, used 103784K [0x00000007a0000000, 0x00000007a8000000, 0x00000007a8000000)
  eden space 87424K, 100% used [0x00000007a0000000, 0x00000007a5560000, 0x00000007a5560000)
  from space 21824K,  74% used [0x00000007a6ab0000, 0x00000007a7aaa290, 0x00000007a8000000)
  to   space 21824K,   0% used [0x00000007a5560000, 0x00000007a5560000, 0x00000007a6ab0000)
 concurrent mark-sweep generation total 393216K, used 7868K [0x00000007a8000000, 0x00000007c0000000, 0x00000007c0000000)
 Metaspace       used 32745K, capacity 33330K, committed 33584K, reserved 1079296K
  class space    used 3879K, capacity 4093K, committed 4144K, reserved 1048576K
2016-09-11T21:52:31.445-0100: 25,392: [GC (Allocation Failure) 2016-09-11T21:52:31.445-0100: 25,392: [ParNew
Desired survivor size 20112992 bytes, new threshold 8 (max 8)
- age   1:     942224 bytes,     942224 total
- age   2:      70544 bytes,    1012768 total
- age   3:      91064 bytes,    1103832 total
- age   4:    4305912 bytes,    5409744 total
- age   5:    3337792 bytes,    8747536 total
- age   6:    1505136 bytes,   10252672 total
- age   7:     114760 bytes,   10367432 total
- age   8:     313624 bytes,   10681056 total
: 103784K->12253K(109248K), 0,0645334 secs] 111653K->20149K(502464K), 0,0646506 secs] [Times: user=0,05 sys=0,01, real=0,06 secs] 
Heap after GC invocations=12 (full 1):
 par new generation   total 109248K, used 12253K [0x00000007a0000000, 0x00000007a8000000, 0x00000007a8000000)
  eden space 87424K,   0% used [0x00000007a0000000, 0x00000007a0000000, 0x00000007a5560000)
  from space 21824K,  56% used [0x00000007a5560000, 0x00000007a61576b0, 0x00000007a6ab0000)
  to   space 21824K,   0% used [0x00000007a6ab0000, 0x00000007a6ab0000, 0x00000007a8000000)
 concurrent mark-sweep generation total 393216K, used 7895K [0x00000007a8000000, 0x00000007c0000000, 0x00000007c0000000)
 Metaspace       used 32745K, capacity 33330K, committed 33584K, reserved 1079296K
  class space    used 3879K, capacity 4093K, committed 4144K, reserved 1048576K
}
2016-09-11T21:52:31.509-0100: 25,457: Total time for which application threads were stopped: 0,0650255 seconds, Stopping threads took: 0,0001152 seconds
2016-09-11T21:52:31.512-0100: 25,459: Total time for which application threads were stopped: 0,0003033 seconds, Stopping threads took: 0,0001290 seconds
2016-09-11T21:52:31.512-0100: 25,460: Total time for which application threads were stopped: 0,0002208 seconds, Stopping threads took: 0,0000838 seconds
2016-09-11T21:52:31.519-0100: 25,466: Total time for which application threads were stopped: 0,0002623 seconds, Stopping threads took: 0,0001281 seconds
2016-09-11T21:52:31.527-0100: 25,475: Total time for which application threads were stopped: 0,0002592 seconds, Stopping threads took: 0,0001177 seconds
2016-09-11T21:52:31.534-0100: 25,482: Total time for which application threads were stopped: 0,0003172 seconds, Stopping threads took: 0,0001113 seconds
2016-09-11T21:52:31.554-0100: 25,501: Total time for which application threads were stopped: 0,0126935 seconds, Stopping threads took: 0,0125430 seconds
{Heap before GC invocations=12 (full 1):
 par new generation   total 109248K, used 99677K [0x00000007a0000000, 0x00000007a8000000, 0x00000007a8000000)
  eden space 87424K, 100% used [0x00000007a0000000, 0x00000007a5560000, 0x00000007a5560000)
  from space 21824K,  56% used [0x00000007a5560000, 0x00000007a61576b0, 0x00000007a6ab0000)
  to   space 21824K,   0% used [0x00000007a6ab0000, 0x00000007a6ab0000, 0x00000007a8000000)
 concurrent mark-sweep generation total 393216K, used 7895K [0x00000007a8000000, 0x00000007c0000000, 0x00000007c0000000)
 Metaspace       used 32748K, capacity 33330K, committed 33584K, reserved 1079296K
  class space    used 3879K, capacity 4093K, committed 4144K, reserved 1048576K
2016-09-11T21:52:31.610-0100: 25,558: [GC (Allocation Failure) 2016-09-11T21:52:31.610-0100: 25,558: [ParNew
Desired survivor size 20112992 bytes, new threshold 8 (max 8)
- age   1:     653152 bytes,     653152 total
- age   2:      83800 bytes,     736952 total
- age   3:      70176 bytes,     807128 total
- age   4:      89472 bytes,     896600 total
- age   5:    4303816 bytes,    5200416 total
- age   6:    3337792 bytes,    8538208 total
- age   7:    1505136 bytes,   10043344 total
- age   8:     114760 bytes,   10158104 total
: 99677K->13244K(109248K), 0,0506223 secs] 107573K->21454K(502464K), 0,0507562 secs] [Times: user=0,06 sys=0,00, real=0,05 secs] 
Heap after GC invocations=13 (full 1):
 par new generation   total 109248K, used 13244K [0x00000007a0000000, 0x00000007a8000000, 0x00000007a8000000)
  eden space 87424K,   0% used [0x00000007a0000000, 0x00000007a0000000, 0x00000007a5560000)
  from space 21824K,  60% used [0x00000007a6ab0000, 0x00000007a779f3d0, 0x00000007a8000000)
  to   space 21824K,   0% used [0x00000007a5560000, 0x00000007a5560000, 0x00000007a6ab0000)
 concurrent mark-sweep generation total 393216K, used 8209K [0x00000007a8000000, 0x00000007c0000000, 0x00000007c0000000)
 Metaspace       used 32748K, capacity 33330K, committed 33584K, reserved 1079296K
  class space    used 3879K, capacity 4093K, committed 4144K, reserved 1048576K
}
2016-09-11T21:52:31.661-0100: 25,609: Total time for which application threads were stopped: 0,0511979 seconds, Stopping threads took: 0,0001456 seconds
2016-09-11T21:52:31.663-0100: 25,611: Total time for which application threads were stopped: 0,0002950 seconds, Stopping threads took: 0,0001165 seconds
2016-09-11T21:52:31.675-0100: 25,622: Total time for which application threads were stopped: 0,0109290 seconds, Stopping threads took: 0,0107457 seconds
2016-09-11T21:52:31.786-0100: 25,734: Total time for which application threads were stopped: 0,0002378 seconds, Stopping threads took: 0,0000524 seconds
2016-09-11T21:52:31.787-0100: 25,735: Total time for which application threads were stopped: 0,0001571 seconds, Stopping threads took: 0,0000458 seconds
2016-09-11T21:52:31.906-0100: 25,853: Total time for which application threads were stopped: 0,0109333 seconds, Stopping threads took: 0,0107452 seconds
2016-09-11T21:52:31.913-0100: 25,861: Total time for which application threads were stopped: 0,0001723 seconds, Stopping threads took: 0,0000463 seconds
2016-09-11T21:52:31.976-0100: 25,924: Total time for which application threads were stopped: 0,0001977 seconds, Stopping threads took: 0,0000395 seconds
2016-09-11T21:52:31.987-0100: 25,935: Total time for which application threads were stopped: 0,0001883 seconds, Stopping threads took: 0,0000507 seconds
2016-09-11T21:52:32.012-0100: 25,960: Total time for which application threads were stopped: 0,0002349 seconds, Stopping threads took: 0,0000585 seconds
2016-09-11T21:52:32.013-0100: 25,961: Total time for which application threads were stopped: 0,0001877 seconds, Stopping threads took: 0,0000581 seconds
2016-09-11T21:52:32.014-0100: 25,962: Total time for which application threads were stopped: 0,0001608 seconds, Stopping threads took: 0,0000476 seconds
2016-09-11T21:52:32.031-0100: 25,979: Total time for which application threads were stopped: 0,0108702 seconds, Stopping threads took: 0,0107343 seconds
2016-09-11T21:52:32.051-0100: 25,999: Total time for which application threads were stopped: 0,0001653 seconds, Stopping threads took: 0,0000286 seconds
{Heap before GC invocations=13 (full 1):
 par new generation   total 109248K, used 100654K [0x00000007a0000000, 0x00000007a8000000, 0x00000007a8000000)
  eden space 87424K,  99% used [0x00000007a0000000, 0x00000007a555c6b0, 0x00000007a5560000)
  from space 21824K,  60% used [0x00000007a6ab0000, 0x00000007a779f3d0, 0x00000007a8000000)
  to   space 21824K,   0% used [0x00000007a5560000, 0x00000007a5560000, 0x00000007a6ab0000)
 concurrent mark-sweep generation total 393216K, used 8209K [0x00000007a8000000, 0x00000007c0000000, 0x00000007c0000000)
 Metaspace       used 32885K, capacity 33528K, committed 33840K, reserved 1079296K
  class space    used 3880K, capacity 4094K, committed 4144K, reserved 1048576K
2016-09-11T21:52:32.122-0100: 26,070: [GC (Allocation Failure) 2016-09-11T21:52:32.123-0100: 26,070: [ParNew
Desired survivor size 20112992 bytes, new threshold 8 (max 8)
- age   1:    2649152 bytes,    2649152 total
- age   2:      93312 bytes,    2742464 total
- age   3:      57960 bytes,    2800424 total
- age   4:      43488 bytes,    2843912 total
- age   5:      61600 bytes,    2905512 total
- age   6:    2049864 bytes,    4955376 total
- age   7:    3337792 bytes,    8293168 total
- age   8:    1505136 bytes,    9798304 total
: 100654K->11855K(109248K), 0,0155148 secs] 108863K->20178K(502464K), 0,0156128 secs] [Times: user=0,06 sys=0,00, real=0,01 secs] 
Heap after GC invocations=14 (full 1):
 par new generation   total 109248K, used 11855K [0x00000007a0000000, 0x00000007a8000000, 0x00000007a8000000)
  eden space 87424K,   0% used [0x00000007a0000000, 0x00000007a0000000, 0x00000007a5560000)
  from space 21824K,  54% used [0x00000007a5560000, 0x00000007a60f3c00, 0x00000007a6ab0000)
  to   space 21824K,   0% used [0x00000007a6ab0000, 0x00000007a6ab0000, 0x00000007a8000000)
 concurrent mark-sweep generation total 393216K, used 8323K [0x00000007a8000000, 0x00000007c0000000, 0x00000007c0000000)
 Metaspace       used 32885K, capacity 33528K, committed 33840K, reserved 1079296K
  class space    used 3880K, capacity 4094K, committed 4144K, reserved 1048576K
}
2016-09-11T21:52:32.138-0100: 26,086: Total time for which application threads were stopped: 0,0159123 seconds, Stopping threads took: 0,0000422 seconds
2016-09-11T21:52:32.139-0100: 26,086: Total time for which application threads were stopped: 0,0002132 seconds, Stopping threads took: 0,0000791 seconds
2016-09-11T21:52:32.139-0100: 26,087: Total time for which application threads were stopped: 0,0001546 seconds, Stopping threads took: 0,0000538 seconds
2016-09-11T21:52:32.148-0100: 26,095: Total time for which application threads were stopped: 0,0002911 seconds, Stopping threads took: 0,0001115 seconds
2016-09-11T21:52:32.148-0100: 26,096: Total time for which application threads were stopped: 0,0001652 seconds, Stopping threads took: 0,0000458 seconds
2016-09-11T21:52:32.266-0100: 26,214: Total time for which application threads were stopped: 0,0115388 seconds, Stopping threads took: 0,0113602 seconds
2016-09-11T21:52:32.268-0100: 26,216: Total time for which application threads were stopped: 0,0002626 seconds, Stopping threads took: 0,0000996 seconds
{Heap before GC invocations=14 (full 1):
 par new generation   total 109248K, used 99279K [0x00000007a0000000, 0x00000007a8000000, 0x00000007a8000000)
  eden space 87424K, 100% used [0x00000007a0000000, 0x00000007a5560000, 0x00000007a5560000)
  from space 21824K,  54% used [0x00000007a5560000, 0x00000007a60f3c00, 0x00000007a6ab0000)
  to   space 21824K,   0% used [0x00000007a6ab0000, 0x00000007a6ab0000, 0x00000007a8000000)
 concurrent mark-sweep generation total 393216K, used 8323K [0x00000007a8000000, 0x00000007c0000000, 0x00000007c0000000)
 Metaspace       used 32907K, capacity 33534K, committed 33840K, reserved 1079296K
  class space    used 3880K, capacity 4095K, committed 4144K, reserved 1048576K
2016-09-11T21:52:32.313-0100: 26,260: [GC (Allocation Failure) 2016-09-11T21:52:32.313-0100: 26,260: [ParNew
Desired survivor size 20112992 bytes, new threshold 8 (max 8)
- age   1:    1752712 bytes,    1752712 total
- age   2:    2141016 bytes,    3893728 total
- age   3:      92632 bytes,    3986360 total
- age   4:      57960 bytes,    4044320 total
- age   5:      43488 bytes,    4087808 total
- age   6:      61600 bytes,    4149408 total
- age   7:    2049864 bytes,    6199272 total
- age   8:    3337768 bytes,    9537040 total
: 99279K->10822K(109248K), 0,0178035 secs] 107602K->20628K(502464K), 0,0178878 secs] [Times: user=0,06 sys=0,00, real=0,02 secs] 
Heap after GC invocations=15 (full 1):
 par new generation   total 109248K, used 10822K [0x00000007a0000000, 0x00000007a8000000, 0x00000007a8000000)
  eden space 87424K,   0% used [0x00000007a0000000, 0x00000007a0000000, 0x00000007a5560000)
  from space 21824K,  49% used [0x00000007a6ab0000, 0x00000007a7541be0, 0x00000007a8000000)
  to   space 21824K,   0% used [0x00000007a5560000, 0x00000007a5560000, 0x00000007a6ab0000)
 concurrent mark-sweep generation total 393216K, used 9805K [0x00000007a8000000, 0x00000007c0000000, 0x00000007c0000000)
 Metaspace       used 32907K, capacity 33534K, committed 33840K, reserved 1079296K
  class space    used 3880K, capacity 4095K, committed 4144K, reserved 1048576K
}
2016-09-11T21:52:32.331-0100: 26,278: Total time for which application threads were stopped: 0,0182248 seconds, Stopping threads took: 0,0000784 seconds
2016-09-11T21:52:32.331-0100: 26,279: Total time for which application threads were stopped: 0,0002841 seconds, Stopping threads took: 0,0001491 seconds
2016-09-11T21:52:32.331-0100: 26,279: Total time for which application threads were stopped: 0,0001288 seconds, Stopping threads took: 0,0000300 seconds
2016-09-11T21:52:32.372-0100: 26,320: Total time for which application threads were stopped: 0,0108893 seconds, Stopping threads took: 0,0107310 seconds
2016-09-11T21:52:32.377-0100: 26,324: Total time for which application threads were stopped: 0,0003364 seconds, Stopping threads took: 0,0001957 seconds
{Heap before GC invocations=15 (full 1):
 par new generation   total 109248K, used 98246K [0x00000007a0000000, 0x00000007a8000000, 0x00000007a8000000)
  eden space 87424K, 100% used [0x00000007a0000000, 0x00000007a5560000, 0x00000007a5560000)
  from space 21824K,  49% used [0x00000007a6ab0000, 0x00000007a7541be0, 0x00000007a8000000)
  to   space 21824K,   0% used [0x00000007a5560000, 0x00000007a5560000, 0x00000007a6ab0000)
 concurrent mark-sweep generation total 393216K, used 9805K [0x00000007a8000000, 0x00000007c0000000, 0x00000007c0000000)
 Metaspace       used 32920K, capacity 33546K, committed 33840K, reserved 1079296K
  class space    used 3881K, capacity 4097K, committed 4144K, reserved 1048576K
2016-09-11T21:52:32.457-0100: 26,404: [GC (Allocation Failure) 2016-09-11T21:52:32.457-0100: 26,404: [ParNew
Desired survivor size 20112992 bytes, new threshold 8 (max 8)
- age   1:     435896 bytes,     435896 total
- age   2:    1658736 bytes,    2094632 total
- age   3:    2120104 bytes,    4214736 total
- age   4:      92632 bytes,    4307368 total
- age   5:      57960 bytes,    4365328 total
- age   6:      43488 bytes,    4408816 total
- age   7:      61600 bytes,    4470416 total
- age   8:    2049864 bytes,    6520280 total
: 98246K->11437K(109248K), 0,0333702 secs] 108052K->24812K(502464K), 0,0334789 secs] [Times: user=0,07 sys=0,01, real=0,04 secs] 
Heap after GC invocations=16 (full 1):
 par new generation   total 109248K, used 11437K [0x00000007a0000000, 0x00000007a8000000, 0x00000007a8000000)
  eden space 87424K,   0% used [0x00000007a0000000, 0x00000007a0000000, 0x00000007a5560000)
  from space 21824K,  52% used [0x00000007a5560000, 0x00000007a608b4c0, 0x00000007a6ab0000)
  to   space 21824K,   0% used [0x00000007a6ab0000, 0x00000007a6ab0000, 0x00000007a8000000)
 concurrent mark-sweep generation total 393216K, used 13375K [0x00000007a8000000, 0x00000007c0000000, 0x00000007c0000000)
 Metaspace       used 32920K, capacity 33546K, committed 33840K, reserved 1079296K
  class space    used 3881K, capacity 4097K, committed 4144K, reserved 1048576K
}
2016-09-11T21:52:32.490-0100: 26,438: Total time for which application threads were stopped: 0,0337799 seconds, Stopping threads took: 0,0000313 seconds
2016-09-11T21:52:32.503-0100: 26,451: Total time for which application threads were stopped: 0,0109658 seconds, Stopping threads took: 0,0107636 seconds
2016-09-11T21:52:32.514-0100: 26,462: Total time for which application threads were stopped: 0,0108999 seconds, Stopping threads took: 0,0107422 seconds
{Heap before GC invocations=16 (full 1):
 par new generation   total 109248K, used 98861K [0x00000007a0000000, 0x00000007a8000000, 0x00000007a8000000)
  eden space 87424K, 100% used [0x00000007a0000000, 0x00000007a5560000, 0x00000007a5560000)
  from space 21824K,  52% used [0x00000007a5560000, 0x00000007a608b4c0, 0x00000007a6ab0000)
  to   space 21824K,   0% used [0x00000007a6ab0000, 0x00000007a6ab0000, 0x00000007a8000000)
 concurrent mark-sweep generation total 393216K, used 13375K [0x00000007a8000000, 0x00000007c0000000, 0x00000007c0000000)
 Metaspace       used 32922K, capacity 33546K, committed 33840K, reserved 1079296K
  class space    used 3881K, capacity 4097K, committed 4144K, reserved 1048576K
2016-09-11T21:52:32.682-0100: 26,630: [GC (Allocation Failure) 2016-09-11T21:52:32.682-0100: 26,630: [ParNew
Desired survivor size 20112992 bytes, new threshold 8 (max 8)
- age   1:     239912 bytes,     239912 total
- age   2:      91752 bytes,     331664 total
- age   3:    1658168 bytes,    1989832 total
- age   4:    2118648 bytes,    4108480 total
- age   5:      92632 bytes,    4201112 total
- age   6:      57960 bytes,    4259072 total
- age   7:      43488 bytes,    4302560 total
- age   8:      61600 bytes,    4364160 total
: 98861K->6788K(109248K), 0,0837085 secs] 112236K->22302K(502464K), 0,0838087 secs] [Times: user=0,08 sys=0,00, real=0,08 secs] 
Heap after GC invocations=17 (full 1):
 par new generation   total 109248K, used 6788K [0x00000007a0000000, 0x00000007a8000000, 0x00000007a8000000)
  eden space 87424K,   0% used [0x00000007a0000000, 0x00000007a0000000, 0x00000007a5560000)
  from space 21824K,  31% used [0x00000007a6ab0000, 0x00000007a7151330, 0x00000007a8000000)
  to   space 21824K,   0% used [0x00000007a5560000, 0x00000007a5560000, 0x00000007a6ab0000)
 concurrent mark-sweep generation total 393216K, used 15514K [0x00000007a8000000, 0x00000007c0000000, 0x00000007c0000000)
 Metaspace       used 32922K, capacity 33546K, committed 33840K, reserved 1079296K
  class space    used 3881K, capacity 4097K, committed 4144K, reserved 1048576K
}
2016-09-11T21:52:32.766-0100: 26,714: Total time for which application threads were stopped: 0,0870453 seconds, Stopping threads took: 0,0029619 seconds
2016-09-11T21:52:32.768-0100: 26,716: Total time for which application threads were stopped: 0,0003001 seconds, Stopping threads took: 0,0001211 seconds
2016-09-11T21:52:32.769-0100: 26,717: Total time for which application threads were stopped: 0,0004501 seconds, Stopping threads took: 0,0001123 seconds
2016-09-11T21:52:33.092-0100: 27,040: Total time for which application threads were stopped: 0,0002034 seconds, Stopping threads took: 0,0000259 seconds
2016-09-11T21:52:33.092-0100: 27,040: Total time for which application threads were stopped: 0,0001035 seconds, Stopping threads took: 0,0000162 seconds
2016-09-11T21:52:33.159-0100: 27,107: Total time for which application threads were stopped: 0,0002239 seconds, Stopping threads took: 0,0000524 seconds
2016-09-11T21:52:33.163-0100: 27,111: Total time for which application threads were stopped: 0,0001708 seconds, Stopping threads took: 0,0000462 seconds
2016-09-11T21:52:33.163-0100: 27,111: Total time for which application threads were stopped: 0,0001033 seconds, Stopping threads took: 0,0000262 seconds
2016-09-11T21:52:33.163-0100: 27,111: Total time for which application threads were stopped: 0,0000963 seconds, Stopping threads took: 0,0000270 seconds
2016-09-11T21:52:33.164-0100: 27,112: Total time for which application threads were stopped: 0,0001230 seconds, Stopping threads took: 0,0000334 seconds
2016-09-11T21:52:33.164-0100: 27,112: Total time for which application threads were stopped: 0,0000916 seconds, Stopping threads took: 0,0000127 seconds
2016-09-11T21:52:33.164-0100: 27,112: Total time for which application threads were stopped: 0,0001084 seconds, Stopping threads took: 0,0000423 seconds
2016-09-11T21:52:33.164-0100: 27,112: Total time for which application threads were stopped: 0,0000868 seconds, Stopping threads took: 0,0000120 seconds
2016-09-11T21:52:33.165-0100: 27,112: Total time for which application threads were stopped: 0,0001044 seconds, Stopping threads took: 0,0000135 seconds
2016-09-11T21:52:33.182-0100: 27,130: Total time for which application threads were stopped: 0,0001742 seconds, Stopping threads took: 0,0000501 seconds
2016-09-11T21:52:33.183-0100: 27,130: Total time for which application threads were stopped: 0,0000939 seconds, Stopping threads took: 0,0000146 seconds
2016-09-11T21:52:33.183-0100: 27,130: Total time for which application threads were stopped: 0,0000758 seconds, Stopping threads took: 0,0000115 seconds
2016-09-11T21:52:33.183-0100: 27,131: Total time for which application threads were stopped: 0,0000749 seconds, Stopping threads took: 0,0000109 seconds
2016-09-11T21:52:33.183-0100: 27,131: Total time for which application threads were stopped: 0,0001077 seconds, Stopping threads took: 0,0000420 seconds
2016-09-11T21:52:33.183-0100: 27,131: Total time for which application threads were stopped: 0,0000824 seconds, Stopping threads took: 0,0000121 seconds
2016-09-11T21:52:33.192-0100: 27,140: Total time for which application threads were stopped: 0,0003117 seconds, Stopping threads took: 0,0000902 seconds
2016-09-11T21:52:33.203-0100: 27,151: Total time for which application threads were stopped: 0,0001612 seconds, Stopping threads took: 0,0000295 seconds
2016-09-11T21:52:33.203-0100: 27,151: Total time for which application threads were stopped: 0,0001343 seconds, Stopping threads took: 0,0000147 seconds
2016-09-11T21:52:33.203-0100: 27,151: Total time for which application threads were stopped: 0,0001086 seconds, Stopping threads took: 0,0000289 seconds
2016-09-11T21:52:33.204-0100: 27,151: Total time for which application threads were stopped: 0,0001020 seconds, Stopping threads took: 0,0000304 seconds
2016-09-11T21:52:33.204-0100: 27,152: Total time for which application threads were stopped: 0,0001099 seconds, Stopping threads took: 0,0000159 seconds
2016-09-11T21:52:33.204-0100: 27,152: Total time for which application threads were stopped: 0,0001830 seconds, Stopping threads took: 0,0000911 seconds
2016-09-11T21:52:33.204-0100: 27,152: Total time for which application threads were stopped: 0,0001352 seconds, Stopping threads took: 0,0000546 seconds
2016-09-11T21:52:33.205-0100: 27,152: Total time for which application threads were stopped: 0,0000827 seconds, Stopping threads took: 0,0000103 seconds
2016-09-11T21:52:33.205-0100: 27,152: Total time for which application threads were stopped: 0,0000854 seconds, Stopping threads took: 0,0000100 seconds
2016-09-11T21:52:33.205-0100: 27,152: Total time for which application threads were stopped: 0,0000758 seconds, Stopping threads took: 0,0000100 seconds
2016-09-11T21:52:33.205-0100: 27,153: Total time for which application threads were stopped: 0,0000736 seconds, Stopping threads took: 0,0000095 seconds
2016-09-11T21:52:33.205-0100: 27,153: Total time for which application threads were stopped: 0,0000721 seconds, Stopping threads took: 0,0000095 seconds
2016-09-11T21:52:33.205-0100: 27,153: Total time for which application threads were stopped: 0,0000725 seconds, Stopping threads took: 0,0000094 seconds
2016-09-11T21:52:33.205-0100: 27,153: Total time for which application threads were stopped: 0,0000752 seconds, Stopping threads took: 0,0000096 seconds
2016-09-11T21:52:33.205-0100: 27,153: Total time for which application threads were stopped: 0,0000781 seconds, Stopping threads took: 0,0000102 seconds
2016-09-11T21:52:33.205-0100: 27,153: Total time for which application threads were stopped: 0,0000788 seconds, Stopping threads took: 0,0000104 seconds
2016-09-11T21:52:33.205-0100: 27,153: Total time for which application threads were stopped: 0,0000771 seconds, Stopping threads took: 0,0000098 seconds
2016-09-11T21:52:33.206-0100: 27,154: Total time for which application threads were stopped: 0,0002736 seconds, Stopping threads took: 0,0001912 seconds
2016-09-11T21:52:33.206-0100: 27,154: Total time for which application threads were stopped: 0,0001083 seconds, Stopping threads took: 0,0000308 seconds
2016-09-11T21:52:33.206-0100: 27,154: Total time for which application threads were stopped: 0,0000979 seconds, Stopping threads took: 0,0000274 seconds
2016-09-11T21:52:33.206-0100: 27,154: Total time for which application threads were stopped: 0,0002754 seconds, Stopping threads took: 0,0000287 seconds
2016-09-11T21:52:33.207-0100: 27,155: Total time for which application threads were stopped: 0,0001970 seconds, Stopping threads took: 0,0000656 seconds
2016-09-11T21:52:33.208-0100: 27,155: Total time for which application threads were stopped: 0,0000932 seconds, Stopping threads took: 0,0000112 seconds
2016-09-11T21:52:33.220-0100: 27,168: Total time for which application threads were stopped: 0,0080942 seconds, Stopping threads took: 0,0079439 seconds
2016-09-11T21:52:33.220-0100: 27,168: Total time for which application threads were stopped: 0,0001180 seconds, Stopping threads took: 0,0000311 seconds
2016-09-11T21:52:33.239-0100: 27,187: Total time for which application threads were stopped: 0,0003988 seconds, Stopping threads took: 0,0002406 seconds
2016-09-11T21:52:33.239-0100: 27,187: Total time for which application threads were stopped: 0,0001783 seconds, Stopping threads took: 0,0000374 seconds
2016-09-11T21:52:33.247-0100: 27,195: Total time for which application threads were stopped: 0,0002097 seconds, Stopping threads took: 0,0000773 seconds
2016-09-11T21:52:33.249-0100: 27,197: Total time for which application threads were stopped: 0,0001710 seconds, Stopping threads took: 0,0000508 seconds
2016-09-11T21:52:33.251-0100: 27,199: Total time for which application threads were stopped: 0,0001217 seconds, Stopping threads took: 0,0000239 seconds
2016-09-11T21:52:33.299-0100: 27,247: Total time for which application threads were stopped: 0,0001900 seconds, Stopping threads took: 0,0000491 seconds
2016-09-11T21:52:33.302-0100: 27,250: Total time for which application threads were stopped: 0,0001395 seconds, Stopping threads took: 0,0000264 seconds
{Heap before GC invocations=17 (full 1):
 par new generation   total 109248K, used 94212K [0x00000007a0000000, 0x00000007a8000000, 0x00000007a8000000)
  eden space 87424K, 100% used [0x00000007a0000000, 0x00000007a5560000, 0x00000007a5560000)
  from space 21824K,  31% used [0x00000007a6ab0000, 0x00000007a7151330, 0x00000007a8000000)
  to   space 21824K,   0% used [0x00000007a5560000, 0x00000007a5560000, 0x00000007a6ab0000)
 concurrent mark-sweep generation total 393216K, used 15514K [0x00000007a8000000, 0x00000007c0000000, 0x00000007c0000000)
 Metaspace       used 33070K, capacity 33722K, committed 33840K, reserved 1079296K
  class space    used 3888K, capacity 4105K, committed 4144K, reserved 1048576K
2016-09-11T21:52:33.330-0100: 27,277: [GC (Allocation Failure) 2016-09-11T21:52:33.330-0100: 27,277: [ParNew
Desired survivor size 20112992 bytes, new threshold 8 (max 8)
- age   1:    2272784 bytes,    2272784 total
- age   2:      86232 bytes,    2359016 total
- age   3:      89368 bytes,    2448384 total
- age   4:     163880 bytes,    2612264 total
- age   5:    2106248 bytes,    4718512 total
- age   6:      92632 bytes,    4811144 total
- age   7:      57960 bytes,    4869104 total
- age   8:      43488 bytes,    4912592 total
: 94212K->5597K(109248K), 0,0292111 secs] 109726K->21173K(502464K), 0,0293087 secs] [Times: user=0,04 sys=0,00, real=0,02 secs] 
Heap after GC invocations=18 (full 1):
 par new generation   total 109248K, used 5597K [0x00000007a0000000, 0x00000007a8000000, 0x00000007a8000000)
  eden space 87424K,   0% used [0x00000007a0000000, 0x00000007a0000000, 0x00000007a5560000)
  from space 21824K,  25% used [0x00000007a5560000, 0x00000007a5ad7418, 0x00000007a6ab0000)
  to   space 21824K,   0% used [0x00000007a6ab0000, 0x00000007a6ab0000, 0x00000007a8000000)
 concurrent mark-sweep generation total 393216K, used 15575K [0x00000007a8000000, 0x00000007c0000000, 0x00000007c0000000)
 Metaspace       used 33070K, capacity 33722K, committed 33840K, reserved 1079296K
  class space    used 3888K, capacity 4105K, committed 4144K, reserved 1048576K
}
2016-09-11T21:52:33.359-0100: 27,307: Total time for which application threads were stopped: 0,0296027 seconds, Stopping threads took: 0,0000283 seconds
2016-09-11T21:52:33.360-0100: 27,307: Total time for which application threads were stopped: 0,0002156 seconds, Stopping threads took: 0,0000918 seconds
{Heap before GC invocations=18 (full 1):
 par new generation   total 109248K, used 93021K [0x00000007a0000000, 0x00000007a8000000, 0x00000007a8000000)
  eden space 87424K, 100% used [0x00000007a0000000, 0x00000007a5560000, 0x00000007a5560000)
  from space 21824K,  25% used [0x00000007a5560000, 0x00000007a5ad7418, 0x00000007a6ab0000)
  to   space 21824K,   0% used [0x00000007a6ab0000, 0x00000007a6ab0000, 0x00000007a8000000)
 concurrent mark-sweep generation total 393216K, used 15575K [0x00000007a8000000, 0x00000007c0000000, 0x00000007c0000000)
 Metaspace       used 33093K, capacity 33740K, committed 33840K, reserved 1079296K
  class space    used 3889K, capacity 4108K, committed 4144K, reserved 1048576K
2016-09-11T21:52:33.579-0100: 27,527: [GC (Allocation Failure) 2016-09-11T21:52:33.579-0100: 27,527: [ParNew
Desired survivor size 20112992 bytes, new threshold 8 (max 8)
- age   1:    1015872 bytes,    1015872 total
- age   2:    1864096 bytes,    2879968 total
- age   3:      86232 bytes,    2966200 total
- age   4:      89368 bytes,    3055568 total
- age   5:     163880 bytes,    3219448 total
- age   6:    2106248 bytes,    5325696 total
- age   7:      92632 bytes,    5418328 total
- age   8:      57960 bytes,    5476288 total
: 93021K->7187K(109248K), 0,0086652 secs] 108597K->22807K(502464K), 0,0087903 secs] [Times: user=0,03 sys=0,00, real=0,01 secs] 
Heap after GC invocations=19 (full 1):
 par new generation   total 109248K, used 7187K [0x00000007a0000000, 0x00000007a8000000, 0x00000007a8000000)
  eden space 87424K,   0% used [0x00000007a0000000, 0x00000007a0000000, 0x00000007a5560000)
  from space 21824K,  32% used [0x00000007a6ab0000, 0x00000007a71b4c90, 0x00000007a8000000)
  to   space 21824K,   0% used [0x00000007a5560000, 0x00000007a5560000, 0x00000007a6ab0000)
 concurrent mark-sweep generation total 393216K, used 15619K [0x00000007a8000000, 0x00000007c0000000, 0x00000007c0000000)
 Metaspace       used 33093K, capacity 33740K, committed 33840K, reserved 1079296K
  class space    used 3889K, capacity 4108K, committed 4144K, reserved 1048576K
}
2016-09-11T21:52:33.588-0100: 27,536: Total time for which application threads were stopped: 0,0091131 seconds, Stopping threads took: 0,0000482 seconds
2016-09-11T21:52:33.605-0100: 27,552: Total time for which application threads were stopped: 0,0108632 seconds, Stopping threads took: 0,0106970 seconds
2016-09-11T21:52:34.124-0100: 28,072: Total time for which application threads were stopped: 0,0001693 seconds, Stopping threads took: 0,0000232 seconds
2016-09-11T21:52:34.125-0100: 28,072: Total time for which application threads were stopped: 0,0000767 seconds, Stopping threads took: 0,0000128 seconds
2016-09-11T21:52:34.125-0100: 28,072: Total time for which application threads were stopped: 0,0000705 seconds, Stopping threads took: 0,0000118 seconds
2016-09-11T21:52:34.125-0100: 28,073: Total time for which application threads were stopped: 0,0000656 seconds, Stopping threads took: 0,0000106 seconds
2016-09-11T21:52:34.125-0100: 28,073: Total time for which application threads were stopped: 0,0000674 seconds, Stopping threads took: 0,0000106 seconds
2016-09-11T21:52:34.125-0100: 28,073: Total time for which application threads were stopped: 0,0000646 seconds, Stopping threads took: 0,0000097 seconds
2016-09-11T21:52:34.125-0100: 28,073: Total time for which application threads were stopped: 0,0000684 seconds, Stopping threads took: 0,0000109 seconds
2016-09-11T21:52:34.134-0100: 28,082: Total time for which application threads were stopped: 0,0001792 seconds, Stopping threads took: 0,0000667 seconds
2016-09-11T21:52:34.139-0100: 28,087: Total time for which application threads were stopped: 0,0001552 seconds, Stopping threads took: 0,0000465 seconds
2016-09-11T21:52:34.139-0100: 28,087: Total time for which application threads were stopped: 0,0000726 seconds, Stopping threads took: 0,0000113 seconds
2016-09-11T21:52:35.143-0100: 29,091: Total time for which application threads were stopped: 0,0002885 seconds, Stopping threads took: 0,0000555 seconds
{Heap before GC invocations=19 (full 1):
 par new generation   total 109248K, used 94611K [0x00000007a0000000, 0x00000007a8000000, 0x00000007a8000000)
  eden space 87424K, 100% used [0x00000007a0000000, 0x00000007a5560000, 0x00000007a5560000)
  from space 21824K,  32% used [0x00000007a6ab0000, 0x00000007a71b4c90, 0x00000007a8000000)
  to   space 21824K,   0% used [0x00000007a5560000, 0x00000007a5560000, 0x00000007a6ab0000)
 concurrent mark-sweep generation total 393216K, used 15619K [0x00000007a8000000, 0x00000007c0000000, 0x00000007c0000000)
 Metaspace       used 33137K, capacity 33828K, committed 34096K, reserved 1079296K
  class space    used 3891K, capacity 4112K, committed 4144K, reserved 1048576K
2016-09-11T21:53:03.021-0100: 56,970: [GC (Allocation Failure) 2016-09-11T21:53:03.054-0100: 57,002: [ParNew
Desired survivor size 20112992 bytes, new threshold 8 (max 8)
- age   1:     667328 bytes,     667328 total
- age   2:     140840 bytes,     808168 total
- age   3:    1840120 bytes,    2648288 total
- age   4:      86232 bytes,    2734520 total
- age   5:      89368 bytes,    2823888 total
- age   6:     163880 bytes,    2987768 total
- age   7:    2106248 bytes,    5094016 total
- age   8:      92632 bytes,    5186648 total
: 94611K->6064K(109248K), 0,0098156 secs] 110231K->21742K(502464K), 0,0425327 secs] [Times: user=0,03 sys=0,00, real=0,04 secs] 
Heap after GC invocations=20 (full 1):
 par new generation   total 109248K, used 6064K [0x00000007a0000000, 0x00000007a8000000, 0x00000007a8000000)
  eden space 87424K,   0% used [0x00000007a0000000, 0x00000007a0000000, 0x00000007a5560000)
  from space 21824K,  27% used [0x00000007a5560000, 0x00000007a5b4c180, 0x00000007a6ab0000)
  to   space 21824K,   0% used [0x00000007a6ab0000, 0x00000007a6ab0000, 0x00000007a8000000)
 concurrent mark-sweep generation total 393216K, used 15677K [0x00000007a8000000, 0x00000007c0000000, 0x00000007c0000000)
 Metaspace       used 33137K, capacity 33828K, committed 34096K, reserved 1079296K
  class space    used 3891K, capacity 4112K, committed 4144K, reserved 1048576K
}
2016-09-11T21:53:03.064-0100: 57,012: Total time for which application threads were stopped: 0,0428328 seconds, Stopping threads took: 0,0000463 seconds
2016-09-11T21:53:06.689-0100: 60,638: Total time for which application threads were stopped: 0,0001889 seconds, Stopping threads took: 0,0000345 seconds
2016-09-11T21:53:07.692-0100: 61,640: Total time for which application threads were stopped: 0,0001744 seconds, Stopping threads took: 0,0000344 seconds
2016-09-11T21:53:08.013-0100: 61,962: Total time for which application threads were stopped: 0,0002260 seconds, Stopping threads took: 0,0000459 seconds
2016-09-11T21:53:08.023-0100: 61,972: Total time for which application threads were stopped: 0,0002283 seconds, Stopping threads took: 0,0000625 seconds
2016-09-11T21:53:08.024-0100: 61,973: Total time for which application threads were stopped: 0,0002637 seconds, Stopping threads took: 0,0000931 seconds
{Heap before GC invocations=20 (full 1):
 par new generation   total 109248K, used 93484K [0x00000007a0000000, 0x00000007a8000000, 0x00000007a8000000)
  eden space 87424K,  99% used [0x00000007a0000000, 0x00000007a555f0b8, 0x00000007a5560000)
  from space 21824K,  27% used [0x00000007a5560000, 0x00000007a5b4c180, 0x00000007a6ab0000)
  to   space 21824K,   0% used [0x00000007a6ab0000, 0x00000007a6ab0000, 0x00000007a8000000)
 concurrent mark-sweep generation total 393216K, used 15677K [0x00000007a8000000, 0x00000007c0000000, 0x00000007c0000000)
 Metaspace       used 33178K, capacity 33834K, committed 34096K, reserved 1079296K
  class space    used 3892K, capacity 4113K, committed 4144K, reserved 1048576K
2016-09-11T21:53:08.197-0100: 62,145: [GC (Allocation Failure) 2016-09-11T21:53:08.197-0100: 62,145: [ParNew
Desired survivor size 20112992 bytes, new threshold 8 (max 8)
- age   1:    3518544 bytes,    3518544 total
- age   2:     661344 bytes,    4179888 total
- age   3:     140688 bytes,    4320576 total
- age   4:    1825440 bytes,    6146016 total
- age   5:      86232 bytes,    6232248 total
- age   6:      89368 bytes,    6321616 total
- age   7:     163880 bytes,    6485496 total
- age   8:    2106248 bytes,    8591744 total
: 93484K->10252K(109248K), 0,0217419 secs] 109162K->26023K(502464K), 0,0218406 secs] [Times: user=0,04 sys=0,00, real=0,02 secs] 
Heap after GC invocations=21 (full 1):
 par new generation   total 109248K, used 10252K [0x00000007a0000000, 0x00000007a8000000, 0x00000007a8000000)
  eden space 87424K,   0% used [0x00000007a0000000, 0x00000007a0000000, 0x00000007a5560000)
  from space 21824K,  46% used [0x00000007a6ab0000, 0x00000007a74b33e0, 0x00000007a8000000)
  to   space 21824K,   0% used [0x00000007a5560000, 0x00000007a5560000, 0x00000007a6ab0000)
 concurrent mark-sweep generation total 393216K, used 15770K [0x00000007a8000000, 0x00000007c0000000, 0x00000007c0000000)
 Metaspace       used 33178K, capacity 33834K, committed 34096K, reserved 1079296K
  class space    used 3892K, capacity 4113K, committed 4144K, reserved 1048576K
}
2016-09-11T21:53:08.218-0100: 62,167: Total time for which application threads were stopped: 0,0327883 seconds, Stopping threads took: 0,0106391 seconds
2016-09-11T21:53:08.219-0100: 62,168: Total time for which application threads were stopped: 0,0002678 seconds, Stopping threads took: 0,0001021 seconds
2016-09-11T21:53:08.219-0100: 62,168: Total time for which application threads were stopped: 0,0002117 seconds, Stopping threads took: 0,0000864 seconds
{Heap before GC invocations=21 (full 1):
 par new generation   total 109248K, used 97676K [0x00000007a0000000, 0x00000007a8000000, 0x00000007a8000000)
  eden space 87424K, 100% used [0x00000007a0000000, 0x00000007a5560000, 0x00000007a5560000)
  from space 21824K,  46% used [0x00000007a6ab0000, 0x00000007a74b33e0, 0x00000007a8000000)
  to   space 21824K,   0% used [0x00000007a5560000, 0x00000007a5560000, 0x00000007a6ab0000)
 concurrent mark-sweep generation total 393216K, used 15770K [0x00000007a8000000, 0x00000007c0000000, 0x00000007c0000000)
 Metaspace       used 33179K, capacity 33834K, committed 34096K, reserved 1079296K
  class space    used 3892K, capacity 4113K, committed 4144K, reserved 1048576K
2016-09-11T21:53:08.265-0100: 62,214: [GC (Allocation Failure) 2016-09-11T21:53:08.265-0100: 62,214: [ParNew
Desired survivor size 20112992 bytes, new threshold 8 (max 8)
- age   1:     192712 bytes,     192712 total
- age   2:    3022424 bytes,    3215136 total
- age   3:     661344 bytes,    3876480 total
- age   4:     140688 bytes,    4017168 total
- age   5:    1825440 bytes,    5842608 total
- age   6:      86232 bytes,    5928840 total
- age   7:      89368 bytes,    6018208 total
- age   8:     163880 bytes,    6182088 total
: 97676K->9290K(109248K), 0,0705469 secs] 113447K->27123K(502464K), 0,0706533 secs] [Times: user=0,12 sys=0,01, real=0,07 secs] 
Heap after GC invocations=22 (full 1):
 par new generation   total 109248K, used 9290K [0x00000007a0000000, 0x00000007a8000000, 0x00000007a8000000)
  eden space 87424K,   0% used [0x00000007a0000000, 0x00000007a0000000, 0x00000007a5560000)
  from space 21824K,  42% used [0x00000007a5560000, 0x00000007a5e72828, 0x00000007a6ab0000)
  to   space 21824K,   0% used [0x00000007a6ab0000, 0x00000007a6ab0000, 0x00000007a8000000)
 concurrent mark-sweep generation total 393216K, used 17833K [0x00000007a8000000, 0x00000007c0000000, 0x00000007c0000000)
 Metaspace       used 33179K, capacity 33834K, committed 34096K, reserved 1079296K
  class space    used 3892K, capacity 4113K, committed 4144K, reserved 1048576K
}
2016-09-11T21:53:08.336-0100: 62,284: Total time for which application threads were stopped: 0,0709871 seconds, Stopping threads took: 0,0000552 seconds
{Heap before GC invocations=22 (full 1):
 par new generation   total 109248K, used 96714K [0x00000007a0000000, 0x00000007a8000000, 0x00000007a8000000)
  eden space 87424K, 100% used [0x00000007a0000000, 0x00000007a5560000, 0x00000007a5560000)
  from space 21824K,  42% used [0x00000007a5560000, 0x00000007a5e72828, 0x00000007a6ab0000)
  to   space 21824K,   0% used [0x00000007a6ab0000, 0x00000007a6ab0000, 0x00000007a8000000)
 concurrent mark-sweep generation total 393216K, used 17833K [0x00000007a8000000, 0x00000007c0000000, 0x00000007c0000000)
 Metaspace       used 33180K, capacity 33834K, committed 34096K, reserved 1079296K
  class space    used 3892K, capacity 4113K, committed 4144K, reserved 1048576K
2016-09-11T21:53:08.402-0100: 62,351: [GC (Allocation Failure) 2016-09-11T21:53:08.402-0100: 62,351: [ParNew
Desired survivor size 20112992 bytes, new threshold 8 (max 8)
- age   1:     241712 bytes,     241712 total
- age   2:      72520 bytes,     314232 total
- age   3:    3022336 bytes,    3336568 total
- age   4:     661344 bytes,    3997912 total
- age   5:     140688 bytes,    4138600 total
- age   6:    1825480 bytes,    5964080 total
- age   7:      86232 bytes,    6050312 total
- age   8:      89368 bytes,    6139680 total
: 96714K->7576K(109248K), 0,0536235 secs] 114547K->25571K(502464K), 0,0539446 secs] [Times: user=0,07 sys=0,01, real=0,05 secs] 
Heap after GC invocations=23 (full 1):
 par new generation   total 109248K, used 7576K [0x00000007a0000000, 0x00000007a8000000, 0x00000007a8000000)
  eden space 87424K,   0% used [0x00000007a0000000, 0x00000007a0000000, 0x00000007a5560000)
  from space 21824K,  34% used [0x00000007a6ab0000, 0x00000007a72161d0, 0x00000007a8000000)
  to   space 21824K,   0% used [0x00000007a5560000, 0x00000007a5560000, 0x00000007a6ab0000)
 concurrent mark-sweep generation total 393216K, used 17995K [0x00000007a8000000, 0x00000007c0000000, 0x00000007c0000000)
 Metaspace       used 33180K, capacity 33834K, committed 34096K, reserved 1079296K
  class space    used 3892K, capacity 4113K, committed 4144K, reserved 1048576K
}
2016-09-11T21:53:08.456-0100: 62,405: Total time for which application threads were stopped: 0,0543485 seconds, Stopping threads took: 0,0001031 seconds
{Heap before GC invocations=23 (full 1):
 par new generation   total 109248K, used 95000K [0x00000007a0000000, 0x00000007a8000000, 0x00000007a8000000)
  eden space 87424K, 100% used [0x00000007a0000000, 0x00000007a5560000, 0x00000007a5560000)
  from space 21824K,  34% used [0x00000007a6ab0000, 0x00000007a72161d0, 0x00000007a8000000)
  to   space 21824K,   0% used [0x00000007a5560000, 0x00000007a5560000, 0x00000007a6ab0000)
 concurrent mark-sweep generation total 393216K, used 17995K [0x00000007a8000000, 0x00000007c0000000, 0x00000007c0000000)
 Metaspace       used 33181K, capacity 33834K, committed 34096K, reserved 1079296K
  class space    used 3892K, capacity 4113K, committed 4144K, reserved 1048576K
2016-09-11T21:53:08.589-0100: 62,538: [GC (Allocation Failure) 2016-09-11T21:53:08.589-0100: 62,538: [ParNew
Desired survivor size 20112992 bytes, new threshold 8 (max 8)
- age   1:     312152 bytes,     312152 total
- age   2:      74624 bytes,     386776 total
- age   3:      71200 bytes,     457976 total
- age   4:    3021168 bytes,    3479144 total
- age   5:     661344 bytes,    4140488 total
- age   6:     140688 bytes,    4281176 total
- age   7:    1825440 bytes,    6106616 total
- age   8:      86232 bytes,    6192848 total
: 95000K->9342K(109248K), 0,0646209 secs] 112995K->27427K(502464K), 0,0647160 secs] [Times: user=0,06 sys=0,01, real=0,07 secs] 
Heap after GC invocations=24 (full 1):
 par new generation   total 109248K, used 9342K [0x00000007a0000000, 0x00000007a8000000, 0x00000007a8000000)
  eden space 87424K,   0% used [0x00000007a0000000, 0x00000007a0000000, 0x00000007a5560000)
  from space 21824K,  42% used [0x00000007a5560000, 0x00000007a5e7fa60, 0x00000007a6ab0000)
  to   space 21824K,   0% used [0x00000007a6ab0000, 0x00000007a6ab0000, 0x00000007a8000000)
 concurrent mark-sweep generation total 393216K, used 18085K [0x00000007a8000000, 0x00000007c0000000, 0x00000007c0000000)
 Metaspace       used 33181K, capacity 33834K, committed 34096K, reserved 1079296K
  class space    used 3892K, capacity 4113K, committed 4144K, reserved 1048576K
}
2016-09-11T21:53:08.654-0100: 62,603: Total time for which application threads were stopped: 0,0650602 seconds, Stopping threads took: 0,0000574 seconds
2016-09-11T21:53:08.919-0100: 62,868: Total time for which application threads were stopped: 0,0002716 seconds, Stopping threads took: 0,0000418 seconds
2016-09-11T21:53:08.956-0100: 62,905: Total time for which application threads were stopped: 0,0100176 seconds, Stopping threads took: 0,0098269 seconds
2016-09-11T21:53:09.002-0100: 62,951: Total time for which application threads were stopped: 0,0001566 seconds, Stopping threads took: 0,0000255 seconds
2016-09-11T21:53:09.516-0100: 63,465: Total time for which application threads were stopped: 0,0001715 seconds, Stopping threads took: 0,0000268 seconds
2016-09-11T21:53:09.526-0100: 63,475: Total time for which application threads were stopped: 0,0001714 seconds, Stopping threads took: 0,0000281 seconds
2016-09-11T21:53:10.182-0100: 64,131: Total time for which application threads were stopped: 0,0001784 seconds, Stopping threads took: 0,0000259 seconds
2016-09-11T21:53:11.060-0100: 65,009: Total time for which application threads were stopped: 0,0002106 seconds, Stopping threads took: 0,0000568 seconds
2016-09-11T21:53:11.076-0100: 65,025: Total time for which application threads were stopped: 0,0001444 seconds, Stopping threads took: 0,0000281 seconds
2016-09-11T21:53:12.080-0100: 66,029: Total time for which application threads were stopped: 0,0008295 seconds, Stopping threads took: 0,0005729 seconds
2016-09-11T21:53:18.065-0100: 72,014: Total time for which application threads were stopped: 0,0001556 seconds, Stopping threads took: 0,0000269 seconds
2016-09-11T21:53:18.065-0100: 72,015: Total time for which application threads were stopped: 0,0001546 seconds, Stopping threads took: 0,0000642 seconds
2016-09-11T21:53:18.066-0100: 72,015: Total time for which application threads were stopped: 0,0000975 seconds, Stopping threads took: 0,0000488 seconds
2016-09-11T21:53:18.066-0100: 72,015: Total time for which application threads were stopped: 0,0000798 seconds, Stopping threads took: 0,0000236 seconds
2016-09-11T21:53:18.066-0100: 72,015: Total time for which application threads were stopped: 0,0000891 seconds, Stopping threads took: 0,0000452 seconds
2016-09-11T21:53:18.066-0100: 72,015: Total time for which application threads were stopped: 0,0000852 seconds, Stopping threads took: 0,0000317 seconds
2016-09-11T21:53:18.066-0100: 72,016: Total time for which application threads were stopped: 0,0000959 seconds, Stopping threads took: 0,0000418 seconds
2016-09-11T21:53:18.084-0100: 72,033: Total time for which application threads were stopped: 0,0002244 seconds, Stopping threads took: 0,0000295 seconds
2016-09-11T21:53:18.085-0100: 72,034: Total time for which application threads were stopped: 0,0002032 seconds, Stopping threads took: 0,0000644 seconds
2016-09-11T21:53:18.085-0100: 72,034: Total time for which application threads were stopped: 0,0001385 seconds, Stopping threads took: 0,0000448 seconds
2016-09-11T21:53:18.085-0100: 72,035: Total time for which application threads were stopped: 0,0001343 seconds, Stopping threads took: 0,0000373 seconds
2016-09-11T21:53:18.086-0100: 72,035: Total time for which application threads were stopped: 0,0001253 seconds, Stopping threads took: 0,0000472 seconds
2016-09-11T21:53:18.088-0100: 72,048: Total time for which application threads were stopped: 0,0107748 seconds, Stopping threads took: 0,0000537 seconds
2016-09-11T21:53:18.100-0100: 72,049: Total time for which application threads were stopped: 0,0001992 seconds, Stopping threads took: 0,0000479 seconds
2016-09-11T21:53:18.100-0100: 72,050: Total time for which application threads were stopped: 0,0001364 seconds, Stopping threads took: 0,0000351 seconds
2016-09-11T21:53:19.103-0100: 73,052: Total time for which application threads were stopped: 0,0002751 seconds, Stopping threads took: 0,0000462 seconds
2016-09-11T21:53:23.115-0100: 77,064: Total time for which application threads were stopped: 0,0002147 seconds, Stopping threads took: 0,0000571 seconds
2016-09-11T21:53:36.403-0100: 90,353: Total time for which application threads were stopped: 0,0001151 seconds, Stopping threads took: 0,0000210 seconds
2016-09-11T21:53:36.403-0100: 90,353: Total time for which application threads were stopped: 0,0000643 seconds, Stopping threads took: 0,0000120 seconds
2016-09-11T21:53:36.403-0100: 90,353: Total time for which application threads were stopped: 0,0000644 seconds, Stopping threads took: 0,0000107 seconds
2016-09-11T21:53:36.403-0100: 90,353: Total time for which application threads were stopped: 0,0000592 seconds, Stopping threads took: 0,0000107 seconds
2016-09-11T21:53:36.403-0100: 90,353: Total time for which application threads were stopped: 0,0000479 seconds, Stopping threads took: 0,0000071 seconds
2016-09-11T21:53:36.403-0100: 90,353: Total time for which application threads were stopped: 0,0000494 seconds, Stopping threads took: 0,0000084 seconds
2016-09-11T21:53:36.404-0100: 90,354: Total time for which application threads were stopped: 0,0000565 seconds, Stopping threads took: 0,0000091 seconds
2016-09-11T21:53:36.404-0100: 90,354: Total time for which application threads were stopped: 0,0000550 seconds, Stopping threads took: 0,0000149 seconds
2016-09-11T21:53:36.417-0100: 90,367: Total time for which application threads were stopped: 0,0001656 seconds, Stopping threads took: 0,0000217 seconds
2016-09-11T21:53:36.417-0100: 90,367: Total time for which application threads were stopped: 0,0001571 seconds, Stopping threads took: 0,0000108 seconds
2016-09-11T21:53:36.418-0100: 90,367: Total time for which application threads were stopped: 0,0001065 seconds, Stopping threads took: 0,0000140 seconds
2016-09-11T21:53:36.418-0100: 90,368: Total time for which application threads were stopped: 0,0000865 seconds, Stopping threads took: 0,0000114 seconds
2016-09-11T21:53:36.418-0100: 90,368: Total time for which application threads were stopped: 0,0000620 seconds, Stopping threads took: 0,0000104 seconds
2016-09-11T21:53:36.418-0100: 90,368: Total time for which application threads were stopped: 0,0000700 seconds, Stopping threads took: 0,0000087 seconds
2016-09-11T21:53:36.418-0100: 90,368: Total time for which application threads were stopped: 0,0000796 seconds, Stopping threads took: 0,0000100 seconds
2016-09-11T21:53:36.418-0100: 90,368: Total time for which application threads were stopped: 0,0000772 seconds, Stopping threads took: 0,0000097 seconds
2016-09-11T21:53:36.419-0100: 90,369: Total time for which application threads were stopped: 0,0001051 seconds, Stopping threads took: 0,0000138 seconds
2016-09-11T21:53:36.419-0100: 90,369: Total time for which application threads were stopped: 0,0000827 seconds, Stopping threads took: 0,0000124 seconds
2016-09-11T21:53:37.420-0100: 91,370: Total time for which application threads were stopped: 0,0002998 seconds, Stopping threads took: 0,0000462 seconds
2016-09-11T21:53:51.453-0100: 105,403: Total time for which application threads were stopped: 0,0003044 seconds, Stopping threads took: 0,0000466 seconds
2016-09-11T21:53:51.802-0100: 105,752: Total time for which application threads were stopped: 0,0003250 seconds, Stopping threads took: 0,0000998 seconds
2016-09-11T21:53:51.808-0100: 105,758: Total time for which application threads were stopped: 0,0002620 seconds, Stopping threads took: 0,0001006 seconds
{Heap before GC invocations=24 (full 1):
 par new generation   total 109248K, used 96766K [0x00000007a0000000, 0x00000007a8000000, 0x00000007a8000000)
  eden space 87424K,  99% used [0x00000007a0000000, 0x00000007a555ff00, 0x00000007a5560000)
  from space 21824K,  42% used [0x00000007a5560000, 0x00000007a5e7fa60, 0x00000007a6ab0000)
  to   space 21824K,   0% used [0x00000007a6ab0000, 0x00000007a6ab0000, 0x00000007a8000000)
 concurrent mark-sweep generation total 393216K, used 18085K [0x00000007a8000000, 0x00000007c0000000, 0x00000007c0000000)
 Metaspace       used 33431K, capacity 34122K, committed 34352K, reserved 1079296K
  class space    used 3912K, capacity 4129K, committed 4144K, reserved 1048576K
2016-09-11T21:53:51.913-0100: 105,863: [GC (Allocation Failure) 2016-09-11T21:53:51.913-0100: 105,863: [ParNew
Desired survivor size 20112992 bytes, new threshold 8 (max 8)
- age   1:    6917528 bytes,    6917528 total
- age   2:     163216 bytes,    7080744 total
- age   3:      74496 bytes,    7155240 total
- age   4:      69584 bytes,    7224824 total
- age   5:    1501392 bytes,    8726216 total
- age   6:     661232 bytes,    9387448 total
- age   7:     140688 bytes,    9528136 total
- age   8:    1820416 bytes,   11348552 total
: 96766K->12097K(109248K), 0,1047775 secs] 114851K->30269K(502464K), 0,1048800 secs] [Times: user=0,07 sys=0,04, real=0,10 secs] 
Heap after GC invocations=25 (full 1):
 par new generation   total 109248K, used 12097K [0x00000007a0000000, 0x00000007a8000000, 0x00000007a8000000)
  eden space 87424K,   0% used [0x00000007a0000000, 0x00000007a0000000, 0x00000007a5560000)
  from space 21824K,  55% used [0x00000007a6ab0000, 0x00000007a7680790, 0x00000007a8000000)
  to   space 21824K,   0% used [0x00000007a5560000, 0x00000007a5560000, 0x00000007a6ab0000)
 concurrent mark-sweep generation total 393216K, used 18171K [0x00000007a8000000, 0x00000007c0000000, 0x00000007c0000000)
 Metaspace       used 33431K, capacity 34122K, committed 34352K, reserved 1079296K
  class space    used 3912K, capacity 4129K, committed 4144K, reserved 1048576K
}
2016-09-11T21:53:52.018-0100: 105,968: Total time for which application threads were stopped: 0,1052909 seconds, Stopping threads took: 0,0001067 seconds
2016-09-11T21:53:52.018-0100: 105,969: Total time for which application threads were stopped: 0,0002703 seconds, Stopping threads took: 0,0000981 seconds
2016-09-11T21:53:52.019-0100: 105,969: Total time for which application threads were stopped: 0,0002013 seconds, Stopping threads took: 0,0000555 seconds
{Heap before GC invocations=25 (full 1):
 par new generation   total 109248K, used 99521K [0x00000007a0000000, 0x00000007a8000000, 0x00000007a8000000)
  eden space 87424K, 100% used [0x00000007a0000000, 0x00000007a5560000, 0x00000007a5560000)
  from space 21824K,  55% used [0x00000007a6ab0000, 0x00000007a7680790, 0x00000007a8000000)
  to   space 21824K,   0% used [0x00000007a5560000, 0x00000007a5560000, 0x00000007a6ab0000)
 concurrent mark-sweep generation total 393216K, used 18171K [0x00000007a8000000, 0x00000007c0000000, 0x00000007c0000000)
 Metaspace       used 33437K, capacity 34122K, committed 34352K, reserved 1079296K
  class space    used 3912K, capacity 4129K, committed 4144K, reserved 1048576K
2016-09-11T21:53:52.170-0100: 106,120: [GC (Allocation Failure) 2016-09-11T21:53:52.170-0100: 106,120: [ParNew
Desired survivor size 20112992 bytes, new threshold 8 (max 8)
- age   1:    2557976 bytes,    2557976 total
- age   2:    6218368 bytes,    8776344 total
- age   3:     163216 bytes,    8939560 total
- age   4:      74496 bytes,    9014056 total
- age   5:      69584 bytes,    9083640 total
- age   6:    1501392 bytes,   10585032 total
- age   7:     661232 bytes,   11246264 total
- age   8:     140688 bytes,   11386952 total
: 99521K->13535K(109248K), 0,0888064 secs] 117693K->33497K(502464K), 0,0888955 secs] [Times: user=0,08 sys=0,02, real=0,08 secs] 
Heap after GC invocations=26 (full 1):
 par new generation   total 109248K, used 13535K [0x00000007a0000000, 0x00000007a8000000, 0x00000007a8000000)
  eden space 87424K,   0% used [0x00000007a0000000, 0x00000007a0000000, 0x00000007a5560000)
  from space 21824K,  62% used [0x00000007a5560000, 0x00000007a6297d60, 0x00000007a6ab0000)
  to   space 21824K,   0% used [0x00000007a6ab0000, 0x00000007a6ab0000, 0x00000007a8000000)
 concurrent mark-sweep generation total 393216K, used 19962K [0x00000007a8000000, 0x00000007c0000000, 0x00000007c0000000)
 Metaspace       used 33437K, capacity 34122K, committed 34352K, reserved 1079296K
  class space    used 3912K, capacity 4129K, committed 4144K, reserved 1048576K
}
2016-09-11T21:53:52.259-0100: 106,209: Total time for which application threads were stopped: 0,0893068 seconds, Stopping threads took: 0,0001184 seconds
2016-09-11T21:53:52.259-0100: 106,209: Total time for which application threads were stopped: 0,0004788 seconds, Stopping threads took: 0,0000884 seconds
{Heap before GC invocations=26 (full 1):
 par new generation   total 109248K, used 100959K [0x00000007a0000000, 0x00000007a8000000, 0x00000007a8000000)
  eden space 87424K, 100% used [0x00000007a0000000, 0x00000007a5560000, 0x00000007a5560000)
  from space 21824K,  62% used [0x00000007a5560000, 0x00000007a6297d60, 0x00000007a6ab0000)
  to   space 21824K,   0% used [0x00000007a6ab0000, 0x00000007a6ab0000, 0x00000007a8000000)
 concurrent mark-sweep generation total 393216K, used 19962K [0x00000007a8000000, 0x00000007c0000000, 0x00000007c0000000)
 Metaspace       used 33437K, capacity 34122K, committed 34352K, reserved 1079296K
  class space    used 3912K, capacity 4129K, committed 4144K, reserved 1048576K
2016-09-11T21:53:52.319-0100: 106,270: [GC (Allocation Failure) 2016-09-11T21:53:52.320-0100: 106,270: [ParNew
Desired survivor size 20112992 bytes, new threshold 8 (max 8)
- age   1:     329472 bytes,     329472 total
- age   2:    1661912 bytes,    1991384 total
- age   3:    6208624 bytes,    8200008 total
- age   4:     163216 bytes,    8363224 total
- age   5:      74496 bytes,    8437720 total
- age   6:      69584 bytes,    8507304 total
- age   7:    1501392 bytes,   10008696 total
- age   8:     661232 bytes,   10669928 total
: 100959K->13244K(109248K), 0,0857383 secs] 120921K->33347K(502464K), 0,0858626 secs] [Times: user=0,07 sys=0,00, real=0,09 secs] 
Heap after GC invocations=27 (full 1):
 par new generation   total 109248K, used 13244K [0x00000007a0000000, 0x00000007a8000000, 0x00000007a8000000)
  eden space 87424K,   0% used [0x00000007a0000000, 0x00000007a0000000, 0x00000007a5560000)
  from space 21824K,  60% used [0x00000007a6ab0000, 0x00000007a779f3d8, 0x00000007a8000000)
  to   space 21824K,   0% used [0x00000007a5560000, 0x00000007a5560000, 0x00000007a6ab0000)
 concurrent mark-sweep generation total 393216K, used 20102K [0x00000007a8000000, 0x00000007c0000000, 0x00000007c0000000)
 Metaspace       used 33437K, capacity 34122K, committed 34352K, reserved 1079296K
  class space    used 3912K, capacity 4129K, committed 4144K, reserved 1048576K
}
2016-09-11T21:53:52.405-0100: 106,356: Total time for which application threads were stopped: 0,0862448 seconds, Stopping threads took: 0,0000772 seconds
{Heap before GC invocations=27 (full 1):
 par new generation   total 109248K, used 100668K [0x00000007a0000000, 0x00000007a8000000, 0x00000007a8000000)
  eden space 87424K, 100% used [0x00000007a0000000, 0x00000007a5560000, 0x00000007a5560000)
  from space 21824K,  60% used [0x00000007a6ab0000, 0x00000007a779f3d8, 0x00000007a8000000)
  to   space 21824K,   0% used [0x00000007a5560000, 0x00000007a5560000, 0x00000007a6ab0000)
 concurrent mark-sweep generation total 393216K, used 20102K [0x00000007a8000000, 0x00000007c0000000, 0x00000007c0000000)
 Metaspace       used 33437K, capacity 34122K, committed 34352K, reserved 1079296K
  class space    used 3912K, capacity 4129K, committed 4144K, reserved 1048576K
2016-09-11T21:53:52.483-0100: 106,434: [GC (Allocation Failure) 2016-09-11T21:53:52.483-0100: 106,434: [ParNew
Desired survivor size 20112992 bytes, new threshold 8 (max 8)
- age   1:     122032 bytes,     122032 total
- age   2:      91912 bytes,     213944 total
- age   3:    1661368 bytes,    1875312 total
- age   4:    6208624 bytes,    8083936 total
- age   5:     163216 bytes,    8247152 total
- age   6:      74496 bytes,    8321648 total
- age   7:      69584 bytes,    8391232 total
- age   8:    1501392 bytes,    9892624 total
: 100668K->10463K(109248K), 0,0889315 secs] 120771K->31219K(502464K), 0,0890276 secs] [Times: user=0,07 sys=0,00, real=0,09 secs] 
Heap after GC invocations=28 (full 1):
 par new generation   total 109248K, used 10463K [0x00000007a0000000, 0x00000007a8000000, 0x00000007a8000000)
  eden space 87424K,   0% used [0x00000007a0000000, 0x00000007a0000000, 0x00000007a5560000)
  from space 21824K,  47% used [0x00000007a5560000, 0x00000007a5f97fa0, 0x00000007a6ab0000)
  to   space 21824K,   0% used [0x00000007a6ab0000, 0x00000007a6ab0000, 0x00000007a8000000)
 concurrent mark-sweep generation total 393216K, used 20755K [0x00000007a8000000, 0x00000007c0000000, 0x00000007c0000000)
 Metaspace       used 33437K, capacity 34122K, committed 34352K, reserved 1079296K
  class space    used 3912K, capacity 4129K, committed 4144K, reserved 1048576K
}
2016-09-11T21:53:52.572-0100: 106,523: Total time for which application threads were stopped: 0,0900190 seconds, Stopping threads took: 0,0006458 seconds
2016-09-11T21:53:52.985-0100: 106,935: Total time for which application threads were stopped: 0,0002787 seconds, Stopping threads took: 0,0000457 seconds
2016-09-11T21:53:52.989-0100: 106,940: Total time for which application threads were stopped: 0,0003666 seconds, Stopping threads took: 0,0001230 seconds
2016-09-11T21:53:53.021-0100: 106,972: Total time for which application threads were stopped: 0,0001872 seconds, Stopping threads took: 0,0000354 seconds
2016-09-11T21:53:53.028-0100: 106,978: Total time for which application threads were stopped: 0,0001555 seconds, Stopping threads took: 0,0000227 seconds
2016-09-11T21:53:53.376-0100: 107,327: Total time for which application threads were stopped: 0,0001804 seconds, Stopping threads took: 0,0000511 seconds
2016-09-11T21:53:53.377-0100: 107,327: Total time for which application threads were stopped: 0,0001430 seconds, Stopping threads took: 0,0000184 seconds
2016-09-11T21:53:53.465-0100: 107,415: Total time for which application threads were stopped: 0,0001868 seconds, Stopping threads took: 0,0000250 seconds
2016-09-11T21:53:53.465-0100: 107,416: Total time for which application threads were stopped: 0,0001494 seconds, Stopping threads took: 0,0000184 seconds
2016-09-11T21:53:54.015-0100: 107,965: Total time for which application threads were stopped: 0,0001612 seconds, Stopping threads took: 0,0000554 seconds
2016-09-11T21:53:54.022-0100: 107,972: Total time for which application threads were stopped: 0,0001560 seconds, Stopping threads took: 0,0000227 seconds
2016-09-11T21:53:54.022-0100: 107,973: Total time for which application threads were stopped: 0,0001570 seconds, Stopping threads took: 0,0000195 seconds
2016-09-11T21:53:54.049-0100: 107,999: Total time for which application threads were stopped: 0,0001502 seconds, Stopping threads took: 0,0000257 seconds
2016-09-11T21:53:54.050-0100: 108,000: Total time for which application threads were stopped: 0,0002886 seconds, Stopping threads took: 0,0001115 seconds
2016-09-11T21:53:55.031-0100: 108,981: Total time for which application threads were stopped: 0,0001620 seconds, Stopping threads took: 0,0000265 seconds
2016-09-11T21:53:55.064-0100: 109,014: Total time for which application threads were stopped: 0,0001883 seconds, Stopping threads took: 0,0000320 seconds
2016-09-11T21:54:02.058-0100: 116,009: Total time for which application threads were stopped: 0,0001639 seconds, Stopping threads took: 0,0000286 seconds
2016-09-11T21:54:02.069-0100: 116,019: Total time for which application threads were stopped: 0,0002041 seconds, Stopping threads took: 0,0000286 seconds
2016-09-11T21:54:02.090-0100: 116,041: Total time for which application threads were stopped: 0,0001624 seconds, Stopping threads took: 0,0000257 seconds
2016-09-11T21:54:19.136-0100: 133,087: Total time for which application threads were stopped: 0,0003289 seconds, Stopping threads took: 0,0000838 seconds
2016-09-11T21:55:53.375-0100: 227,329: Total time for which application threads were stopped: 0,0045379 seconds, Stopping threads took: 0,0004178 seconds
2016-09-11T21:57:45.605-0100: 339,563: Total time for which application threads were stopped: 0,0011705 seconds, Stopping threads took: 0,0002853 seconds
{Heap before GC invocations=28 (full 1):
 par new generation   total 109248K, used 97887K [0x00000007a0000000, 0x00000007a8000000, 0x00000007a8000000)
  eden space 87424K, 100% used [0x00000007a0000000, 0x00000007a5560000, 0x00000007a5560000)
  from space 21824K,  47% used [0x00000007a5560000, 0x00000007a5f97fa0, 0x00000007a6ab0000)
  to   space 21824K,   0% used [0x00000007a6ab0000, 0x00000007a6ab0000, 0x00000007a8000000)
 concurrent mark-sweep generation total 393216K, used 20755K [0x00000007a8000000, 0x00000007c0000000, 0x00000007c0000000)
 Metaspace       used 33536K, capacity 34226K, committed 34352K, reserved 1079296K
  class space    used 3915K, capacity 4135K, committed 4144K, reserved 1048576K
2016-09-11T21:57:45.648-0100: 339,606: [GC (Allocation Failure) 2016-09-11T21:57:45.648-0100: 339,606: [ParNew
Desired survivor size 20112992 bytes, new threshold 8 (max 8)
- age   1:    7360480 bytes,    7360480 total
- age   2:      84096 bytes,    7444576 total
- age   3:      91000 bytes,    7535576 total
- age   4:     169808 bytes,    7705384 total
- age   5:    6129296 bytes,   13834680 total
- age   6:     163216 bytes,   13997896 total
- age   7:      74496 bytes,   14072392 total
- age   8:      69584 bytes,   14141976 total
: 97887K->19723K(109248K), 0,2316051 secs] 118643K->41924K(502464K), 0,2317406 secs] [Times: user=0,09 sys=0,14, real=0,23 secs] 
Heap after GC invocations=29 (full 1):
 par new generation   total 109248K, used 19723K [0x00000007a0000000, 0x00000007a8000000, 0x00000007a8000000)
  eden space 87424K,   0% used [0x00000007a0000000, 0x00000007a0000000, 0x00000007a5560000)
  from space 21824K,  90% used [0x00000007a6ab0000, 0x00000007a7df2c80, 0x00000007a8000000)
  to   space 21824K,   0% used [0x00000007a5560000, 0x00000007a5560000, 0x00000007a6ab0000)
 concurrent mark-sweep generation total 393216K, used 22201K [0x00000007a8000000, 0x00000007c0000000, 0x00000007c0000000)
 Metaspace       used 33536K, capacity 34226K, committed 34352K, reserved 1079296K
  class space    used 3915K, capacity 4135K, committed 4144K, reserved 1048576K
}
2016-09-11T21:57:45.879-0100: 339,837: Total time for which application threads were stopped: 0,2322112 seconds, Stopping threads took: 0,0000971 seconds
2016-09-11T21:57:45.894-0100: 339,852: Total time for which application threads were stopped: 0,0019866 seconds, Stopping threads took: 0,0010115 seconds
{Heap before GC invocations=29 (full 1):
 par new generation   total 109248K, used 107124K [0x00000007a0000000, 0x00000007a8000000, 0x00000007a8000000)
  eden space 87424K,  99% used [0x00000007a0000000, 0x00000007a555a648, 0x00000007a5560000)
  from space 21824K,  90% used [0x00000007a6ab0000, 0x00000007a7df2c80, 0x00000007a8000000)
  to   space 21824K,   0% used [0x00000007a5560000, 0x00000007a5560000, 0x00000007a6ab0000)
 concurrent mark-sweep generation total 393216K, used 22201K [0x00000007a8000000, 0x00000007c0000000, 0x00000007c0000000)
 Metaspace       used 33544K, capacity 34238K, committed 34352K, reserved 1079296K
  class space    used 3916K, capacity 4137K, committed 4144K, reserved 1048576K
2016-09-11T21:57:46.037-0100: 339,995: [GC (Allocation Failure) 2016-09-11T21:57:46.037-0100: 339,995: [ParNew
Desired survivor size 20112992 bytes, new threshold 8 (max 8)
- age   1:     976248 bytes,     976248 total
- age   2:    7117360 bytes,    8093608 total
- age   3:      84096 bytes,    8177704 total
- age   4:      91000 bytes,    8268704 total
- age   5:     169808 bytes,    8438512 total
- age   6:    6128744 bytes,   14567256 total
- age   7:     163216 bytes,   14730472 total
- age   8:      74496 bytes,   14804968 total
: 107124K->17199K(109248K), 0,0697831 secs] 129325K->39471K(502464K), 0,0698753 secs] [Times: user=0,08 sys=0,02, real=0,07 secs] 
Heap after GC invocations=30 (full 1):
 par new generation   total 109248K, used 17199K [0x00000007a0000000, 0x00000007a8000000, 0x00000007a8000000)
  eden space 87424K,   0% used [0x00000007a0000000, 0x00000007a0000000, 0x00000007a5560000)
  from space 21824K,  78% used [0x00000007a5560000, 0x00000007a662bf18, 0x00000007a6ab0000)
  to   space 21824K,   0% used [0x00000007a6ab0000, 0x00000007a6ab0000, 0x00000007a8000000)
 concurrent mark-sweep generation total 393216K, used 22271K [0x00000007a8000000, 0x00000007c0000000, 0x00000007c0000000)
 Metaspace       used 33544K, capacity 34238K, committed 34352K, reserved 1079296K
  class space    used 3916K, capacity 4137K, committed 4144K, reserved 1048576K
}
2016-09-11T21:57:46.107-0100: 340,065: Total time for which application threads were stopped: 0,0705898 seconds, Stopping threads took: 0,0004457 seconds
{Heap before GC invocations=30 (full 1):
 par new generation   total 109248K, used 104620K [0x00000007a0000000, 0x00000007a8000000, 0x00000007a8000000)
  eden space 87424K,  99% used [0x00000007a0000000, 0x00000007a555f458, 0x00000007a5560000)
  from space 21824K,  78% used [0x00000007a5560000, 0x00000007a662bf18, 0x00000007a6ab0000)
  to   space 21824K,   0% used [0x00000007a6ab0000, 0x00000007a6ab0000, 0x00000007a8000000)
 concurrent mark-sweep generation total 393216K, used 22271K [0x00000007a8000000, 0x00000007c0000000, 0x00000007c0000000)
 Metaspace       used 33561K, capacity 34268K, committed 34352K, reserved 1079296K
  class space    used 3919K, capacity 4142K, committed 4144K, reserved 1048576K
2016-09-11T21:57:46.128-0100: 340,086: [GC (Allocation Failure) 2016-09-11T21:57:46.128-0100: 340,086: [ParNew
Desired survivor size 20112992 bytes, new threshold 8 (max 8)
- age   1:     493920 bytes,     493920 total
- age   2:     559096 bytes,    1053016 total
- age   3:    7117360 bytes,    8170376 total
- age   4:      84096 bytes,    8254472 total
- age   5:      91000 bytes,    8345472 total
- age   6:     169808 bytes,    8515280 total
- age   7:    6128744 bytes,   14644024 total
- age   8:     163216 bytes,   14807240 total
: 104620K->21824K(109248K), 0,0828807 secs] 126892K->44170K(502464K), 0,0829767 secs] [Times: user=0,07 sys=0,00, real=0,09 secs] 
Heap after GC invocations=31 (full 1):
 par new generation   total 109248K, used 21824K [0x00000007a0000000, 0x00000007a8000000, 0x00000007a8000000)
  eden space 87424K,   0% used [0x00000007a0000000, 0x00000007a0000000, 0x00000007a5560000)
  from space 21824K, 100% used [0x00000007a6ab0000, 0x00000007a8000000, 0x00000007a8000000)
  to   space 21824K,   0% used [0x00000007a5560000, 0x00000007a5560000, 0x00000007a6ab0000)
 concurrent mark-sweep generation total 393216K, used 22346K [0x00000007a8000000, 0x00000007c0000000, 0x00000007c0000000)
 Metaspace       used 33561K, capacity 34268K, committed 34352K, reserved 1079296K
  class space    used 3919K, capacity 4142K, committed 4144K, reserved 1048576K
}
2016-09-11T21:57:46.211-0100: 340,169: Total time for which application threads were stopped: 0,0835986 seconds, Stopping threads took: 0,0003030 seconds
{Heap before GC invocations=31 (full 1):
 par new generation   total 109248K, used 109248K [0x00000007a0000000, 0x00000007a8000000, 0x00000007a8000000)
  eden space 87424K, 100% used [0x00000007a0000000, 0x00000007a5560000, 0x00000007a5560000)
  from space 21824K, 100% used [0x00000007a6ab0000, 0x00000007a8000000, 0x00000007a8000000)
  to   space 21824K,   0% used [0x00000007a5560000, 0x00000007a5560000, 0x00000007a6ab0000)
 concurrent mark-sweep generation total 393216K, used 22346K [0x00000007a8000000, 0x00000007c0000000, 0x00000007c0000000)
 Metaspace       used 33589K, capacity 34310K, committed 34480K, reserved 1079296K
  class space    used 3923K, capacity 4149K, committed 4272K, reserved 1048576K
2016-09-11T21:57:46.263-0100: 340,221: [GC (Allocation Failure) 2016-09-11T21:57:46.263-0100: 340,221: [ParNew
Desired survivor size 20112992 bytes, new threshold 8 (max 8)
- age   1:     986672 bytes,     986672 total
- age   2:      59136 bytes,    1045808 total
- age   3:     558848 bytes,    1604656 total
- age   4:    7117432 bytes,    8722088 total
- age   5:      84096 bytes,    8806184 total
- age   6:      91000 bytes,    8897184 total
- age   7:     169808 bytes,    9066992 total
- age   8:    6128744 bytes,   15195736 total
: 109248K->18710K(109248K), 0,0505107 secs] 131594K->41219K(502464K), 0,0506104 secs] [Times: user=0,06 sys=0,00, real=0,05 secs] 
Heap after GC invocations=32 (full 1):
 par new generation   total 109248K, used 18710K [0x00000007a0000000, 0x00000007a8000000, 0x00000007a8000000)
  eden space 87424K,   0% used [0x00000007a0000000, 0x00000007a0000000, 0x00000007a5560000)
  from space 21824K,  85% used [0x00000007a5560000, 0x00000007a67a5890, 0x00000007a6ab0000)
  to   space 21824K,   0% used [0x00000007a6ab0000, 0x00000007a6ab0000, 0x00000007a8000000)
 concurrent mark-sweep generation total 393216K, used 22509K [0x00000007a8000000, 0x00000007c0000000, 0x00000007c0000000)
 Metaspace       used 33589K, capacity 34310K, committed 34480K, reserved 1079296K
  class space    used 3923K, capacity 4149K, committed 4272K, reserved 1048576K
}
2016-09-11T21:57:46.314-0100: 340,272: Total time for which application threads were stopped: 0,0616835 seconds, Stopping threads took: 0,0107092 seconds
{Heap before GC invocations=32 (full 1):
 par new generation   total 109248K, used 106134K [0x00000007a0000000, 0x00000007a8000000, 0x00000007a8000000)
  eden space 87424K, 100% used [0x00000007a0000000, 0x00000007a5560000, 0x00000007a5560000)
  from space 21824K,  85% used [0x00000007a5560000, 0x00000007a67a5890, 0x00000007a6ab0000)
  to   space 21824K,   0% used [0x00000007a6ab0000, 0x00000007a6ab0000, 0x00000007a8000000)
 concurrent mark-sweep generation total 393216K, used 22509K [0x00000007a8000000, 0x00000007c0000000, 0x00000007c0000000)
 Metaspace       used 33614K, capacity 34346K, committed 34480K, reserved 1079296K
  class space    used 3926K, capacity 4155K, committed 4272K, reserved 1048576K
2016-09-11T21:57:46.351-0100: 340,309: [GC (Allocation Failure) 2016-09-11T21:57:46.351-0100: 340,309: [ParNew
Desired survivor size 20112992 bytes, new threshold 8 (max 8)
- age   1:     639408 bytes,     639408 total
- age   2:     114512 bytes,     753920 total
- age   3:      58376 bytes,     812296 total
- age   4:     558848 bytes,    1371144 total
- age   5:    7117360 bytes,    8488504 total
- age   6:      84096 bytes,    8572600 total
- age   7:      91000 bytes,    8663600 total
- age   8:     169808 bytes,    8833408 total
: 106134K->16038K(109248K), 0,0899619 secs] 128643K->44547K(502464K), 0,0900634 secs] [Times: user=0,08 sys=0,01, real=0,09 secs] 
Heap after GC invocations=33 (full 1):
 par new generation   total 109248K, used 16038K [0x00000007a0000000, 0x00000007a8000000, 0x00000007a8000000)
  eden space 87424K,   0% used [0x00000007a0000000, 0x00000007a0000000, 0x00000007a5560000)
  from space 21824K,  73% used [0x00000007a6ab0000, 0x00000007a7a598f8, 0x00000007a8000000)
  to   space 21824K,   0% used [0x00000007a5560000, 0x00000007a5560000, 0x00000007a6ab0000)
 concurrent mark-sweep generation total 393216K, used 28509K [0x00000007a8000000, 0x00000007c0000000, 0x00000007c0000000)
 Metaspace       used 33614K, capacity 34346K, committed 34480K, reserved 1079296K
  class space    used 3926K, capacity 4155K, committed 4272K, reserved 1048576K
}
2016-09-11T21:57:46.441-0100: 340,399: Total time for which application threads were stopped: 0,0907803 seconds, Stopping threads took: 0,0004301 seconds
{Heap before GC invocations=33 (full 1):
 par new generation   total 109248K, used 103447K [0x00000007a0000000, 0x00000007a8000000, 0x00000007a8000000)
  eden space 87424K,  99% used [0x00000007a0000000, 0x00000007a555c528, 0x00000007a5560000)
  from space 21824K,  73% used [0x00000007a6ab0000, 0x00000007a7a598f8, 0x00000007a8000000)
  to   space 21824K,   0% used [0x00000007a5560000, 0x00000007a5560000, 0x00000007a6ab0000)
 concurrent mark-sweep generation total 393216K, used 28509K [0x00000007a8000000, 0x00000007c0000000, 0x00000007c0000000)
 Metaspace       used 33681K, capacity 34452K, committed 34736K, reserved 1079296K
  class space    used 3938K, capacity 4162K, committed 4272K, reserved 1048576K
2016-09-11T21:57:46.539-0100: 340,497: [GC (Allocation Failure) 2016-09-11T21:57:46.539-0100: 340,497: [ParNew
Desired survivor size 20112992 bytes, new threshold 8 (max 8)
- age   1:     884672 bytes,     884672 total
- age   2:     112088 bytes,     996760 total
- age   3:     113808 bytes,    1110568 total
- age   4:      57888 bytes,    1168456 total
- age   5:     558848 bytes,    1727304 total
- age   6:    7117176 bytes,    8844480 total
- age   7:      84096 bytes,    8928576 total
- age   8:      91000 bytes,    9019576 total
: 103447K->11112K(109248K), 0,0299172 secs] 131956K->39789K(502464K), 0,0299976 secs] [Times: user=0,04 sys=0,00, real=0,03 secs] 
Heap after GC invocations=34 (full 1):
 par new generation   total 109248K, used 11112K [0x00000007a0000000, 0x00000007a8000000, 0x00000007a8000000)
  eden space 87424K,   0% used [0x00000007a0000000, 0x00000007a0000000, 0x00000007a5560000)
  from space 21824K,  50% used [0x00000007a5560000, 0x00000007a603a1e8, 0x00000007a6ab0000)
  to   space 21824K,   0% used [0x00000007a6ab0000, 0x00000007a6ab0000, 0x00000007a8000000)
 concurrent mark-sweep generation total 393216K, used 28677K [0x00000007a8000000, 0x00000007c0000000, 0x00000007c0000000)
 Metaspace       used 33681K, capacity 34452K, committed 34736K, reserved 1079296K
  class space    used 3938K, capacity 4162K, committed 4272K, reserved 1048576K
}
2016-09-11T21:57:46.569-0100: 340,527: Total time for which application threads were stopped: 0,0594365 seconds, Stopping threads took: 0,0290824 seconds
2016-09-11T21:57:46.575-0100: 340,533: Total time for which application threads were stopped: 0,0042621 seconds, Stopping threads took: 0,0005926 seconds
2016-09-11T21:57:46.723-0100: 340,681: Total time for which application threads were stopped: 0,0004163 seconds, Stopping threads took: 0,0001033 seconds
{Heap before GC invocations=34 (full 1):
 par new generation   total 109248K, used 102500K [0x00000007a0000000, 0x00000007a8000000, 0x00000007a8000000)
  eden space 87424K, 100% used [0x00000007a0000000, 0x00000007a5560000, 0x00000007a5560000)
  from space 21824K,  69% used [0x00000007a5560000, 0x00000007a6419298, 0x00000007a6ab0000)
  to   space 21824K,   0% used [0x00000007a6ab0000, 0x00000007a6ab0000, 0x00000007a8000000)
 concurrent mark-sweep generation total 393216K, used 28677K [0x00000007a8000000, 0x00000007c0000000, 0x00000007c0000000)
 Metaspace       used 34008K, capacity 34794K, committed 34992K, reserved 1079296K
  class space    used 3982K, capacity 4203K, committed 4272K, reserved 1048576K
2016-09-11T21:57:46.728-0100: 340,686: [GC (GCLocker Initiated GC) 2016-09-11T21:57:46.728-0100: 340,686: [ParNew
Desired survivor size 20112992 bytes, new threshold 8 (max 8)
- age   1:    1775488 bytes,    1775488 total
- age   2:     121400 bytes,    1896888 total
- age   3:     111320 bytes,    2008208 total
- age   4:     113352 bytes,    2121560 total
- age   5:      56928 bytes,    2178488 total
- age   6:     557472 bytes,    2735960 total
- age   7:    7117024 bytes,    9852984 total
- age   8:      84096 bytes,    9937080 total
: 102500K->13335K(109248K), 0,0218158 secs] 131177K->42104K(502464K), 0,0219245 secs] [Times: user=0,06 sys=0,00, real=0,02 secs] 
Heap after GC invocations=35 (full 1):
 par new generation   total 109248K, used 13335K [0x00000007a0000000, 0x00000007a8000000, 0x00000007a8000000)
  eden space 87424K,   0% used [0x00000007a0000000, 0x00000007a0000000, 0x00000007a5560000)
  from space 21824K,  61% used [0x00000007a6ab0000, 0x00000007a77b5f10, 0x00000007a8000000)
  to   space 21824K,   0% used [0x00000007a5560000, 0x00000007a5560000, 0x00000007a6ab0000)
 concurrent mark-sweep generation total 393216K, used 28768K [0x00000007a8000000, 0x00000007c0000000, 0x00000007c0000000)
 Metaspace       used 34008K, capacity 34794K, committed 34992K, reserved 1079296K
  class space    used 3982K, capacity 4203K, committed 4272K, reserved 1048576K
}
2016-09-11T21:57:46.750-0100: 340,708: Total time for which application threads were stopped: 0,0222917 seconds, Stopping threads took: 0,0000272 seconds
2016-09-11T21:57:46.810-0100: 340,768: Total time for which application threads were stopped: 0,0003226 seconds, Stopping threads took: 0,0001197 seconds
2016-09-11T21:57:46.813-0100: 340,771: Total time for which application threads were stopped: 0,0002328 seconds, Stopping threads took: 0,0000579 seconds
2016-09-11T21:57:46.847-0100: 340,805: Total time for which application threads were stopped: 0,0001845 seconds, Stopping threads took: 0,0000250 seconds
2016-09-11T21:57:46.871-0100: 340,829: Total time for which application threads were stopped: 0,0001674 seconds, Stopping threads took: 0,0000393 seconds
2016-09-11T21:57:46.945-0100: 340,904: Total time for which application threads were stopped: 0,0001437 seconds, Stopping threads took: 0,0000216 seconds
2016-09-11T21:57:46.963-0100: 340,921: Total time for which application threads were stopped: 0,0001538 seconds, Stopping threads took: 0,0000255 seconds
2016-09-11T21:57:46.963-0100: 340,921: Total time for which application threads were stopped: 0,0000722 seconds, Stopping threads took: 0,0000111 seconds
2016-09-11T21:57:46.977-0100: 340,935: Total time for which application threads were stopped: 0,0001214 seconds, Stopping threads took: 0,0000211 seconds
2016-09-11T21:57:46.995-0100: 340,953: Total time for which application threads were stopped: 0,0006051 seconds, Stopping threads took: 0,0000505 seconds
2016-09-11T21:57:46.997-0100: 340,955: Total time for which application threads were stopped: 0,0005844 seconds, Stopping threads took: 0,0000202 seconds
2016-09-11T21:57:47.032-0100: 340,990: Total time for which application threads were stopped: 0,0001587 seconds, Stopping threads took: 0,0000371 seconds
2016-09-11T21:57:47.035-0100: 340,993: Total time for which application threads were stopped: 0,0005211 seconds, Stopping threads took: 0,0000242 seconds
2016-09-11T21:57:47.036-0100: 340,994: Total time for which application threads were stopped: 0,0004999 seconds, Stopping threads took: 0,0000268 seconds
2016-09-11T21:57:47.039-0100: 340,997: Total time for which application threads were stopped: 0,0005618 seconds, Stopping threads took: 0,0000339 seconds
2016-09-11T21:57:47.114-0100: 341,072: Total time for which application threads were stopped: 0,0001963 seconds, Stopping threads took: 0,0000255 seconds
2016-09-11T21:57:47.118-0100: 341,076: Total time for which application threads were stopped: 0,0001660 seconds, Stopping threads took: 0,0000243 seconds
2016-09-11T21:57:47.143-0100: 341,101: Total time for which application threads were stopped: 0,0001792 seconds, Stopping threads took: 0,0000242 seconds
2016-09-11T21:57:47.153-0100: 341,111: Total time for which application threads were stopped: 0,0002321 seconds, Stopping threads took: 0,0000237 seconds
2016-09-11T21:57:47.154-0100: 341,112: Total time for which application threads were stopped: 0,0001402 seconds, Stopping threads took: 0,0000329 seconds
2016-09-11T21:57:47.154-0100: 341,112: Total time for which application threads were stopped: 0,0001129 seconds, Stopping threads took: 0,0000256 seconds
2016-09-11T21:57:47.154-0100: 341,113: Total time for which application threads were stopped: 0,0001267 seconds, Stopping threads took: 0,0000304 seconds
2016-09-11T21:57:47.155-0100: 341,113: Total time for which application threads were stopped: 0,0001290 seconds, Stopping threads took: 0,0000299 seconds
2016-09-11T21:57:47.978-0100: 341,936: Total time for which application threads were stopped: 0,0001890 seconds, Stopping threads took: 0,0000279 seconds
2016-09-11T21:57:47.979-0100: 341,937: Total time for which application threads were stopped: 0,0002007 seconds, Stopping threads took: 0,0000420 seconds
{Heap before GC invocations=35 (full 1):
 par new generation   total 109248K, used 100759K [0x00000007a0000000, 0x00000007a8000000, 0x00000007a8000000)
  eden space 87424K, 100% used [0x00000007a0000000, 0x00000007a5560000, 0x00000007a5560000)
  from space 21824K,  61% used [0x00000007a6ab0000, 0x00000007a77b5f10, 0x00000007a8000000)
  to   space 21824K,   0% used [0x00000007a5560000, 0x00000007a5560000, 0x00000007a6ab0000)
 concurrent mark-sweep generation total 393216K, used 28768K [0x00000007a8000000, 0x00000007c0000000, 0x00000007c0000000)
 Metaspace       used 34869K, capacity 35700K, committed 35888K, reserved 1081344K
  class space    used 4081K, capacity 4360K, committed 4400K, reserved 1048576K
2016-09-11T21:57:48.005-0100: 341,964: [GC (Allocation Failure) 2016-09-11T21:57:48.006-0100: 341,964: [ParNew
Desired survivor size 20112992 bytes, new threshold 8 (max 8)
- age   1:    7506152 bytes,    7506152 total
- age   2:     626792 bytes,    8132944 total
- age   3:     105872 bytes,    8238816 total
- age   4:     110912 bytes,    8349728 total
- age   5:     112824 bytes,    8462552 total
- age   6:      56448 bytes,    8519000 total
- age   7:      38128 bytes,    8557128 total
- age   8:    4908504 bytes,   13465632 total
: 100759K->14650K(109248K), 0,0571804 secs] 129528K->43503K(502464K), 0,0572641 secs] [Times: user=0,05 sys=0,00, real=0,06 secs] 
Heap after GC invocations=36 (full 1):
 par new generation   total 109248K, used 14650K [0x00000007a0000000, 0x00000007a8000000, 0x00000007a8000000)
  eden space 87424K,   0% used [0x00000007a0000000, 0x00000007a0000000, 0x00000007a5560000)
  from space 21824K,  67% used [0x00000007a5560000, 0x00000007a63ae978, 0x00000007a6ab0000)
  to   space 21824K,   0% used [0x00000007a6ab0000, 0x00000007a6ab0000, 0x00000007a8000000)
 concurrent mark-sweep generation total 393216K, used 28852K [0x00000007a8000000, 0x00000007c0000000, 0x00000007c0000000)
 Metaspace       used 34869K, capacity 35700K, committed 35888K, reserved 1081344K
  class space    used 4081K, capacity 4360K, committed 4400K, reserved 1048576K
}
2016-09-11T21:57:48.063-0100: 342,021: Total time for which application threads were stopped: 0,0575961 seconds, Stopping threads took: 0,0000291 seconds
{Heap before GC invocations=36 (full 1):
 par new generation   total 109248K, used 102074K [0x00000007a0000000, 0x00000007a8000000, 0x00000007a8000000)
  eden space 87424K, 100% used [0x00000007a0000000, 0x00000007a5560000, 0x00000007a5560000)
  from space 21824K,  67% used [0x00000007a5560000, 0x00000007a63ae978, 0x00000007a6ab0000)
  to   space 21824K,   0% used [0x00000007a6ab0000, 0x00000007a6ab0000, 0x00000007a8000000)
 concurrent mark-sweep generation total 393216K, used 28852K [0x00000007a8000000, 0x00000007c0000000, 0x00000007c0000000)
 Metaspace       used 34878K, capacity 35706K, committed 35888K, reserved 1081344K
  class space    used 4082K, capacity 4361K, committed 4400K, reserved 1048576K
2016-09-11T21:57:48.108-0100: 342,066: [GC (Allocation Failure) 2016-09-11T21:57:48.108-0100: 342,066: [ParNew
Desired survivor size 20112992 bytes, new threshold 8 (max 8)
- age   1:    2512344 bytes,    2512344 total
- age   2:    6992032 bytes,    9504376 total
- age   3:     624728 bytes,   10129104 total
- age   4:     105872 bytes,   10234976 total
- age   5:     110912 bytes,   10345888 total
- age   6:     112824 bytes,   10458712 total
- age   7:      56448 bytes,   10515160 total
- age   8:      38128 bytes,   10553288 total
: 102074K->16828K(109248K), 0,0607628 secs] 130927K->50489K(502464K), 0,0608715 secs] [Times: user=0,08 sys=0,01, real=0,06 secs] 
Heap after GC invocations=37 (full 1):
 par new generation   total 109248K, used 16828K [0x00000007a0000000, 0x00000007a8000000, 0x00000007a8000000)
  eden space 87424K,   0% used [0x00000007a0000000, 0x00000007a0000000, 0x00000007a5560000)
  from space 21824K,  77% used [0x00000007a6ab0000, 0x00000007a7b1f3f0, 0x00000007a8000000)
  to   space 21824K,   0% used [0x00000007a5560000, 0x00000007a5560000, 0x00000007a6ab0000)
 concurrent mark-sweep generation total 393216K, used 33660K [0x00000007a8000000, 0x00000007c0000000, 0x00000007c0000000)
 Metaspace       used 34878K, capacity 35706K, committed 35888K, reserved 1081344K
  class space    used 4082K, capacity 4361K, committed 4400K, reserved 1048576K
}
2016-09-11T21:57:48.169-0100: 342,127: Total time for which application threads were stopped: 0,0612747 seconds, Stopping threads took: 0,0001142 seconds
{Heap before GC invocations=37 (full 1):
 par new generation   total 109248K, used 104252K [0x00000007a0000000, 0x00000007a8000000, 0x00000007a8000000)
  eden space 87424K, 100% used [0x00000007a0000000, 0x00000007a5560000, 0x00000007a5560000)
  from space 21824K,  77% used [0x00000007a6ab0000, 0x00000007a7b1f3f0, 0x00000007a8000000)
  to   space 21824K,   0% used [0x00000007a5560000, 0x00000007a5560000, 0x00000007a6ab0000)
 concurrent mark-sweep generation total 393216K, used 33660K [0x00000007a8000000, 0x00000007c0000000, 0x00000007c0000000)
 Metaspace       used 34903K, capacity 35776K, committed 35888K, reserved 1081344K
  class space    used 4082K, capacity 4362K, committed 4400K, reserved 1048576K
2016-09-11T21:57:48.192-0100: 342,150: [GC (Allocation Failure) 2016-09-11T21:57:48.192-0100: 342,150: [ParNew
Desired survivor size 20112992 bytes, new threshold 8 (max 8)
- age   1:     828024 bytes,     828024 total
- age   2:    2070736 bytes,    2898760 total
- age   3:    6991896 bytes,    9890656 total
- age   4:     624616 bytes,   10515272 total
- age   5:     105872 bytes,   10621144 total
- age   6:     110912 bytes,   10732056 total
- age   7:     112824 bytes,   10844880 total
- age   8:      56448 bytes,   10901328 total
: 104252K->13382K(109248K), 0,0455834 secs] 137913K->47082K(502464K), 0,0459673 secs] [Times: user=0,03 sys=0,00, real=0,04 secs] 
Heap after GC invocations=38 (full 1):
 par new generation   total 109248K, used 13382K [0x00000007a0000000, 0x00000007a8000000, 0x00000007a8000000)
  eden space 87424K,   0% used [0x00000007a0000000, 0x00000007a0000000, 0x00000007a5560000)
  from space 21824K,  61% used [0x00000007a5560000, 0x00000007a62719b0, 0x00000007a6ab0000)
  to   space 21824K,   0% used [0x00000007a6ab0000, 0x00000007a6ab0000, 0x00000007a8000000)
 concurrent mark-sweep generation total 393216K, used 33700K [0x00000007a8000000, 0x00000007c0000000, 0x00000007c0000000)
 Metaspace       used 34903K, capacity 35776K, committed 35888K, reserved 1081344K
  class space    used 4082K, capacity 4362K, committed 4400K, reserved 1048576K
}
2016-09-11T21:57:48.238-0100: 342,196: Total time for which application threads were stopped: 0,0464757 seconds, Stopping threads took: 0,0002338 seconds
{Heap before GC invocations=38 (full 1):
 par new generation   total 109248K, used 100806K [0x00000007a0000000, 0x00000007a8000000, 0x00000007a8000000)
  eden space 87424K, 100% used [0x00000007a0000000, 0x00000007a5560000, 0x00000007a5560000)
  from space 21824K,  61% used [0x00000007a5560000, 0x00000007a62719b0, 0x00000007a6ab0000)
  to   space 21824K,   0% used [0x00000007a6ab0000, 0x00000007a6ab0000, 0x00000007a8000000)
 concurrent mark-sweep generation total 393216K, used 33700K [0x00000007a8000000, 0x00000007c0000000, 0x00000007c0000000)
 Metaspace       used 34904K, capacity 35776K, committed 35888K, reserved 1081344K
  class space    used 4082K, capacity 4362K, committed 4400K, reserved 1048576K
2016-09-11T21:57:48.269-0100: 342,227: [GC (Allocation Failure) 2016-09-11T21:57:48.269-0100: 342,227: [ParNew
Desired survivor size 20112992 bytes, new threshold 8 (max 8)
- age   1:     895912 bytes,     895912 total
- age   2:     306704 bytes,    1202616 total
- age   3:    2070464 bytes,    3273080 total
- age   4:    6991896 bytes,   10264976 total
- age   5:     624616 bytes,   10889592 total
- age   6:     105872 bytes,   10995464 total
- age   7:     110912 bytes,   11106376 total
- age   8:     112824 bytes,   11219200 total
: 100806K->13229K(109248K), 0,0586588 secs] 134506K->46987K(502464K), 0,0587602 secs] [Times: user=0,04 sys=0,00, real=0,06 secs] 
Heap after GC invocations=39 (full 1):
 par new generation   total 109248K, used 13229K [0x00000007a0000000, 0x00000007a8000000, 0x00000007a8000000)
  eden space 87424K,   0% used [0x00000007a0000000, 0x00000007a0000000, 0x00000007a5560000)
  from space 21824K,  60% used [0x00000007a6ab0000, 0x00000007a779b580, 0x00000007a8000000)
  to   space 21824K,   0% used [0x00000007a5560000, 0x00000007a5560000, 0x00000007a6ab0000)
 concurrent mark-sweep generation total 393216K, used 33757K [0x00000007a8000000, 0x00000007c0000000, 0x00000007c0000000)
 Metaspace       used 34904K, capacity 35776K, committed 35888K, reserved 1081344K
  class space    used 4082K, capacity 4362K, committed 4400K, reserved 1048576K
}
2016-09-11T21:57:48.327-0100: 342,285: Total time for which application threads were stopped: 0,0592121 seconds, Stopping threads took: 0,0001357 seconds
{Heap before GC invocations=39 (full 1):
 par new generation   total 109248K, used 100653K [0x00000007a0000000, 0x00000007a8000000, 0x00000007a8000000)
  eden space 87424K, 100% used [0x00000007a0000000, 0x00000007a5560000, 0x00000007a5560000)
  from space 21824K,  60% used [0x00000007a6ab0000, 0x00000007a779b580, 0x00000007a8000000)
  to   space 21824K,   0% used [0x00000007a5560000, 0x00000007a5560000, 0x00000007a6ab0000)
 concurrent mark-sweep generation total 393216K, used 33757K [0x00000007a8000000, 0x00000007c0000000, 0x00000007c0000000)
 Metaspace       used 34906K, capacity 35776K, committed 35888K, reserved 1081344K
  class space    used 4083K, capacity 4362K, committed 4400K, reserved 1048576K
2016-09-11T21:57:48.356-0100: 342,314: [GC (Allocation Failure) 2016-09-11T21:57:48.356-0100: 342,314: [ParNew
Desired survivor size 20112992 bytes, new threshold 8 (max 8)
- age   1:    1019880 bytes,    1019880 total
- age   2:     107040 bytes,    1126920 total
- age   3:     306432 bytes,    1433352 total
- age   4:    2070248 bytes,    3503600 total
- age   5:    6991896 bytes,   10495496 total
- age   6:     624616 bytes,   11120112 total
- age   7:     105872 bytes,   11225984 total
- age   8:     110912 bytes,   11336896 total
: 100653K->13711K(109248K), 0,0364525 secs] 134411K->47582K(502464K), 0,0365670 secs] [Times: user=0,04 sys=0,00, real=0,04 secs] 
Heap after GC invocations=40 (full 1):
 par new generation   total 109248K, used 13711K [0x00000007a0000000, 0x00000007a8000000, 0x00000007a8000000)
  eden space 87424K,   0% used [0x00000007a0000000, 0x00000007a0000000, 0x00000007a5560000)
  from space 21824K,  62% used [0x00000007a5560000, 0x00000007a62c3f40, 0x00000007a6ab0000)
  to   space 21824K,   0% used [0x00000007a6ab0000, 0x00000007a6ab0000, 0x00000007a8000000)
 concurrent mark-sweep generation total 393216K, used 33870K [0x00000007a8000000, 0x00000007c0000000, 0x00000007c0000000)
 Metaspace       used 34906K, capacity 35776K, committed 35888K, reserved 1081344K
  class space    used 4083K, capacity 4362K, committed 4400K, reserved 1048576K
}
2016-09-11T21:57:48.393-0100: 342,351: Total time for which application threads were stopped: 0,0370370 seconds, Stopping threads took: 0,0001456 seconds
{Heap before GC invocations=40 (full 1):
 par new generation   total 109248K, used 101135K [0x00000007a0000000, 0x00000007a8000000, 0x00000007a8000000)
  eden space 87424K, 100% used [0x00000007a0000000, 0x00000007a5560000, 0x00000007a5560000)
  from space 21824K,  62% used [0x00000007a5560000, 0x00000007a62c3f40, 0x00000007a6ab0000)
  to   space 21824K,   0% used [0x00000007a6ab0000, 0x00000007a6ab0000, 0x00000007a8000000)
 concurrent mark-sweep generation total 393216K, used 33870K [0x00000007a8000000, 0x00000007c0000000, 0x00000007c0000000)
 Metaspace       used 34906K, capacity 35776K, committed 35888K, reserved 1081344K
  class space    used 4083K, capacity 4362K, committed 4400K, reserved 1048576K
2016-09-11T21:57:48.447-0100: 342,405: [GC (Allocation Failure) 2016-09-11T21:57:48.447-0100: 342,405: [ParNew
Desired survivor size 20112992 bytes, new threshold 8 (max 8)
- age   1:     939544 bytes,     939544 total
- age   2:     101576 bytes,    1041120 total
- age   3:     106608 bytes,    1147728 total
- age   4:     305888 bytes,    1453616 total
- age   5:    2070248 bytes,    3523864 total
- age   6:    6992016 bytes,   10515880 total
- age   7:     624616 bytes,   11140496 total
- age   8:     105944 bytes,   11246440 total
: 101135K->12692K(109248K), 0,0283157 secs] 135006K->46673K(502464K), 0,0284104 secs] [Times: user=0,05 sys=0,00, real=0,03 secs] 
Heap after GC invocations=41 (full 1):
 par new generation   total 109248K, used 12692K [0x00000007a0000000, 0x00000007a8000000, 0x00000007a8000000)
  eden space 87424K,   0% used [0x00000007a0000000, 0x00000007a0000000, 0x00000007a5560000)
  from space 21824K,  58% used [0x00000007a6ab0000, 0x00000007a7715290, 0x00000007a8000000)
  to   space 21824K,   0% used [0x00000007a5560000, 0x00000007a5560000, 0x00000007a6ab0000)
 concurrent mark-sweep generation total 393216K, used 33981K [0x00000007a8000000, 0x00000007c0000000, 0x00000007c0000000)
 Metaspace       used 34906K, capacity 35776K, committed 35888K, reserved 1081344K
  class space    used 4083K, capacity 4362K, committed 4400K, reserved 1048576K
}
2016-09-11T21:57:48.476-0100: 342,434: Total time for which application threads were stopped: 0,0289797 seconds, Stopping threads took: 0,0002087 seconds
{Heap before GC invocations=41 (full 1):
 par new generation   total 109248K, used 100116K [0x00000007a0000000, 0x00000007a8000000, 0x00000007a8000000)
  eden space 87424K, 100% used [0x00000007a0000000, 0x00000007a5560000, 0x00000007a5560000)
  from space 21824K,  58% used [0x00000007a6ab0000, 0x00000007a7715290, 0x00000007a8000000)
  to   space 21824K,   0% used [0x00000007a5560000, 0x00000007a5560000, 0x00000007a6ab0000)
 concurrent mark-sweep generation total 393216K, used 33981K [0x00000007a8000000, 0x00000007c0000000, 0x00000007c0000000)
 Metaspace       used 34912K, capacity 35776K, committed 35888K, reserved 1081344K
  class space    used 4083K, capacity 4362K, committed 4400K, reserved 1048576K
2016-09-11T21:57:48.666-0100: 342,624: [GC (Allocation Failure) 2016-09-11T21:57:48.666-0100: 342,624: [ParNew
Desired survivor size 20112992 bytes, new threshold 8 (max 8)
- age   1:     710592 bytes,     710592 total
- age   2:      82064 bytes,     792656 total
- age   3:     100112 bytes,     892768 total
- age   4:     105720 bytes,     998488 total
- age   5:     304352 bytes,    1302840 total
- age   6:    2068048 bytes,    3370888 total
- age   7:    6991168 bytes,   10362056 total
- age   8:     624616 bytes,   10986672 total
: 100116K->16035K(109248K), 0,0605996 secs] 134097K->50122K(502464K), 0,0607082 secs] [Times: user=0,03 sys=0,00, real=0,06 secs] 
Heap after GC invocations=42 (full 1):
 par new generation   total 109248K, used 16035K [0x00000007a0000000, 0x00000007a8000000, 0x00000007a8000000)
  eden space 87424K,   0% used [0x00000007a0000000, 0x00000007a0000000, 0x00000007a5560000)
  from space 21824K,  73% used [0x00000007a5560000, 0x00000007a6508d38, 0x00000007a6ab0000)
  to   space 21824K,   0% used [0x00000007a6ab0000, 0x00000007a6ab0000, 0x00000007a8000000)
 concurrent mark-sweep generation total 393216K, used 34087K [0x00000007a8000000, 0x00000007c0000000, 0x00000007c0000000)
 Metaspace       used 34912K, capacity 35776K, committed 35888K, reserved 1081344K
  class space    used 4083K, capacity 4362K, committed 4400K, reserved 1048576K
}
2016-09-11T21:57:48.726-0100: 342,684: Total time for which application threads were stopped: 0,0998573 seconds, Stopping threads took: 0,0388397 seconds
2016-09-11T21:57:48.832-0100: 342,790: Total time for which application threads were stopped: 0,0002343 seconds, Stopping threads took: 0,0000285 seconds
2016-09-11T21:57:48.834-0100: 342,792: Total time for which application threads were stopped: 0,0001612 seconds, Stopping threads took: 0,0000267 seconds
2016-09-11T21:57:48.834-0100: 342,792: Total time for which application threads were stopped: 0,0000989 seconds, Stopping threads took: 0,0000121 seconds
2016-09-11T21:57:48.835-0100: 342,793: Total time for which application threads were stopped: 0,0001133 seconds, Stopping threads took: 0,0000146 seconds
2016-09-11T21:57:48.862-0100: 342,820: Total time for which application threads were stopped: 0,0002107 seconds, Stopping threads took: 0,0000478 seconds
2016-09-11T21:57:48.980-0100: 342,938: Total time for which application threads were stopped: 0,0179613 seconds, Stopping threads took: 0,0177436 seconds
2016-09-11T21:57:49.000-0100: 342,958: Total time for which application threads were stopped: 0,0001748 seconds, Stopping threads took: 0,0000275 seconds
2016-09-11T21:57:49.002-0100: 342,961: Total time for which application threads were stopped: 0,0001668 seconds, Stopping threads took: 0,0000261 seconds
2016-09-11T21:57:49.003-0100: 342,961: Total time for which application threads were stopped: 0,0001176 seconds, Stopping threads took: 0,0000151 seconds
2016-09-11T21:57:49.003-0100: 342,961: Total time for which application threads were stopped: 0,0001028 seconds, Stopping threads took: 0,0000107 seconds
2016-09-11T21:57:49.003-0100: 342,961: Total time for which application threads were stopped: 0,0001206 seconds, Stopping threads took: 0,0000297 seconds
2016-09-11T21:57:49.003-0100: 342,961: Total time for which application threads were stopped: 0,0001173 seconds, Stopping threads took: 0,0000343 seconds
2016-09-11T21:57:50.004-0100: 343,962: Total time for which application threads were stopped: 0,0001871 seconds, Stopping threads took: 0,0000553 seconds
2016-09-11T21:57:50.054-0100: 344,012: Total time for which application threads were stopped: 0,0001781 seconds, Stopping threads took: 0,0000268 seconds
2016-09-11T21:57:50.055-0100: 344,013: Total time for which application threads were stopped: 0,0001523 seconds, Stopping threads took: 0,0000229 seconds
2016-09-11T21:57:50.055-0100: 344,013: Total time for which application threads were stopped: 0,0001380 seconds, Stopping threads took: 0,0000196 seconds
2016-09-11T21:57:50.056-0100: 344,014: Total time for which application threads were stopped: 0,0000911 seconds, Stopping threads took: 0,0000118 seconds
2016-09-11T21:57:50.056-0100: 344,014: Total time for which application threads were stopped: 0,0000993 seconds, Stopping threads took: 0,0000133 seconds
2016-09-11T21:57:50.061-0100: 344,020: Total time for which application threads were stopped: 0,0001536 seconds, Stopping threads took: 0,0000415 seconds
2016-09-11T21:57:50.079-0100: 344,037: Total time for which application threads were stopped: 0,0001478 seconds, Stopping threads took: 0,0000196 seconds
2016-09-11T21:57:50.079-0100: 344,038: Total time for which application threads were stopped: 0,0000868 seconds, Stopping threads took: 0,0000280 seconds
2016-09-11T21:57:50.149-0100: 344,107: Total time for which application threads were stopped: 0,0002021 seconds, Stopping threads took: 0,0000280 seconds
2016-09-11T21:57:50.154-0100: 344,112: Total time for which application threads were stopped: 0,0009303 seconds, Stopping threads took: 0,0000241 seconds
2016-09-11T21:57:50.171-0100: 344,129: Total time for which application threads were stopped: 0,0007947 seconds, Stopping threads took: 0,0000263 seconds
2016-09-11T21:57:50.221-0100: 344,179: Total time for which application threads were stopped: 0,0004200 seconds, Stopping threads took: 0,0000629 seconds
2016-09-11T21:57:51.298-0100: 345,256: Total time for which application threads were stopped: 0,0002004 seconds, Stopping threads took: 0,0000525 seconds
2016-09-11T21:57:51.299-0100: 345,257: Total time for which application threads were stopped: 0,0001390 seconds, Stopping threads took: 0,0000184 seconds
2016-09-11T21:57:51.320-0100: 345,279: Total time for which application threads were stopped: 0,0001867 seconds, Stopping threads took: 0,0000284 seconds
2016-09-11T21:57:51.345-0100: 345,303: Total time for which application threads were stopped: 0,0001985 seconds, Stopping threads took: 0,0000470 seconds
2016-09-11T21:57:51.354-0100: 345,313: Total time for which application threads were stopped: 0,0001824 seconds, Stopping threads took: 0,0000364 seconds
2016-09-11T21:57:51.873-0100: 345,831: Total time for which application threads were stopped: 0,0001761 seconds, Stopping threads took: 0,0000312 seconds
2016-09-11T21:57:51.874-0100: 345,832: Total time for which application threads were stopped: 0,0001176 seconds, Stopping threads took: 0,0000164 seconds
2016-09-11T21:57:51.874-0100: 345,832: Total time for which application threads were stopped: 0,0001042 seconds, Stopping threads took: 0,0000147 seconds
2016-09-11T21:57:51.874-0100: 345,833: Total time for which application threads were stopped: 0,0000883 seconds, Stopping threads took: 0,0000111 seconds
2016-09-11T21:57:51.875-0100: 345,833: Total time for which application threads were stopped: 0,0000811 seconds, Stopping threads took: 0,0000106 seconds
2016-09-11T21:57:51.875-0100: 345,833: Total time for which application threads were stopped: 0,0001399 seconds, Stopping threads took: 0,0000375 seconds
2016-09-11T21:57:51.884-0100: 345,842: Total time for which application threads were stopped: 0,0002142 seconds, Stopping threads took: 0,0000531 seconds
2016-09-11T21:57:51.884-0100: 345,843: Total time for which application threads were stopped: 0,0001298 seconds, Stopping threads took: 0,0000322 seconds
2016-09-11T21:57:51.924-0100: 345,883: Total time for which application threads were stopped: 0,0002564 seconds, Stopping threads took: 0,0000493 seconds
2016-09-11T21:57:51.943-0100: 345,901: Total time for which application threads were stopped: 0,0001706 seconds, Stopping threads took: 0,0000276 seconds
2016-09-11T21:57:52.946-0100: 346,904: Total time for which application threads were stopped: 0,0002029 seconds, Stopping threads took: 0,0000376 seconds
2016-09-11T21:57:53.326-0100: 347,284: Total time for which application threads were stopped: 0,0002270 seconds, Stopping threads took: 0,0000279 seconds
2016-09-11T21:57:53.385-0100: 347,343: Total time for which application threads were stopped: 0,0002293 seconds, Stopping threads took: 0,0000686 seconds
2016-09-11T21:57:54.316-0100: 348,274: Total time for which application threads were stopped: 0,0001630 seconds, Stopping threads took: 0,0000294 seconds
2016-09-11T21:57:54.402-0100: 348,360: Total time for which application threads were stopped: 0,0003106 seconds, Stopping threads took: 0,0000290 seconds
2016-09-11T21:57:54.426-0100: 348,385: Total time for which application threads were stopped: 0,0001579 seconds, Stopping threads took: 0,0000241 seconds
2016-09-11T21:57:54.444-0100: 348,403: Total time for which application threads were stopped: 0,0002978 seconds, Stopping threads took: 0,0001411 seconds
2016-09-11T21:57:54.446-0100: 348,404: Total time for which application threads were stopped: 0,0001559 seconds, Stopping threads took: 0,0000256 seconds
2016-09-11T21:57:54.508-0100: 348,466: Total time for which application threads were stopped: 0,0002259 seconds, Stopping threads took: 0,0000315 seconds
{Heap before GC invocations=42 (full 1):
 par new generation   total 109248K, used 103459K [0x00000007a0000000, 0x00000007a8000000, 0x00000007a8000000)
  eden space 87424K, 100% used [0x00000007a0000000, 0x00000007a5560000, 0x00000007a5560000)
  from space 21824K,  73% used [0x00000007a5560000, 0x00000007a6508d38, 0x00000007a6ab0000)
  to   space 21824K,   0% used [0x00000007a6ab0000, 0x00000007a6ab0000, 0x00000007a8000000)
 concurrent mark-sweep generation total 393216K, used 34087K [0x00000007a8000000, 0x00000007c0000000, 0x00000007c0000000)
 Metaspace       used 35771K, capacity 36684K, committed 37040K, reserved 1081344K
  class space    used 4160K, capacity 4426K, committed 4528K, reserved 1048576K
2016-09-11T21:57:54.520-0100: 348,478: [GC (Allocation Failure) 2016-09-11T21:57:54.520-0100: 348,478: [ParNew
Desired survivor size 20112992 bytes, new threshold 8 (max 8)
- age   1:    8912632 bytes,    8912632 total
- age   2:     706272 bytes,    9618904 total
- age   3:      82064 bytes,    9700968 total
- age   4:     100112 bytes,    9801080 total
- age   5:     105688 bytes,    9906768 total
- age   6:      50976 bytes,    9957744 total
- age   7:     242680 bytes,   10200424 total
- age   8:    3874840 bytes,   14075264 total
: 103459K->15880K(109248K), 0,0114986 secs] 137546K->50569K(502464K), 0,0115968 secs] [Times: user=0,04 sys=0,00, real=0,01 secs] 
Heap after GC invocations=43 (full 1):
 par new generation   total 109248K, used 15880K [0x00000007a0000000, 0x00000007a8000000, 0x00000007a8000000)
  eden space 87424K,   0% used [0x00000007a0000000, 0x00000007a0000000, 0x00000007a5560000)
  from space 21824K,  72% used [0x00000007a6ab0000, 0x00000007a7a320f8, 0x00000007a8000000)
  to   space 21824K,   0% used [0x00000007a5560000, 0x00000007a5560000, 0x00000007a6ab0000)
 concurrent mark-sweep generation total 393216K, used 34689K [0x00000007a8000000, 0x00000007c0000000, 0x00000007c0000000)
 Metaspace       used 35771K, capacity 36684K, committed 37040K, reserved 1081344K
  class space    used 4160K, capacity 4426K, committed 4528K, reserved 1048576K
}
2016-09-11T21:57:54.532-0100: 348,490: Total time for which application threads were stopped: 0,0119671 seconds, Stopping threads took: 0,0000763 seconds
2016-09-11T21:57:54.819-0100: 348,778: Total time for which application threads were stopped: 0,0002044 seconds, Stopping threads took: 0,0000591 seconds
2016-09-11T21:57:54.821-0100: 348,779: Total time for which application threads were stopped: 0,0001774 seconds, Stopping threads took: 0,0000518 seconds
2016-09-11T21:57:54.829-0100: 348,787: Total time for which application threads were stopped: 0,0001642 seconds, Stopping threads took: 0,0000279 seconds
2016-09-11T21:57:54.829-0100: 348,788: Total time for which application threads were stopped: 0,0001116 seconds, Stopping threads took: 0,0000139 seconds
2016-09-11T21:57:54.830-0100: 348,788: Total time for which application threads were stopped: 0,0001039 seconds, Stopping threads took: 0,0000139 seconds
2016-09-11T21:57:54.830-0100: 348,788: Total time for which application threads were stopped: 0,0000882 seconds, Stopping threads took: 0,0000119 seconds
2016-09-11T21:57:54.830-0100: 348,788: Total time for which application threads were stopped: 0,0000864 seconds, Stopping threads took: 0,0000105 seconds
2016-09-11T21:57:55.832-0100: 349,790: Total time for which application threads were stopped: 0,0002261 seconds, Stopping threads took: 0,0000339 seconds
2016-09-11T21:57:56.149-0100: 350,108: Total time for which application threads were stopped: 0,0001832 seconds, Stopping threads took: 0,0000497 seconds
2016-09-11T21:57:56.150-0100: 350,109: Total time for which application threads were stopped: 0,0001589 seconds, Stopping threads took: 0,0000364 seconds
2016-09-11T21:57:56.162-0100: 350,120: Total time for which application threads were stopped: 0,0002179 seconds, Stopping threads took: 0,0000693 seconds
2016-09-11T21:57:56.173-0100: 350,132: Total time for which application threads were stopped: 0,0001658 seconds, Stopping threads took: 0,0000269 seconds
2016-09-11T21:57:56.174-0100: 350,133: Total time for which application threads were stopped: 0,0001687 seconds, Stopping threads took: 0,0000269 seconds
2016-09-11T21:57:56.795-0100: 350,753: Total time for which application threads were stopped: 0,0001883 seconds, Stopping threads took: 0,0000485 seconds
2016-09-11T21:57:56.849-0100: 350,807: Total time for which application threads were stopped: 0,0001729 seconds, Stopping threads took: 0,0000273 seconds
2016-09-11T21:57:57.406-0100: 351,365: Total time for which application threads were stopped: 0,0001798 seconds, Stopping threads took: 0,0000313 seconds
2016-09-11T21:57:57.409-0100: 351,367: Total time for which application threads were stopped: 0,0001735 seconds, Stopping threads took: 0,0000278 seconds
2016-09-11T21:57:57.418-0100: 351,376: Total time for which application threads were stopped: 0,0001739 seconds, Stopping threads took: 0,0000276 seconds
2016-09-11T21:57:57.418-0100: 351,377: Total time for which application threads were stopped: 0,0001590 seconds, Stopping threads took: 0,0000407 seconds
2016-09-11T21:57:57.515-0100: 351,474: Total time for which application threads were stopped: 0,0002289 seconds, Stopping threads took: 0,0000470 seconds
2016-09-11T21:57:57.533-0100: 351,491: Total time for which application threads were stopped: 0,0001847 seconds, Stopping threads took: 0,0000450 seconds
2016-09-11T21:57:57.534-0100: 351,492: Total time for which application threads were stopped: 0,0001369 seconds, Stopping threads took: 0,0000227 seconds
2016-09-11T21:57:57.534-0100: 351,492: Total time for which application threads were stopped: 0,0000864 seconds, Stopping threads took: 0,0000122 seconds
2016-09-11T21:57:57.534-0100: 351,492: Total time for which application threads were stopped: 0,0001138 seconds, Stopping threads took: 0,0000395 seconds
2016-09-11T21:57:57.534-0100: 351,492: Total time for which application threads were stopped: 0,0001120 seconds, Stopping threads took: 0,0000273 seconds
2016-09-11T21:57:57.534-0100: 351,493: Total time for which application threads were stopped: 0,0001049 seconds, Stopping threads took: 0,0000251 seconds
2016-09-11T21:57:57.534-0100: 351,493: Total time for which application threads were stopped: 0,0001098 seconds, Stopping threads took: 0,0000290 seconds
2016-09-11T21:57:57.535-0100: 351,493: Total time for which application threads were stopped: 0,0001035 seconds, Stopping threads took: 0,0000251 seconds
2016-09-11T21:57:57.535-0100: 351,493: Total time for which application threads were stopped: 0,0001033 seconds, Stopping threads took: 0,0000293 seconds
2016-09-11T21:57:58.007-0100: 351,965: Total time for which application threads were stopped: 0,0002215 seconds, Stopping threads took: 0,0000306 seconds
2016-09-11T21:57:58.008-0100: 351,966: Total time for which application threads were stopped: 0,0001629 seconds, Stopping threads took: 0,0000270 seconds
2016-09-11T21:57:58.818-0100: 352,776: Total time for which application threads were stopped: 0,0001754 seconds, Stopping threads took: 0,0000287 seconds
2016-09-11T21:57:58.896-0100: 352,855: Total time for which application threads were stopped: 0,0001757 seconds, Stopping threads took: 0,0000281 seconds
2016-09-11T21:57:59.161-0100: 353,119: Total time for which application threads were stopped: 0,0003786 seconds, Stopping threads took: 0,0000278 seconds
2016-09-11T21:57:59.162-0100: 353,121: Total time for which application threads were stopped: 0,0003782 seconds, Stopping threads took: 0,0000274 seconds
2016-09-11T21:57:59.169-0100: 353,128: Total time for which application threads were stopped: 0,0001699 seconds, Stopping threads took: 0,0000270 seconds
2016-09-11T21:57:59.170-0100: 353,128: Total time for which application threads were stopped: 0,0000960 seconds, Stopping threads took: 0,0000116 seconds
2016-09-11T21:57:59.201-0100: 353,160: Total time for which application threads were stopped: 0,0001887 seconds, Stopping threads took: 0,0000297 seconds
2016-09-11T21:58:00.999-0100: 354,957: Total time for which application threads were stopped: 0,0002130 seconds, Stopping threads took: 0,0000350 seconds
2016-09-11T21:58:00.999-0100: 354,958: Total time for which application threads were stopped: 0,0001061 seconds, Stopping threads took: 0,0000136 seconds
2016-09-11T21:58:01.072-0100: 355,031: Total time for which application threads were stopped: 0,0002881 seconds, Stopping threads took: 0,0001244 seconds
{Heap before GC invocations=43 (full 1):
 par new generation   total 109248K, used 103304K [0x00000007a0000000, 0x00000007a8000000, 0x00000007a8000000)
  eden space 87424K, 100% used [0x00000007a0000000, 0x00000007a5560000, 0x00000007a5560000)
  from space 21824K,  72% used [0x00000007a6ab0000, 0x00000007a7a320f8, 0x00000007a8000000)
  to   space 21824K,   0% used [0x00000007a5560000, 0x00000007a5560000, 0x00000007a6ab0000)
 concurrent mark-sweep generation total 393216K, used 34689K [0x00000007a8000000, 0x00000007c0000000, 0x00000007c0000000)
 Metaspace       used 36040K, capacity 36944K, committed 37296K, reserved 1081344K
  class space    used 4168K, capacity 4426K, committed 4528K, reserved 1048576K
2016-09-11T21:58:01.148-0100: 355,107: [GC (Allocation Failure) 2016-09-11T21:58:01.156-0100: 355,115: [ParNew
Desired survivor size 20112992 bytes, new threshold 8 (max 8)
- age   1:    2483064 bytes,    2483064 total
- age   2:    2164992 bytes,    4648056 total
- age   3:     706272 bytes,    5354328 total
- age   4:      82064 bytes,    5436392 total
- age   5:     100112 bytes,    5536504 total
- age   6:     105688 bytes,    5642192 total
- age   7:      49312 bytes,    5691504 total
- age   8:     242680 bytes,    5934184 total
: 103304K->11833K(109248K), 0,0403288 secs] 137993K->50315K(502464K), 0,0485818 secs] [Times: user=0,06 sys=0,01, real=0,05 secs] 
Heap after GC invocations=44 (full 1):
 par new generation   total 109248K, used 11833K [0x00000007a0000000, 0x00000007a8000000, 0x00000007a8000000)
  eden space 87424K,   0% used [0x00000007a0000000, 0x00000007a0000000, 0x00000007a5560000)
  from space 21824K,  54% used [0x00000007a5560000, 0x00000007a60ee458, 0x00000007a6ab0000)
  to   space 21824K,   0% used [0x00000007a6ab0000, 0x00000007a6ab0000, 0x00000007a8000000)
 concurrent mark-sweep generation total 393216K, used 38482K [0x00000007a8000000, 0x00000007c0000000, 0x00000007c0000000)
 Metaspace       used 36040K, capacity 36944K, committed 37296K, reserved 1081344K
  class space    used 4168K, capacity 4426K, committed 4528K, reserved 1048576K
}
2016-09-11T21:58:01.197-0100: 355,155: Total time for which application threads were stopped: 0,0489350 seconds, Stopping threads took: 0,0000502 seconds
2016-09-11T21:58:01.476-0100: 355,434: Total time for which application threads were stopped: 0,0002317 seconds, Stopping threads took: 0,0000287 seconds
2016-09-11T21:58:02.051-0100: 356,010: Total time for which application threads were stopped: 0,0001882 seconds, Stopping threads took: 0,0000314 seconds
2016-09-11T21:58:02.055-0100: 356,014: Total time for which application threads were stopped: 0,0002172 seconds, Stopping threads took: 0,0000532 seconds
2016-09-11T21:58:02.055-0100: 356,014: Total time for which application threads were stopped: 0,0001461 seconds, Stopping threads took: 0,0000363 seconds
2016-09-11T21:58:02.065-0100: 356,024: Total time for which application threads were stopped: 0,0002600 seconds, Stopping threads took: 0,0001267 seconds
2016-09-11T21:58:02.068-0100: 356,027: Total time for which application threads were stopped: 0,0001519 seconds, Stopping threads took: 0,0000251 seconds
2016-09-11T21:58:02.068-0100: 356,027: Total time for which application threads were stopped: 0,0001908 seconds, Stopping threads took: 0,0000138 seconds
2016-09-11T21:58:02.069-0100: 356,027: Total time for which application threads were stopped: 0,0000947 seconds, Stopping threads took: 0,0000141 seconds
2016-09-11T21:58:02.069-0100: 356,027: Total time for which application threads were stopped: 0,0001455 seconds, Stopping threads took: 0,0000679 seconds
2016-09-11T21:58:02.071-0100: 356,030: Total time for which application threads were stopped: 0,0001538 seconds, Stopping threads took: 0,0000266 seconds
2016-09-11T21:58:02.071-0100: 356,030: Total time for which application threads were stopped: 0,0001291 seconds, Stopping threads took: 0,0000498 seconds
2016-09-11T21:58:02.072-0100: 356,030: Total time for which application threads were stopped: 0,0001129 seconds, Stopping threads took: 0,0000271 seconds
2016-09-11T21:58:02.072-0100: 356,030: Total time for which application threads were stopped: 0,0001042 seconds, Stopping threads took: 0,0000264 seconds
2016-09-11T21:58:02.075-0100: 356,033: Total time for which application threads were stopped: 0,0001746 seconds, Stopping threads took: 0,0000270 seconds
2016-09-11T21:58:02.075-0100: 356,034: Total time for which application threads were stopped: 0,0002756 seconds, Stopping threads took: 0,0000146 seconds
2016-09-11T21:58:02.075-0100: 356,034: Total time for which application threads were stopped: 0,0001015 seconds, Stopping threads took: 0,0000151 seconds
2016-09-11T21:58:02.109-0100: 356,067: Total time for which application threads were stopped: 0,0001856 seconds, Stopping threads took: 0,0000447 seconds
2016-09-11T21:58:02.109-0100: 356,068: Total time for which application threads were stopped: 0,0001170 seconds, Stopping threads took: 0,0000174 seconds
2016-09-11T21:58:02.110-0100: 356,068: Total time for which application threads were stopped: 0,0001561 seconds, Stopping threads took: 0,0000383 seconds
2016-09-11T21:58:02.110-0100: 356,069: Total time for which application threads were stopped: 0,0001510 seconds, Stopping threads took: 0,0000345 seconds
2016-09-11T21:58:02.608-0100: 356,566: Total time for which application threads were stopped: 0,0002015 seconds, Stopping threads took: 0,0000280 seconds
2016-09-11T21:58:02.608-0100: 356,567: Total time for which application threads were stopped: 0,0001068 seconds, Stopping threads took: 0,0000187 seconds
2016-09-11T21:58:02.609-0100: 356,567: Total time for which application threads were stopped: 0,0000983 seconds, Stopping threads took: 0,0000124 seconds
2016-09-11T21:58:02.609-0100: 356,567: Total time for which application threads were stopped: 0,0000659 seconds, Stopping threads took: 0,0000096 seconds
2016-09-11T21:58:03.903-0100: 357,862: Total time for which application threads were stopped: 0,0003981 seconds, Stopping threads took: 0,0000448 seconds
2016-09-11T21:58:03.916-0100: 357,875: Total time for which application threads were stopped: 0,0001770 seconds, Stopping threads took: 0,0000465 seconds
2016-09-11T21:58:03.917-0100: 357,875: Total time for which application threads were stopped: 0,0001097 seconds, Stopping threads took: 0,0000291 seconds
2016-09-11T21:58:03.917-0100: 357,875: Total time for which application threads were stopped: 0,0001027 seconds, Stopping threads took: 0,0000274 seconds
2016-09-11T21:58:03.921-0100: 357,880: Total time for which application threads were stopped: 0,0001996 seconds, Stopping threads took: 0,0000606 seconds
2016-09-11T21:58:04.055-0100: 358,013: Total time for which application threads were stopped: 0,0002362 seconds, Stopping threads took: 0,0000701 seconds
2016-09-11T21:58:04.062-0100: 358,020: Total time for which application threads were stopped: 0,0001552 seconds, Stopping threads took: 0,0000222 seconds
2016-09-11T21:58:04.062-0100: 358,021: Total time for which application threads were stopped: 0,0001092 seconds, Stopping threads took: 0,0000156 seconds
2016-09-11T21:58:04.322-0100: 358,281: Total time for which application threads were stopped: 0,0001538 seconds, Stopping threads took: 0,0000252 seconds
2016-09-11T21:58:04.322-0100: 358,281: Total time for which application threads were stopped: 0,0000898 seconds, Stopping threads took: 0,0000133 seconds
2016-09-11T21:58:04.508-0100: 358,467: Total time for which application threads were stopped: 0,0003151 seconds, Stopping threads took: 0,0000749 seconds
2016-09-11T21:58:04.510-0100: 358,469: Total time for which application threads were stopped: 0,0003661 seconds, Stopping threads took: 0,0000592 seconds
2016-09-11T21:58:04.523-0100: 358,481: Total time for which application threads were stopped: 0,0003589 seconds, Stopping threads took: 0,0002047 seconds
2016-09-11T21:58:04.524-0100: 358,483: Total time for which application threads were stopped: 0,0002012 seconds, Stopping threads took: 0,0000522 seconds
2016-09-11T21:58:04.526-0100: 358,484: Total time for which application threads were stopped: 0,0002373 seconds, Stopping threads took: 0,0000288 seconds
2016-09-11T21:58:04.528-0100: 358,487: Total time for which application threads were stopped: 0,0001794 seconds, Stopping threads took: 0,0000297 seconds
2016-09-11T21:58:04.539-0100: 358,498: Total time for which application threads were stopped: 0,0001817 seconds, Stopping threads took: 0,0000306 seconds
2016-09-11T21:58:04.546-0100: 358,505: Total time for which application threads were stopped: 0,0002137 seconds, Stopping threads took: 0,0000587 seconds
2016-09-11T21:58:04.552-0100: 358,510: Total time for which application threads were stopped: 0,0001891 seconds, Stopping threads took: 0,0000580 seconds
2016-09-11T21:58:04.552-0100: 358,511: Total time for which application threads were stopped: 0,0002925 seconds, Stopping threads took: 0,0000733 seconds
2016-09-11T21:58:04.553-0100: 358,511: Total time for which application threads were stopped: 0,0001152 seconds, Stopping threads took: 0,0000141 seconds
2016-09-11T21:58:04.553-0100: 358,511: Total time for which application threads were stopped: 0,0001214 seconds, Stopping threads took: 0,0000267 seconds
2016-09-11T21:58:04.553-0100: 358,512: Total time for which application threads were stopped: 0,0001077 seconds, Stopping threads took: 0,0000285 seconds
2016-09-11T21:58:04.553-0100: 358,512: Total time for which application threads were stopped: 0,0001055 seconds, Stopping threads took: 0,0000116 seconds
2016-09-11T21:58:04.625-0100: 358,584: Total time for which application threads were stopped: 0,0001735 seconds, Stopping threads took: 0,0000435 seconds
2016-09-11T21:58:04.626-0100: 358,584: Total time for which application threads were stopped: 0,0001635 seconds, Stopping threads took: 0,0000617 seconds
2016-09-11T21:58:04.627-0100: 358,585: Total time for which application threads were stopped: 0,0001395 seconds, Stopping threads took: 0,0000242 seconds
2016-09-11T21:58:04.627-0100: 358,586: Total time for which application threads were stopped: 0,0001977 seconds, Stopping threads took: 0,0000743 seconds
2016-09-11T21:58:04.628-0100: 358,587: Total time for which application threads were stopped: 0,0003423 seconds, Stopping threads took: 0,0000259 seconds
2016-09-11T21:58:05.371-0100: 359,329: Total time for which application threads were stopped: 0,0002622 seconds, Stopping threads took: 0,0000384 seconds
2016-09-11T21:58:05.372-0100: 359,330: Total time for which application threads were stopped: 0,0002707 seconds, Stopping threads took: 0,0000380 seconds
2016-09-11T21:58:05.373-0100: 359,331: Total time for which application threads were stopped: 0,0004741 seconds, Stopping threads took: 0,0000519 seconds
2016-09-11T21:58:05.373-0100: 359,332: Total time for which application threads were stopped: 0,0003084 seconds, Stopping threads took: 0,0000423 seconds
2016-09-11T21:58:06.376-0100: 360,335: Total time for which application threads were stopped: 0,0002977 seconds, Stopping threads took: 0,0000717 seconds
2016-09-11T21:58:07.377-0100: 361,336: Total time for which application threads were stopped: 0,0002656 seconds, Stopping threads took: 0,0000871 seconds
2016-09-11T21:58:07.493-0100: 361,452: Total time for which application threads were stopped: 0,0002004 seconds, Stopping threads took: 0,0000262 seconds
2016-09-11T21:58:07.493-0100: 361,452: Total time for which application threads were stopped: 0,0001723 seconds, Stopping threads took: 0,0000531 seconds
2016-09-11T21:58:07.494-0100: 361,452: Total time for which application threads were stopped: 0,0001145 seconds, Stopping threads took: 0,0000147 seconds
2016-09-11T21:58:07.495-0100: 361,453: Total time for which application threads were stopped: 0,0001672 seconds, Stopping threads took: 0,0000238 seconds
2016-09-11T21:58:07.517-0100: 361,476: Total time for which application threads were stopped: 0,0001551 seconds, Stopping threads took: 0,0000272 seconds
2016-09-11T21:58:07.518-0100: 361,477: Total time for which application threads were stopped: 0,0001418 seconds, Stopping threads took: 0,0000216 seconds
2016-09-11T21:58:07.709-0100: 361,668: Total time for which application threads were stopped: 0,0002143 seconds, Stopping threads took: 0,0000318 seconds
2016-09-11T21:58:07.766-0100: 361,725: Total time for which application threads were stopped: 0,0001486 seconds, Stopping threads took: 0,0000237 seconds
2016-09-11T21:58:07.766-0100: 361,725: Total time for which application threads were stopped: 0,0000760 seconds, Stopping threads took: 0,0000112 seconds
2016-09-11T21:58:07.840-0100: 361,798: Total time for which application threads were stopped: 0,0002546 seconds, Stopping threads took: 0,0000286 seconds
2016-09-11T21:58:07.840-0100: 361,799: Total time for which application threads were stopped: 0,0001157 seconds, Stopping threads took: 0,0000160 seconds
2016-09-11T21:58:07.846-0100: 361,805: Total time for which application threads were stopped: 0,0001810 seconds, Stopping threads took: 0,0000287 seconds
2016-09-11T21:58:07.846-0100: 361,805: Total time for which application threads were stopped: 0,0001222 seconds, Stopping threads took: 0,0000274 seconds
2016-09-11T21:58:07.854-0100: 361,813: Total time for which application threads were stopped: 0,0001805 seconds, Stopping threads took: 0,0000448 seconds
2016-09-11T21:58:07.855-0100: 361,814: Total time for which application threads were stopped: 0,0001522 seconds, Stopping threads took: 0,0000227 seconds
2016-09-11T21:58:07.859-0100: 361,880: Total time for which application threads were stopped: 0,0622545 seconds, Stopping threads took: 0,0000401 seconds
2016-09-11T21:58:08.356-0100: 362,314: Total time for which application threads were stopped: 0,0001506 seconds, Stopping threads took: 0,0000258 seconds
2016-09-11T21:58:08.356-0100: 362,314: Total time for which application threads were stopped: 0,0000733 seconds, Stopping threads took: 0,0000099 seconds
2016-09-11T21:58:08.500-0100: 362,459: Total time for which application threads were stopped: 0,0002152 seconds, Stopping threads took: 0,0000309 seconds
2016-09-11T21:58:10.195-0100: 364,154: Total time for which application threads were stopped: 0,0001375 seconds, Stopping threads took: 0,0000248 seconds
2016-09-11T21:58:10.197-0100: 364,155: Total time for which application threads were stopped: 0,0001600 seconds, Stopping threads took: 0,0000174 seconds
2016-09-11T21:58:11.458-0100: 365,416: Total time for which application threads were stopped: 0,0001728 seconds, Stopping threads took: 0,0000289 seconds
2016-09-11T21:58:11.458-0100: 365,417: Total time for which application threads were stopped: 0,0001294 seconds, Stopping threads took: 0,0000322 seconds
2016-09-11T21:58:11.489-0100: 365,447: Total time for which application threads were stopped: 0,0002294 seconds, Stopping threads took: 0,0000308 seconds
{Heap before GC invocations=44 (full 1):
 par new generation   total 109248K, used 98988K [0x00000007a0000000, 0x00000007a8000000, 0x00000007a8000000)
  eden space 87424K,  99% used [0x00000007a0000000, 0x00000007a551cda0, 0x00000007a5560000)
  from space 21824K,  54% used [0x00000007a5560000, 0x00000007a60ee458, 0x00000007a6ab0000)
  to   space 21824K,   0% used [0x00000007a6ab0000, 0x00000007a6ab0000, 0x00000007a8000000)
 concurrent mark-sweep generation total 393216K, used 38482K [0x00000007a8000000, 0x00000007c0000000, 0x00000007c0000000)
 Metaspace       used 36795K, capacity 37692K, committed 37808K, reserved 1083392K
  class space    used 4256K, capacity 4526K, committed 4528K, reserved 1048576K
2016-09-11T21:58:11.629-0100: 365,588: [GC (Allocation Failure) 2016-09-11T21:58:11.629-0100: 365,588: [ParNew
Desired survivor size 20112992 bytes, new threshold 8 (max 8)
- age   1:    6723040 bytes,    6723040 total
- age   2:    1819944 bytes,    8542984 total
- age   3:    2206400 bytes,   10749384 total
- age   4:     706272 bytes,   11455656 total
- age   5:      82064 bytes,   11537720 total
- age   6:     100112 bytes,   11637832 total
- age   7:     105688 bytes,   11743520 total
- age   8:      49312 bytes,   11792832 total
: 98988K->14118K(109248K), 0,0560343 secs] 137471K->52840K(502464K), 0,0561451 secs] [Times: user=0,04 sys=0,05, real=0,06 secs] 
Heap after GC invocations=45 (full 1):
 par new generation   total 109248K, used 14118K [0x00000007a0000000, 0x00000007a8000000, 0x00000007a8000000)
  eden space 87424K,   0% used [0x00000007a0000000, 0x00000007a0000000, 0x00000007a5560000)
  from space 21824K,  64% used [0x00000007a6ab0000, 0x00000007a7879938, 0x00000007a8000000)
  to   space 21824K,   0% used [0x00000007a5560000, 0x00000007a5560000, 0x00000007a6ab0000)
 concurrent mark-sweep generation total 393216K, used 38721K [0x00000007a8000000, 0x00000007c0000000, 0x00000007c0000000)
 Metaspace       used 36795K, capacity 37692K, committed 37808K, reserved 1083392K
  class space    used 4256K, capacity 4526K, committed 4528K, reserved 1048576K
}
2016-09-11T21:58:11.685-0100: 365,644: Total time for which application threads were stopped: 0,0565072 seconds, Stopping threads took: 0,0000876 seconds
2016-09-11T21:58:12.643-0100: 366,602: Total time for which application threads were stopped: 0,0002581 seconds, Stopping threads took: 0,0000307 seconds
2016-09-11T21:58:13.252-0100: 367,211: Total time for which application threads were stopped: 0,0002330 seconds, Stopping threads took: 0,0000295 seconds
2016-09-11T21:58:13.252-0100: 367,211: Total time for which application threads were stopped: 0,0001203 seconds, Stopping threads took: 0,0000152 seconds
2016-09-11T21:58:13.298-0100: 367,257: Total time for which application threads were stopped: 0,0001652 seconds, Stopping threads took: 0,0000269 seconds
2016-09-11T21:58:14.533-0100: 368,492: Total time for which application threads were stopped: 0,0002177 seconds, Stopping threads took: 0,0000320 seconds
2016-09-11T21:58:15.534-0100: 369,493: Total time for which application threads were stopped: 0,0003024 seconds, Stopping threads took: 0,0000790 seconds
2016-09-11T21:58:15.636-0100: 369,595: Total time for which application threads were stopped: 0,0002021 seconds, Stopping threads took: 0,0000483 seconds
2016-09-11T21:58:15.637-0100: 369,596: Total time for which application threads were stopped: 0,0001838 seconds, Stopping threads took: 0,0000501 seconds
2016-09-11T21:58:15.675-0100: 369,634: Total time for which application threads were stopped: 0,0002363 seconds, Stopping threads took: 0,0000288 seconds
2016-09-11T21:58:16.676-0100: 370,635: Total time for which application threads were stopped: 0,0002397 seconds, Stopping threads took: 0,0000408 seconds
2016-09-11T21:58:17.528-0100: 371,487: Total time for which application threads were stopped: 0,0004244 seconds, Stopping threads took: 0,0000300 seconds
2016-09-11T21:58:17.549-0100: 371,508: Total time for which application threads were stopped: 0,0002056 seconds, Stopping threads took: 0,0000533 seconds
2016-09-11T21:58:17.566-0100: 371,526: Total time for which application threads were stopped: 0,0017312 seconds, Stopping threads took: 0,0016124 seconds
2016-09-11T21:58:17.573-0100: 371,532: Total time for which application threads were stopped: 0,0001980 seconds, Stopping threads took: 0,0000325 seconds
2016-09-11T21:58:17.606-0100: 371,565: Total time for which application threads were stopped: 0,0001685 seconds, Stopping threads took: 0,0000307 seconds
2016-09-11T21:58:18.065-0100: 372,024: Total time for which application threads were stopped: 0,0004557 seconds, Stopping threads took: 0,0002901 seconds
2016-09-11T21:58:19.072-0100: 373,031: Total time for which application threads were stopped: 0,0001655 seconds, Stopping threads took: 0,0000274 seconds
{Heap before GC invocations=45 (full 1):
 par new generation   total 109248K, used 101500K [0x00000007a0000000, 0x00000007a8000000, 0x00000007a8000000)
  eden space 87424K,  99% used [0x00000007a0000000, 0x00000007a55557d0, 0x00000007a5560000)
  from space 21824K,  64% used [0x00000007a6ab0000, 0x00000007a7879938, 0x00000007a8000000)
  to   space 21824K,   0% used [0x00000007a5560000, 0x00000007a5560000, 0x00000007a6ab0000)
 concurrent mark-sweep generation total 393216K, used 38721K [0x00000007a8000000, 0x00000007c0000000, 0x00000007c0000000)
 Metaspace       used 36895K, capacity 37756K, committed 37808K, reserved 1083392K
  class space    used 4256K, capacity 4526K, committed 4528K, reserved 1048576K
2016-09-11T21:58:20.366-0100: 374,325: [GC (Allocation Failure) 2016-09-11T21:58:20.366-0100: 374,325: [ParNew
Desired survivor size 20112992 bytes, new threshold 8 (max 8)
- age   1:    3852024 bytes,    3852024 total
- age   2:    1274656 bytes,    5126680 total
- age   3:    1812392 bytes,    6939072 total
- age   4:    2107032 bytes,    9046104 total
- age   5:     706272 bytes,    9752376 total
- age   6:      82064 bytes,    9834440 total
- age   7:     100112 bytes,    9934552 total
- age   8:     105688 bytes,   10040240 total
: 101500K->16099K(109248K), 0,0346790 secs] 140221K->54871K(502464K), 0,0347716 secs] [Times: user=0,04 sys=0,01, real=0,04 secs] 
Heap after GC invocations=46 (full 1):
 par new generation   total 109248K, used 16099K [0x00000007a0000000, 0x00000007a8000000, 0x00000007a8000000)
  eden space 87424K,   0% used [0x00000007a0000000, 0x00000007a0000000, 0x00000007a5560000)
  from space 21824K,  73% used [0x00000007a5560000, 0x00000007a6518c10, 0x00000007a6ab0000)
  to   space 21824K,   0% used [0x00000007a6ab0000, 0x00000007a6ab0000, 0x00000007a8000000)
 concurrent mark-sweep generation total 393216K, used 38772K [0x00000007a8000000, 0x00000007c0000000, 0x00000007c0000000)
 Metaspace       used 36895K, capacity 37756K, committed 37808K, reserved 1083392K
  class space    used 4256K, capacity 4526K, committed 4528K, reserved 1048576K
}
2016-09-11T21:58:20.401-0100: 374,360: Total time for which application threads were stopped: 0,0451026 seconds, Stopping threads took: 0,0000296 seconds
2016-09-11T21:58:20.415-0100: 374,374: Total time for which application threads were stopped: 0,0001587 seconds, Stopping threads took: 0,0000284 seconds
2016-09-11T21:58:20.415-0100: 374,374: Total time for which application threads were stopped: 0,0000965 seconds, Stopping threads took: 0,0000140 seconds
2016-09-11T21:58:20.415-0100: 374,374: Total time for which application threads were stopped: 0,0000851 seconds, Stopping threads took: 0,0000106 seconds
2016-09-11T21:58:20.451-0100: 374,410: Total time for which application threads were stopped: 0,0002226 seconds, Stopping threads took: 0,0000495 seconds
2016-09-11T21:58:20.593-0100: 374,552: Total time for which application threads were stopped: 0,0001861 seconds, Stopping threads took: 0,0000291 seconds
2016-09-11T21:58:20.594-0100: 374,553: Total time for which application threads were stopped: 0,0001210 seconds, Stopping threads took: 0,0000136 seconds
2016-09-11T21:58:20.594-0100: 374,553: Total time for which application threads were stopped: 0,0001171 seconds, Stopping threads took: 0,0000142 seconds
2016-09-11T21:58:20.594-0100: 374,553: Total time for which application threads were stopped: 0,0000911 seconds, Stopping threads took: 0,0000105 seconds
2016-09-11T21:58:21.596-0100: 375,556: Total time for which application threads were stopped: 0,0002658 seconds, Stopping threads took: 0,0000520 seconds
2016-09-11T21:58:23.602-0100: 377,561: Total time for which application threads were stopped: 0,0001771 seconds, Stopping threads took: 0,0000485 seconds
2016-09-11T21:58:24.604-0100: 378,563: Total time for which application threads were stopped: 0,0001837 seconds, Stopping threads took: 0,0000287 seconds
2016-09-11T21:58:24.922-0100: 378,881: Total time for which application threads were stopped: 0,0001410 seconds, Stopping threads took: 0,0000224 seconds
2016-09-11T21:58:24.922-0100: 378,882: Total time for which application threads were stopped: 0,0000738 seconds, Stopping threads took: 0,0000109 seconds
2016-09-11T21:58:24.923-0100: 378,882: Total time for which application threads were stopped: 0,0000676 seconds, Stopping threads took: 0,0000080 seconds
2016-09-11T21:58:24.923-0100: 378,882: Total time for which application threads were stopped: 0,0000575 seconds, Stopping threads took: 0,0000076 seconds
2016-09-11T21:58:26.825-0100: 380,784: Total time for which application threads were stopped: 0,0001868 seconds, Stopping threads took: 0,0000274 seconds
2016-09-11T21:58:27.826-0100: 381,786: Total time for which application threads were stopped: 0,0002098 seconds, Stopping threads took: 0,0000783 seconds
2016-09-11T21:58:27.878-0100: 381,838: Total time for which application threads were stopped: 0,0097137 seconds, Stopping threads took: 0,0091644 seconds
2016-09-11T21:58:27.895-0100: 381,854: Total time for which application threads were stopped: 0,0024590 seconds, Stopping threads took: 0,0022461 seconds
2016-09-11T21:58:27.903-0100: 381,862: Total time for which application threads were stopped: 0,0002835 seconds, Stopping threads took: 0,0000605 seconds
2016-09-11T21:58:27.921-0100: 381,880: Total time for which application threads were stopped: 0,0002589 seconds, Stopping threads took: 0,0000459 seconds
2016-09-11T21:58:27.927-0100: 381,886: Total time for which application threads were stopped: 0,0002007 seconds, Stopping threads took: 0,0000292 seconds
2016-09-11T21:58:27.931-0100: 381,891: Total time for which application threads were stopped: 0,0003867 seconds, Stopping threads took: 0,0001867 seconds
2016-09-11T21:58:27.940-0100: 381,899: Total time for which application threads were stopped: 0,0011846 seconds, Stopping threads took: 0,0001124 seconds
2016-09-11T21:58:27.948-0100: 381,907: Total time for which application threads were stopped: 0,0002167 seconds, Stopping threads took: 0,0000526 seconds
2016-09-11T21:58:27.959-0100: 381,918: Total time for which application threads were stopped: 0,0002603 seconds, Stopping threads took: 0,0001006 seconds
{Heap before GC invocations=46 (full 1):
 par new generation   total 109248K, used 103523K [0x00000007a0000000, 0x00000007a8000000, 0x00000007a8000000)
  eden space 87424K, 100% used [0x00000007a0000000, 0x00000007a5560000, 0x00000007a5560000)
  from space 21824K,  73% used [0x00000007a5560000, 0x00000007a6518c10, 0x00000007a6ab0000)
  to   space 21824K,   0% used [0x00000007a6ab0000, 0x00000007a6ab0000, 0x00000007a8000000)
 concurrent mark-sweep generation total 393216K, used 38772K [0x00000007a8000000, 0x00000007c0000000, 0x00000007c0000000)
 Metaspace       used 37080K, capacity 37948K, committed 38064K, reserved 1083392K
  class space    used 4276K, capacity 4526K, committed 4528K, reserved 1048576K
2016-09-11T21:58:27.965-0100: 381,924: [GC (Allocation Failure) 2016-09-11T21:58:27.965-0100: 381,924: [ParNew
Desired survivor size 20112992 bytes, new threshold 8 (max 8)
- age   1:    1964096 bytes,    1964096 total
- age   2:    1101656 bytes,    3065752 total
- age   3:    1238736 bytes,    4304488 total
- age   4:    1812392 bytes,    6116880 total
- age   5:    2105224 bytes,    8222104 total
- age   6:     706272 bytes,    8928376 total
- age   7:      82064 bytes,    9010440 total
- age   8:     100112 bytes,    9110552 total
: 103523K->10653K(109248K), 0,0107781 secs] 142295K->49531K(502464K), 0,0108923 secs] [Times: user=0,03 sys=0,00, real=0,01 secs] 
Heap after GC invocations=47 (full 1):
 par new generation   total 109248K, used 10653K [0x00000007a0000000, 0x00000007a8000000, 0x00000007a8000000)
  eden space 87424K,   0% used [0x00000007a0000000, 0x00000007a0000000, 0x00000007a5560000)
  from space 21824K,  48% used [0x00000007a6ab0000, 0x00000007a7517790, 0x00000007a8000000)
  to   space 21824K,   0% used [0x00000007a5560000, 0x00000007a5560000, 0x00000007a6ab0000)
 concurrent mark-sweep generation total 393216K, used 38877K [0x00000007a8000000, 0x00000007c0000000, 0x00000007c0000000)
 Metaspace       used 37080K, capacity 37948K, committed 38064K, reserved 1083392K
  class space    used 4276K, capacity 4526K, committed 4528K, reserved 1048576K
}
2016-09-11T21:58:27.976-0100: 381,935: Total time for which application threads were stopped: 0,0112549 seconds, Stopping threads took: 0,0000470 seconds
2016-09-11T21:58:28.824-0100: 382,784: Total time for which application threads were stopped: 0,0011286 seconds, Stopping threads took: 0,0000474 seconds
2016-09-11T21:58:29.826-0100: 383,785: Total time for which application threads were stopped: 0,0004084 seconds, Stopping threads took: 0,0000311 seconds
2016-09-11T21:58:35.792-0100: 389,751: Total time for which application threads were stopped: 0,0001801 seconds, Stopping threads took: 0,0000264 seconds
2016-09-11T21:58:35.792-0100: 389,752: Total time for which application threads were stopped: 0,0001835 seconds, Stopping threads took: 0,0000726 seconds
2016-09-11T21:58:35.794-0100: 389,754: Total time for which application threads were stopped: 0,0001393 seconds, Stopping threads took: 0,0000280 seconds
2016-09-11T21:58:35.796-0100: 389,756: Total time for which application threads were stopped: 0,0001580 seconds, Stopping threads took: 0,0000268 seconds
2016-09-11T21:58:35.797-0100: 389,756: Total time for which application threads were stopped: 0,0000980 seconds, Stopping threads took: 0,0000144 seconds
2016-09-11T21:58:35.798-0100: 389,757: Total time for which application threads were stopped: 0,0001169 seconds, Stopping threads took: 0,0000182 seconds
2016-09-11T21:58:35.798-0100: 389,757: Total time for which application threads were stopped: 0,0000687 seconds, Stopping threads took: 0,0000099 seconds
2016-09-11T21:58:35.800-0100: 389,759: Total time for which application threads were stopped: 0,0001924 seconds, Stopping threads took: 0,0000529 seconds
2016-09-11T21:58:35.801-0100: 389,760: Total time for which application threads were stopped: 0,0001484 seconds, Stopping threads took: 0,0000392 seconds
2016-09-11T21:58:35.802-0100: 389,762: Total time for which application threads were stopped: 0,0002018 seconds, Stopping threads took: 0,0000618 seconds
2016-09-11T21:58:35.803-0100: 389,763: Total time for which application threads were stopped: 0,0001371 seconds, Stopping threads took: 0,0000260 seconds
2016-09-11T21:58:35.804-0100: 389,764: Total time for which application threads were stopped: 0,0001036 seconds, Stopping threads took: 0,0000155 seconds
2016-09-11T21:58:35.804-0100: 389,764: Total time for which application threads were stopped: 0,0001069 seconds, Stopping threads took: 0,0000340 seconds
2016-09-11T21:58:35.805-0100: 389,765: Total time for which application threads were stopped: 0,0001325 seconds, Stopping threads took: 0,0000404 seconds
2016-09-11T21:58:36.810-0100: 390,770: Total time for which application threads were stopped: 0,0003154 seconds, Stopping threads took: 0,0000525 seconds
2016-09-11T21:58:48.842-0100: 402,803: Total time for which application threads were stopped: 0,0002863 seconds, Stopping threads took: 0,0000486 seconds
2016-09-11T21:59:01.878-0100: 415,839: Total time for which application threads were stopped: 0,0004597 seconds, Stopping threads took: 0,0000514 seconds
2016-09-11T21:59:02.155-0100: 416,115: Total time for which application threads were stopped: 0,0001223 seconds, Stopping threads took: 0,0000194 seconds
2016-09-11T21:59:02.155-0100: 416,116: Total time for which application threads were stopped: 0,0000768 seconds, Stopping threads took: 0,0000168 seconds
2016-09-11T21:59:02.179-0100: 416,139: Total time for which application threads were stopped: 0,0001196 seconds, Stopping threads took: 0,0000222 seconds
2016-09-11T21:59:02.179-0100: 416,139: Total time for which application threads were stopped: 0,0000606 seconds, Stopping threads took: 0,0000093 seconds
2016-09-11T21:59:03.184-0100: 417,144: Total time for which application threads were stopped: 0,0001588 seconds, Stopping threads took: 0,0000325 seconds
2016-09-11T21:59:04.205-0100: 418,165: Total time for which application threads were stopped: 0,0128106 seconds, Stopping threads took: 0,0124395 seconds
2016-09-11T21:59:04.359-0100: 418,320: Total time for which application threads were stopped: 0,0001654 seconds, Stopping threads took: 0,0000267 seconds
2016-09-11T21:59:04.359-0100: 418,320: Total time for which application threads were stopped: 0,0001264 seconds, Stopping threads took: 0,0000131 seconds
2016-09-11T21:59:04.486-0100: 418,447: Total time for which application threads were stopped: 0,0001824 seconds, Stopping threads took: 0,0000282 seconds
2016-09-11T21:59:04.487-0100: 418,447: Total time for which application threads were stopped: 0,0001309 seconds, Stopping threads took: 0,0000178 seconds
2016-09-11T21:59:04.487-0100: 418,448: Total time for which application threads were stopped: 0,0001125 seconds, Stopping threads took: 0,0000137 seconds
2016-09-11T21:59:04.487-0100: 418,448: Total time for which application threads were stopped: 0,0000853 seconds, Stopping threads took: 0,0000106 seconds
{Heap before GC invocations=47 (full 1):
 par new generation   total 109248K, used 98076K [0x00000007a0000000, 0x00000007a8000000, 0x00000007a8000000)
  eden space 87424K,  99% used [0x00000007a0000000, 0x00000007a555fb70, 0x00000007a5560000)
  from space 21824K,  48% used [0x00000007a6ab0000, 0x00000007a7517790, 0x00000007a8000000)
  to   space 21824K,   0% used [0x00000007a5560000, 0x00000007a5560000, 0x00000007a6ab0000)
 concurrent mark-sweep generation total 393216K, used 38877K [0x00000007a8000000, 0x00000007c0000000, 0x00000007c0000000)
 Metaspace       used 37384K, capacity 38236K, committed 38448K, reserved 1083392K
  class space    used 4296K, capacity 4558K, committed 4656K, reserved 1048576K
2016-09-11T21:59:04.558-0100: 418,519: [GC (Allocation Failure) 2016-09-11T21:59:04.558-0100: 418,519: [ParNew
Desired survivor size 20112992 bytes, new threshold 8 (max 8)
- age   1:    4990368 bytes,    4990368 total
- age   2:     961872 bytes,    5952240 total
- age   3:     783360 bytes,    6735600 total
- age   4:     715248 bytes,    7450848 total
- age   5:     339056 bytes,    7789904 total
- age   6:    1957376 bytes,    9747280 total
- age   7:     706272 bytes,   10453552 total
- age   8:      82064 bytes,   10535616 total
: 98076K->13748K(109248K), 0,0236215 secs] 136954K->52726K(502464K), 0,0237184 secs] [Times: user=0,04 sys=0,01, real=0,03 secs] 
Heap after GC invocations=48 (full 1):
 par new generation   total 109248K, used 13748K [0x00000007a0000000, 0x00000007a8000000, 0x00000007a8000000)
  eden space 87424K,   0% used [0x00000007a0000000, 0x00000007a0000000, 0x00000007a5560000)
  from space 21824K,  62% used [0x00000007a5560000, 0x00000007a62cd3f0, 0x00000007a6ab0000)
  to   space 21824K,   0% used [0x00000007a6ab0000, 0x00000007a6ab0000, 0x00000007a8000000)
 concurrent mark-sweep generation total 393216K, used 38977K [0x00000007a8000000, 0x00000007c0000000, 0x00000007c0000000)
 Metaspace       used 37384K, capacity 38236K, committed 38448K, reserved 1083392K
  class space    used 4296K, capacity 4558K, committed 4656K, reserved 1048576K
}
2016-09-11T21:59:04.582-0100: 418,543: Total time for which application threads were stopped: 0,0240195 seconds, Stopping threads took: 0,0000307 seconds
2016-09-11T21:59:04.602-0100: 418,563: Total time for which application threads were stopped: 0,0001898 seconds, Stopping threads took: 0,0000451 seconds
2016-09-11T21:59:04.605-0100: 418,565: Total time for which application threads were stopped: 0,0001767 seconds, Stopping threads took: 0,0000435 seconds
2016-09-11T21:59:05.607-0100: 419,567: Total time for which application threads were stopped: 0,0001404 seconds, Stopping threads took: 0,0000250 seconds
2016-09-11T21:59:05.974-0100: 419,935: Total time for which application threads were stopped: 0,0002652 seconds, Stopping threads took: 0,0000217 seconds
2016-09-11T21:59:06.530-0100: 420,491: Total time for which application threads were stopped: 0,0001320 seconds, Stopping threads took: 0,0000246 seconds
2016-09-11T21:59:08.382-0100: 422,343: Total time for which application threads were stopped: 0,0002121 seconds, Stopping threads took: 0,0000294 seconds
2016-09-11T21:59:09.019-0100: 422,979: Total time for which application threads were stopped: 0,0001971 seconds, Stopping threads took: 0,0000254 seconds
2016-09-11T21:59:09.019-0100: 422,980: Total time for which application threads were stopped: 0,0001454 seconds, Stopping threads took: 0,0000177 seconds
2016-09-11T21:59:09.019-0100: 422,980: Total time for which application threads were stopped: 0,0000905 seconds, Stopping threads took: 0,0000121 seconds
2016-09-11T21:59:09.021-0100: 422,981: Total time for which application threads were stopped: 0,0001444 seconds, Stopping threads took: 0,0000226 seconds
2016-09-11T21:59:09.021-0100: 422,982: Total time for which application threads were stopped: 0,0002492 seconds, Stopping threads took: 0,0000118 seconds
2016-09-11T21:59:09.022-0100: 422,983: Total time for which application threads were stopped: 0,0001560 seconds, Stopping threads took: 0,0000227 seconds
2016-09-11T21:59:09.023-0100: 422,984: Total time for which application threads were stopped: 0,0001299 seconds, Stopping threads took: 0,0000179 seconds
2016-09-11T21:59:09.024-0100: 422,985: Total time for which application threads were stopped: 0,0001435 seconds, Stopping threads took: 0,0000202 seconds
2016-09-11T21:59:09.026-0100: 422,986: Total time for which application threads were stopped: 0,0003144 seconds, Stopping threads took: 0,0000220 seconds
2016-09-11T21:59:10.028-0100: 423,989: Total time for which application threads were stopped: 0,0002446 seconds, Stopping threads took: 0,0000320 seconds
2016-09-11T21:59:10.106-0100: 424,067: Total time for which application threads were stopped: 0,0002297 seconds, Stopping threads took: 0,0000468 seconds
2016-09-11T21:59:10.539-0100: 424,500: Total time for which application threads were stopped: 0,0001275 seconds, Stopping threads took: 0,0000229 seconds
{Heap before GC invocations=48 (full 1):
 par new generation   total 109248K, used 101172K [0x00000007a0000000, 0x00000007a8000000, 0x00000007a8000000)
  eden space 87424K, 100% used [0x00000007a0000000, 0x00000007a5560000, 0x00000007a5560000)
  from space 21824K,  62% used [0x00000007a5560000, 0x00000007a62cd3f0, 0x00000007a6ab0000)
  to   space 21824K,   0% used [0x00000007a6ab0000, 0x00000007a6ab0000, 0x00000007a8000000)
 concurrent mark-sweep generation total 393216K, used 38977K [0x00000007a8000000, 0x00000007c0000000, 0x00000007c0000000)
 Metaspace       used 37429K, capacity 38300K, committed 38448K, reserved 1083392K
  class space    used 4296K, capacity 4558K, committed 4656K, reserved 1048576K
2016-09-11T21:59:12.101-0100: 426,062: [GC (Allocation Failure) 2016-09-11T21:59:12.101-0100: 426,062: [ParNew
Desired survivor size 20112992 bytes, new threshold 8 (max 8)
- age   1:    6991888 bytes,    6991888 total
- age   2:    1955600 bytes,    8947488 total
- age   3:     833944 bytes,    9781432 total
- age   4:     779456 bytes,   10560888 total
- age   5:     562632 bytes,   11123520 total
- age   6:      44720 bytes,   11168240 total
- age   7:    1790976 bytes,   12959216 total
- age   8:     706272 bytes,   13665488 total
: 101172K->15944K(109248K), 0,0502135 secs] 140150K->55004K(502464K), 0,0503353 secs] [Times: user=0,04 sys=0,02, real=0,05 secs] 
Heap after GC invocations=49 (full 1):
 par new generation   total 109248K, used 15944K [0x00000007a0000000, 0x00000007a8000000, 0x00000007a8000000)
  eden space 87424K,   0% used [0x00000007a0000000, 0x00000007a0000000, 0x00000007a5560000)
  from space 21824K,  73% used [0x00000007a6ab0000, 0x00000007a7a42200, 0x00000007a8000000)
  to   space 21824K,   0% used [0x00000007a5560000, 0x00000007a5560000, 0x00000007a6ab0000)
 concurrent mark-sweep generation total 393216K, used 39059K [0x00000007a8000000, 0x00000007c0000000, 0x00000007c0000000)
 Metaspace       used 37429K, capacity 38300K, committed 38448K, reserved 1083392K
  class space    used 4296K, capacity 4558K, committed 4656K, reserved 1048576K
}
2016-09-11T21:59:12.151-0100: 426,112: Total time for which application threads were stopped: 0,0628358 seconds, Stopping threads took: 0,0000536 seconds
2016-09-11T21:59:13.152-0100: 427,113: Total time for which application threads were stopped: 0,0002228 seconds, Stopping threads took: 0,0000385 seconds
2016-09-11T21:59:13.245-0100: 427,206: Total time for which application threads were stopped: 0,0001447 seconds, Stopping threads took: 0,0000240 seconds
2016-09-11T21:59:14.003-0100: 427,964: Total time for which application threads were stopped: 0,0001398 seconds, Stopping threads took: 0,0000357 seconds
2016-09-11T21:59:15.003-0100: 428,964: Total time for which application threads were stopped: 0,0001582 seconds, Stopping threads took: 0,0000311 seconds
2016-09-11T21:59:16.008-0100: 429,969: Total time for which application threads were stopped: 0,0002047 seconds, Stopping threads took: 0,0000318 seconds
2016-09-11T21:59:16.144-0100: 430,105: Total time for which application threads were stopped: 0,0001434 seconds, Stopping threads took: 0,0000267 seconds
2016-09-11T21:59:16.144-0100: 430,105: Total time for which application threads were stopped: 0,0002642 seconds, Stopping threads took: 0,0000169 seconds
{Heap before GC invocations=49 (full 1):
 par new generation   total 109248K, used 103366K [0x00000007a0000000, 0x00000007a8000000, 0x00000007a8000000)
  eden space 87424K,  99% used [0x00000007a0000000, 0x00000007a555f730, 0x00000007a5560000)
  from space 21824K,  73% used [0x00000007a6ab0000, 0x00000007a7a42200, 0x00000007a8000000)
  to   space 21824K,   0% used [0x00000007a5560000, 0x00000007a5560000, 0x00000007a6ab0000)
 concurrent mark-sweep generation total 393216K, used 39059K [0x00000007a8000000, 0x00000007c0000000, 0x00000007c0000000)
 Metaspace       used 37458K, capacity 38308K, committed 38448K, reserved 1083392K
  class space    used 4296K, capacity 4558K, committed 4656K, reserved 1048576K
2016-09-11T21:59:16.561-0100: 430,522: [GC (Allocation Failure) 2016-09-11T21:59:16.561-0100: 430,522: [ParNew
Desired survivor size 20112992 bytes, new threshold 8 (max 8)
- age   1:    2324720 bytes,    2324720 total
- age   2:     867688 bytes,    3192408 total
- age   3:    1860208 bytes,    5052616 total
- age   4:     819112 bytes,    5871728 total
- age   5:      27008 bytes,    5898736 total
- age   6:     259536 bytes,    6158272 total
- age   7:      42536 bytes,    6200808 total
- age   8:    1790192 bytes,    7991000 total
: 103366K->14323K(109248K), 0,0314777 secs] 142426K->54077K(502464K), 0,0315747 secs] [Times: user=0,04 sys=0,01, real=0,03 secs] 
Heap after GC invocations=50 (full 1):
 par new generation   total 109248K, used 14323K [0x00000007a0000000, 0x00000007a8000000, 0x00000007a8000000)
  eden space 87424K,   0% used [0x00000007a0000000, 0x00000007a0000000, 0x00000007a5560000)
  from space 21824K,  65% used [0x00000007a5560000, 0x00000007a635cc30, 0x00000007a6ab0000)
  to   space 21824K,   0% used [0x00000007a6ab0000, 0x00000007a6ab0000, 0x00000007a8000000)
 concurrent mark-sweep generation total 393216K, used 39754K [0x00000007a8000000, 0x00000007c0000000, 0x00000007c0000000)
 Metaspace       used 37458K, capacity 38308K, committed 38448K, reserved 1083392K
  class space    used 4296K, capacity 4558K, committed 4656K, reserved 1048576K
}
2016-09-11T21:59:16.593-0100: 430,554: Total time for which application threads were stopped: 0,0319816 seconds, Stopping threads took: 0,0000595 seconds
2016-09-11T21:59:16.593-0100: 430,554: Total time for which application threads were stopped: 0,0003450 seconds, Stopping threads took: 0,0000841 seconds
2016-09-11T21:59:16.627-0100: 430,588: Total time for which application threads were stopped: 0,0001758 seconds, Stopping threads took: 0,0000301 seconds
2016-09-11T21:59:17.627-0100: 431,588: Total time for which application threads were stopped: 0,0001424 seconds, Stopping threads took: 0,0000262 seconds
2016-09-11T21:59:19.975-0100: 433,936: Total time for which application threads were stopped: 0,0002297 seconds, Stopping threads took: 0,0000386 seconds
2016-09-11T21:59:19.981-0100: 433,942: Total time for which application threads were stopped: 0,0001565 seconds, Stopping threads took: 0,0000283 seconds
2016-09-11T21:59:19.981-0100: 433,942: Total time for which application threads were stopped: 0,0000777 seconds, Stopping threads took: 0,0000095 seconds
2016-09-11T21:59:19.981-0100: 433,943: Total time for which application threads were stopped: 0,0000729 seconds, Stopping threads took: 0,0000090 seconds
2016-09-11T21:59:20.984-0100: 434,945: Total time for which application threads were stopped: 0,0001480 seconds, Stopping threads took: 0,0000286 seconds
2016-09-11T21:59:21.005-0100: 434,966: Total time for which application threads were stopped: 0,0001568 seconds, Stopping threads took: 0,0000264 seconds
2016-09-11T21:59:21.006-0100: 434,967: Total time for which application threads were stopped: 0,0001336 seconds, Stopping threads took: 0,0000182 seconds
2016-09-11T21:59:21.006-0100: 434,967: Total time for which application threads were stopped: 0,0002133 seconds, Stopping threads took: 0,0000149 seconds
2016-09-11T21:59:21.006-0100: 434,967: Total time for which application threads were stopped: 0,0001063 seconds, Stopping threads took: 0,0000131 seconds
2016-09-11T21:59:22.008-0100: 435,969: Total time for which application threads were stopped: 0,0001575 seconds, Stopping threads took: 0,0000287 seconds
2016-09-11T21:59:22.583-0100: 436,544: Total time for which application threads were stopped: 0,0001630 seconds, Stopping threads took: 0,0000269 seconds
2016-09-11T21:59:22.583-0100: 436,544: Total time for which application threads were stopped: 0,0000834 seconds, Stopping threads took: 0,0000109 seconds
2016-09-11T21:59:22.583-0100: 436,544: Total time for which application threads were stopped: 0,0000765 seconds, Stopping threads took: 0,0000100 seconds
2016-09-11T21:59:22.583-0100: 436,544: Total time for which application threads were stopped: 0,0000711 seconds, Stopping threads took: 0,0000087 seconds
2016-09-11T21:59:22.583-0100: 436,544: Total time for which application threads were stopped: 0,0000705 seconds, Stopping threads took: 0,0000089 seconds
2016-09-11T21:59:22.799-0100: 436,760: Total time for which application threads were stopped: 0,0001352 seconds, Stopping threads took: 0,0000265 seconds
2016-09-11T21:59:22.800-0100: 436,761: Total time for which application threads were stopped: 0,0000690 seconds, Stopping threads took: 0,0000091 seconds
2016-09-11T21:59:22.800-0100: 436,761: Total time for which application threads were stopped: 0,0000740 seconds, Stopping threads took: 0,0000117 seconds
2016-09-11T21:59:22.935-0100: 436,896: Total time for which application threads were stopped: 0,0001460 seconds, Stopping threads took: 0,0000241 seconds
2016-09-11T21:59:23.088-0100: 437,049: Total time for which application threads were stopped: 0,0002969 seconds, Stopping threads took: 0,0000591 seconds
2016-09-11T21:59:23.111-0100: 437,072: Total time for which application threads were stopped: 0,0001929 seconds, Stopping threads took: 0,0000260 seconds
2016-09-11T21:59:24.116-0100: 438,077: Total time for which application threads were stopped: 0,0001653 seconds, Stopping threads took: 0,0000299 seconds
2016-09-11T21:59:41.420-0100: 455,382: Total time for which application threads were stopped: 0,0002208 seconds, Stopping threads took: 0,0000575 seconds
2016-09-11T21:59:41.424-0100: 455,385: Total time for which application threads were stopped: 0,0001645 seconds, Stopping threads took: 0,0000242 seconds
2016-09-11T21:59:41.428-0100: 455,390: Total time for which application threads were stopped: 0,0002030 seconds, Stopping threads took: 0,0000555 seconds
2016-09-11T21:59:41.429-0100: 455,390: Total time for which application threads were stopped: 0,0001228 seconds, Stopping threads took: 0,0000148 seconds
2016-09-11T21:59:41.430-0100: 455,392: Total time for which application threads were stopped: 0,0001816 seconds, Stopping threads took: 0,0000390 seconds
2016-09-11T21:59:41.431-0100: 455,393: Total time for which application threads were stopped: 0,0001795 seconds, Stopping threads took: 0,0000723 seconds
2016-09-11T21:59:41.431-0100: 455,393: Total time for which application threads were stopped: 0,0001020 seconds, Stopping threads took: 0,0000302 seconds
2016-09-11T21:59:41.432-0100: 455,394: Total time for which application threads were stopped: 0,0001351 seconds, Stopping threads took: 0,0000515 seconds
2016-09-11T21:59:41.432-0100: 455,394: Total time for which application threads were stopped: 0,0001021 seconds, Stopping threads took: 0,0000311 seconds
2016-09-11T21:59:41.434-0100: 455,396: Total time for which application threads were stopped: 0,0001632 seconds, Stopping threads took: 0,0000476 seconds
2016-09-11T21:59:41.435-0100: 455,397: Total time for which application threads were stopped: 0,0002136 seconds, Stopping threads took: 0,0000505 seconds
2016-09-11T21:59:41.436-0100: 455,398: Total time for which application threads were stopped: 0,0001474 seconds, Stopping threads took: 0,0000164 seconds
2016-09-11T21:59:41.437-0100: 455,399: Total time for which application threads were stopped: 0,0001177 seconds, Stopping threads took: 0,0000245 seconds
2016-09-11T21:59:42.438-0100: 456,400: Total time for which application threads were stopped: 0,0001534 seconds, Stopping threads took: 0,0000397 seconds
2016-09-11T21:59:55.606-0100: 469,568: Total time for which application threads were stopped: 0,0001545 seconds, Stopping threads took: 0,0000426 seconds
2016-09-11T21:59:55.650-0100: 469,612: Total time for which application threads were stopped: 0,0001722 seconds, Stopping threads took: 0,0000637 seconds
2016-09-11T21:59:55.650-0100: 469,612: Total time for which application threads were stopped: 0,0001219 seconds, Stopping threads took: 0,0000567 seconds
2016-09-11T21:59:55.650-0100: 469,612: Total time for which application threads were stopped: 0,0002551 seconds, Stopping threads took: 0,0001929 seconds
2016-09-11T21:59:55.650-0100: 469,613: Total time for which application threads were stopped: 0,0001956 seconds, Stopping threads took: 0,0000990 seconds
2016-09-11T21:59:55.651-0100: 469,613: Total time for which application threads were stopped: 0,0001727 seconds, Stopping threads took: 0,0000147 seconds
2016-09-11T21:59:55.651-0100: 469,613: Total time for which application threads were stopped: 0,0001296 seconds, Stopping threads took: 0,0000296 seconds
2016-09-11T21:59:55.651-0100: 469,613: Total time for which application threads were stopped: 0,0001137 seconds, Stopping threads took: 0,0000452 seconds
2016-09-11T21:59:55.651-0100: 469,614: Total time for which application threads were stopped: 0,0000827 seconds, Stopping threads took: 0,0000252 seconds
2016-09-11T21:59:55.673-0100: 469,635: Total time for which application threads were stopped: 0,0001934 seconds, Stopping threads took: 0,0000408 seconds
2016-09-11T21:59:55.673-0100: 469,635: Total time for which application threads were stopped: 0,0000889 seconds, Stopping threads took: 0,0000286 seconds
2016-09-11T21:59:55.673-0100: 469,635: Total time for which application threads were stopped: 0,0000747 seconds, Stopping threads took: 0,0000103 seconds
2016-09-11T21:59:55.673-0100: 469,636: Total time for which application threads were stopped: 0,0000885 seconds, Stopping threads took: 0,0000305 seconds
2016-09-11T21:59:55.674-0100: 469,636: Total time for which application threads were stopped: 0,0000845 seconds, Stopping threads took: 0,0000245 seconds
2016-09-11T21:59:55.674-0100: 469,636: Total time for which application threads were stopped: 0,0000872 seconds, Stopping threads took: 0,0000312 seconds
2016-09-11T21:59:55.688-0100: 469,651: Total time for which application threads were stopped: 0,0001951 seconds, Stopping threads took: 0,0000240 seconds
2016-09-11T21:59:55.689-0100: 469,651: Total time for which application threads were stopped: 0,0001450 seconds, Stopping threads took: 0,0000632 seconds
2016-09-11T21:59:55.689-0100: 469,651: Total time for which application threads were stopped: 0,0000857 seconds, Stopping threads took: 0,0000105 seconds
2016-09-11T21:59:55.689-0100: 469,651: Total time for which application threads were stopped: 0,0003119 seconds, Stopping threads took: 0,0000358 seconds
2016-09-11T22:00:06.718-0100: 480,681: Total time for which application threads were stopped: 0,0002282 seconds, Stopping threads took: 0,0000581 seconds
2016-09-11T22:01:23.871-0100: 557,836: Total time for which application threads were stopped: 0,0005493 seconds, Stopping threads took: 0,0000520 seconds
{Heap before GC invocations=50 (full 1):
 par new generation   total 109248K, used 101747K [0x00000007a0000000, 0x00000007a8000000, 0x00000007a8000000)
  eden space 87424K, 100% used [0x00000007a0000000, 0x00000007a5560000, 0x00000007a5560000)
  from space 21824K,  65% used [0x00000007a5560000, 0x00000007a635cc30, 0x00000007a6ab0000)
  to   space 21824K,   0% used [0x00000007a6ab0000, 0x00000007a6ab0000, 0x00000007a8000000)
 concurrent mark-sweep generation total 393216K, used 39754K [0x00000007a8000000, 0x00000007c0000000, 0x00000007c0000000)
 Metaspace       used 37673K, capacity 38536K, committed 38704K, reserved 1083392K
  class space    used 4322K, capacity 4590K, committed 4656K, reserved 1048576K
2016-09-11T22:02:07.366-0100: 601,332: [GC (Allocation Failure) 2016-09-11T22:02:07.385-0100: 601,352: [ParNew
Desired survivor size 20112992 bytes, new threshold 8 (max 8)
- age   1:    1843032 bytes,    1843032 total
- age   2:    1155368 bytes,    2998400 total
- age   3:     775336 bytes,    3773736 total
- age   4:     722520 bytes,    4496256 total
- age   5:     189608 bytes,    4685864 total
- age   6:      14896 bytes,    4700760 total
- age   7:     251568 bytes,    4952328 total
- age   8:      38736 bytes,    4991064 total
: 101747K->7573K(109248K), 0,0513245 secs] 141501K->49082K(502464K), 0,0708372 secs] [Times: user=0,05 sys=0,06, real=0,07 secs] 
Heap after GC invocations=51 (full 1):
 par new generation   total 109248K, used 7573K [0x00000007a0000000, 0x00000007a8000000, 0x00000007a8000000)
  eden space 87424K,   0% used [0x00000007a0000000, 0x00000007a0000000, 0x00000007a5560000)
  from space 21824K,  34% used [0x00000007a6ab0000, 0x00000007a72156b0, 0x00000007a8000000)
  to   space 21824K,   0% used [0x00000007a5560000, 0x00000007a5560000, 0x00000007a6ab0000)
 concurrent mark-sweep generation total 393216K, used 41508K [0x00000007a8000000, 0x00000007c0000000, 0x00000007c0000000)
 Metaspace       used 37673K, capacity 38536K, committed 38704K, reserved 1083392K
  class space    used 4322K, capacity 4590K, committed 4656K, reserved 1048576K
}
2016-09-11T22:02:07.437-0100: 601,403: Total time for which application threads were stopped: 0,0722217 seconds, Stopping threads took: 0,0002792 seconds
2016-09-11T22:02:07.438-0100: 601,404: Total time for which application threads were stopped: 0,0002000 seconds, Stopping threads took: 0,0000215 seconds
2016-09-11T22:02:07.438-0100: 601,404: Total time for which application threads were stopped: 0,0001120 seconds, Stopping threads took: 0,0000145 seconds
2016-09-11T22:02:07.440-0100: 601,407: Total time for which application threads were stopped: 0,0002015 seconds, Stopping threads took: 0,0000790 seconds
2016-09-11T22:02:07.441-0100: 601,407: Total time for which application threads were stopped: 0,0001329 seconds, Stopping threads took: 0,0000135 seconds
2016-09-11T22:02:07.441-0100: 601,407: Total time for which application threads were stopped: 0,0001322 seconds, Stopping threads took: 0,0000282 seconds
2016-09-11T22:02:40.530-0100: 634,497: Total time for which application threads were stopped: 0,0005343 seconds, Stopping threads took: 0,0000575 seconds
2016-09-11T22:02:48.546-0100: 642,514: Total time for which application threads were stopped: 0,0004676 seconds, Stopping threads took: 0,0000789 seconds
2016-09-11T22:03:18.627-0100: 672,596: Total time for which application threads were stopped: 0,0003437 seconds, Stopping threads took: 0,0000857 seconds
2016-09-11T22:03:23.640-0100: 677,609: Total time for which application threads were stopped: 0,0001766 seconds, Stopping threads took: 0,0000285 seconds
2016-09-11T22:14:19.591-0100: 1333,582: Total time for which application threads were stopped: 0,0002664 seconds, Stopping threads took: 0,0000534 seconds
2016-09-11T22:16:14.784-0100: 1448,778: Total time for which application threads were stopped: 0,0003818 seconds, Stopping threads took: 0,0001133 seconds
2016-09-11T22:16:14.784-0100: 1448,778: Total time for which application threads were stopped: 0,0001070 seconds, Stopping threads took: 0,0000134 seconds
2016-09-11T22:16:14.784-0100: 1448,779: Total time for which application threads were stopped: 0,0000937 seconds, Stopping threads took: 0,0000106 seconds
2016-09-11T22:16:14.785-0100: 1448,779: Total time for which application threads were stopped: 0,0000981 seconds, Stopping threads took: 0,0000114 seconds
2016-09-11T22:16:14.785-0100: 1448,779: Total time for which application threads were stopped: 0,0001045 seconds, Stopping threads took: 0,0000126 seconds
2016-09-11T22:16:14.785-0100: 1448,779: Total time for which application threads were stopped: 0,0000902 seconds, Stopping threads took: 0,0000102 seconds
2016-09-11T22:16:14.785-0100: 1448,779: Total time for which application threads were stopped: 0,0000874 seconds, Stopping threads took: 0,0000102 seconds
2016-09-11T22:16:14.785-0100: 1448,780: Total time for which application threads were stopped: 0,0000828 seconds, Stopping threads took: 0,0000100 seconds
2016-09-11T22:16:14.785-0100: 1448,780: Total time for which application threads were stopped: 0,0000860 seconds, Stopping threads took: 0,0000095 seconds
2016-09-11T22:16:15.787-0100: 1449,781: Total time for which application threads were stopped: 0,0002594 seconds, Stopping threads took: 0,0000314 seconds
2016-09-11T22:16:20.202-0100: 1454,196: Total time for which application threads were stopped: 0,0001741 seconds, Stopping threads took: 0,0000238 seconds
2016-09-11T22:16:20.225-0100: 1454,219: Total time for which application threads were stopped: 0,0001647 seconds, Stopping threads took: 0,0000259 seconds
2016-09-11T22:16:20.225-0100: 1454,219: Total time for which application threads were stopped: 0,0000776 seconds, Stopping threads took: 0,0000129 seconds
2016-09-11T22:16:20.225-0100: 1454,220: Total time for which application threads were stopped: 0,0000859 seconds, Stopping threads took: 0,0000206 seconds
2016-09-11T22:16:20.225-0100: 1454,220: Total time for which application threads were stopped: 0,0000774 seconds, Stopping threads took: 0,0000124 seconds
2016-09-11T22:16:20.226-0100: 1454,220: Total time for which application threads were stopped: 0,0002971 seconds, Stopping threads took: 0,0000186 seconds
2016-09-11T22:16:20.227-0100: 1454,221: Total time for which application threads were stopped: 0,0002969 seconds, Stopping threads took: 0,0000200 seconds
2016-09-11T22:16:20.228-0100: 1454,223: Total time for which application threads were stopped: 0,0002184 seconds, Stopping threads took: 0,0000321 seconds
2016-09-11T22:16:20.229-0100: 1454,223: Total time for which application threads were stopped: 0,0001802 seconds, Stopping threads took: 0,0000502 seconds
2016-09-11T22:16:20.229-0100: 1454,224: Total time for which application threads were stopped: 0,0001061 seconds, Stopping threads took: 0,0000114 seconds
2016-09-11T22:16:20.229-0100: 1454,224: Total time for which application threads were stopped: 0,0000722 seconds, Stopping threads took: 0,0000144 seconds
2016-09-11T22:16:20.230-0100: 1454,225: Total time for which application threads were stopped: 0,0001234 seconds, Stopping threads took: 0,0000173 seconds
2016-09-11T22:16:20.231-0100: 1454,226: Total time for which application threads were stopped: 0,0001527 seconds, Stopping threads took: 0,0000238 seconds
2016-09-11T22:16:20.232-0100: 1454,227: Total time for which application threads were stopped: 0,0002523 seconds, Stopping threads took: 0,0000397 seconds
2016-09-11T22:16:20.233-0100: 1454,228: Total time for which application threads were stopped: 0,0001704 seconds, Stopping threads took: 0,0000285 seconds
2016-09-11T22:16:20.234-0100: 1454,228: Total time for which application threads were stopped: 0,0001250 seconds, Stopping threads took: 0,0000155 seconds
2016-09-11T22:16:20.234-0100: 1454,228: Total time for which application threads were stopped: 0,0000967 seconds, Stopping threads took: 0,0000128 seconds
2016-09-11T22:16:20.235-0100: 1454,229: Total time for which application threads were stopped: 0,0001205 seconds, Stopping threads took: 0,0000152 seconds
2016-09-11T22:16:20.235-0100: 1454,230: Total time for which application threads were stopped: 0,0001161 seconds, Stopping threads took: 0,0000155 seconds
2016-09-11T22:16:20.236-0100: 1454,230: Total time for which application threads were stopped: 0,0001794 seconds, Stopping threads took: 0,0000161 seconds
2016-09-11T22:16:21.242-0100: 1455,236: Total time for which application threads were stopped: 0,0008885 seconds, Stopping threads took: 0,0000570 seconds
2016-09-11T22:17:01.525-0100: 1495,521: Total time for which application threads were stopped: 0,0003744 seconds, Stopping threads took: 0,0000265 seconds
2016-09-11T22:17:01.526-0100: 1495,521: Total time for which application threads were stopped: 0,0001182 seconds, Stopping threads took: 0,0000162 seconds
2016-09-11T22:17:01.558-0100: 1495,553: Total time for which application threads were stopped: 0,0003676 seconds, Stopping threads took: 0,0000259 seconds
2016-09-11T22:17:21.785-0100: 1515,781: Total time for which application threads were stopped: 0,0003125 seconds, Stopping threads took: 0,0000512 seconds
2016-09-11T22:17:21.832-0100: 1515,829: Total time for which application threads were stopped: 0,0001800 seconds, Stopping threads took: 0,0000455 seconds
2016-09-11T22:17:21.833-0100: 1515,829: Total time for which application threads were stopped: 0,0001104 seconds, Stopping threads took: 0,0000351 seconds
2016-09-11T22:17:28.293-0100: 1522,290: Total time for which application threads were stopped: 0,0001538 seconds, Stopping threads took: 0,0000263 seconds
2016-09-11T22:17:28.315-0100: 1522,312: Total time for which application threads were stopped: 0,0003008 seconds, Stopping threads took: 0,0001006 seconds
2016-09-11T22:17:28.317-0100: 1522,313: Total time for which application threads were stopped: 0,0001445 seconds, Stopping threads took: 0,0000330 seconds
2016-09-11T22:17:28.317-0100: 1522,314: Total time for which application threads were stopped: 0,0000852 seconds, Stopping threads took: 0,0000138 seconds
2016-09-11T22:17:28.317-0100: 1522,314: Total time for which application threads were stopped: 0,0001046 seconds, Stopping threads took: 0,0000126 seconds
2016-09-11T22:17:28.317-0100: 1522,314: Total time for which application threads were stopped: 0,0001215 seconds, Stopping threads took: 0,0000519 seconds
2016-09-11T22:17:48.383-0100: 1542,380: Total time for which application threads were stopped: 0,0001418 seconds, Stopping threads took: 0,0000402 seconds
2016-09-11T22:18:26.484-0100: 1580,483: Total time for which application threads were stopped: 0,0011924 seconds, Stopping threads took: 0,0003509 seconds
2016-09-11T22:19:09.613-0100: 1623,613: Total time for which application threads were stopped: 0,0002313 seconds, Stopping threads took: 0,0000372 seconds
2016-09-11T22:23:04.167-0100: 1858,174: Total time for which application threads were stopped: 0,0017288 seconds, Stopping threads took: 0,0006535 seconds
2016-09-11T22:23:36.250-0100: 1890,259: Total time for which application threads were stopped: 0,0009300 seconds, Stopping threads took: 0,0004008 seconds
2016-09-11T22:24:22.337-0100: 1936,347: Total time for which application threads were stopped: 0,0017441 seconds, Stopping threads took: 0,0005266 seconds
2016-09-11T22:24:34.359-0100: 1948,369: Total time for which application threads were stopped: 0,0003131 seconds, Stopping threads took: 0,0000512 seconds
2016-09-11T22:25:21.459-0100: 1995,471: Total time for which application threads were stopped: 0,0001969 seconds, Stopping threads took: 0,0000345 seconds
2016-09-11T22:26:14.611-0100: 2048,624: Total time for which application threads were stopped: 0,0016650 seconds, Stopping threads took: 0,0005178 seconds
2016-09-11T22:28:23.960-0100: 2177,978: Total time for which application threads were stopped: 0,0003573 seconds, Stopping threads took: 0,0000797 seconds
2016-09-11T22:28:49.021-0100: 2203,039: Total time for which application threads were stopped: 0,0018979 seconds, Stopping threads took: 0,0005666 seconds
2016-09-11T22:32:05.434-0100: 2399,459: Total time for which application threads were stopped: 0,0022926 seconds, Stopping threads took: 0,0004445 seconds
2016-09-11T22:32:13.458-0100: 2407,483: Total time for which application threads were stopped: 0,0002640 seconds, Stopping threads took: 0,0000383 seconds
2016-09-11T22:39:49.496-0100: 2863,535: Total time for which application threads were stopped: 0,0011210 seconds, Stopping threads took: 0,0003082 seconds
2016-09-11T22:39:49.602-0100: 2863,641: Total time for which application threads were stopped: 0,0002253 seconds, Stopping threads took: 0,0001163 seconds
2016-09-11T22:39:49.602-0100: 2863,642: Total time for which application threads were stopped: 0,0001506 seconds, Stopping threads took: 0,0000411 seconds
2016-09-11T22:39:49.603-0100: 2863,642: Total time for which application threads were stopped: 0,0001739 seconds, Stopping threads took: 0,0000731 seconds
2016-09-11T22:40:23.618-0100: 2897,658: Total time for which application threads were stopped: 0,0002398 seconds, Stopping threads took: 0,0000808 seconds
2016-09-11T22:40:23.618-0100: 2897,658: Total time for which application threads were stopped: 0,0001636 seconds, Stopping threads took: 0,0000636 seconds
2016-09-11T22:40:24.618-0100: 2898,659: Total time for which application threads were stopped: 0,0003164 seconds, Stopping threads took: 0,0000350 seconds
2016-09-11T22:41:05.567-0100: 2939,609: Total time for which application threads were stopped: 0,0005387 seconds, Stopping threads took: 0,0000408 seconds
2016-09-11T22:41:05.608-0100: 2939,650: Total time for which application threads were stopped: 0,0002446 seconds, Stopping threads took: 0,0000396 seconds
2016-09-11T22:41:05.609-0100: 2939,651: Total time for which application threads were stopped: 0,0003592 seconds, Stopping threads took: 0,0000566 seconds
2016-09-11T22:41:05.610-0100: 2939,652: Total time for which application threads were stopped: 0,0002687 seconds, Stopping threads took: 0,0001151 seconds
2016-09-11T22:41:05.610-0100: 2939,652: Total time for which application threads were stopped: 0,0001759 seconds, Stopping threads took: 0,0000882 seconds
2016-09-11T22:41:05.611-0100: 2939,652: Total time for which application threads were stopped: 0,0001255 seconds, Stopping threads took: 0,0000520 seconds
2016-09-11T22:41:05.611-0100: 2939,653: Total time for which application threads were stopped: 0,0001782 seconds, Stopping threads took: 0,0000872 seconds
2016-09-11T22:41:05.612-0100: 2939,654: Total time for which application threads were stopped: 0,0001897 seconds, Stopping threads took: 0,0000398 seconds
2016-09-11T22:44:18.081-0100: 3132,128: Total time for which application threads were stopped: 0,0018474 seconds, Stopping threads took: 0,0005413 seconds
2016-09-11T22:45:26.161-0100: 3200,211: Total time for which application threads were stopped: 0,0003794 seconds, Stopping threads took: 0,0001072 seconds
2016-09-11T22:45:26.162-0100: 3200,212: Total time for which application threads were stopped: 0,0002747 seconds, Stopping threads took: 0,0001028 seconds
2016-09-11T22:47:08.366-0100: 3302,419: Total time for which application threads were stopped: 0,0018107 seconds, Stopping threads took: 0,0006524 seconds
2016-09-11T22:48:58.640-0100: 3412,696: Total time for which application threads were stopped: 0,0016603 seconds, Stopping threads took: 0,0004525 seconds
2016-09-11T22:50:25.840-0100: 3499,899: Total time for which application threads were stopped: 0,0002914 seconds, Stopping threads took: 0,0000672 seconds
2016-09-11T22:51:56.012-0100: 3590,074: Total time for which application threads were stopped: 0,0003808 seconds, Stopping threads took: 0,0000971 seconds
2016-09-11T23:09:11.826-0100: 4625,919: Total time for which application threads were stopped: 0,0022032 seconds, Stopping threads took: 0,0004547 seconds
2016-09-12T00:10:58.184-0100: 5666,796: Total time for which application threads were stopped: 0,1218929 seconds, Stopping threads took: 0,1207462 seconds
2016-09-12T00:11:03.198-0100: 5671,810: Total time for which application threads were stopped: 0,0003110 seconds, Stopping threads took: 0,0000533 seconds
2016-09-12T00:11:12.224-0100: 5680,837: Total time for which application threads were stopped: 0,0003422 seconds, Stopping threads took: 0,0000324 seconds
2016-09-12T00:11:12.851-0100: 5681,464: Total time for which application threads were stopped: 0,0002241 seconds, Stopping threads took: 0,0000306 seconds
2016-09-12T00:11:12.851-0100: 5681,464: Total time for which application threads were stopped: 0,0001062 seconds, Stopping threads took: 0,0000122 seconds
2016-09-12T00:11:13.853-0100: 5682,466: Total time for which application threads were stopped: 0,0003173 seconds, Stopping threads took: 0,0000531 seconds
2016-09-12T00:11:17.980-0100: 5686,593: Total time for which application threads were stopped: 0,1201041 seconds, Stopping threads took: 0,1198746 seconds
2016-09-12T00:11:18.128-0100: 5686,740: Total time for which application threads were stopped: 0,0002895 seconds, Stopping threads took: 0,0000280 seconds
2016-09-12T00:11:18.128-0100: 5686,741: Total time for which application threads were stopped: 0,0001606 seconds, Stopping threads took: 0,0000204 seconds
2016-09-12T00:11:19.216-0100: 5687,829: Total time for which application threads were stopped: 0,0846935 seconds, Stopping threads took: 0,0844498 seconds
2016-09-12T00:11:21.259-0100: 5689,871: Total time for which application threads were stopped: 0,0420095 seconds, Stopping threads took: 0,0418340 seconds
2016-09-12T00:11:22.264-0100: 5691,268: Total time for which application threads were stopped: 0,3919011 seconds, Stopping threads took: 0,0000528 seconds
2016-09-12T00:11:23.656-0100: 5692,269: Total time for which application threads were stopped: 0,0002093 seconds, Stopping threads took: 0,0000462 seconds
2016-09-12T00:11:27.661-0100: 5696,274: Total time for which application threads were stopped: 0,0004037 seconds, Stopping threads took: 0,0001313 seconds
2016-09-12T00:11:29.666-0100: 5698,280: Total time for which application threads were stopped: 0,0002834 seconds, Stopping threads took: 0,0000534 seconds
2016-09-12T00:11:30.672-0100: 5699,285: Total time for which application threads were stopped: 0,0002906 seconds, Stopping threads took: 0,0000526 seconds
2016-09-12T00:11:32.677-0100: 5701,290: Total time for which application threads were stopped: 0,0003784 seconds, Stopping threads took: 0,0001630 seconds
2016-09-12T00:11:33.413-0100: 5702,027: Total time for which application threads were stopped: 0,0001785 seconds, Stopping threads took: 0,0000315 seconds
2016-09-12T00:11:33.555-0100: 5702,168: Total time for which application threads were stopped: 0,0001577 seconds, Stopping threads took: 0,0000286 seconds
2016-09-12T00:11:33.944-0100: 5702,558: Total time for which application threads were stopped: 0,0001850 seconds, Stopping threads took: 0,0000327 seconds
2016-09-12T00:11:43.978-0100: 5712,591: Total time for which application threads were stopped: 0,0022379 seconds, Stopping threads took: 0,0010899 seconds
2016-09-12T00:11:45.985-0100: 5714,599: Total time for which application threads were stopped: 0,0003606 seconds, Stopping threads took: 0,0000534 seconds
2016-09-12T00:11:46.987-0100: 5715,600: Total time for which application threads were stopped: 0,0001817 seconds, Stopping threads took: 0,0000361 seconds
2016-09-12T00:11:49.993-0100: 5718,607: Total time for which application threads were stopped: 0,0002656 seconds, Stopping threads took: 0,0000490 seconds
2016-09-12T00:11:55.004-0100: 5723,618: Total time for which application threads were stopped: 0,0001827 seconds, Stopping threads took: 0,0000416 seconds
2016-09-12T00:11:57.010-0100: 5725,624: Total time for which application threads were stopped: 0,0002596 seconds, Stopping threads took: 0,0000465 seconds
2016-09-12T00:12:05.027-0100: 5733,642: Total time for which application threads were stopped: 0,0003390 seconds, Stopping threads took: 0,0000718 seconds
2016-09-12T00:12:12.047-0100: 5740,661: Total time for which application threads were stopped: 0,0002567 seconds, Stopping threads took: 0,0000425 seconds
2016-09-12T00:12:19.060-0100: 5747,675: Total time for which application threads were stopped: 0,0002363 seconds, Stopping threads took: 0,0000295 seconds
2016-09-12T00:12:37.110-0100: 5765,726: Total time for which application threads were stopped: 0,0002889 seconds, Stopping threads took: 0,0000772 seconds
2016-09-12T00:13:06.921-0100: 5795,537: Total time for which application threads were stopped: 0,0014120 seconds, Stopping threads took: 0,0003991 seconds
2016-09-12T00:13:07.922-0100: 5796,538: Total time for which application threads were stopped: 0,0004216 seconds, Stopping threads took: 0,0000518 seconds
2016-09-12T00:13:09.016-0100: 5797,632: Total time for which application threads were stopped: 0,0927807 seconds, Stopping threads took: 0,0924779 seconds
2016-09-12T00:13:09.370-0100: 5797,987: Total time for which application threads were stopped: 0,1032635 seconds, Stopping threads took: 0,0806405 seconds
2016-09-12T00:13:10.374-0100: 5798,990: Total time for which application threads were stopped: 0,0004165 seconds, Stopping threads took: 0,0000877 seconds
2016-09-12T00:13:13.382-0100: 5801,998: Total time for which application threads were stopped: 0,0002220 seconds, Stopping threads took: 0,0000331 seconds
2016-09-12T00:13:14.174-0100: 5802,791: Total time for which application threads were stopped: 0,0003503 seconds, Stopping threads took: 0,0000715 seconds
2016-09-12T00:13:15.179-0100: 5803,795: Total time for which application threads were stopped: 0,0002886 seconds, Stopping threads took: 0,0000535 seconds
2016-09-12T00:13:16.309-0100: 5804,926: Total time for which application threads were stopped: 0,0003049 seconds, Stopping threads took: 0,0000510 seconds
2016-09-12T00:13:16.791-0100: 5805,408: Total time for which application threads were stopped: 0,0003335 seconds, Stopping threads took: 0,0001138 seconds
2016-09-12T00:13:16.939-0100: 5805,556: Total time for which application threads were stopped: 0,1475958 seconds, Stopping threads took: 0,0000168 seconds
2016-09-12T00:13:19.953-0100: 5808,570: Total time for which application threads were stopped: 0,0002878 seconds, Stopping threads took: 0,0000447 seconds
2016-09-12T00:13:24.452-0100: 5813,069: Total time for which application threads were stopped: 0,1059454 seconds, Stopping threads took: 0,1056798 seconds
2016-09-12T00:13:24.453-0100: 5813,069: Total time for which application threads were stopped: 0,0001695 seconds, Stopping threads took: 0,0000282 seconds
2016-09-12T00:13:25.453-0100: 5814,070: Total time for which application threads were stopped: 0,0002256 seconds, Stopping threads took: 0,0000391 seconds
2016-09-12T00:13:28.696-0100: 5817,313: Total time for which application threads were stopped: 0,0002358 seconds, Stopping threads took: 0,0000631 seconds
2016-09-12T00:13:29.896-0100: 5818,513: Total time for which application threads were stopped: 0,0002954 seconds, Stopping threads took: 0,0000521 seconds
2016-09-12T00:13:30.900-0100: 5819,517: Total time for which application threads were stopped: 0,0003540 seconds, Stopping threads took: 0,0001202 seconds
2016-09-12T00:13:33.549-0100: 5822,166: Total time for which application threads were stopped: 0,0003045 seconds, Stopping threads took: 0,0000303 seconds
2016-09-12T00:13:33.550-0100: 5822,166: Total time for which application threads were stopped: 0,0002172 seconds, Stopping threads took: 0,0000618 seconds
2016-09-12T00:13:33.550-0100: 5822,167: Total time for which application threads were stopped: 0,0002143 seconds, Stopping threads took: 0,0000580 seconds
2016-09-12T00:13:36.559-0100: 5825,176: Total time for which application threads were stopped: 0,0003609 seconds, Stopping threads took: 0,0000771 seconds
2016-09-12T00:13:37.203-0100: 5825,820: Total time for which application threads were stopped: 0,0002359 seconds, Stopping threads took: 0,0000277 seconds
2016-09-12T00:13:40.781-0100: 5829,398: Total time for which application threads were stopped: 0,0002606 seconds, Stopping threads took: 0,0000352 seconds
2016-09-12T00:13:41.875-0100: 5830,492: Total time for which application threads were stopped: 0,0002124 seconds, Stopping threads took: 0,0000296 seconds
2016-09-12T00:13:44.224-0100: 5832,841: Total time for which application threads were stopped: 0,0001963 seconds, Stopping threads took: 0,0000512 seconds
2016-09-12T00:13:48.235-0100: 5836,852: Total time for which application threads were stopped: 0,0002098 seconds, Stopping threads took: 0,0000341 seconds
2016-09-12T00:13:49.238-0100: 5837,855: Total time for which application threads were stopped: 0,0002187 seconds, Stopping threads took: 0,0000369 seconds
2016-09-12T00:13:52.240-0100: 5840,858: Total time for which application threads were stopped: 0,0001993 seconds, Stopping threads took: 0,0000518 seconds
2016-09-12T00:13:55.246-0100: 5843,864: Total time for which application threads were stopped: 0,0001826 seconds, Stopping threads took: 0,0000344 seconds
2016-09-12T00:13:57.253-0100: 5845,870: Total time for which application threads were stopped: 0,0002266 seconds, Stopping threads took: 0,0000385 seconds
2016-09-12T00:14:34.344-0100: 5882,963: Total time for which application threads were stopped: 0,0007338 seconds, Stopping threads took: 0,0003524 seconds
2016-09-12T00:19:12.037-0100: 5968,831: Total time for which application threads were stopped: 0,0003281 seconds, Stopping threads took: 0,0000433 seconds
2016-09-12T00:19:13.040-0100: 5969,834: Total time for which application threads were stopped: 0,0002338 seconds, Stopping threads took: 0,0000340 seconds
2016-09-12T00:19:13.883-0100: 5971,505: Total time for which application threads were stopped: 0,8280457 seconds, Stopping threads took: 0,0000247 seconds
2016-09-12T00:19:14.711-0100: 5971,505: Total time for which application threads were stopped: 0,0002050 seconds, Stopping threads took: 0,0000390 seconds
2016-09-12T00:19:31.377-0100: 5988,172: Total time for which application threads were stopped: 0,0001829 seconds, Stopping threads took: 0,0000339 seconds
2016-09-12T00:19:31.379-0100: 5988,173: Total time for which application threads were stopped: 0,0002354 seconds, Stopping threads took: 0,0000414 seconds
2016-09-12T00:19:31.379-0100: 5988,174: Total time for which application threads were stopped: 0,0001652 seconds, Stopping threads took: 0,0000236 seconds
2016-09-12T00:19:31.380-0100: 5988,174: Total time for which application threads were stopped: 0,0001862 seconds, Stopping threads took: 0,0000257 seconds
2016-09-12T00:19:44.757-0100: 6001,551: Total time for which application threads were stopped: 0,5175144 seconds, Stopping threads took: 0,1635307 seconds
2016-09-12T00:19:46.760-0100: 6003,554: Total time for which application threads were stopped: 0,0003561 seconds, Stopping threads took: 0,0000516 seconds
2016-09-12T00:19:47.765-0100: 6004,560: Total time for which application threads were stopped: 0,0001625 seconds, Stopping threads took: 0,0000267 seconds
2016-09-12T00:19:49.769-0100: 6006,564: Total time for which application threads were stopped: 0,0001796 seconds, Stopping threads took: 0,0000320 seconds
2016-09-12T00:19:52.778-0100: 6009,573: Total time for which application threads were stopped: 0,0003590 seconds, Stopping threads took: 0,0000542 seconds
2016-09-12T00:19:55.788-0100: 6012,583: Total time for which application threads were stopped: 0,0002974 seconds, Stopping threads took: 0,0000583 seconds
2016-09-12T00:20:00.802-0100: 6017,597: Total time for which application threads were stopped: 0,0005684 seconds, Stopping threads took: 0,0003491 seconds
2016-09-12T00:20:01.692-0100: 6018,488: Total time for which application threads were stopped: 0,2167351 seconds, Stopping threads took: 0,2164384 seconds
2016-09-12T00:20:02.697-0100: 6019,492: Total time for which application threads were stopped: 0,0006759 seconds, Stopping threads took: 0,0000561 seconds
2016-09-12T00:20:29.756-0100: 6046,552: Total time for which application threads were stopped: 0,0013399 seconds, Stopping threads took: 0,0003868 seconds
2016-09-12T00:20:43.616-0100: 6060,413: Total time for which application threads were stopped: 0,0005040 seconds, Stopping threads took: 0,0001395 seconds
2016-09-12T00:20:44.303-0100: 6061,099: Total time for which application threads were stopped: 0,0322873 seconds, Stopping threads took: 0,0320772 seconds
2016-09-12T00:20:44.303-0100: 6061,100: Total time for which application threads were stopped: 0,0001917 seconds, Stopping threads took: 0,0000467 seconds
2016-09-12T00:20:44.306-0100: 6061,102: Total time for which application threads were stopped: 0,0019039 seconds, Stopping threads took: 0,0017084 seconds
2016-09-12T00:20:44.935-0100: 6061,732: Total time for which application threads were stopped: 0,0002457 seconds, Stopping threads took: 0,0000643 seconds
2016-09-12T00:20:45.973-0100: 6062,770: Total time for which application threads were stopped: 0,0355529 seconds, Stopping threads took: 0,0350427 seconds
2016-09-12T00:20:46.747-0100: 6063,544: Total time for which application threads were stopped: 0,0224218 seconds, Stopping threads took: 0,0220139 seconds
2016-09-12T00:20:46.748-0100: 6063,544: Total time for which application threads were stopped: 0,0003636 seconds, Stopping threads took: 0,0001480 seconds
2016-09-12T00:20:46.838-0100: 6063,635: Total time for which application threads were stopped: 0,0883564 seconds, Stopping threads took: 0,0876684 seconds
2016-09-12T00:20:47.967-0100: 6064,764: Total time for which application threads were stopped: 0,1284462 seconds, Stopping threads took: 0,1282131 seconds
2016-09-12T00:20:48.955-0100: 6065,751: Total time for which application threads were stopped: 0,0002111 seconds, Stopping threads took: 0,0000678 seconds
2016-09-12T00:20:48.981-0100: 6065,778: Total time for which application threads were stopped: 0,0001863 seconds, Stopping threads took: 0,0000482 seconds
2016-09-12T00:20:49.982-0100: 6066,779: Total time for which application threads were stopped: 0,0001775 seconds, Stopping threads took: 0,0000296 seconds
2016-09-12T00:20:51.990-0100: 6068,787: Total time for which application threads were stopped: 0,0001986 seconds, Stopping threads took: 0,0000389 seconds
{Heap before GC invocations=51 (full 1):
 par new generation   total 109248K, used 94502K [0x00000007a0000000, 0x00000007a8000000, 0x00000007a8000000)
  eden space 87424K,  99% used [0x00000007a0000000, 0x00000007a54e4490, 0x00000007a5560000)
  from space 21824K,  34% used [0x00000007a6ab0000, 0x00000007a72156b0, 0x00000007a8000000)
  to   space 21824K,   0% used [0x00000007a5560000, 0x00000007a5560000, 0x00000007a6ab0000)
 concurrent mark-sweep generation total 393216K, used 41508K [0x00000007a8000000, 0x00000007c0000000, 0x00000007c0000000)
 Metaspace       used 38226K, capacity 39160K, committed 39472K, reserved 1083392K
  class space    used 4343K, capacity 4598K, committed 4656K, reserved 1048576K
2016-09-12T00:20:53.189-0100: 6069,985: [GC (Allocation Failure) 2016-09-12T00:20:53.189-0100: 6069,986: [ParNew
Desired survivor size 20112992 bytes, new threshold 8 (max 8)
- age   1:    3225880 bytes,    3225880 total
- age   2:    1481656 bytes,    4707536 total
- age   3:    1149768 bytes,    5857304 total
- age   4:     770136 bytes,    6627440 total
- age   5:     719072 bytes,    7346512 total
- age   6:     188656 bytes,    7535168 total
- age   7:      12904 bytes,    7548072 total
- age   8:     248464 bytes,    7796536 total
: 94502K->8949K(109248K), 0,1182989 secs] 136011K->50495K(502464K), 0,1184582 secs] [Times: user=0,07 sys=0,06, real=0,12 secs] 
Heap after GC invocations=52 (full 1):
 par new generation   total 109248K, used 8949K [0x00000007a0000000, 0x00000007a8000000, 0x00000007a8000000)
  eden space 87424K,   0% used [0x00000007a0000000, 0x00000007a0000000, 0x00000007a5560000)
  from space 21824K,  41% used [0x00000007a5560000, 0x00000007a5e1d5c0, 0x00000007a6ab0000)
  to   space 21824K,   0% used [0x00000007a6ab0000, 0x00000007a6ab0000, 0x00000007a8000000)
 concurrent mark-sweep generation total 393216K, used 41545K [0x00000007a8000000, 0x00000007c0000000, 0x00000007c0000000)
 Metaspace       used 38226K, capacity 39160K, committed 39472K, reserved 1083392K
  class space    used 4343K, capacity 4598K, committed 4656K, reserved 1048576K
}
2016-09-12T00:20:53.307-0100: 6070,104: Total time for which application threads were stopped: 0,1619717 seconds, Stopping threads took: 0,0431311 seconds
2016-09-12T00:20:54.397-0100: 6071,194: Total time for which application threads were stopped: 0,0877234 seconds, Stopping threads took: 0,0876044 seconds
2016-09-12T00:20:55.425-0100: 6072,222: Total time for which application threads were stopped: 0,0238650 seconds, Stopping threads took: 0,0233612 seconds
2016-09-12T00:20:57.430-0100: 6074,227: Total time for which application threads were stopped: 0,0002621 seconds, Stopping threads took: 0,0000461 seconds
2016-09-12T00:20:58.481-0100: 6075,277: Total time for which application threads were stopped: 0,0454158 seconds, Stopping threads took: 0,0452787 seconds
2016-09-12T00:20:59.483-0100: 6076,280: Total time for which application threads were stopped: 0,0002045 seconds, Stopping threads took: 0,0000364 seconds
2016-09-12T00:21:00.485-0100: 6077,282: Total time for which application threads were stopped: 0,0002937 seconds, Stopping threads took: 0,0000440 seconds
2016-09-12T00:21:01.487-0100: 6078,284: Total time for which application threads were stopped: 0,0002553 seconds, Stopping threads took: 0,0000425 seconds
{Heap before GC invocations=52 (full 1):
 par new generation   total 109248K, used 96373K [0x00000007a0000000, 0x00000007a8000000, 0x00000007a8000000)
  eden space 87424K, 100% used [0x00000007a0000000, 0x00000007a5560000, 0x00000007a5560000)
  from space 21824K,  41% used [0x00000007a5560000, 0x00000007a5e1d5c0, 0x00000007a6ab0000)
  to   space 21824K,   0% used [0x00000007a6ab0000, 0x00000007a6ab0000, 0x00000007a8000000)
 concurrent mark-sweep generation total 393216K, used 41545K [0x00000007a8000000, 0x00000007c0000000, 0x00000007c0000000)
 Metaspace       used 38420K, capacity 39360K, committed 39472K, reserved 1083392K
  class space    used 4344K, capacity 4598K, committed 4656K, reserved 1048576K
2016-09-12T00:21:02.288-0100: 6079,085: [GC (Allocation Failure) 2016-09-12T00:21:02.315-0100: 6079,112: [ParNew
Desired survivor size 20112992 bytes, new threshold 8 (max 8)
- age   1:      36056 bytes,      36056 total
- age   2:     982272 bytes,    1018328 total
- age   3:    1479608 bytes,    2497936 total
- age   4:    1149768 bytes,    3647704 total
- age   5:     770136 bytes,    4417840 total
- age   6:     717792 bytes,    5135632 total
- age   7:     188016 bytes,    5323648 total
- age   8:      12904 bytes,    5336552 total
: 96373K->7124K(109248K), 0,0858703 secs] 137919K->48915K(502464K), 0,1126911 secs] [Times: user=0,24 sys=0,01, real=0,12 secs] 
